Test (ubuntu-latest, 21)	Set up job	∩╗┐2026-06-22T17:36:19.1963409Z Current runner version: '2.335.1'
Test (ubuntu-latest, 21)	Set up job	2026-06-22T17:36:19.1999328Z ##[group]Runner Image Provisioner
Test (ubuntu-latest, 21)	Set up job	2026-06-22T17:36:19.2000794Z Hosted Compute Agent
Test (ubuntu-latest, 21)	Set up job	2026-06-22T17:36:19.2002106Z Version: 20260611.554
Test (ubuntu-latest, 21)	Set up job	2026-06-22T17:36:19.2003310Z Commit: 5e0782fdc9014723d3be820dd114dd31555c2bd1
Test (ubuntu-latest, 21)	Set up job	2026-06-22T17:36:19.2005150Z Build Date: 2026-06-11T21:40:46Z
Test (ubuntu-latest, 21)	Set up job	2026-06-22T17:36:19.2006575Z Worker ID: {9f877346-b6e2-4b12-b7c1-b9f0c84ecc51}
Test (ubuntu-latest, 21)	Set up job	2026-06-22T17:36:19.2007986Z Azure Region: eastus
Test (ubuntu-latest, 21)	Set up job	2026-06-22T17:36:19.2009132Z ##[endgroup]
Test (ubuntu-latest, 21)	Set up job	2026-06-22T17:36:19.2011356Z ##[group]Operating System
Test (ubuntu-latest, 21)	Set up job	2026-06-22T17:36:19.2012455Z Ubuntu
Test (ubuntu-latest, 21)	Set up job	2026-06-22T17:36:19.2013542Z 24.04.4
Test (ubuntu-latest, 21)	Set up job	2026-06-22T17:36:19.2014443Z LTS
Test (ubuntu-latest, 21)	Set up job	2026-06-22T17:36:19.2015867Z ##[endgroup]
Test (ubuntu-latest, 21)	Set up job	2026-06-22T17:36:19.2016974Z ##[group]Runner Image
Test (ubuntu-latest, 21)	Set up job	2026-06-22T17:36:19.2018033Z Image: ubuntu-24.04
Test (ubuntu-latest, 21)	Set up job	2026-06-22T17:36:19.2019147Z Version: 20260615.205.1
Test (ubuntu-latest, 21)	Set up job	2026-06-22T17:36:19.2021210Z Included Software: https://github.com/actions/runner-images/blob/ubuntu24/20260615.205/images/ubuntu/Ubuntu2404-Readme.md
Test (ubuntu-latest, 21)	Set up job	2026-06-22T17:36:19.2024662Z Image Release: https://github.com/actions/runner-images/releases/tag/ubuntu24%2F20260615.205
Test (ubuntu-latest, 21)	Set up job	2026-06-22T17:36:19.2026846Z ##[endgroup]
Test (ubuntu-latest, 21)	Set up job	2026-06-22T17:36:19.2028872Z ##[group]GITHUB_TOKEN Permissions
Test (ubuntu-latest, 21)	Set up job	2026-06-22T17:36:19.2031831Z Contents: read
Test (ubuntu-latest, 21)	Set up job	2026-06-22T17:36:19.2033016Z Metadata: read
Test (ubuntu-latest, 21)	Set up job	2026-06-22T17:36:19.2034015Z ##[endgroup]
Test (ubuntu-latest, 21)	Set up job	2026-06-22T17:36:19.2037225Z Secret source: None
Test (ubuntu-latest, 21)	Set up job	2026-06-22T17:36:19.2038953Z Prepare workflow directory
Test (ubuntu-latest, 21)	Set up job	2026-06-22T17:36:19.2505970Z Prepare all required actions
Test (ubuntu-latest, 21)	Set up job	2026-06-22T17:36:19.2561618Z Getting action download info
Test (ubuntu-latest, 21)	Set up job	2026-06-22T17:36:19.6349513Z Download action repository 'actions/checkout@v7' (SHA:9c091bb21b7c1c1d1991bb908d89e4e9dddfe3e0)
Test (ubuntu-latest, 21)	Set up job	2026-06-22T17:36:19.8315617Z Download action repository 'actions/setup-java@v5' (SHA:ad2b38190b15e4d6bdf0c97fb4fca8412226d287)
Test (ubuntu-latest, 21)	Set up job	2026-06-22T17:36:20.0584158Z Download action repository 'sbt/setup-sbt@v1' (SHA:3afe9cf056c5d139bfc46579af1192d77a2f0821)
Test (ubuntu-latest, 21)	Set up job	2026-06-22T17:36:20.1364242Z Download action repository 'actions/upload-artifact@v7' (SHA:043fb46d1a93c77aae656e7c1c64a875d1fc6a0a)
Test (ubuntu-latest, 21)	Set up job	2026-06-22T17:36:20.3260402Z Getting action download info
Test (ubuntu-latest, 21)	Set up job	2026-06-22T17:36:20.4172537Z Download action repository 'actions/cache@27d5ce7f107fe9357f9df03efb73ab90386fccae' (SHA:27d5ce7f107fe9357f9df03efb73ab90386fccae)
Test (ubuntu-latest, 21)	Set up job	2026-06-22T17:36:20.5825731Z Download action repository 'carabiner-dev/actions@94f29392187fe5082d1195a7d4cae3a7ddf09d9c' (SHA:94f29392187fe5082d1195a7d4cae3a7ddf09d9c)
Test (ubuntu-latest, 21)	Set up job	2026-06-22T17:36:20.7261590Z Getting action download info
Test (ubuntu-latest, 21)	Set up job	2026-06-22T17:36:20.8250834Z Download action repository 'carabiner-dev/actions@2a11d59a135c5e291f305f249a92ad7903e3ee0f' (SHA:2a11d59a135c5e291f305f249a92ad7903e3ee0f)
Test (ubuntu-latest, 21)	Set up job	2026-06-22T17:36:21.0832207Z Download action repository 'actions/upload-artifact@ea165f8d65b6e75b540449e92b4886f43607fa02' (SHA:ea165f8d65b6e75b540449e92b4886f43607fa02)
Test (ubuntu-latest, 21)	Set up job	2026-06-22T17:36:21.4046828Z Getting action download info
Test (ubuntu-latest, 21)	Set up job	2026-06-22T17:36:21.4867260Z Download action repository 'carabiner-dev/actions@6022a065d6420de5d86333ecfb2b25c57f84b699' (SHA:6022a065d6420de5d86333ecfb2b25c57f84b699)
Test (ubuntu-latest, 21)	Set up job	2026-06-22T17:36:21.5986121Z Getting action download info
Test (ubuntu-latest, 21)	Set up job	2026-06-22T17:36:21.6716724Z Download action repository 'carabiner-dev/actions@0a075bb75a68646d05f99c85cbbf2be40dd8e442' (SHA:0a075bb75a68646d05f99c85cbbf2be40dd8e442)
Test (ubuntu-latest, 21)	Set up job	2026-06-22T17:36:21.8514507Z Getting action download info
Test (ubuntu-latest, 21)	Set up job	2026-06-22T17:36:21.9461029Z Getting action download info
Test (ubuntu-latest, 21)	Set up job	2026-06-22T17:36:22.1960942Z Complete job name: Test (ubuntu-latest, 21)
Test (ubuntu-latest, 21)	Run actions/checkout@v7	∩╗┐2026-06-22T17:36:22.3003422Z ##[group]Run actions/checkout@v7
Test (ubuntu-latest, 21)	Run actions/checkout@v7	2026-06-22T17:36:22.3005532Z with:
Test (ubuntu-latest, 21)	Run actions/checkout@v7	2026-06-22T17:36:22.3006493Z   repository: llm4s/llm4s
Test (ubuntu-latest, 21)	Run actions/checkout@v7	2026-06-22T17:36:22.3018586Z   token: ***
Test (ubuntu-latest, 21)	Run actions/checkout@v7	2026-06-22T17:36:22.3019555Z   ssh-strict: true
Test (ubuntu-latest, 21)	Run actions/checkout@v7	2026-06-22T17:36:22.3020521Z   ssh-user: git
Test (ubuntu-latest, 21)	Run actions/checkout@v7	2026-06-22T17:36:22.3021507Z   persist-credentials: true
Test (ubuntu-latest, 21)	Run actions/checkout@v7	2026-06-22T17:36:22.3022823Z   clean: true
Test (ubuntu-latest, 21)	Run actions/checkout@v7	2026-06-22T17:36:22.3023834Z   sparse-checkout-cone-mode: true
Test (ubuntu-latest, 21)	Run actions/checkout@v7	2026-06-22T17:36:22.3025246Z   fetch-depth: 1
Test (ubuntu-latest, 21)	Run actions/checkout@v7	2026-06-22T17:36:22.3026258Z   fetch-tags: false
Test (ubuntu-latest, 21)	Run actions/checkout@v7	2026-06-22T17:36:22.3027709Z   show-progress: true
Test (ubuntu-latest, 21)	Run actions/checkout@v7	2026-06-22T17:36:22.3028655Z   lfs: false
Test (ubuntu-latest, 21)	Run actions/checkout@v7	2026-06-22T17:36:22.3029514Z   submodules: false
Test (ubuntu-latest, 21)	Run actions/checkout@v7	2026-06-22T17:36:22.3030464Z   set-safe-directory: true
Test (ubuntu-latest, 21)	Run actions/checkout@v7	2026-06-22T17:36:22.3031510Z   allow-unsafe-pr-checkout: false
Test (ubuntu-latest, 21)	Run actions/checkout@v7	2026-06-22T17:36:22.3033170Z ##[endgroup]
Test (ubuntu-latest, 21)	Run actions/checkout@v7	2026-06-22T17:36:22.4138775Z Syncing repository: llm4s/llm4s
Test (ubuntu-latest, 21)	Run actions/checkout@v7	2026-06-22T17:36:22.4166324Z ##[group]Getting Git version info
Test (ubuntu-latest, 21)	Run actions/checkout@v7	2026-06-22T17:36:22.4167803Z Working directory is '/home/runner/work/llm4s/llm4s'
Test (ubuntu-latest, 21)	Run actions/checkout@v7	2026-06-22T17:36:22.4170055Z [command]/usr/bin/git version
Test (ubuntu-latest, 21)	Run actions/checkout@v7	2026-06-22T17:36:22.4183346Z git version 2.54.0
Test (ubuntu-latest, 21)	Run actions/checkout@v7	2026-06-22T17:36:22.4206864Z ##[endgroup]
Test (ubuntu-latest, 21)	Run actions/checkout@v7	2026-06-22T17:36:22.4219312Z Temporarily overriding HOME='/home/runner/work/_temp/e54f8843-ca16-46e7-acae-485265922405' before making global git config changes
Test (ubuntu-latest, 21)	Run actions/checkout@v7	2026-06-22T17:36:22.4224162Z Adding repository directory to the temporary git global config as a safe directory
Test (ubuntu-latest, 21)	Run actions/checkout@v7	2026-06-22T17:36:22.4228143Z [command]/usr/bin/git config --global --add safe.directory /home/runner/work/llm4s/llm4s
Test (ubuntu-latest, 21)	Run actions/checkout@v7	2026-06-22T17:36:22.4275097Z Deleting the contents of '/home/runner/work/llm4s/llm4s'
Test (ubuntu-latest, 21)	Run actions/checkout@v7	2026-06-22T17:36:22.4278657Z ##[group]Determining repository object format
Test (ubuntu-latest, 21)	Run actions/checkout@v7	2026-06-22T17:36:22.4280922Z ##[endgroup]
Test (ubuntu-latest, 21)	Run actions/checkout@v7	2026-06-22T17:36:22.4282357Z ##[group]Initializing the repository
Test (ubuntu-latest, 21)	Run actions/checkout@v7	2026-06-22T17:36:22.4284204Z [command]/usr/bin/git init /home/runner/work/llm4s/llm4s
Test (ubuntu-latest, 21)	Run actions/checkout@v7	2026-06-22T17:36:22.4383169Z hint: Using 'master' as the name for the initial branch. This default branch name
Test (ubuntu-latest, 21)	Run actions/checkout@v7	2026-06-22T17:36:22.4386880Z hint: will change to "main" in Git 3.0. To configure the initial branch name
Test (ubuntu-latest, 21)	Run actions/checkout@v7	2026-06-22T17:36:22.4390597Z hint: to use in all of your new repositories, which will suppress this warning,
Test (ubuntu-latest, 21)	Run actions/checkout@v7	2026-06-22T17:36:22.4392909Z hint: call:
Test (ubuntu-latest, 21)	Run actions/checkout@v7	2026-06-22T17:36:22.4393967Z hint:
Test (ubuntu-latest, 21)	Run actions/checkout@v7	2026-06-22T17:36:22.4395829Z hint: 	git config --global init.defaultBranch <name>
Test (ubuntu-latest, 21)	Run actions/checkout@v7	2026-06-22T17:36:22.4397340Z hint:
Test (ubuntu-latest, 21)	Run actions/checkout@v7	2026-06-22T17:36:22.4398731Z hint: Names commonly chosen instead of 'master' are 'main', 'trunk' and
Test (ubuntu-latest, 21)	Run actions/checkout@v7	2026-06-22T17:36:22.4401150Z hint: 'development'. The just-created branch can be renamed via this command:
Test (ubuntu-latest, 21)	Run actions/checkout@v7	2026-06-22T17:36:22.4402722Z hint:
Test (ubuntu-latest, 21)	Run actions/checkout@v7	2026-06-22T17:36:22.4403573Z hint: 	git branch -m <name>
Test (ubuntu-latest, 21)	Run actions/checkout@v7	2026-06-22T17:36:22.4404553Z hint:
Test (ubuntu-latest, 21)	Run actions/checkout@v7	2026-06-22T17:36:22.4406318Z hint: Disable this message with "git config set advice.defaultBranchName false"
Test (ubuntu-latest, 21)	Run actions/checkout@v7	2026-06-22T17:36:22.4408350Z Initialized empty Git repository in /home/runner/work/llm4s/llm4s/.git/
Test (ubuntu-latest, 21)	Run actions/checkout@v7	2026-06-22T17:36:22.4411397Z [command]/usr/bin/git remote add origin https://github.com/llm4s/llm4s
Test (ubuntu-latest, 21)	Run actions/checkout@v7	2026-06-22T17:36:22.4444431Z ##[endgroup]
Test (ubuntu-latest, 21)	Run actions/checkout@v7	2026-06-22T17:36:22.4446490Z ##[group]Disabling automatic garbage collection
Test (ubuntu-latest, 21)	Run actions/checkout@v7	2026-06-22T17:36:22.4448238Z [command]/usr/bin/git config --local gc.auto 0
Test (ubuntu-latest, 21)	Run actions/checkout@v7	2026-06-22T17:36:22.4480305Z ##[endgroup]
Test (ubuntu-latest, 21)	Run actions/checkout@v7	2026-06-22T17:36:22.4483901Z ##[group]Setting up auth
Test (ubuntu-latest, 21)	Run actions/checkout@v7	2026-06-22T17:36:22.4487104Z Removing SSH command configuration
Test (ubuntu-latest, 21)	Run actions/checkout@v7	2026-06-22T17:36:22.4490511Z [command]/usr/bin/git config --local --name-only --get-regexp core\.sshCommand
Test (ubuntu-latest, 21)	Run actions/checkout@v7	2026-06-22T17:36:22.4521914Z [command]/usr/bin/git submodule foreach --recursive sh -c "git config --local --name-only --get-regexp 'core\.sshCommand' && git config --local --unset-all 'core.sshCommand' || :"
Test (ubuntu-latest, 21)	Run actions/checkout@v7	2026-06-22T17:36:22.4856479Z Removing HTTP extra header
Test (ubuntu-latest, 21)	Run actions/checkout@v7	2026-06-22T17:36:22.4861500Z [command]/usr/bin/git config --local --name-only --get-regexp http\.https\:\/\/github\.com\/\.extraheader
Test (ubuntu-latest, 21)	Run actions/checkout@v7	2026-06-22T17:36:22.4896224Z [command]/usr/bin/git submodule foreach --recursive sh -c "git config --local --name-only --get-regexp 'http\.https\:\/\/github\.com\/\.extraheader' && git config --local --unset-all 'http.https://github.com/.extraheader' || :"
Test (ubuntu-latest, 21)	Run actions/checkout@v7	2026-06-22T17:36:22.5115506Z Removing includeIf entries pointing to credentials config files
Test (ubuntu-latest, 21)	Run actions/checkout@v7	2026-06-22T17:36:22.5121693Z [command]/usr/bin/git config --local --name-only --get-regexp ^includeIf\.gitdir:
Test (ubuntu-latest, 21)	Run actions/checkout@v7	2026-06-22T17:36:22.5159882Z [command]/usr/bin/git submodule foreach --recursive git config --local --show-origin --name-only --get-regexp remote.origin.url
Test (ubuntu-latest, 21)	Run actions/checkout@v7	2026-06-22T17:36:22.5381259Z [command]/usr/bin/git config --file /home/runner/work/_temp/git-credentials-3fb16273-1b09-4114-b97d-2d35b40008e6.config http.https://github.com/.extraheader AUTHORIZATION: basic ***
Test (ubuntu-latest, 21)	Run actions/checkout@v7	2026-06-22T17:36:22.5415997Z [command]/usr/bin/git config --local includeIf.gitdir:/home/runner/work/llm4s/llm4s/.git.path /home/runner/work/_temp/git-credentials-3fb16273-1b09-4114-b97d-2d35b40008e6.config
Test (ubuntu-latest, 21)	Run actions/checkout@v7	2026-06-22T17:36:22.5446794Z [command]/usr/bin/git config --local includeIf.gitdir:/home/runner/work/llm4s/llm4s/.git/worktrees/*.path /home/runner/work/_temp/git-credentials-3fb16273-1b09-4114-b97d-2d35b40008e6.config
Test (ubuntu-latest, 21)	Run actions/checkout@v7	2026-06-22T17:36:22.5481551Z [command]/usr/bin/git config --local includeIf.gitdir:/github/workspace/.git.path /github/runner_temp/git-credentials-3fb16273-1b09-4114-b97d-2d35b40008e6.config
Test (ubuntu-latest, 21)	Run actions/checkout@v7	2026-06-22T17:36:22.5513521Z [command]/usr/bin/git config --local includeIf.gitdir:/github/workspace/.git/worktrees/*.path /github/runner_temp/git-credentials-3fb16273-1b09-4114-b97d-2d35b40008e6.config
Test (ubuntu-latest, 21)	Run actions/checkout@v7	2026-06-22T17:36:22.5539678Z ##[endgroup]
Test (ubuntu-latest, 21)	Run actions/checkout@v7	2026-06-22T17:36:22.5541609Z ##[group]Fetching the repository
Test (ubuntu-latest, 21)	Run actions/checkout@v7	2026-06-22T17:36:22.5547199Z [command]/usr/bin/git -c protocol.version=2 fetch --no-tags --prune --no-recurse-submodules --depth=1 origin +cb353dc4e97323d67e3de5cf288d190eb6b5f774:refs/remotes/pull/1083/merge
Test (ubuntu-latest, 21)	Run actions/checkout@v7	2026-06-22T17:36:25.5839788Z From https://github.com/llm4s/llm4s
Test (ubuntu-latest, 21)	Run actions/checkout@v7	2026-06-22T17:36:25.5841514Z  * [new ref]         cb353dc4e97323d67e3de5cf288d190eb6b5f774 -> pull/1083/merge
Test (ubuntu-latest, 21)	Run actions/checkout@v7	2026-06-22T17:36:25.5887800Z ##[endgroup]
Test (ubuntu-latest, 21)	Run actions/checkout@v7	2026-06-22T17:36:25.5888858Z ##[group]Determining the checkout info
Test (ubuntu-latest, 21)	Run actions/checkout@v7	2026-06-22T17:36:25.5889819Z ##[endgroup]
Test (ubuntu-latest, 21)	Run actions/checkout@v7	2026-06-22T17:36:25.5890446Z [command]/usr/bin/git sparse-checkout disable
Test (ubuntu-latest, 21)	Run actions/checkout@v7	2026-06-22T17:36:25.5941407Z [command]/usr/bin/git config --local --unset-all extensions.worktreeConfig
Test (ubuntu-latest, 21)	Run actions/checkout@v7	2026-06-22T17:36:25.5972300Z ##[group]Checking out the ref
Test (ubuntu-latest, 21)	Run actions/checkout@v7	2026-06-22T17:36:25.5978139Z [command]/usr/bin/git checkout --progress --force refs/remotes/pull/1083/merge
Test (ubuntu-latest, 21)	Run actions/checkout@v7	2026-06-22T17:36:26.0959988Z Note: switching to 'refs/remotes/pull/1083/merge'.
Test (ubuntu-latest, 21)	Run actions/checkout@v7	2026-06-22T17:36:26.0961737Z 
Test (ubuntu-latest, 21)	Run actions/checkout@v7	2026-06-22T17:36:26.0962343Z You are in 'detached HEAD' state. You can look around, make experimental
Test (ubuntu-latest, 21)	Run actions/checkout@v7	2026-06-22T17:36:26.0963914Z changes and commit them, and you can discard any commits you make in this
Test (ubuntu-latest, 21)	Run actions/checkout@v7	2026-06-22T17:36:26.0965801Z state without impacting any branches by switching back to a branch.
Test (ubuntu-latest, 21)	Run actions/checkout@v7	2026-06-22T17:36:26.0966832Z 
Test (ubuntu-latest, 21)	Run actions/checkout@v7	2026-06-22T17:36:26.0967511Z If you want to create a new branch to retain commits you create, you may
Test (ubuntu-latest, 21)	Run actions/checkout@v7	2026-06-22T17:36:26.0969132Z do so (now or later) by using -c with the switch command. Example:
Test (ubuntu-latest, 21)	Run actions/checkout@v7	2026-06-22T17:36:26.0970078Z 
Test (ubuntu-latest, 21)	Run actions/checkout@v7	2026-06-22T17:36:26.0970425Z   git switch -c <new-branch-name>
Test (ubuntu-latest, 21)	Run actions/checkout@v7	2026-06-22T17:36:26.0971159Z 
Test (ubuntu-latest, 21)	Run actions/checkout@v7	2026-06-22T17:36:26.0971553Z Or undo this operation with:
Test (ubuntu-latest, 21)	Run actions/checkout@v7	2026-06-22T17:36:26.0972277Z 
Test (ubuntu-latest, 21)	Run actions/checkout@v7	2026-06-22T17:36:26.0972660Z   git switch -
Test (ubuntu-latest, 21)	Run actions/checkout@v7	2026-06-22T17:36:26.0973293Z 
Test (ubuntu-latest, 21)	Run actions/checkout@v7	2026-06-22T17:36:26.0974287Z Turn off this advice by setting config variable advice.detachedHead to false
Test (ubuntu-latest, 21)	Run actions/checkout@v7	2026-06-22T17:36:26.0976075Z 
Test (ubuntu-latest, 21)	Run actions/checkout@v7	2026-06-22T17:36:26.0977638Z HEAD is now at cb353dc Merge ae9ef524c02a87eb4a674c135a5ac372a8d04cc2 into 250b087c22f313ba179baa1ed111142954885c37
Test (ubuntu-latest, 21)	Run actions/checkout@v7	2026-06-22T17:36:26.1021896Z ##[endgroup]
Test (ubuntu-latest, 21)	Run actions/checkout@v7	2026-06-22T17:36:26.1073732Z [command]/usr/bin/git log -1 --format=%H
Test (ubuntu-latest, 21)	Run actions/checkout@v7	2026-06-22T17:36:26.1101277Z cb353dc4e97323d67e3de5cf288d190eb6b5f774
Test (ubuntu-latest, 21)	Run actions/setup-java@v5	∩╗┐2026-06-22T17:36:26.1429985Z ##[group]Run actions/setup-java@v5
Test (ubuntu-latest, 21)	Run actions/setup-java@v5	2026-06-22T17:36:26.1430325Z with:
Test (ubuntu-latest, 21)	Run actions/setup-java@v5	2026-06-22T17:36:26.1430556Z   distribution: temurin
Test (ubuntu-latest, 21)	Run actions/setup-java@v5	2026-06-22T17:36:26.1430797Z   java-version: 21
Test (ubuntu-latest, 21)	Run actions/setup-java@v5	2026-06-22T17:36:26.1431014Z   cache: sbt
Test (ubuntu-latest, 21)	Run actions/setup-java@v5	2026-06-22T17:36:26.1431224Z   java-package: jdk
Test (ubuntu-latest, 21)	Run actions/setup-java@v5	2026-06-22T17:36:26.1431448Z   check-latest: false
Test (ubuntu-latest, 21)	Run actions/setup-java@v5	2026-06-22T17:36:26.1431697Z   server-id: github
Test (ubuntu-latest, 21)	Run actions/setup-java@v5	2026-06-22T17:36:26.1431931Z   server-username: GITHUB_ACTOR
Test (ubuntu-latest, 21)	Run actions/setup-java@v5	2026-06-22T17:36:26.1432200Z   server-password: GITHUB_TOKEN
Test (ubuntu-latest, 21)	Run actions/setup-java@v5	2026-06-22T17:36:26.1432466Z   overwrite-settings: true
Test (ubuntu-latest, 21)	Run actions/setup-java@v5	2026-06-22T17:36:26.1432711Z   job-status: success
Test (ubuntu-latest, 21)	Run actions/setup-java@v5	2026-06-22T17:36:26.1435930Z   token: ***
Test (ubuntu-latest, 21)	Run actions/setup-java@v5	2026-06-22T17:36:26.1436154Z ##[endgroup]
Test (ubuntu-latest, 21)	Run actions/setup-java@v5	2026-06-22T17:36:26.2926375Z ##[group]Installed distributions
Test (ubuntu-latest, 21)	Run actions/setup-java@v5	2026-06-22T17:36:26.3241686Z Resolved Java 21.0.11+10 from tool-cache
Test (ubuntu-latest, 21)	Run actions/setup-java@v5	2026-06-22T17:36:26.3242842Z Setting Java 21.0.11+10 as the default
Test (ubuntu-latest, 21)	Run actions/setup-java@v5	2026-06-22T17:36:26.3257290Z Creating toolchains.xml for JDK version 21 from temurin
Test (ubuntu-latest, 21)	Run actions/setup-java@v5	2026-06-22T17:36:26.3368409Z Writing to /home/runner/.m2/toolchains.xml
Test (ubuntu-latest, 21)	Run actions/setup-java@v5	2026-06-22T17:36:26.3369313Z 
Test (ubuntu-latest, 21)	Run actions/setup-java@v5	2026-06-22T17:36:26.3369942Z Java configuration:
Test (ubuntu-latest, 21)	Run actions/setup-java@v5	2026-06-22T17:36:26.3370719Z   Distribution: temurin
Test (ubuntu-latest, 21)	Run actions/setup-java@v5	2026-06-22T17:36:26.3371437Z   Version: 21.0.11+10
Test (ubuntu-latest, 21)	Run actions/setup-java@v5	2026-06-22T17:36:26.3372312Z   Path: /opt/hostedtoolcache/Java_Temurin-Hotspot_jdk/21.0.11-10/x64
Test (ubuntu-latest, 21)	Run actions/setup-java@v5	2026-06-22T17:36:26.3373173Z 
Test (ubuntu-latest, 21)	Run actions/setup-java@v5	2026-06-22T17:36:26.3373992Z ##[endgroup]
Test (ubuntu-latest, 21)	Run actions/setup-java@v5	2026-06-22T17:36:26.3390007Z Creating settings.xml with server-id: github
Test (ubuntu-latest, 21)	Run actions/setup-java@v5	2026-06-22T17:36:26.3392741Z Writing to /home/runner/.m2/settings.xml
Test (ubuntu-latest, 21)	Run actions/setup-java@v5	2026-06-22T17:36:26.7075718Z Cache hit for: setup-java-Linux-x64-sbt-682476cc37749ec575e8e75a5f8464de35f83eeacdb60d7313fd7991bfce18ee
Test (ubuntu-latest, 21)	Run actions/setup-java@v5	2026-06-22T17:36:27.7843274Z Received 205520896 of 476949168 (43.1%), 195.8 MBs/sec
Test (ubuntu-latest, 21)	Run actions/setup-java@v5	2026-06-22T17:36:28.7876291Z Received 461373440 of 476949168 (96.7%), 219.7 MBs/sec
Test (ubuntu-latest, 21)	Run actions/setup-java@v5	2026-06-22T17:36:28.8496233Z Received 476949168 of 476949168 (100.0%), 220.2 MBs/sec
Test (ubuntu-latest, 21)	Run actions/setup-java@v5	2026-06-22T17:36:28.8497228Z Cache Size: ~455 MB (476949168 B)
Test (ubuntu-latest, 21)	Run actions/setup-java@v5	2026-06-22T17:36:28.8639575Z [command]/usr/bin/tar -xf /home/runner/work/_temp/49101ec1-2505-49fb-a9b2-5441a3db5710/cache.tzst -P -C /home/runner/work/llm4s/llm4s --use-compress-program unzstd
Test (ubuntu-latest, 21)	Run actions/setup-java@v5	2026-06-22T17:36:29.7325688Z Cache restored successfully
Test (ubuntu-latest, 21)	Run actions/setup-java@v5	2026-06-22T17:36:29.7562081Z Cache restored from key: setup-java-Linux-x64-sbt-682476cc37749ec575e8e75a5f8464de35f83eeacdb60d7313fd7991bfce18ee
Test (ubuntu-latest, 21)	Run sbt/setup-sbt@v1	∩╗┐2026-06-22T17:36:29.7978956Z ##[group]Run sbt/setup-sbt@v1
Test (ubuntu-latest, 21)	Run sbt/setup-sbt@v1	2026-06-22T17:36:29.7979309Z with:
Test (ubuntu-latest, 21)	Run sbt/setup-sbt@v1	2026-06-22T17:36:29.7979562Z   sbt-runner-version: 1.12.12
Test (ubuntu-latest, 21)	Run sbt/setup-sbt@v1	2026-06-22T17:36:29.7979875Z   disk-cache: true
Test (ubuntu-latest, 21)	Run sbt/setup-sbt@v1	2026-06-22T17:36:29.7980138Z env:
Test (ubuntu-latest, 21)	Run sbt/setup-sbt@v1	2026-06-22T17:36:29.7980513Z   JAVA_HOME: /opt/hostedtoolcache/Java_Temurin-Hotspot_jdk/21.0.11-10/x64
Test (ubuntu-latest, 21)	Run sbt/setup-sbt@v1	2026-06-22T17:36:29.7981143Z   JAVA_HOME_21_X64: /opt/hostedtoolcache/Java_Temurin-Hotspot_jdk/21.0.11-10/x64
Test (ubuntu-latest, 21)	Run sbt/setup-sbt@v1	2026-06-22T17:36:29.7981654Z ##[endgroup]
Test (ubuntu-latest, 21)	Run sbt/setup-sbt@v1	2026-06-22T17:36:29.8078162Z ##[group]Run JDK_VERSION=0
Test (ubuntu-latest, 21)	Run sbt/setup-sbt@v1	2026-06-22T17:36:29.8078552Z [36;1mJDK_VERSION=0[0m
Test (ubuntu-latest, 21)	Run sbt/setup-sbt@v1	2026-06-22T17:36:29.8078879Z [36;1mif [[ -x "$(command -v java)" ]]; then[0m
Test (ubuntu-latest, 21)	Run sbt/setup-sbt@v1	2026-06-22T17:36:29.8079434Z [36;1m  JDK_VERSION=$(java -version 2>&1 | head -n 1 | sed -e 's/.*"\(.*\)"\(.*\)/\1/; 1q')[0m
Test (ubuntu-latest, 21)	Run sbt/setup-sbt@v1	2026-06-22T17:36:29.8079948Z [36;1mfi[0m
Test (ubuntu-latest, 21)	Run sbt/setup-sbt@v1	2026-06-22T17:36:29.8080218Z [36;1mif [[ "$RUNNER_OS" == "Windows" ]]; then[0m
Test (ubuntu-latest, 21)	Run sbt/setup-sbt@v1	2026-06-22T17:36:29.8080794Z [36;1m  echo "sbt_toolpath=$RUNNER_TOOL_CACHE\\sbt\\$SBT_RUNNER_VERSION" >> "$GITHUB_OUTPUT"[0m
Test (ubuntu-latest, 21)	Run sbt/setup-sbt@v1	2026-06-22T17:36:29.8081520Z [36;1m  echo "sbt_downloadpath=$RUNNER_TEMP\\_sbt" >> "$GITHUB_OUTPUT"[0m
Test (ubuntu-latest, 21)	Run sbt/setup-sbt@v1	2026-06-22T17:36:29.8082077Z [36;1m  echo "sbt_diskcache=$LOCALAPPDATA\\sbt" >> "$GITHUB_OUTPUT"[0m
Test (ubuntu-latest, 21)	Run sbt/setup-sbt@v1	2026-06-22T17:36:29.8082660Z [36;1m  echo "sbt_monday=$(date -d "last Monday" +%Y-%m-%d)" >> "$GITHUB_OUTPUT"[0m
Test (ubuntu-latest, 21)	Run sbt/setup-sbt@v1	2026-06-22T17:36:29.8083173Z [36;1melif [[ "$RUNNER_OS" == "macOS" ]]; then[0m
Test (ubuntu-latest, 21)	Run sbt/setup-sbt@v1	2026-06-22T17:36:29.8083748Z [36;1m  echo "sbt_toolpath=$RUNNER_TOOL_CACHE/sbt/$SBT_RUNNER_VERSION" >> "$GITHUB_OUTPUT"[0m
Test (ubuntu-latest, 21)	Run sbt/setup-sbt@v1	2026-06-22T17:36:29.8084394Z [36;1m  echo "sbt_downloadpath=$RUNNER_TEMP/_sbt" >> "$GITHUB_OUTPUT"[0m
Test (ubuntu-latest, 21)	Run sbt/setup-sbt@v1	2026-06-22T17:36:29.8085142Z [36;1m  echo "sbt_diskcache=$HOME/Library/Caches/sbt" >> "$GITHUB_OUTPUT"[0m
Test (ubuntu-latest, 21)	Run sbt/setup-sbt@v1	2026-06-22T17:36:29.8085747Z [36;1m  echo "sbt_monday=$(date -v-monday -v+0d +%Y-%m-%d)" >> "$GITHUB_OUTPUT"[0m
Test (ubuntu-latest, 21)	Run sbt/setup-sbt@v1	2026-06-22T17:36:29.8086224Z [36;1melse[0m
Test (ubuntu-latest, 21)	Run sbt/setup-sbt@v1	2026-06-22T17:36:29.8086661Z [36;1m  echo "sbt_toolpath=$RUNNER_TOOL_CACHE/sbt/$SBT_RUNNER_VERSION" >> "$GITHUB_OUTPUT"[0m
Test (ubuntu-latest, 21)	Run sbt/setup-sbt@v1	2026-06-22T17:36:29.8087306Z [36;1m  echo "sbt_downloadpath=$RUNNER_TEMP/_sbt" >> "$GITHUB_OUTPUT"[0m
Test (ubuntu-latest, 21)	Run sbt/setup-sbt@v1	2026-06-22T17:36:29.8087841Z [36;1m  echo "sbt_diskcache=$HOME/.cache/sbt" >> "$GITHUB_OUTPUT"[0m
Test (ubuntu-latest, 21)	Run sbt/setup-sbt@v1	2026-06-22T17:36:29.8088405Z [36;1m  echo "sbt_monday=$(date -d "last Monday" +%Y-%m-%d)" >> "$GITHUB_OUTPUT"[0m
Test (ubuntu-latest, 21)	Run sbt/setup-sbt@v1	2026-06-22T17:36:29.8088864Z [36;1mfi[0m
Test (ubuntu-latest, 21)	Run sbt/setup-sbt@v1	2026-06-22T17:36:29.8089555Z [36;1mecho "sbt_cachekey=$RUNNER_OS-sbt-$SBT_RUNNER_VERSION-$SBT_CACHE_KEY_VERSION" >> "$GITHUB_OUTPUT"[0m
Test (ubuntu-latest, 21)	Run sbt/setup-sbt@v1	2026-06-22T17:36:29.8090486Z [36;1mecho "sbt_diskcachekey=$RUNNER_OS-java$JDK_VERSION-sbt-diskcache-$SBT_CACHE_KEY_VERSION" >> "$GITHUB_OUTPUT"[0m
Test (ubuntu-latest, 21)	Run sbt/setup-sbt@v1	2026-06-22T17:36:29.8279282Z shell: /usr/bin/bash --noprofile --norc -e -o pipefail {0}
Test (ubuntu-latest, 21)	Run sbt/setup-sbt@v1	2026-06-22T17:36:29.8279847Z env:
Test (ubuntu-latest, 21)	Run sbt/setup-sbt@v1	2026-06-22T17:36:29.8280355Z   JAVA_HOME: /opt/hostedtoolcache/Java_Temurin-Hotspot_jdk/21.0.11-10/x64
Test (ubuntu-latest, 21)	Run sbt/setup-sbt@v1	2026-06-22T17:36:29.8281205Z   JAVA_HOME_21_X64: /opt/hostedtoolcache/Java_Temurin-Hotspot_jdk/21.0.11-10/x64
Test (ubuntu-latest, 21)	Run sbt/setup-sbt@v1	2026-06-22T17:36:29.8281864Z   SBT_RUNNER_VERSION: 1.12.12
Test (ubuntu-latest, 21)	Run sbt/setup-sbt@v1	2026-06-22T17:36:29.8282288Z   SBT_CACHE_KEY_VERSION: 1.1.25
Test (ubuntu-latest, 21)	Run sbt/setup-sbt@v1	2026-06-22T17:36:29.8282682Z ##[endgroup]
Test (ubuntu-latest, 21)	Run sbt/setup-sbt@v1	2026-06-22T17:36:31.8216349Z ##[group]Run if [[ -f "$SBT_TOOLPATH/sbt/bin/sbt" ]]; then
Test (ubuntu-latest, 21)	Run sbt/setup-sbt@v1	2026-06-22T17:36:31.8216885Z [36;1mif [[ -f "$SBT_TOOLPATH/sbt/bin/sbt" ]]; then[0m
Test (ubuntu-latest, 21)	Run sbt/setup-sbt@v1	2026-06-22T17:36:31.8217343Z [36;1m  echo "cache-hit=true" >> "$GITHUB_OUTPUT"[0m
Test (ubuntu-latest, 21)	Run sbt/setup-sbt@v1	2026-06-22T17:36:31.8217786Z [36;1melse[0m
Test (ubuntu-latest, 21)	Run sbt/setup-sbt@v1	2026-06-22T17:36:31.8218098Z [36;1m  mkdir -p "$SBT_TOOLPATH"[0m
Test (ubuntu-latest, 21)	Run sbt/setup-sbt@v1	2026-06-22T17:36:31.8218556Z [36;1m  echo "cache-hit=false" >> "$GITHUB_OUTPUT"[0m
Test (ubuntu-latest, 21)	Run sbt/setup-sbt@v1	2026-06-22T17:36:31.8218986Z [36;1mfi[0m
Test (ubuntu-latest, 21)	Run sbt/setup-sbt@v1	2026-06-22T17:36:31.8250887Z shell: /usr/bin/bash --noprofile --norc -e -o pipefail {0}
Test (ubuntu-latest, 21)	Run sbt/setup-sbt@v1	2026-06-22T17:36:31.8251431Z env:
Test (ubuntu-latest, 21)	Run sbt/setup-sbt@v1	2026-06-22T17:36:31.8251921Z   JAVA_HOME: /opt/hostedtoolcache/Java_Temurin-Hotspot_jdk/21.0.11-10/x64
Test (ubuntu-latest, 21)	Run sbt/setup-sbt@v1	2026-06-22T17:36:31.8252761Z   JAVA_HOME_21_X64: /opt/hostedtoolcache/Java_Temurin-Hotspot_jdk/21.0.11-10/x64
Test (ubuntu-latest, 21)	Run sbt/setup-sbt@v1	2026-06-22T17:36:31.8253465Z   SBT_TOOLPATH: /opt/hostedtoolcache/sbt/1.12.12
Test (ubuntu-latest, 21)	Run sbt/setup-sbt@v1	2026-06-22T17:36:31.8254145Z ##[endgroup]
Test (ubuntu-latest, 21)	Run sbt/setup-sbt@v1	2026-06-22T17:36:31.8395112Z ##[group]Run actions/cache@27d5ce7f107fe9357f9df03efb73ab90386fccae
Test (ubuntu-latest, 21)	Run sbt/setup-sbt@v1	2026-06-22T17:36:31.8395548Z with:
Test (ubuntu-latest, 21)	Run sbt/setup-sbt@v1	2026-06-22T17:36:31.8395807Z   path: /opt/hostedtoolcache/sbt/1.12.12
Test (ubuntu-latest, 21)	Run sbt/setup-sbt@v1	2026-06-22T17:36:31.8396150Z   key: Linux-sbt-1.12.12-1.1.25
Test (ubuntu-latest, 21)	Run sbt/setup-sbt@v1	2026-06-22T17:36:31.8396459Z   enableCrossOsArchive: false
Test (ubuntu-latest, 21)	Run sbt/setup-sbt@v1	2026-06-22T17:36:31.8396778Z   fail-on-cache-miss: false
Test (ubuntu-latest, 21)	Run sbt/setup-sbt@v1	2026-06-22T17:36:31.8397059Z   lookup-only: false
Test (ubuntu-latest, 21)	Run sbt/setup-sbt@v1	2026-06-22T17:36:31.8397320Z   save-always: false
Test (ubuntu-latest, 21)	Run sbt/setup-sbt@v1	2026-06-22T17:36:31.8397562Z env:
Test (ubuntu-latest, 21)	Run sbt/setup-sbt@v1	2026-06-22T17:36:31.8397912Z   JAVA_HOME: /opt/hostedtoolcache/Java_Temurin-Hotspot_jdk/21.0.11-10/x64
Test (ubuntu-latest, 21)	Run sbt/setup-sbt@v1	2026-06-22T17:36:31.8398521Z   JAVA_HOME_21_X64: /opt/hostedtoolcache/Java_Temurin-Hotspot_jdk/21.0.11-10/x64
Test (ubuntu-latest, 21)	Run sbt/setup-sbt@v1	2026-06-22T17:36:31.8398995Z ##[endgroup]
Test (ubuntu-latest, 21)	Run sbt/setup-sbt@v1	2026-06-22T17:36:32.0729175Z Cache hit for: Linux-sbt-1.12.12-1.1.25
Test (ubuntu-latest, 21)	Run sbt/setup-sbt@v1	2026-06-22T17:36:32.4561874Z Received 55560638 of 55560638 (100.0%), 164.0 MBs/sec
Test (ubuntu-latest, 21)	Run sbt/setup-sbt@v1	2026-06-22T17:36:32.4562745Z Cache Size: ~53 MB (55560638 B)
Test (ubuntu-latest, 21)	Run sbt/setup-sbt@v1	2026-06-22T17:36:32.4594626Z [command]/usr/bin/tar -xf /home/runner/work/_temp/3520a8f3-11d9-4aec-a709-e9869e4a5b13/cache.tzst -P -C /home/runner/work/llm4s/llm4s --use-compress-program unzstd
Test (ubuntu-latest, 21)	Run sbt/setup-sbt@v1	2026-06-22T17:36:32.7267959Z Cache restored successfully
Test (ubuntu-latest, 21)	Run sbt/setup-sbt@v1	2026-06-22T17:36:32.7392808Z Cache restored from key: Linux-sbt-1.12.12-1.1.25
Test (ubuntu-latest, 21)	Run sbt/setup-sbt@v1	2026-06-22T17:36:33.0188306Z ##[group]Run actions/cache@27d5ce7f107fe9357f9df03efb73ab90386fccae
Test (ubuntu-latest, 21)	Run sbt/setup-sbt@v1	2026-06-22T17:36:33.0189102Z with:
Test (ubuntu-latest, 21)	Run sbt/setup-sbt@v1	2026-06-22T17:36:33.0189532Z   path: /home/runner/.cache/sbt
Test (ubuntu-latest, 21)	Run sbt/setup-sbt@v1	2026-06-22T17:36:33.0190784Z   key: Linux-java21.0.11-sbt-diskcache-1.1.25-2026-06-15-4f525baf6fc886a69f6b8ff1824192a4beebbc7df792b2c621936d17b35f0c16
Test (ubuntu-latest, 21)	Run sbt/setup-sbt@v1	2026-06-22T17:36:33.0192003Z   restore-keys: Linux-java21.0.11-sbt-diskcache-1.1.25
Test (ubuntu-latest, 21)	Run sbt/setup-sbt@v1	2026-06-22T17:36:33.0192563Z   enableCrossOsArchive: false
Test (ubuntu-latest, 21)	Run sbt/setup-sbt@v1	2026-06-22T17:36:33.0192989Z   fail-on-cache-miss: false
Test (ubuntu-latest, 21)	Run sbt/setup-sbt@v1	2026-06-22T17:36:33.0193378Z   lookup-only: false
Test (ubuntu-latest, 21)	Run sbt/setup-sbt@v1	2026-06-22T17:36:33.0193728Z   save-always: false
Test (ubuntu-latest, 21)	Run sbt/setup-sbt@v1	2026-06-22T17:36:33.0194068Z env:
Test (ubuntu-latest, 21)	Run sbt/setup-sbt@v1	2026-06-22T17:36:33.0194563Z   JAVA_HOME: /opt/hostedtoolcache/Java_Temurin-Hotspot_jdk/21.0.11-10/x64
Test (ubuntu-latest, 21)	Run sbt/setup-sbt@v1	2026-06-22T17:36:33.0195580Z   JAVA_HOME_21_X64: /opt/hostedtoolcache/Java_Temurin-Hotspot_jdk/21.0.11-10/x64
Test (ubuntu-latest, 21)	Run sbt/setup-sbt@v1	2026-06-22T17:36:33.0196226Z ##[endgroup]
Test (ubuntu-latest, 21)	Run sbt/setup-sbt@v1	2026-06-22T17:36:33.2231315Z Cache not found for input keys: Linux-java21.0.11-sbt-diskcache-1.1.25-2026-06-15-4f525baf6fc886a69f6b8ff1824192a4beebbc7df792b2c621936d17b35f0c16, Linux-java21.0.11-sbt-diskcache-1.1.25
Test (ubuntu-latest, 21)	Run sbt/setup-sbt@v1	2026-06-22T17:36:33.2362999Z ##[group]Run cd "$SBT_TOOLPATH"
Test (ubuntu-latest, 21)	Run sbt/setup-sbt@v1	2026-06-22T17:36:33.2363339Z [36;1mcd "$SBT_TOOLPATH"[0m
Test (ubuntu-latest, 21)	Run sbt/setup-sbt@v1	2026-06-22T17:36:33.2363601Z [36;1mls sbt/bin/sbt[0m
Test (ubuntu-latest, 21)	Run sbt/setup-sbt@v1	2026-06-22T17:36:33.2363882Z [36;1mif [[ "$RUNNER_OS" == "Windows" ]]; then[0m
Test (ubuntu-latest, 21)	Run sbt/setup-sbt@v1	2026-06-22T17:36:33.2364241Z [36;1m  echo "$PWD\\sbt\\bin" >> "$GITHUB_PATH"[0m
Test (ubuntu-latest, 21)	Run sbt/setup-sbt@v1	2026-06-22T17:36:33.2364562Z [36;1melse[0m
Test (ubuntu-latest, 21)	Run sbt/setup-sbt@v1	2026-06-22T17:36:33.2365167Z [36;1m  echo "$PWD/sbt/bin" >> "$GITHUB_PATH"[0m
Test (ubuntu-latest, 21)	Run sbt/setup-sbt@v1	2026-06-22T17:36:33.2365497Z [36;1mfi[0m
Test (ubuntu-latest, 21)	Run sbt/setup-sbt@v1	2026-06-22T17:36:33.2397240Z shell: /usr/bin/bash --noprofile --norc -e -o pipefail {0}
Test (ubuntu-latest, 21)	Run sbt/setup-sbt@v1	2026-06-22T17:36:33.2397652Z env:
Test (ubuntu-latest, 21)	Run sbt/setup-sbt@v1	2026-06-22T17:36:33.2398001Z   JAVA_HOME: /opt/hostedtoolcache/Java_Temurin-Hotspot_jdk/21.0.11-10/x64
Test (ubuntu-latest, 21)	Run sbt/setup-sbt@v1	2026-06-22T17:36:33.2398587Z   JAVA_HOME_21_X64: /opt/hostedtoolcache/Java_Temurin-Hotspot_jdk/21.0.11-10/x64
Test (ubuntu-latest, 21)	Run sbt/setup-sbt@v1	2026-06-22T17:36:33.2399080Z   SBT_TOOLPATH: /opt/hostedtoolcache/sbt/1.12.12
Test (ubuntu-latest, 21)	Run sbt/setup-sbt@v1	2026-06-22T17:36:33.2399431Z ##[endgroup]
Test (ubuntu-latest, 21)	Run sbt/setup-sbt@v1	2026-06-22T17:36:33.2464008Z sbt/bin/sbt
Test (ubuntu-latest, 21)	Run tests	∩╗┐2026-06-22T17:36:33.2511084Z ##[group]Run sbt test
Test (ubuntu-latest, 21)	Run tests	2026-06-22T17:36:33.2511418Z [36;1msbt test[0m
Test (ubuntu-latest, 21)	Run tests	2026-06-22T17:36:33.2540863Z shell: /usr/bin/bash -e {0}
Test (ubuntu-latest, 21)	Run tests	2026-06-22T17:36:33.2541231Z env:
Test (ubuntu-latest, 21)	Run tests	2026-06-22T17:36:33.2541683Z   JAVA_HOME: /opt/hostedtoolcache/Java_Temurin-Hotspot_jdk/21.0.11-10/x64
Test (ubuntu-latest, 21)	Run tests	2026-06-22T17:36:33.2542460Z   JAVA_HOME_21_X64: /opt/hostedtoolcache/Java_Temurin-Hotspot_jdk/21.0.11-10/x64
Test (ubuntu-latest, 21)	Run tests	2026-06-22T17:36:33.2543057Z ##[endgroup]
Test (ubuntu-latest, 21)	Run tests	2026-06-22T17:36:35.7145487Z [0m[[0m[0minfo[0m] [0m[0mwelcome to sbt 1.12.12 (Eclipse Adoptium Java 21.0.11)[0m
Test (ubuntu-latest, 21)	Run tests	2026-06-22T17:36:38.1373647Z [0m[[0m[0minfo[0m] [0m[0mloading settings for project llm4s-build-build-build from metals.sbt...[0m
Test (ubuntu-latest, 21)	Run tests	2026-06-22T17:36:38.9088089Z [0m[[0m[0minfo[0m] [0m[0mloading project definition from /home/runner/work/llm4s/llm4s/project/project/project[0m
Test (ubuntu-latest, 21)	Run tests	2026-06-22T17:36:40.7270781Z [0m[[0m[0minfo[0m] [0m[0mloading settings for project llm4s-build-build from metals.sbt...[0m
Test (ubuntu-latest, 21)	Run tests	2026-06-22T17:36:40.8836823Z [0m[[0m[0minfo[0m] [0m[0mloading project definition from /home/runner/work/llm4s/llm4s/project/project[0m
Test (ubuntu-latest, 21)	Run tests	2026-06-22T17:36:42.8474413Z [0m[[0m[32msuccess[0m] [0m[0mGenerated .bloop/llm4s-build-build.json[0m
Test (ubuntu-latest, 21)	Run tests	2026-06-22T17:36:42.9344261Z [0m[[0m[32msuccess[0m] [0m[0mTotal time: 2 s, completed Jun 22, 2026, 5:36:42 PM[0m
Test (ubuntu-latest, 21)	Run tests	2026-06-22T17:36:44.5887350Z [0m[[0m[0minfo[0m] [0m[0mloading settings for project llm4s-build from metals.sbt, plugins.sbt...[0m
Test (ubuntu-latest, 21)	Run tests	2026-06-22T17:36:44.6896760Z [0m[[0m[0minfo[0m] [0m[0mloading project definition from /home/runner/work/llm4s/llm4s/project[0m
Test (ubuntu-latest, 21)	Run tests	2026-06-22T17:36:46.4775769Z [0m[[0m[32msuccess[0m] [0m[0mGenerated .bloop/llm4s-build.json[0m
Test (ubuntu-latest, 21)	Run tests	2026-06-22T17:36:46.5606559Z [0m[[0m[0minfo[0m] [0m[0mcompiling 2 Scala sources to /home/runner/work/llm4s/llm4s/project/target/scala-2.12/sbt-1.0/classes ...[0m
Test (ubuntu-latest, 21)	Run tests	2026-06-22T17:36:50.1386500Z [0m[[0m[0minfo[0m] [0m[0mdone compiling[0m
Test (ubuntu-latest, 21)	Run tests	2026-06-22T17:36:50.4895143Z [0m[[0m[32msuccess[0m] [0m[0mTotal time: 6 s, completed Jun 22, 2026, 5:36:50 PM[0m
Test (ubuntu-latest, 21)	Run tests	2026-06-22T17:36:54.4260120Z [0m[[0m[0minfo[0m] [0m[0mloading settings for project llm4s from build.sbt...[0m
Test (ubuntu-latest, 21)	Run tests	2026-06-22T17:36:54.5888674Z [0m[[0m[0minfo[0m] [0m[0mresolving key references (13654 settings) ...[0m
Test (ubuntu-latest, 21)	Run tests	2026-06-22T17:36:59.6663226Z [0m[[0m[0minfo[0m] [0m[0mset current project to llm4s (in build file:/home/runner/work/llm4s/llm4s/)[0m
Test (ubuntu-latest, 21)	Run tests	2026-06-22T17:37:08.5437617Z [0m[[0m[0minfo[0m] [0m[0mcompiling 6 Scala sources to /home/runner/work/llm4s/llm4s/modules/workspace/workspaceShared/target/scala-3.7.1/classes ...[0m
Test (ubuntu-latest, 21)	Run tests	2026-06-22T17:37:09.0067162Z [0m[[0m[0minfo[0m] [0m[0mcompiling 419 Scala sources to /home/runner/work/llm4s/llm4s/modules/core/target/scala-3.7.1/classes ...[0m
Test (ubuntu-latest, 21)	Run tests	2026-06-22T17:37:36.3474546Z [0m[[0m[0minfo[0m] [0m[0mdone compiling[0m
Test (ubuntu-latest, 21)	Run tests	2026-06-22T17:38:07.2276269Z [0m[[0m[0minfo[0m] [0m[0mdone compiling[0m
Test (ubuntu-latest, 21)	Run tests	2026-06-22T17:38:08.1406291Z [0m[[0m[0minfo[0m] [0m[0mRunning scalafix on 6 Scala sources[0m
Test (ubuntu-latest, 21)	Run tests	2026-06-22T17:38:09.6256816Z [0m[[0m[0minfo[0m] [0m[0mcompiling 3 Scala sources to /home/runner/work/llm4s/llm4s/modules/workspace/workspaceRunner/target/scala-3.7.1/classes ...[0m
Test (ubuntu-latest, 21)	Run tests	2026-06-22T17:38:09.6481076Z [0m[[0m[0minfo[0m] [0m[0mRunning scalafix on 419 Scala sources[0m
Test (ubuntu-latest, 21)	Run tests	2026-06-22T17:38:09.6947790Z [0m[[0m[0minfo[0m] [0m[0mcompiling 4 Scala sources to /home/runner/work/llm4s/llm4s/modules/workspace/workspaceShared/target/scala-3.7.1/test-classes ...[0m
Test (ubuntu-latest, 21)	Run tests	2026-06-22T17:38:12.2696348Z [0m[[0m[0minfo[0m] [0m[0mdone compiling[0m
Test (ubuntu-latest, 21)	Run tests	2026-06-22T17:38:14.5476796Z [0m[[0m[0minfo[0m] [0m[0mdone compiling[0m
Test (ubuntu-latest, 21)	Run tests	2026-06-22T17:38:17.9603215Z [0m[[0m[33mwarn[0m] [0m[0m/home/runner/work/llm4s/llm4s/modules/core/src/main/scala/org/llm4s/llmconnect/provider/VertexAIAuthProvider.scala:1:17: warning: [UnusedScalafixSuppression] Unused Scalafix suppression, this can be removed[0m
Test (ubuntu-latest, 21)	Run tests	2026-06-22T17:38:17.9612487Z [0m[[0m[33mwarn[0m] [0m[0m// scalafix:off DisableSyntax.NoKeywordTry, DisableSyntax.NoSystemGetenv[0m
Test (ubuntu-latest, 21)	Run tests	2026-06-22T17:38:17.9614264Z [0m[[0m[33mwarn[0m] [0m[0m                ^^^^^^^^^^^^^^^^^^^^^^^^^^[0m
Test (ubuntu-latest, 21)	Run tests	2026-06-22T17:38:18.8616475Z [0m[[0m[0minfo[0m] [0m[0mRunning scalafix on 3 Scala sources[0m
Test (ubuntu-latest, 21)	Run tests	2026-06-22T17:38:18.9297168Z [0m[[0m[0minfo[0m] [0m[0mcompiling 5 Scala sources to /home/runner/work/llm4s/llm4s/modules/benchmarks/target/scala-3.7.1/classes ...[0m
Test (ubuntu-latest, 21)	Run tests	2026-06-22T17:38:18.9967456Z [0m[[0m[0minfo[0m] [0m[0mcompiling 1 Scala source to /home/runner/work/llm4s/llm4s/modules/knowledgegraph-neo4j/target/scala-3.7.1/classes ...[0m
Test (ubuntu-latest, 21)	Run tests	2026-06-22T17:38:19.1186937Z [0m[[0m[0minfo[0m] [0m[0mcompiling 420 Scala sources to /home/runner/work/llm4s/llm4s/modules/core/target/scala-3.7.1/test-classes ...[0m
Test (ubuntu-latest, 21)	Run tests	2026-06-22T17:38:19.1346896Z [0m[[0m[0minfo[0m] [0m[0mcompiling 7 Scala sources to /home/runner/work/llm4s/llm4s/modules/workspace/workspaceClient/target/scala-3.7.1/classes ...[0m
Test (ubuntu-latest, 21)	Run tests	2026-06-22T17:38:20.1646094Z [0m[[0m[0minfo[0m] [0m[0mdone compiling[0m
Test (ubuntu-latest, 21)	Run tests	2026-06-22T17:38:20.2419000Z [0m[[0m[0minfo[0m] [0m[0mcompiling 1 Scala source to /home/runner/work/llm4s/llm4s/modules/trace-opentelemetry/target/scala-3.7.1/classes ...[0m
Test (ubuntu-latest, 21)	Run tests	2026-06-22T17:38:20.3446487Z [0m[[0m[0minfo[0m] [0m[0mdone compiling[0m
Test (ubuntu-latest, 21)	Run tests	2026-06-22T17:38:20.8967540Z [0m[[0m[0minfo[0m] [0m[0mcompiling 152 Scala sources to /home/runner/work/llm4s/llm4s/modules/samples/target/scala-3.7.1/classes ...[0m
Test (ubuntu-latest, 21)	Run tests	2026-06-22T17:38:21.1856276Z [0m[[0m[0minfo[0m] [0m[0mdone compiling[0m
Test (ubuntu-latest, 21)	Run tests	2026-06-22T17:38:21.5690084Z [0m[[0m[0minfo[0m] [0m[0mdone compiling[0m
Test (ubuntu-latest, 21)	Run tests	2026-06-22T17:38:21.7407165Z [0m[[0m[0minfo[0m] [0m[0m[32mWorkspaceSandboxConfigSpec:[0m[0m
Test (ubuntu-latest, 21)	Run tests	2026-06-22T17:38:21.7435751Z [0m[[0m[0minfo[0m] [0m[0m[32mWorkspaceSandboxConfig[0m[0m
Test (ubuntu-latest, 21)	Run tests	2026-06-22T17:38:21.7436782Z [0m[[0m[0minfo[0m] [0m[0m[32m- should validate Permissive config[0m[0m
Test (ubuntu-latest, 21)	Run tests	2026-06-22T17:38:21.7525901Z [0m[[0m[0minfo[0m] [0m[0m[32m- should validate LockedDown config[0m[0m
Test (ubuntu-latest, 21)	Run tests	2026-06-22T17:38:21.7570526Z [0m[[0m[0minfo[0m] [0m[0m[32m- should reject invalid maxFileSize[0m[0m
Test (ubuntu-latest, 21)	Run tests	2026-06-22T17:38:21.7585999Z [0m[[0m[0minfo[0m] [0m[0m[32m- should reject invalid defaultCommandTimeoutSeconds[0m[0m
Test (ubuntu-latest, 21)	Run tests	2026-06-22T17:38:21.7615893Z [0m[[0m[0minfo[0m] [0m[0m[32m- should have LockedDown with shellAllowed=false[0m[0m
Test (ubuntu-latest, 21)	Run tests	2026-06-22T17:38:21.7685931Z [0m[[0m[0minfo[0m] [0m[0m[32m- should have Permissive with shellAllowed=true[0m[0m
Test (ubuntu-latest, 21)	Run tests	2026-06-22T17:38:21.7715721Z [0m[[0m[0minfo[0m] [0m[0m[32m- should parse known profile names[0m[0m
Test (ubuntu-latest, 21)	Run tests	2026-06-22T17:38:21.7745643Z [0m[[0m[0minfo[0m] [0m[0m[32m- should reject unknown profile names[0m[0m
Test (ubuntu-latest, 21)	Run tests	2026-06-22T17:38:22.0144689Z [0m[[0m[0minfo[0m] [0m[0m[32mWorkspaceAgentInterfaceTest:[0m[0m
Test (ubuntu-latest, 21)	Run tests	2026-06-22T17:38:22.0175712Z [0m[[0m[0minfo[0m] [0m[0m[32mWorkspaceAgentInterfaceRemote[0m[0m
Test (ubuntu-latest, 21)	Run tests	2026-06-22T17:38:22.0235882Z [0m[[0m[0minfo[0m] [0m[0m[32m- should convert method calls to commands and responses[0m[0m
Test (ubuntu-latest, 21)	Run tests	2026-06-22T17:38:22.0286107Z [0m[[0m[0minfo[0m] [0m[0m[32m- should throw WorkspaceAgentException when receiving ErrorResponse[0m[0m
Test (ubuntu-latest, 21)	Run tests	2026-06-22T17:38:22.0346495Z [0m[[0m[0minfo[0m] [0m[0m[32m- should throw exception for unexpected response types[0m[0m
Test (ubuntu-latest, 21)	Run tests	2026-06-22T17:38:22.0376395Z [0m[[0m[0minfo[0m] [0m[0m[32mWorkspaceAgentProtocolSpec:[0m[0m
Test (ubuntu-latest, 21)	Run tests	2026-06-22T17:38:22.0405586Z [0m[[0m[0minfo[0m] [0m[0m[32mFileMetadata[0m[0m
Test (ubuntu-latest, 21)	Run tests	2026-06-22T17:38:22.0427473Z [0m[[0m[0minfo[0m] [0m[0m[32m- should serialize to JSON[0m[0m
Test (ubuntu-latest, 21)	Run tests	2026-06-22T17:38:22.0455643Z [0m[[0m[0minfo[0m] [0m[0m[32mExploreFilesCommand[0m[0m
Test (ubuntu-latest, 21)	Run tests	2026-06-22T17:38:22.0457038Z [0m[[0m[0minfo[0m] [0m[0m[32m- should serialize with all fields[0m[0m
Test (ubuntu-latest, 21)	Run tests	2026-06-22T17:38:22.0458362Z [0m[[0m[0minfo[0m] [0m[0m[32m- should serialize with minimal fields[0m[0m
Test (ubuntu-latest, 21)	Run tests	2026-06-22T17:38:22.0459789Z [0m[[0m[0minfo[0m] [0m[0m[32mReadFileCommand[0m[0m
Test (ubuntu-latest, 21)	Run tests	2026-06-22T17:38:22.0461069Z [0m[[0m[0minfo[0m] [0m[0m[32m- should serialize with line range[0m[0m
Test (ubuntu-latest, 21)	Run tests	2026-06-22T17:38:22.0462914Z [0m[[0m[0minfo[0m] [0m[0m[32mWriteFileCommand[0m[0m
Test (ubuntu-latest, 21)	Run tests	2026-06-22T17:38:22.0464127Z [0m[[0m[0minfo[0m] [0m[0m[32m- should serialize with all options[0m[0m
Test (ubuntu-latest, 21)	Run tests	2026-06-22T17:38:22.0465578Z [0m[[0m[0minfo[0m] [0m[0m[32mModifyFileCommand[0m[0m
Test (ubuntu-latest, 21)	Run tests	2026-06-22T17:38:22.0467010Z [0m[[0m[0minfo[0m] [0m[0m[32m- should serialize replace operation[0m[0m
Test (ubuntu-latest, 21)	Run tests	2026-06-22T17:38:22.0468309Z [0m[[0m[0minfo[0m] [0m[0m[32m- should serialize insert operation[0m[0m
Test (ubuntu-latest, 21)	Run tests	2026-06-22T17:38:22.0469689Z [0m[[0m[0minfo[0m] [0m[0m[32m- should serialize delete operation[0m[0m
Test (ubuntu-latest, 21)	Run tests	2026-06-22T17:38:22.0470856Z [0m[[0m[0minfo[0m] [0m[0m[32m- should serialize regex replace operation[0m[0m
Test (ubuntu-latest, 21)	Run tests	2026-06-22T17:38:22.0471930Z [0m[[0m[0minfo[0m] [0m[0m[32mSearchFilesCommand[0m[0m
Test (ubuntu-latest, 21)	Run tests	2026-06-22T17:38:22.0473150Z [0m[[0m[0minfo[0m] [0m[0m[32m- should serialize with all options[0m[0m
Test (ubuntu-latest, 21)	Run tests	2026-06-22T17:38:22.0519105Z [0m[[0m[0minfo[0m] [0m[0m[32mExecuteCommandCommand[0m[0m
Test (ubuntu-latest, 21)	Run tests	2026-06-22T17:38:22.0520453Z [0m[[0m[0minfo[0m] [0m[0m[32m- should serialize with environment[0m[0m
Test (ubuntu-latest, 21)	Run tests	2026-06-22T17:38:22.0521588Z [0m[[0m[0minfo[0m] [0m[0m[32mExploreFilesResponse[0m[0m
Test (ubuntu-latest, 21)	Run tests	2026-06-22T17:38:22.0522633Z [0m[[0m[0minfo[0m] [0m[0m[32m- should serialize correctly[0m[0m
Test (ubuntu-latest, 21)	Run tests	2026-06-22T17:38:22.0523637Z [0m[[0m[0minfo[0m] [0m[0m[32mReadFileResponse[0m[0m
Test (ubuntu-latest, 21)	Run tests	2026-06-22T17:38:22.0524636Z [0m[[0m[0minfo[0m] [0m[0m[32m- should serialize correctly[0m[0m
Test (ubuntu-latest, 21)	Run tests	2026-06-22T17:38:22.0525991Z [0m[[0m[0minfo[0m] [0m[0m[32mExecuteCommandResponse[0m[0m
Test (ubuntu-latest, 21)	Run tests	2026-06-22T17:38:22.0526892Z [0m[[0m[0minfo[0m] [0m[0m[32m- should serialize correctly[0m[0m
Test (ubuntu-latest, 21)	Run tests	2026-06-22T17:38:22.0527796Z [0m[[0m[0minfo[0m] [0m[0m[32mWorkspaceAgentErrorResponse[0m[0m
Test (ubuntu-latest, 21)	Run tests	2026-06-22T17:38:22.0528894Z [0m[[0m[0minfo[0m] [0m[0m[32m- should serialize with details[0m[0m
Test (ubuntu-latest, 21)	Run tests	2026-06-22T17:38:22.0529763Z [0m[[0m[0minfo[0m] [0m[0m[32mCommandMessage[0m[0m
Test (ubuntu-latest, 21)	Run tests	2026-06-22T17:38:22.0530911Z [0m[[0m[0minfo[0m] [0m[0m[32m- should wrap command correctly[0m[0m
Test (ubuntu-latest, 21)	Run tests	2026-06-22T17:38:22.0531975Z [0m[[0m[0minfo[0m] [0m[0m[32mHeartbeatMessage[0m[0m
Test (ubuntu-latest, 21)	Run tests	2026-06-22T17:38:22.0532761Z [0m[[0m[0minfo[0m] [0m[0m[32m- should have timestamp[0m[0m
Test (ubuntu-latest, 21)	Run tests	2026-06-22T17:38:22.0533799Z [0m[[0m[0minfo[0m] [0m[0m[32mStreamingOutputMessage[0m[0m
Test (ubuntu-latest, 21)	Run tests	2026-06-22T17:38:22.0566634Z [0m[[0m[0minfo[0m] [0m[0m[32m- should serialize correctly[0m[0m
Test (ubuntu-latest, 21)	Run tests	2026-06-22T17:38:22.0567709Z [0m[[0m[0minfo[0m] [0m[0m[32mCancelCommandMessage[0m[0m
Test (ubuntu-latest, 21)	Run tests	2026-06-22T17:38:22.0568535Z [0m[[0m[0minfo[0m] [0m[0m[32m- should serialize correctly[0m[0m
Test (ubuntu-latest, 21)	Run tests	2026-06-22T17:38:22.0569328Z [0m[[0m[0minfo[0m] [0m[0m[32mWebSocketMessage[0m[0m
Test (ubuntu-latest, 21)	Run tests	2026-06-22T17:38:22.0570270Z [0m[[0m[0minfo[0m] [0m[0m[32m- should round-trip CancelCommandMessage polymorphically[0m[0m
Test (ubuntu-latest, 21)	Run tests	2026-06-22T17:38:22.0571281Z [0m[[0m[0minfo[0m] [0m[0m[32mWorkspaceAgentCommand[0m[0m
Test (ubuntu-latest, 21)	Run tests	2026-06-22T17:38:22.0572654Z [0m[[0m[0minfo[0m] [0m[0m[32m- should serialize polymorphically[0m[0m
Test (ubuntu-latest, 21)	Run tests	2026-06-22T17:38:22.0573541Z [0m[[0m[0minfo[0m] [0m[0m[32mWorkspaceAgentResponse[0m[0m
Test (ubuntu-latest, 21)	Run tests	2026-06-22T17:38:22.0574435Z [0m[[0m[0minfo[0m] [0m[0m[32m- should serialize polymorphically[0m[0m
Test (ubuntu-latest, 21)	Run tests	2026-06-22T17:38:22.0781458Z [0m[[0m[0minfo[0m] [0m[0m[32mProtocolCodecSpec:[0m[0m
Test (ubuntu-latest, 21)	Run tests	2026-06-22T17:38:22.0805895Z [0m[[0m[0minfo[0m] [0m[0m[32mProtocolCodec.encodeAgentCommand[0m[0m
Test (ubuntu-latest, 21)	Run tests	2026-06-22T17:38:22.0835642Z [0m[[0m[0minfo[0m] [0m[0m[32m- should encode ReadFileCommand[0m[0m
Test (ubuntu-latest, 21)	Run tests	2026-06-22T17:38:22.0839297Z [0m[[0m[0minfo[0m] [0m[0m[32m- should encode WriteFileCommand[0m[0m
Test (ubuntu-latest, 21)	Run tests	2026-06-22T17:38:22.0865856Z [0m[[0m[0minfo[0m] [0m[0m[32m- should encode ExploreFilesCommand[0m[0m
Test (ubuntu-latest, 21)	Run tests	2026-06-22T17:38:22.0895707Z [0m[[0m[0minfo[0m] [0m[0m[32m- should encode GetWorkspaceInfoCommand[0m[0m
Test (ubuntu-latest, 21)	Run tests	2026-06-22T17:38:22.0925811Z [0m[[0m[0minfo[0m] [0m[0m[32mProtocolCodec.decodeAgentCommand[0m[0m
Test (ubuntu-latest, 21)	Run tests	2026-06-22T17:38:22.0945682Z [0m[[0m[0minfo[0m] [0m[0m[32m- should decode ReadFileCommand[0m[0m
Test (ubuntu-latest, 21)	Run tests	2026-06-22T17:38:22.0954303Z [0m[[0m[0minfo[0m] [0m[0m[32m- should decode ExecuteCommandCommand[0m[0m
Test (ubuntu-latest, 21)	Run tests	2026-06-22T17:38:22.0955709Z [0m[[0m[0minfo[0m] [0m[0m[32m- should decode ModifyFileCommand with operations[0m[0m
Test (ubuntu-latest, 21)	Run tests	2026-06-22T17:38:22.0956658Z [0m[[0m[0minfo[0m] [0m[0m[32mProtocolCodec.encodeAgentResponse[0m[0m
Test (ubuntu-latest, 21)	Run tests	2026-06-22T17:38:22.0957486Z [0m[[0m[0minfo[0m] [0m[0m[32m- should encode ReadFileResponse[0m[0m
Test (ubuntu-latest, 21)	Run tests	2026-06-22T17:38:22.0958274Z [0m[[0m[0minfo[0m] [0m[0m[32m- should encode ErrorResponse[0m[0m
Test (ubuntu-latest, 21)	Run tests	2026-06-22T17:38:22.0959075Z [0m[[0m[0minfo[0m] [0m[0m[32mProtocolCodec.decodeAgentResponse[0m[0m
Test (ubuntu-latest, 21)	Run tests	2026-06-22T17:38:22.0959907Z [0m[[0m[0minfo[0m] [0m[0m[32m- should decode WriteFileResponse[0m[0m
Test (ubuntu-latest, 21)	Run tests	2026-06-22T17:38:22.0960843Z [0m[[0m[0minfo[0m] [0m[0m[32m- should decode ExecuteCommandResponse[0m[0m
Test (ubuntu-latest, 21)	Run tests	2026-06-22T17:38:22.0962052Z [0m[[0m[0minfo[0m] [0m[0m[32m- should decode GetWorkspaceInfoResponse[0m[0m
Test (ubuntu-latest, 21)	Run tests	2026-06-22T17:38:22.0963197Z [0m[[0m[0minfo[0m] [0m[0m[32mProtocolCodec[0m[0m
Test (ubuntu-latest, 21)	Run tests	2026-06-22T17:38:22.0964355Z [0m[[0m[0minfo[0m] [0m[0m[32m- should round-trip all command types[0m[0m
Test (ubuntu-latest, 21)	Run tests	2026-06-22T17:38:22.0966152Z [0m[[0m[0minfo[0m] [0m[0m[32m- should round-trip all response types[0m[0m
Test (ubuntu-latest, 21)	Run tests	2026-06-22T17:38:22.0967472Z [0m[[0m[0minfo[0m] [0m[0m[32mProtocolCodec.decodeAgentCommand[0m[0m
Test (ubuntu-latest, 21)	Run tests	2026-06-22T17:38:22.0968739Z [0m[[0m[0minfo[0m] [0m[0m[32m- should throw on invalid JSON[0m[0m
Test (ubuntu-latest, 21)	Run tests	2026-06-22T17:38:22.0969948Z [0m[[0m[0minfo[0m] [0m[0m[32m- should throw on empty JSON[0m[0m
Test (ubuntu-latest, 21)	Run tests	2026-06-22T17:38:22.0971192Z [0m[[0m[0minfo[0m] [0m[0m[32mProtocolCodec.decodeAgentResponse[0m[0m
Test (ubuntu-latest, 21)	Run tests	2026-06-22T17:38:22.0972456Z [0m[[0m[0minfo[0m] [0m[0m[32m- should throw on invalid JSON[0m[0m
Test (ubuntu-latest, 21)	Run tests	2026-06-22T17:38:22.3427140Z [0m[[0m[0minfo[0m] [0m[0mcompiling 1 Scala source to /home/runner/work/llm4s/llm4s/modules/workspace/workspaceRunner/target/scala-3.7.1/test-classes ...[0m
Test (ubuntu-latest, 21)	Run tests	2026-06-22T17:38:22.3546191Z [0m[[0m[0minfo[0m] [0m[0m[36mRun completed in 1 second, 668 milliseconds.[0m[0m
Test (ubuntu-latest, 21)	Run tests	2026-06-22T17:38:22.3547360Z [0m[[0m[0minfo[0m] [0m[0m[36mTotal number of tests run: 50[0m[0m
Test (ubuntu-latest, 21)	Run tests	2026-06-22T17:38:22.3575729Z [0m[[0m[0minfo[0m] [0m[0m[36mSuites: completed 4, aborted 0[0m[0m
Test (ubuntu-latest, 21)	Run tests	2026-06-22T17:38:22.3605764Z [0m[[0m[0minfo[0m] [0m[0m[36mTests: succeeded 50, failed 0, canceled 0, ignored 0, pending 0[0m[0m
Test (ubuntu-latest, 21)	Run tests	2026-06-22T17:38:22.3626637Z [0m[[0m[0minfo[0m] [0m[0m[32mAll tests passed.[0m[0m
Test (ubuntu-latest, 21)	Run tests	2026-06-22T17:38:24.9076651Z [0m[[0m[0minfo[0m] [0m[0mdone compiling[0m
Test (ubuntu-latest, 21)	Run tests	2026-06-22T17:38:36.0662209Z [0m[[0m[0minfo[0m] [0m[0mdone compiling[0m
Test (ubuntu-latest, 21)	Run tests	2026-06-22T17:40:34.2486527Z [0m[[0m[0minfo[0m] [0m[0mdone compiling[0m
Test (ubuntu-latest, 21)	Run tests	2026-06-22T17:40:34.7226622Z [0m[[0m[0minfo[0m] [0m[0mRunning scalafix on 5 Scala sources[0m
Test (ubuntu-latest, 21)	Run tests	2026-06-22T17:40:34.7286366Z [0m[[0m[0minfo[0m] [0m[0mRunning scalafix on 1 Scala sources[0m
Test (ubuntu-latest, 21)	Run tests	2026-06-22T17:40:34.7315610Z [0m[[0m[0minfo[0m] [0m[0mRunning scalafix on 1 Scala sources[0m
Test (ubuntu-latest, 21)	Run tests	2026-06-22T17:40:34.7866486Z [0m[[0m[0minfo[0m] [0m[0mRunning scalafix on 152 Scala sources[0m
Test (ubuntu-latest, 21)	Run tests	2026-06-22T17:40:35.2076500Z [0m[[0m[0minfo[0m] [0m[0mRunning scalafix on 7 Scala sources[0m
Test (ubuntu-latest, 21)	Run tests	2026-06-22T17:40:35.8427048Z [0m[[0m[0minfo[0m] [0m[0mcompiling 1 Scala source to /home/runner/work/llm4s/llm4s/modules/benchmarks/target/scala-3.7.1/test-classes ...[0m
Test (ubuntu-latest, 21)	Run tests	2026-06-22T17:40:37.0983867Z 17:40:37.096 [pool-23-thread-7-ScalaTest-running-WorkspaceAgentInterfaceImplTest] WARN  o.l.r.WorkspaceAgentInterfaceImpl -- Rejected unsafe or invalid search regex '((a+)+)+b' (Regex pattern contains nested quantifiers/overlap and may cause ReDoS); falling back to literal substring search.
Test (ubuntu-latest, 21)	Run tests	2026-06-22T17:40:37.1117724Z 17:40:37.108 [pool-23-thread-7-ScalaTest-running-WorkspaceAgentInterfaceImplTest] WARN  o.l.r.WorkspaceAgentInterfaceImpl -- Rejected unsafe or invalid search regex '(a|aa)+X' (Regex pattern contains nested quantifiers/overlap and may cause ReDoS); falling back to literal substring search.
Test (ubuntu-latest, 21)	Run tests	2026-06-22T17:40:37.1727362Z 17:40:37.170 [scala-execution-context-global-200] WARN  o.l.r.WorkspaceAgentInterfaceImpl -- Rejected unsafe or invalid search regex '((a+)+)+b' (Regex pattern contains nested quantifiers/overlap and may cause ReDoS); falling back to literal substring search.
Test (ubuntu-latest, 21)	Run tests	2026-06-22T17:40:37.5608738Z [0m[[0m[0minfo[0m] [0m[0mdone compiling[0m
Test (ubuntu-latest, 21)	Run tests	2026-06-22T17:40:37.6081411Z [0m[[0m[0minfo[0m] [0m[0mcompiling 1 Scala source to /home/runner/work/llm4s/llm4s/modules/knowledgegraph-neo4j/target/scala-3.7.1/test-classes ...[0m
Test (ubuntu-latest, 21)	Run tests	2026-06-22T17:40:37.9437163Z [0m[[0m[0minfo[0m] [0m[0mcompiling 2 Scala sources to /home/runner/work/llm4s/llm4s/modules/workspace/workspaceClient/target/scala-3.7.1/test-classes ...[0m
Test (ubuntu-latest, 21)	Run tests	2026-06-22T17:40:38.0223291Z 17:40:38.021 [scala-execution-context-global-200] WARN  o.l.r.WorkspaceAgentInterfaceImpl -- Regex search aborted at runtime (Regex operation aborted: exceeded complexity budget (possible ReDoS)) for query '(.*a){25}b'; falling back to literal substring match for affected lines.
Test (ubuntu-latest, 21)	Run tests	2026-06-22T17:40:38.6646355Z [0m[[0m[0minfo[0m] [0m[0mdone compiling[0m
Test (ubuntu-latest, 21)	Run tests	2026-06-22T17:40:38.6757369Z 17:40:38.673 [scala-execution-context-global-200] WARN  o.l.r.WorkspaceAgentInterfaceImpl -- Regex replace aborted at runtime (Regex operation aborted: exceeded complexity budget (possible ReDoS)) for pattern '(.*a){25}b'; falling back to literal replacement for affected lines.
Test (ubuntu-latest, 21)	Run tests	2026-06-22T17:40:38.6787754Z 17:40:38.675 [pool-23-thread-7-ScalaTest-running-WorkspaceAgentInterfaceImplTest] WARN  o.l.r.WorkspaceAgentInterfaceImpl -- Rejected unsafe or invalid replace regex '((a+)+)+b' (Regex pattern contains nested quantifiers/overlap and may cause ReDoS); falling back to literal replacement.
Test (ubuntu-latest, 21)	Run tests	2026-06-22T17:40:39.7604266Z [0m[[0m[0minfo[0m] [0m[0mdone compiling[0m
Test (ubuntu-latest, 21)	Run tests	2026-06-22T17:40:39.9576575Z [0m[[0m[0minfo[0m] [0m[0m[32mWorkspaceAgentInterfaceImplTest:[0m[0m
Test (ubuntu-latest, 21)	Run tests	2026-06-22T17:40:39.9636062Z [0m[[0m[0minfo[0m] [0m[0m[32mWorkspaceAgentInterfaceImpl[0m[0m
Test (ubuntu-latest, 21)	Run tests	2026-06-22T17:40:39.9665685Z [0m[[0m[0minfo[0m] [0m[0m[32m- should get workspace info[0m[0m
Test (ubuntu-latest, 21)	Run tests	2026-06-22T17:40:39.9725831Z [0m[[0m[0minfo[0m] [0m[0m[32m- should explore files in the workspace[0m[0m
Test (ubuntu-latest, 21)	Run tests	2026-06-22T17:40:39.9755621Z [0m[[0m[0minfo[0m] [0m[0m[32m- should read file content[0m[0m
Test (ubuntu-latest, 21)	Run tests	2026-06-22T17:40:39.9845801Z [0m[[0m[0minfo[0m] [0m[0m[32m- should write file content[0m[0m
Test (ubuntu-latest, 21)	Run tests	2026-06-22T17:40:39.9870816Z [0m[[0m[0minfo[0m] [0m[0m[32m- should modify file content[0m[0m
Test (ubuntu-latest, 21)	Run tests	2026-06-22T17:40:39.9928412Z [0m[[0m[0minfo[0m] [0m[0m[32m- should search files for content[0m[0m
Test (ubuntu-latest, 21)	Run tests	2026-06-22T17:40:39.9931448Z [0m[[0m[0minfo[0m] [0m[0m[32m- should fallback to literal matching for unsafe regex in searchFiles[0m[0m
Test (ubuntu-latest, 21)	Run tests	2026-06-22T17:40:39.9956894Z [0m[[0m[0minfo[0m] [0m[0m[32m- should fallback to literal matching for overlapping alternation regex[0m[0m
Test (ubuntu-latest, 21)	Run tests	2026-06-22T17:40:39.9958767Z [0m[[0m[0minfo[0m] [0m[0m[32m- should complete blocklisted regex search within bounded time[0m[0m
Test (ubuntu-latest, 21)	Run tests	2026-06-22T17:40:39.9960225Z [0m[[0m[0minfo[0m] [0m[0m[32m- should bound regex search for catastrophic patterns the blocklist misses[0m[0m
Test (ubuntu-latest, 21)	Run tests	2026-06-22T17:40:39.9961763Z [0m[[0m[0minfo[0m] [0m[0m[32m- should bound regexReplace for catastrophic patterns the blocklist misses[0m[0m
Test (ubuntu-latest, 21)	Run tests	2026-06-22T17:40:39.9963314Z [0m[[0m[0minfo[0m] [0m[0m[32m- should fallback to literal replacement for unsafe regexReplace operations[0m[0m
Test (ubuntu-latest, 21)	Run tests	2026-06-22T17:40:39.9964922Z [0m[[0m[0minfo[0m] [0m[0m[32m- should set isTruncated when result cap is reached[0m[0m
Test (ubuntu-latest, 21)	Run tests	2026-06-22T17:40:39.9966328Z [0m[[0m[0minfo[0m] [0m[0m[32m- should exclude default patterns consistently with Windows path separators[0m[0m
Test (ubuntu-latest, 21)	Run tests	2026-06-22T17:40:39.9967522Z [0m[[0m[0minfo[0m] [0m[0m[32m- should execute commands[0m[0m
Test (ubuntu-latest, 21)	Run tests	2026-06-22T17:40:39.9968661Z [0m[[0m[0minfo[0m] [0m[0m[32m- should execute built-in echo command on Windows via cmd.exe /c[0m[0m
Test (ubuntu-latest, 21)	Run tests	2026-06-22T17:40:39.9970474Z [0m[[0m[0minfo[0m] [0m[0m[32m- should block shell metacharacters before execution, not merely treat them as literal args[0m[0m
Test (ubuntu-latest, 21)	Run tests	2026-06-22T17:40:39.9971972Z [0m[[0m[0minfo[0m] [0m[0m[32m- should reject executeCommand for executables not in the allowlist[0m[0m
Test (ubuntu-latest, 21)	Run tests	2026-06-22T17:40:39.9973378Z [0m[[0m[0minfo[0m] [0m[0m[32m- should reject executeCommand for executables specified with a path separator[0m[0m
Test (ubuntu-latest, 21)	Run tests	2026-06-22T17:40:39.9975202Z [0m[[0m[0minfo[0m] [0m[0m[32m- should treat an unclosed double-quote as consuming the rest of the string into the token[0m[0m
Test (ubuntu-latest, 21)	Run tests	2026-06-22T17:40:39.9976847Z [0m[[0m[0minfo[0m] [0m[0m[32m- should treat an unclosed single-quote as consuming the rest of the string into the token[0m[0m
Test (ubuntu-latest, 21)	Run tests	2026-06-22T17:40:39.9978347Z [0m[[0m[0minfo[0m] [0m[0m[32m- should block echo hello & whoami due to forbidden character '&'[0m[0m
Test (ubuntu-latest, 21)	Run tests	2026-06-22T17:40:39.9979735Z [0m[[0m[0minfo[0m] [0m[0m[32m- should block git --version ; echo pwned due to forbidden character ';'[0m[0m
Test (ubuntu-latest, 21)	Run tests	2026-06-22T17:40:39.9981000Z [0m[[0m[0minfo[0m] [0m[0m[32m- should block commands containing pipe character '|'[0m[0m
Test (ubuntu-latest, 21)	Run tests	2026-06-22T17:40:39.9982260Z [0m[[0m[0minfo[0m] [0m[0m[32m- should block commands containing percent expansion '%'[0m[0m
Test (ubuntu-latest, 21)	Run tests	2026-06-22T17:40:39.9983556Z [0m[[0m[0minfo[0m] [0m[0m[32m- should reject executeCommand when sandbox has shellAllowed=false[0m[0m
Test (ubuntu-latest, 21)	Run tests	2026-06-22T17:40:40.0015057Z [0m[[0m[0minfo[0m] [0m[0m[32m- should forcibly terminate timed-out commands[0m[0m
Test (ubuntu-latest, 21)	Run tests	2026-06-22T17:40:40.0016750Z [0m[[0m[0minfo[0m] [0m[0m[32m- should reject destructive commands under a read-only sandbox configuration[0m[0m
Test (ubuntu-latest, 21)	Run tests	2026-06-22T17:40:40.0018339Z [0m[[0m[0minfo[0m] [0m[0m[32m- should reject destructive commands under default sandbox policy[0m[0m
Test (ubuntu-latest, 21)	Run tests	2026-06-22T17:40:40.0019828Z [0m[[0m[0minfo[0m] [0m[0m[32m- should allow write commands under a read-write sandbox configuration[0m[0m
Test (ubuntu-latest, 21)	Run tests	2026-06-22T17:40:40.0025786Z [0m[[0m[0minfo[0m] [0m[0m[36mRun completed in 4 seconds, 342 milliseconds.[0m[0m
Test (ubuntu-latest, 21)	Run tests	2026-06-22T17:40:40.0082545Z [0m[[0m[0minfo[0m] [0m[0m[36mTotal number of tests run: 30[0m[0m
Test (ubuntu-latest, 21)	Run tests	2026-06-22T17:40:40.0105664Z [0m[[0m[0minfo[0m] [0m[0m[36mSuites: completed 1, aborted 0[0m[0m
Test (ubuntu-latest, 21)	Run tests	2026-06-22T17:40:40.0137464Z [0m[[0m[0minfo[0m] [0m[0m[36mTests: succeeded 30, failed 0, canceled 0, ignored 0, pending 0[0m[0m
Test (ubuntu-latest, 21)	Run tests	2026-06-22T17:40:40.0165516Z [0m[[0m[0minfo[0m] [0m[0m[32mAll tests passed.[0m[0m
Test (ubuntu-latest, 21)	Run tests	2026-06-22T17:40:40.6547286Z [0m[[0m[0minfo[0m] [0m[0mcompiling 8 Scala sources to /home/runner/work/llm4s/llm4s/modules/samples/target/scala-3.7.1/test-classes ...[0m
Test (ubuntu-latest, 21)	Run tests	2026-06-22T17:40:40.6606864Z [0m[[0m[0minfo[0m] [0m[0mcompiling 3 Scala sources to /home/runner/work/llm4s/llm4s/modules/workspace/workspaceSamples/target/scala-3.7.1/classes ...[0m
Test (ubuntu-latest, 21)	Run tests	2026-06-22T17:40:42.3840937Z [0m[[0m[0minfo[0m] [0m[0mdone compiling[0m
Test (ubuntu-latest, 21)	Run tests	2026-06-22T17:40:42.5720822Z [0m[[0m[0minfo[0m] [0m[0m[32mCodegenTypesSpec:[0m[0m
Test (ubuntu-latest, 21)	Run tests	2026-06-22T17:40:42.5735941Z [0m[[0m[0minfo[0m] [0m[0m[32mWorkspaceSettings[0m[0m
Test (ubuntu-latest, 21)	Run tests	2026-06-22T17:40:42.5765959Z [0m[[0m[0minfo[0m] [0m[0m[32m- should store all configuration fields[0m[0m
Test (ubuntu-latest, 21)	Run tests	2026-06-22T17:40:42.5813673Z [0m[[0m[0minfo[0m] [0m[0m[32m- should have default image name[0m[0m
Test (ubuntu-latest, 21)	Run tests	2026-06-22T17:40:42.5815011Z [0m[[0m[0minfo[0m] [0m[0m[32m- should have default port[0m[0m
Test (ubuntu-latest, 21)	Run tests	2026-06-22T17:40:42.5855913Z [0m[[0m[0minfo[0m] [0m[0m[32m- should support equality[0m[0m
Test (ubuntu-latest, 21)	Run tests	2026-06-22T17:40:42.5886016Z [0m[[0m[0minfo[0m] [0m[0m[32m- should support copy with modifications[0m[0m
Test (ubuntu-latest, 21)	Run tests	2026-06-22T17:40:42.5905685Z [0m[[0m[0minfo[0m] [0m[0m[32mCodeTask[0m[0m
Test (ubuntu-latest, 21)	Run tests	2026-06-22T17:40:42.5915711Z [0m[[0m[0minfo[0m] [0m[0m[32m- should create with description only[0m[0m
Test (ubuntu-latest, 21)	Run tests	2026-06-22T17:40:42.5936181Z [0m[[0m[0minfo[0m] [0m[0m[32m- should create with all options[0m[0m
Test (ubuntu-latest, 21)	Run tests	2026-06-22T17:40:42.5937907Z [0m[[0m[0minfo[0m] [0m[0m[32m- should support equality[0m[0m
Test (ubuntu-latest, 21)	Run tests	2026-06-22T17:40:42.5939007Z [0m[[0m[0minfo[0m] [0m[0m[32mCodeTaskResult[0m[0m
Test (ubuntu-latest, 21)	Run tests	2026-06-22T17:40:42.5940189Z [0m[[0m[0minfo[0m] [0m[0m[32m- should represent successful completion[0m[0m
Test (ubuntu-latest, 21)	Run tests	2026-06-22T17:40:42.5941431Z [0m[[0m[0minfo[0m] [0m[0m[32m- should represent failure[0m[0m
Test (ubuntu-latest, 21)	Run tests	2026-06-22T17:40:42.5942609Z [0m[[0m[0minfo[0m] [0m[0m[32m- should have default empty logs[0m[0m
Test (ubuntu-latest, 21)	Run tests	2026-06-22T17:40:42.5943745Z [0m[[0m[0minfo[0m] [0m[0m[32m- should support equality[0m[0m
Test (ubuntu-latest, 21)	Run tests	2026-06-22T17:40:42.7172982Z [0m[[0m[0minfo[0m] [0m[0m[32mNeo4jGraphStoreUnitSpec:[0m[0m
Test (ubuntu-latest, 21)	Run tests	2026-06-22T17:40:42.9204691Z [0m[[0m[0minfo[0m] [0m[0m[32mWorkspaceConfigSupportSpec:[0m[0m
Test (ubuntu-latest, 21)	Run tests	2026-06-22T17:40:42.9226416Z [0m[[0m[0minfo[0m] [0m[0m[32mWorkspaceConfigSupport.load[0m[0m
Test (ubuntu-latest, 21)	Run tests	2026-06-22T17:40:42.9256441Z [0m[[0m[0minfo[0m] [0m[0m[32m- should use defaults when no workspace config is provided[0m[0m
Test (ubuntu-latest, 21)	Run tests	2026-06-22T17:40:42.9539506Z [0m[[0m[0minfo[0m] [0m[0m[32m- Config: default values are correct[0m[0m
Test (ubuntu-latest, 21)	Run tests	2026-06-22T17:40:42.9657321Z [0m[[0m[0minfo[0m] [0m[0m[32m- Config: custom values are preserved[0m[0m
Test (ubuntu-latest, 21)	Run tests	2026-06-22T17:40:42.9716305Z [0m[[0m[0minfo[0m] [0m[0m[32m- Config: copy preserves unchanged fields[0m[0m
Test (ubuntu-latest, 21)	Run tests	2026-06-22T17:40:43.0096845Z [0m[[0m[0minfo[0m] [0m[0m[36mRun completed in 1 second, 974 milliseconds.[0m[0m
Test (ubuntu-latest, 21)	Run tests	2026-06-22T17:40:43.0098728Z [0m[[0m[0minfo[0m] [0m[0m[36mTotal number of tests run: 13[0m[0m
Test (ubuntu-latest, 21)	Run tests	2026-06-22T17:40:43.0113197Z [0m[[0m[0minfo[0m] [0m[0m[36mSuites: completed 2, aborted 0[0m[0m
Test (ubuntu-latest, 21)	Run tests	2026-06-22T17:40:43.0115035Z [0m[[0m[0minfo[0m] [0m[0m[36mTests: succeeded 13, failed 0, canceled 0, ignored 0, pending 0[0m[0m
Test (ubuntu-latest, 21)	Run tests	2026-06-22T17:40:43.0116530Z [0m[[0m[0minfo[0m] [0m[0m[32mAll tests passed.[0m[0m
Test (ubuntu-latest, 21)	Run tests	2026-06-22T17:40:43.0192730Z 17:40:43.017 [pool-23-thread-16-ScalaTest-running-BenchmarkSmokeTest] DEBUG org.llm4s.context.ConversationTokenCounter$ -- Successfully created tokenizer for TokenizerId(cl100k_base)
Test (ubuntu-latest, 21)	Run tests	2026-06-22T17:40:43.0701345Z [0m[[0m[0minfo[0m] [0m[0m[32m- apply(Config): returns Left for an invalid URI scheme[0m[0m
Test (ubuntu-latest, 21)	Run tests	2026-06-22T17:40:43.0747437Z [0m[[0m[0minfo[0m] [0m[0m[32m- apply(uri, user, password, database): delegates to apply(Config)[0m[0m
Test (ubuntu-latest, 21)	Run tests	2026-06-22T17:40:43.1873243Z 17:40:43.186 [pool-23-thread-16-ScalaTest-running-BenchmarkSmokeTest] DEBUG org.llm4s.context.ConversationTokenCounter -- Counted 197 tokens in conversation with 10 messages
Test (ubuntu-latest, 21)	Run tests	2026-06-22T17:40:43.2447689Z 17:40:43.244 [pool-23-thread-16-ScalaTest-running-BenchmarkSmokeTest] DEBUG org.llm4s.context.ConversationTokenCounter -- Counted 8270 tokens in conversation with 100 messages
Test (ubuntu-latest, 21)	Run tests	2026-06-22T17:40:44.5820123Z 17:40:44.581 [pool-23-thread-16-ScalaTest-running-BenchmarkSmokeTest] DEBUG org.llm4s.context.ConversationTokenCounter -- Counted 721610 tokens in conversation with 1000 messages
Test (ubuntu-latest, 21)	Run tests	2026-06-22T17:40:44.5957182Z 17:40:44.592 [pool-23-thread-16-ScalaTest-running-BenchmarkSmokeTest] DEBUG org.llm4s.context.ConversationTokenCounter$ -- Successfully created tokenizer for TokenizerId(cl100k_base)
Test (ubuntu-latest, 21)	Run tests	2026-06-22T17:40:44.5996754Z 17:40:44.597 [pool-23-thread-16-ScalaTest-running-BenchmarkSmokeTest] DEBUG org.llm4s.context.DeterministicCompressor$ -- Starting compression to cap=500 (start=516)
Test (ubuntu-latest, 21)	Run tests	2026-06-22T17:40:44.6026439Z 17:40:44.601 [pool-23-thread-16-ScalaTest-running-BenchmarkSmokeTest] DEBUG org.llm4s.context.DeterministicCompressor$ -- Tool compaction done
Test (ubuntu-latest, 21)	Run tests	2026-06-22T17:40:44.6046747Z 17:40:44.603 [pool-23-thread-16-ScalaTest-running-BenchmarkSmokeTest] INFO org.llm4s.context.DeterministicCompressor$ -- Compression complete: 516 ΓåÆ 516 tokens
Test (ubuntu-latest, 21)	Run tests	2026-06-22T17:40:44.6105831Z [0m[[0m[0minfo[0m] [0m[0mdone compiling[0m
Test (ubuntu-latest, 21)	Run tests	2026-06-22T17:40:44.6396574Z 17:40:44.637 [pool-23-thread-16-ScalaTest-running-BenchmarkSmokeTest] DEBUG org.llm4s.context.DeterministicCompressor$ -- Starting compression to cap=2000 (start=30720)
Test (ubuntu-latest, 21)	Run tests	2026-06-22T17:40:44.6439903Z 17:40:44.638 [pool-23-thread-16-ScalaTest-running-BenchmarkSmokeTest] DEBUG org.llm4s.context.DeterministicCompressor$ -- Tool compaction done
Test (ubuntu-latest, 21)	Run tests	2026-06-22T17:40:44.6984099Z 17:40:44.697 [pool-23-thread-16-ScalaTest-running-BenchmarkSmokeTest] INFO org.llm4s.context.DeterministicCompressor$ -- Compression complete: 30720 ΓåÆ 30720 tokens
Test (ubuntu-latest, 21)	Run tests	2026-06-22T17:40:44.9937103Z 17:40:44.992 [pool-23-thread-16-ScalaTest-running-BenchmarkSmokeTest] DEBUG org.llm4s.context.DeterministicCompressor$ -- Starting compression to cap=4000 (start=183300)
Test (ubuntu-latest, 21)	Run tests	2026-06-22T17:40:44.9976373Z 17:40:44.996 [pool-23-thread-16-ScalaTest-running-BenchmarkSmokeTest] DEBUG org.llm4s.context.DeterministicCompressor$ -- Tool compaction done
Test (ubuntu-latest, 21)	Run tests	2026-06-22T17:40:45.8551016Z [0m[[0m[0minfo[0m] [0m[0m[32mOpenRouterClientSpec:[0m[0m
Test (ubuntu-latest, 21)	Run tests	2026-06-22T17:40:45.8817716Z [0m[[0m[0minfo[0m] [0m[0m[32mOpenRouterClient[0m[0m
Test (ubuntu-latest, 21)	Run tests	2026-06-22T17:40:46.5227166Z 17:40:46.519 [pool-23-thread-16-ScalaTest-running-BenchmarkSmokeTest] INFO org.llm4s.context.DeterministicCompressor$ -- Compression complete: 183300 ΓåÆ 149135 tokens
Test (ubuntu-latest, 21)	Run tests	2026-06-22T17:40:47.0536356Z [0m[[0m[0minfo[0m] [0m[0m[32m- should accept custom metrics collector[0m[0m
Test (ubuntu-latest, 21)	Run tests	2026-06-22T17:40:47.0686442Z [0m[[0m[0minfo[0m] [0m[0m[32m- should use noop metrics by default[0m[0m
Test (ubuntu-latest, 21)	Run tests	2026-06-22T17:40:47.0717351Z [0m[[0m[0minfo[0m] [0m[0m[32m- should return correct context window[0m[0m
Test (ubuntu-latest, 21)	Run tests	2026-06-22T17:40:47.0806563Z [0m[[0m[0minfo[0m] [0m[0m[32m- should return correct reserve completion[0m[0m
Test (ubuntu-latest, 21)	Run tests	2026-06-22T17:40:47.1086562Z [0m[[0m[0minfo[0m] [0m[0m[32m- should serialize tool message with correct fields[0m[0m
Test (ubuntu-latest, 21)	Run tests	2026-06-22T17:40:47.1326672Z [0m[[0m[0minfo[0m] [0m[0m[32m- should add response_format when ResponseFormat.Json is set[0m[0m
Test (ubuntu-latest, 21)	Run tests	2026-06-22T17:40:47.1386061Z [0m[[0m[0minfo[0m] [0m[0m[32mBenchmarkSmokeTest:[0m[0m
Test (ubuntu-latest, 21)	Run tests	2026-06-22T17:40:47.1446177Z [0m[[0m[0minfo[0m] [0m[0m[32mTokenCountingBenchmark[0m[0m
Test (ubuntu-latest, 21)	Run tests	2026-06-22T17:40:47.1476035Z [0m[[0m[0minfo[0m] [0m[0m[32m- should initialize and run all methods without error[0m[0m
Test (ubuntu-latest, 21)	Run tests	2026-06-22T17:40:47.1536044Z [0m[[0m[0minfo[0m] [0m[0m[32mContextCompressionBenchmark[0m[0m
Test (ubuntu-latest, 21)	Run tests	2026-06-22T17:40:47.1565970Z [0m[[0m[0minfo[0m] [0m[0m[32m- should initialize and run all methods without error[0m[0m
Test (ubuntu-latest, 21)	Run tests	2026-06-22T17:40:47.1616582Z [0m[[0m[0minfo[0m] [0m[0m[32mToolRegistryBenchmark[0m[0m
Test (ubuntu-latest, 21)	Run tests	2026-06-22T17:40:47.1618218Z [0m[[0m[0minfo[0m] [0m[0m[32m- should initialize and dispatch tools without error[0m[0m
Test (ubuntu-latest, 21)	Run tests	2026-06-22T17:40:47.1619588Z [0m[[0m[0minfo[0m] [0m[0m[32mKeywordIndexBenchmark[0m[0m
Test (ubuntu-latest, 21)	Run tests	2026-06-22T17:40:47.1621257Z [0m[[0m[0minfo[0m] [0m[0m[32m- should initialize, index 1000 documents, and search without error[0m[0m
Test (ubuntu-latest, 21)	Run tests	2026-06-22T17:40:47.1623026Z [0m[[0m[0minfo[0m] [0m[0m[32m- should not fail tearDown when index was never initialized[0m[0m
Test (ubuntu-latest, 21)	Run tests	2026-06-22T17:40:47.1624385Z [0m[[0m[0minfo[0m] [0m[0m[32mBenchmarkFixtures[0m[0m
Test (ubuntu-latest, 21)	Run tests	2026-06-22T17:40:47.1667615Z [0m[[0m[0minfo[0m] [0m[0m[32m- should produce correct fixture sizes[0m[0m
Test (ubuntu-latest, 21)	Run tests	2026-06-22T17:40:47.1668807Z [0m[[0m[0minfo[0m] [0m[0m[32mTokenCountingBenchmark[0m[0m
Test (ubuntu-latest, 21)	Run tests	2026-06-22T17:40:47.1670198Z [0m[[0m[0minfo[0m] [0m[0m[32m- should throw RuntimeException via setup when counter factory fails[0m[0m
Test (ubuntu-latest, 21)	Run tests	2026-06-22T17:40:47.1671583Z [0m[[0m[0minfo[0m] [0m[0m[32mContextCompressionBenchmark[0m[0m
Test (ubuntu-latest, 21)	Run tests	2026-06-22T17:40:47.1672929Z [0m[[0m[0minfo[0m] [0m[0m[32m- should throw RuntimeException via setup when counter factory fails[0m[0m
Test (ubuntu-latest, 21)	Run tests	2026-06-22T17:40:47.1674265Z [0m[[0m[0minfo[0m] [0m[0m[32mKeywordIndexBenchmark[0m[0m
Test (ubuntu-latest, 21)	Run tests	2026-06-22T17:40:47.1675851Z [0m[[0m[0minfo[0m] [0m[0m[32m- should throw RuntimeException via setup when index factory fails[0m[0m
Test (ubuntu-latest, 21)	Run tests	2026-06-22T17:40:47.1677704Z [0m[[0m[0minfo[0m] [0m[0m[32m- should add response_format with json_schema when ResponseFormat.JsonSchema is set[0m[0m
Test (ubuntu-latest, 21)	Run tests	2026-06-22T17:40:47.1679328Z [0m[[0m[0minfo[0m] [0m[0m[32m- should not add response_format when not set[0m[0m
Test (ubuntu-latest, 21)	Run tests	2026-06-22T17:40:47.1680950Z [0m[[0m[0minfo[0m] [0m[0m[36mRun completed in 6 seconds, 363 milliseconds.[0m[0m
Test (ubuntu-latest, 21)	Run tests	2026-06-22T17:40:47.1682113Z [0m[[0m[0minfo[0m] [0m[0m[36mTotal number of tests run: 9[0m[0m
Test (ubuntu-latest, 21)	Run tests	2026-06-22T17:40:47.1683152Z [0m[[0m[0minfo[0m] [0m[0m[36mSuites: completed 1, aborted 0[0m[0m
Test (ubuntu-latest, 21)	Run tests	2026-06-22T17:40:47.1684445Z [0m[[0m[0minfo[0m] [0m[0m[36mTests: succeeded 9, failed 0, canceled 0, ignored 0, pending 0[0m[0m
Test (ubuntu-latest, 21)	Run tests	2026-06-22T17:40:47.1685919Z [0m[[0m[0minfo[0m] [0m[0m[32mAll tests passed.[0m[0m
Test (ubuntu-latest, 21)	Run tests	2026-06-22T17:40:47.5166835Z [0m[[0m[0minfo[0m] [0m[0m[32m- should record a provider exchange when logging is enabled[0m[0m
Test (ubuntu-latest, 21)	Run tests	2026-06-22T17:40:47.5213958Z [0m[[0m[0minfo[0m] [0m[0m[32mOpenRouterClient.complete[0m[0m
Test (ubuntu-latest, 21)	Run tests	2026-06-22T17:40:47.5542767Z [0m[[0m[0minfo[0m] [0m[0m[32m- should map HTTP 401 to AuthenticationError[0m[0m
Test (ubuntu-latest, 21)	Run tests	2026-06-22T17:40:47.5685487Z [0m[[0m[0minfo[0m] [0m[0m[32m- should map HTTP 429 to RateLimitError[0m[0m
Test (ubuntu-latest, 21)	Run tests	2026-06-22T17:40:47.5916080Z [0m[[0m[0minfo[0m] [0m[0m[32m- should map HTTP 500 to ServiceError[0m[0m
Test (ubuntu-latest, 21)	Run tests	2026-06-22T17:40:47.5917941Z [0m[[0m[0minfo[0m] [0m[0m[32mOpenRouterClient.streamComplete[0m[0m
Test (ubuntu-latest, 21)	Run tests	2026-06-22T17:40:47.6092468Z [0m[[0m[0minfo[0m] [0m[0m[32m- should return Left(AuthenticationError) for HTTP 401[0m[0m
Test (ubuntu-latest, 21)	Run tests	2026-06-22T17:40:47.6247978Z [0m[[0m[0minfo[0m] [0m[0m[32m- should return Left(RateLimitError) for HTTP 429[0m[0m
Test (ubuntu-latest, 21)	Run tests	2026-06-22T17:40:47.6377806Z [0m[[0m[0minfo[0m] [0m[0m[32m- should return Left(ServiceError) for HTTP 500[0m[0m
Test (ubuntu-latest, 21)	Run tests	2026-06-22T17:40:47.6494428Z [0m[[0m[0minfo[0m] [0m[0m[32m- should include error body in ServiceError for unknown status codes[0m[0m
Test (ubuntu-latest, 21)	Run tests	2026-06-22T17:40:47.6587053Z [0m[[0m[0minfo[0m] [0m[0m[32m- should not invoke onChunk callback on error responses[0m[0m
Test (ubuntu-latest, 21)	Run tests	2026-06-22T17:40:47.6835935Z [0m[[0m[0minfo[0m] [0m[0m[32m- should record provider exchanges for streaming responses when logging is enabled[0m[0m
Test (ubuntu-latest, 21)	Run tests	2026-06-22T17:40:47.6936781Z [0m[[0m[0minfo[0m] [0m[0m[32m- should stream a successful SSE response[0m[0m
Test (ubuntu-latest, 21)	Run tests	2026-06-22T17:40:47.7105808Z [0m[[0m[0minfo[0m] [0m[0m[32mSearchIndexConfigSpec:[0m[0m
Test (ubuntu-latest, 21)	Run tests	2026-06-22T17:40:47.7110238Z [0m[[0m[0minfo[0m] [0m[0m[32mSearchIndex.PgConfig[0m[0m
Test (ubuntu-latest, 21)	Run tests	2026-06-22T17:40:47.7156028Z [0m[[0m[0minfo[0m] [0m[0m[32m- should have sensible defaults[0m[0m
Test (ubuntu-latest, 21)	Run tests	2026-06-22T17:40:47.7192493Z [0m[[0m[0minfo[0m] [0m[0m[32m- should generate correct JDBC URL with defaults[0m[0m
Test (ubuntu-latest, 21)	Run tests	2026-06-22T17:40:47.7216524Z [0m[[0m[0minfo[0m] [0m[0m[32m- should generate correct JDBC URL with custom host and port[0m[0m
Test (ubuntu-latest, 21)	Run tests	2026-06-22T17:40:47.7218434Z [0m[[0m[0minfo[0m] [0m[0m[32m- should allow customization of all fields[0m[0m
Test (ubuntu-latest, 21)	Run tests	2026-06-22T17:40:47.7220014Z [0m[[0m[0minfo[0m] [0m[0m[32m- should support copy for partial changes[0m[0m
Test (ubuntu-latest, 21)	Run tests	2026-06-22T17:40:47.7224108Z [0m[[0m[0minfo[0m] [0m[0m[32m- should support equality[0m[0m
Test (ubuntu-latest, 21)	Run tests	2026-06-22T17:40:47.7226888Z [0m[[0m[0minfo[0m] [0m[0m[32m- should distinguish different configs[0m[0m
Test (ubuntu-latest, 21)	Run tests	2026-06-22T17:40:47.7335792Z [0m[[0m[0minfo[0m] [0m[0m[32mLoadingConfigSpec:[0m[0m
Test (ubuntu-latest, 21)	Run tests	2026-06-22T17:40:47.7365934Z [0m[[0m[0minfo[0m] [0m[0m[32mLoadingConfig.default[0m[0m
Test (ubuntu-latest, 21)	Run tests	2026-06-22T17:40:47.7381741Z [0m[[0m[0minfo[0m] [0m[0m[32m- should have sensible defaults[0m[0m
Test (ubuntu-latest, 21)	Run tests	2026-06-22T17:40:47.7493454Z [0m[[0m[0minfo[0m] [0m[0m[32mLoadingConfig.strict[0m[0m
Test (ubuntu-latest, 21)	Run tests	2026-06-22T17:40:47.7495201Z [0m[[0m[0minfo[0m] [0m[0m[32m- should enable fail-fast[0m[0m
Test (ubuntu-latest, 21)	Run tests	2026-06-22T17:40:47.7496556Z [0m[[0m[0minfo[0m] [0m[0m[32mLoadingConfig.lenient[0m[0m
Test (ubuntu-latest, 21)	Run tests	2026-06-22T17:40:47.7497933Z [0m[[0m[0minfo[0m] [0m[0m[32m- should disable fail-fast and skip empty[0m[0m
Test (ubuntu-latest, 21)	Run tests	2026-06-22T17:40:47.7499401Z [0m[[0m[0minfo[0m] [0m[0m[32mLoadingConfig.highPerformance[0m[0m
Test (ubuntu-latest, 21)	Run tests	2026-06-22T17:40:47.7500918Z [0m[[0m[0minfo[0m] [0m[0m[32m- should have increased parallelism and batch size[0m[0m
Test (ubuntu-latest, 21)	Run tests	2026-06-22T17:40:47.7565575Z [0m[[0m[0minfo[0m] [0m[0m[32mLoadingConfig.conservative[0m[0m
Test (ubuntu-latest, 21)	Run tests	2026-06-22T17:40:47.7567557Z [0m[[0m[0minfo[0m] [0m[0m[32m- should have reduced parallelism and batch size[0m[0m
Test (ubuntu-latest, 21)	Run tests	2026-06-22T17:40:47.7591556Z [0m[[0m[0minfo[0m] [0m[0m[32mLoadingConfig fluent API[0m[0m
Test (ubuntu-latest, 21)	Run tests	2026-06-22T17:40:47.7613748Z [0m[[0m[0minfo[0m] [0m[0m[32m- should support withFailFast[0m[0m
Test (ubuntu-latest, 21)	Run tests	2026-06-22T17:40:47.7645359Z [0m[[0m[0minfo[0m] [0m[0m[32m- should support withContinueOnError[0m[0m
Test (ubuntu-latest, 21)	Run tests	2026-06-22T17:40:47.7646962Z [0m[[0m[0minfo[0m] [0m[0m[32m- should support withHints[0m[0m
Test (ubuntu-latest, 21)	Run tests	2026-06-22T17:40:47.7648270Z [0m[[0m[0minfo[0m] [0m[0m[32m- should support withSkipEmpty[0m[0m
Test (ubuntu-latest, 21)	Run tests	2026-06-22T17:40:47.7649583Z [0m[[0m[0minfo[0m] [0m[0m[32m- should support withVersioning[0m[0m
Test (ubuntu-latest, 21)	Run tests	2026-06-22T17:40:47.7650887Z [0m[[0m[0minfo[0m] [0m[0m[32m- should support withParallelism[0m[0m
Test (ubuntu-latest, 21)	Run tests	2026-06-22T17:40:47.7652365Z [0m[[0m[0minfo[0m] [0m[0m[32m- should clamp parallelism to minimum of 1[0m[0m
Test (ubuntu-latest, 21)	Run tests	2026-06-22T17:40:47.7653718Z [0m[[0m[0minfo[0m] [0m[0m[32m- should support withBatchSize[0m[0m
Test (ubuntu-latest, 21)	Run tests	2026-06-22T17:40:47.7655340Z [0m[[0m[0minfo[0m] [0m[0m[32m- should clamp batch size to minimum of 1[0m[0m
Test (ubuntu-latest, 21)	Run tests	2026-06-22T17:40:47.7656663Z [0m[[0m[0minfo[0m] [0m[0m[32m- should support chaining[0m[0m
Test (ubuntu-latest, 21)	Run tests	2026-06-22T17:40:47.7657943Z [0m[[0m[0minfo[0m] [0m[0m[32m- should not mutate the original config[0m[0m
Test (ubuntu-latest, 21)	Run tests	2026-06-22T17:40:47.7887761Z [0m[[0m[0minfo[0m] [0m[0m[32mTraceModelSpec:[0m[0m
Test (ubuntu-latest, 21)	Run tests	2026-06-22T17:40:47.7896901Z [0m[[0m[0minfo[0m] [0m[0m[32mSpanId[0m[0m
Test (ubuntu-latest, 21)	Run tests	2026-06-22T17:40:47.7922355Z [0m[[0m[0minfo[0m] [0m[0m[32m- should generate unique IDs[0m[0m
Test (ubuntu-latest, 21)	Run tests	2026-06-22T17:40:47.7951376Z [0m[[0m[0minfo[0m] [0m[0m[32m- should serialize and deserialize correctly[0m[0m
Test (ubuntu-latest, 21)	Run tests	2026-06-22T17:40:47.7962298Z [0m[[0m[0minfo[0m] [0m[0m[32m- should have custom toString returning the value[0m[0m
Test (ubuntu-latest, 21)	Run tests	2026-06-22T17:40:47.7988287Z [0m[[0m[0minfo[0m] [0m[0m[32m- should return error when parsing non-string JSON[0m[0m
Test (ubuntu-latest, 21)	Run tests	2026-06-22T17:40:47.8026661Z [0m[[0m[0minfo[0m] [0m[0m[32mSpanValue[0m[0m
Test (ubuntu-latest, 21)	Run tests	2026-06-22T17:40:47.8036234Z [0m[[0m[0minfo[0m] [0m[0m[32m- should support all variants[0m[0m
Test (ubuntu-latest, 21)	Run tests	2026-06-22T17:40:47.8037729Z [0m[[0m[0minfo[0m] [0m[0m[32m- should return None for wrong type conversions[0m[0m
Test (ubuntu-latest, 21)	Run tests	2026-06-22T17:40:47.8055627Z [0m[[0m[0minfo[0m] [0m[0m[32m- should round-trip serialize all variants[0m[0m
Test (ubuntu-latest, 21)	Run tests	2026-06-22T17:40:47.8068534Z [0m[[0m[0minfo[0m] [0m[0m[32m- should return error for invalid JSON[0m[0m
Test (ubuntu-latest, 21)	Run tests	2026-06-22T17:40:47.8086554Z [0m[[0m[0minfo[0m] [0m[0m[32m- should support legacy String format[0m[0m
Test (ubuntu-latest, 21)	Run tests	2026-06-22T17:40:47.8088079Z [0m[[0m[0minfo[0m] [0m[0m[32m- should support legacy Double format[0m[0m
Test (ubuntu-latest, 21)	Run tests	2026-06-22T17:40:47.8096150Z [0m[[0m[0minfo[0m] [0m[0m[32m- should support legacy Boolean format[0m[0m
Test (ubuntu-latest, 21)	Run tests	2026-06-22T17:40:47.8110583Z [0m[[0m[0minfo[0m] [0m[0m[32m- should support legacy StringList format[0m[0m
Test (ubuntu-latest, 21)	Run tests	2026-06-22T17:40:47.8123012Z [0m[[0m[0minfo[0m] [0m[0m[32m- should return error for legacy StringList with non-string elements[0m[0m
Test (ubuntu-latest, 21)	Run tests	2026-06-22T17:40:47.8156455Z [0m[[0m[0minfo[0m] [0m[0m[32m- should return error for missing type field[0m[0m
Test (ubuntu-latest, 21)	Run tests	2026-06-22T17:40:47.8160268Z [0m[[0m[0minfo[0m] [0m[0m[32m- should return error for unknown type[0m[0m
Test (ubuntu-latest, 21)	Run tests	2026-06-22T17:40:47.8161685Z [0m[[0m[0minfo[0m] [0m[0m[32m- should return error for invalid String value[0m[0m
Test (ubuntu-latest, 21)	Run tests	2026-06-22T17:40:47.8180495Z [0m[[0m[0minfo[0m] [0m[0m[32m- should return error for invalid Long string value[0m[0m
Test (ubuntu-latest, 21)	Run tests	2026-06-22T17:40:47.8192462Z [0m[[0m[0minfo[0m] [0m[0m[32m- should parse Long from numeric value[0m[0m
Test (ubuntu-latest, 21)	Run tests	2026-06-22T17:40:47.8204033Z [0m[[0m[0minfo[0m] [0m[0m[32m- should return error for invalid Double value[0m[0m
Test (ubuntu-latest, 21)	Run tests	2026-06-22T17:40:47.8214647Z [0m[[0m[0minfo[0m] [0m[0m[32m- should return error for invalid Boolean value[0m[0m
Test (ubuntu-latest, 21)	Run tests	2026-06-22T17:40:47.8227230Z [0m[[0m[0minfo[0m] [0m[0m[32m- should return error for StringList with non-string element in typed format[0m[0m
Test (ubuntu-latest, 21)	Run tests	2026-06-22T17:40:47.8239062Z [0m[[0m[0minfo[0m] [0m[0m[32m- should return error for invalid StringList value[0m[0m
Test (ubuntu-latest, 21)	Run tests	2026-06-22T17:40:47.8263452Z [0m[[0m[0minfo[0m] [0m[0m[32m- should return error for non-object/array/primitive JSON[0m[0m
Test (ubuntu-latest, 21)	Run tests	2026-06-22T17:40:47.8267008Z [0m[[0m[0minfo[0m] [0m[0m[32mSpanStatus[0m[0m
Test (ubuntu-latest, 21)	Run tests	2026-06-22T17:40:47.8331241Z [0m[[0m[0minfo[0m] [0m[0m[32m- should serialize and deserialize all variants[0m[0m
Test (ubuntu-latest, 21)	Run tests	2026-06-22T17:40:47.8356716Z [0m[[0m[0minfo[0m] [0m[0m[32m- should return error for invalid JSON[0m[0m
Test (ubuntu-latest, 21)	Run tests	2026-06-22T17:40:47.8367774Z [0m[[0m[0minfo[0m] [0m[0m[32m- should return error for unknown status type[0m[0m
Test (ubuntu-latest, 21)	Run tests	2026-06-22T17:40:47.8379550Z [0m[[0m[0minfo[0m] [0m[0m[32m- should return error for missing type field in status[0m[0m
Test (ubuntu-latest, 21)	Run tests	2026-06-22T17:40:47.8393169Z [0m[[0m[0minfo[0m] [0m[0m[32m- should return error for invalid type field in status[0m[0m
Test (ubuntu-latest, 21)	Run tests	2026-06-22T17:40:47.8401909Z [0m[[0m[0minfo[0m] [0m[0m[32m- should parse Error status with missing message[0m[0m
Test (ubuntu-latest, 21)	Run tests	2026-06-22T17:40:47.8427696Z [0m[[0m[0minfo[0m] [0m[0m[32m- should parse Error status with non-string message[0m[0m
Test (ubuntu-latest, 21)	Run tests	2026-06-22T17:40:47.8446362Z [0m[[0m[0minfo[0m] [0m[0m[32mSpanKind[0m[0m
Test (ubuntu-latest, 21)	Run tests	2026-06-22T17:40:47.8545362Z [0m[[0m[0minfo[0m] [0m[0m[32m- should include all required kinds[0m[0m
Test (ubuntu-latest, 21)	Run tests	2026-06-22T17:40:47.8582023Z [0m[[0m[0minfo[0m] [0m[0m[32m- should serialize and deserialize all kinds[0m[0m
Test (ubuntu-latest, 21)	Run tests	2026-06-22T17:40:47.8597357Z [0m[[0m[0minfo[0m] [0m[0m[32m- should return error for unknown kind[0m[0m
Test (ubuntu-latest, 21)	Run tests	2026-06-22T17:40:47.8606215Z [0m[[0m[0minfo[0m] [0m[0m[32m- should return error for non-string kind[0m[0m
Test (ubuntu-latest, 21)	Run tests	2026-06-22T17:40:47.8607718Z [0m[[0m[0minfo[0m] [0m[0m[32mSpanEvent[0m[0m
Test (ubuntu-latest, 21)	Run tests	2026-06-22T17:40:47.8617326Z [0m[[0m[0minfo[0m] [0m[0m[32m- should construct with defaults[0m[0m
Test (ubuntu-latest, 21)	Run tests	2026-06-22T17:40:47.8621470Z [0m[[0m[0minfo[0m] [0m[0m[32m- should construct with attributes using apply overload[0m[0m
Test (ubuntu-latest, 21)	Run tests	2026-06-22T17:40:47.8681825Z [0m[[0m[0minfo[0m] [0m[0m[32m- should serialize and deserialize[0m[0m
Test (ubuntu-latest, 21)	Run tests	2026-06-22T17:40:47.8713231Z [0m[[0m[0minfo[0m] [0m[0m[32m- should return error for missing fields[0m[0m
Test (ubuntu-latest, 21)	Run tests	2026-06-22T17:40:47.8743952Z [0m[[0m[0minfo[0m] [0m[0m[32m- should return error for invalid timestamp format[0m[0m
Test (ubuntu-latest, 21)	Run tests	2026-06-22T17:40:47.8757512Z [0m[[0m[0minfo[0m] [0m[0m[32m- should return error for missing timestamp[0m[0m
Test (ubuntu-latest, 21)	Run tests	2026-06-22T17:40:47.8759480Z [0m[[0m[0minfo[0m] [0m[0m[32m- should return error for missing attributes[0m[0m
Test (ubuntu-latest, 21)	Run tests	2026-06-22T17:40:47.8761327Z [0m[[0m[0minfo[0m] [0m[0m[32m- should return error for non-object JSON[0m[0m
Test (ubuntu-latest, 21)	Run tests	2026-06-22T17:40:47.8765573Z [0m[[0m[0minfo[0m] [0m[0m[32mSpan[0m[0m
Test (ubuntu-latest, 21)	Run tests	2026-06-22T17:40:47.8782033Z [0m[[0m[0minfo[0m] [0m[0m[32m- should start with Running status[0m[0m
Test (ubuntu-latest, 21)	Run tests	2026-06-22T17:40:47.8808644Z [0m[[0m[0minfo[0m] [0m[0m[32m- should support builder methods[0m[0m
Test (ubuntu-latest, 21)	Run tests	2026-06-22T17:40:47.8962056Z [0m[[0m[0minfo[0m] [0m[0m[32m- should round-trip serialize completely[0m[0m
Test (ubuntu-latest, 21)	Run tests	2026-06-22T17:40:47.8982082Z [0m[[0m[0minfo[0m] [0m[0m[32m- should round-trip serialize without parent or endTime[0m[0m
Test (ubuntu-latest, 21)	Run tests	2026-06-22T17:40:47.8993756Z [0m[[0m[0minfo[0m] [0m[0m[32m- should return error for invalid JSON[0m[0m
Test (ubuntu-latest, 21)	Run tests	2026-06-22T17:40:47.9002866Z [0m[[0m[0minfo[0m] [0m[0m[32m- should return error for missing required fields[0m[0m
Test (ubuntu-latest, 21)	Run tests	2026-06-22T17:40:47.9020520Z [0m[[0m[0minfo[0m] [0m[0m[32m- should return error for missing spanId[0m[0m
Test (ubuntu-latest, 21)	Run tests	2026-06-22T17:40:47.9032673Z [0m[[0m[0minfo[0m] [0m[0m[32m- should return error for missing traceId[0m[0m
Test (ubuntu-latest, 21)	Run tests	2026-06-22T17:40:47.9051259Z [0m[[0m[0minfo[0m] [0m[0m[32m- should return error for missing name[0m[0m
Test (ubuntu-latest, 21)	Run tests	2026-06-22T17:40:47.9067701Z [0m[[0m[0minfo[0m] [0m[0m[32m- should return error for missing kind[0m[0m
Test (ubuntu-latest, 21)	Run tests	2026-06-22T17:40:47.9081743Z [0m[[0m[0minfo[0m] [0m[0m[32m- should return error for invalid startTime format[0m[0m
Test (ubuntu-latest, 21)	Run tests	2026-06-22T17:40:47.9103878Z [0m[[0m[0minfo[0m] [0m[0m[32m- should return error for missing startTime[0m[0m
Test (ubuntu-latest, 21)	Run tests	2026-06-22T17:40:47.9136339Z [0m[[0m[0minfo[0m] [0m[0m[32m- should return error for invalid endTime type[0m[0m
Test (ubuntu-latest, 21)	Run tests	2026-06-22T17:40:47.9156202Z [0m[[0m[0minfo[0m] [0m[0m[32m- should return error for invalid endTime format[0m[0m
Test (ubuntu-latest, 21)	Run tests	2026-06-22T17:40:47.9157800Z [0m[[0m[0minfo[0m] [0m[0m[32m- should return error for missing status[0m[0m
Test (ubuntu-latest, 21)	Run tests	2026-06-22T17:40:47.9159412Z [0m[[0m[0minfo[0m] [0m[0m[32m- should return error for missing attributes[0m[0m
Test (ubuntu-latest, 21)	Run tests	2026-06-22T17:40:47.9172791Z [0m[[0m[0minfo[0m] [0m[0m[32m- should return error for missing events[0m[0m
Test (ubuntu-latest, 21)	Run tests	2026-06-22T17:40:47.9187207Z [0m[[0m[0minfo[0m] [0m[0m[32m- should end with default time[0m[0m
Test (ubuntu-latest, 21)	Run tests	2026-06-22T17:40:47.9188329Z [0m[[0m[0minfo[0m] [0m[0m[32mTrace[0m[0m
Test (ubuntu-latest, 21)	Run tests	2026-06-22T17:40:47.9247204Z [0m[[0m[0minfo[0m] [0m[0m[32m- should start with Running status[0m[0m
Test (ubuntu-latest, 21)	Run tests	2026-06-22T17:40:47.9261541Z [0m[[0m[0minfo[0m] [0m[0m[32m- should start with metadata overload[0m[0m
Test (ubuntu-latest, 21)	Run tests	2026-06-22T17:40:47.9273446Z [0m[[0m[0minfo[0m] [0m[0m[32m- should start with empty metadata default[0m[0m
Test (ubuntu-latest, 21)	Run tests	2026-06-22T17:40:47.9287688Z [0m[[0m[0minfo[0m] [0m[0m[32m- should end with default time[0m[0m
Test (ubuntu-latest, 21)	Run tests	2026-06-22T17:40:47.9289503Z [0m[[0m[0minfo[0m] [0m[0m[32m- should support builder methods[0m[0m
Test (ubuntu-latest, 21)	Run tests	2026-06-22T17:40:47.9316011Z [0m[[0m[0minfo[0m] [0m[0m[32m- should round-trip serialize completely[0m[0m
Test (ubuntu-latest, 21)	Run tests	2026-06-22T17:40:47.9345983Z [0m[[0m[0minfo[0m] [0m[0m[32m- should round-trip serialize with Error status[0m[0m
Test (ubuntu-latest, 21)	Run tests	2026-06-22T17:40:47.9373565Z [0m[[0m[0minfo[0m] [0m[0m[32m- should return error for invalid JSON[0m[0m
Test (ubuntu-latest, 21)	Run tests	2026-06-22T17:40:47.9406110Z [0m[[0m[0minfo[0m] [0m[0m[32m- should return error for missing required fields[0m[0m
Test (ubuntu-latest, 21)	Run tests	2026-06-22T17:40:47.9407817Z [0m[[0m[0minfo[0m] [0m[0m[32m- should return error for non-string traceId[0m[0m
Test (ubuntu-latest, 21)	Run tests	2026-06-22T17:40:47.9436367Z [0m[[0m[0minfo[0m] [0m[0m[32m- should return error for missing traceId in Trace[0m[0m
Test (ubuntu-latest, 21)	Run tests	2026-06-22T17:40:47.9437921Z [0m[[0m[0minfo[0m] [0m[0m[32m- should return error for invalid metadata value[0m[0m
Test (ubuntu-latest, 21)	Run tests	2026-06-22T17:40:47.9438978Z [0m[[0m[0minfo[0m] [0m[0m[32m- should return error for missing metadata[0m[0m
Test (ubuntu-latest, 21)	Run tests	2026-06-22T17:40:47.9440061Z [0m[[0m[0minfo[0m] [0m[0m[32m- should return error for invalid startTime format in Trace[0m[0m
Test (ubuntu-latest, 21)	Run tests	2026-06-22T17:40:47.9441160Z [0m[[0m[0minfo[0m] [0m[0m[32m- should return error for missing startTime in Trace[0m[0m
Test (ubuntu-latest, 21)	Run tests	2026-06-22T17:40:47.9442215Z [0m[[0m[0minfo[0m] [0m[0m[32m- should return error for invalid endTime type in Trace[0m[0m
Test (ubuntu-latest, 21)	Run tests	2026-06-22T17:40:47.9443340Z [0m[[0m[0minfo[0m] [0m[0m[32m- should return error for missing status in Trace[0m[0m
Test (ubuntu-latest, 21)	Run tests	2026-06-22T17:40:47.9600933Z [0m[[0m[0minfo[0m] [0m[0m[32mModelMetadataSpec:[0m[0m
Test (ubuntu-latest, 21)	Run tests	2026-06-22T17:40:47.9602569Z [0m[[0m[0minfo[0m] [0m[0m[32mModelMetadata[0m[0m
Test (ubuntu-latest, 21)	Run tests	2026-06-22T17:40:47.9603876Z [0m[[0m[0minfo[0m] [0m[0m[32m- should parse from JSON correctly[0m[0m
Test (ubuntu-latest, 21)	Run tests	2026-06-22T17:40:47.9625901Z [0m[[0m[0minfo[0m] [0m[0m[32m- should handle missing optional fields[0m[0m
Test (ubuntu-latest, 21)	Run tests	2026-06-22T17:40:47.9648448Z [0m[[0m[0minfo[0m] [0m[0m[32m- should correctly identify context window[0m[0m
Test (ubuntu-latest, 21)	Run tests	2026-06-22T17:40:47.9650167Z [0m[[0m[0minfo[0m] [0m[0m[32m- should fall back to maxOutputTokens for context window[0m[0m
Test (ubuntu-latest, 21)	Run tests	2026-06-22T17:40:47.9671812Z [0m[[0m[0minfo[0m] [0m[0m[32m- should check capabilities correctly[0m[0m
Test (ubuntu-latest, 21)	Run tests	2026-06-22T17:40:47.9689082Z [0m[[0m[0minfo[0m] [0m[0m[32m- should detect deprecated models[0m[0m
Test (ubuntu-latest, 21)	Run tests	2026-06-22T17:40:47.9736279Z [0m[[0m[0minfo[0m] [0m[0m[32m- should generate a readable description[0m[0m
Test (ubuntu-latest, 21)	Run tests	2026-06-22T17:40:47.9749828Z [0m[[0m[0minfo[0m] [0m[0m[32mModelMode[0m[0m
Test (ubuntu-latest, 21)	Run tests	2026-06-22T17:40:47.9751657Z [0m[[0m[0minfo[0m] [0m[0m[32m- should parse from string correctly[0m[0m
Test (ubuntu-latest, 21)	Run tests	2026-06-22T17:40:47.9752895Z [0m[[0m[0minfo[0m] [0m[0m[32mModelPricing[0m[0m
Test (ubuntu-latest, 21)	Run tests	2026-06-22T17:40:47.9820432Z [0m[[0m[0minfo[0m] [0m[0m[32m- should estimate cost correctly[0m[0m
Test (ubuntu-latest, 21)	Run tests	2026-06-22T17:40:47.9848037Z [0m[[0m[0minfo[0m] [0m[0m[32m- should return None for missing pricing data[0m[0m
Test (ubuntu-latest, 21)	Run tests	2026-06-22T17:40:48.0043396Z [0m[[0m[0minfo[0m] [0m[0m[32mHistoryCompressorSpec:[0m[0m
Test (ubuntu-latest, 21)	Run tests	2026-06-22T17:40:48.0053605Z [0m[[0m[0minfo[0m] [0m[0m[32mHistoryCompressor.compressToDigest[0m[0m
Test (ubuntu-latest, 21)	Run tests	2026-06-22T17:40:48.0176844Z [0m[[0m[0minfo[0m] [0m[0m[32m- should keep last K blocks verbatim[0m[0m
Test (ubuntu-latest, 21)	Run tests	2026-06-22T17:40:48.0199544Z [0m[[0m[0minfo[0m] [0m[0m[32m- should create HISTORY_SUMMARY for older blocks[0m[0m
Test (ubuntu-latest, 21)	Run tests	2026-06-22T17:40:48.0228784Z [0m[[0m[0minfo[0m] [0m[0m[32m- should be idempotent when summaries already exist[0m[0m
Test (ubuntu-latest, 21)	Run tests	2026-06-22T17:40:48.0230500Z [0m[[0m[0minfo[0m] [0m[0m[32mHistoryCompressor[0m[0m
Test (ubuntu-latest, 21)	Run tests	2026-06-22T17:40:48.0232273Z [0m[[0m[0minfo[0m] [0m[0m[32m- should extract identifiers from content[0m[0m
Test (ubuntu-latest, 21)	Run tests	2026-06-22T17:40:48.0248589Z [0m[[0m[0minfo[0m] [0m[0m[32m- should extract URLs from content[0m[0m
Test (ubuntu-latest, 21)	Run tests	2026-06-22T17:40:48.0291939Z [0m[[0m[0minfo[0m] [0m[0m[32m- should extract error messages from content[0m[0m
Test (ubuntu-latest, 21)	Run tests	2026-06-22T17:40:48.0321553Z [0m[[0m[0minfo[0m] [0m[0m[32m- should extract decisions from content[0m[0m
Test (ubuntu-latest, 21)	Run tests	2026-06-22T17:40:48.0373485Z [0m[[0m[0minfo[0m] [0m[0m[32m- should consolidate multiple digests when over cap[0m[0m
Test (ubuntu-latest, 21)	Run tests	2026-06-22T17:40:48.0397925Z [0m[[0m[0minfo[0m] [0m[0m[32mHistoryCompressor[0m[0m
Test (ubuntu-latest, 21)	Run tests	2026-06-22T17:40:48.0403037Z [0m[[0m[0minfo[0m] [0m[0m[32m- should handle empty message list[0m[0m
Test (ubuntu-latest, 21)	Run tests	2026-06-22T17:40:48.0404464Z [0m[[0m[0minfo[0m] [0m[0m[32m- should handle single message[0m[0m
Test (ubuntu-latest, 21)	Run tests	2026-06-22T17:40:48.0406324Z [0m[[0m[0minfo[0m] [0m[0m[32m- should handle keepLastK = 0 (compress everything)[0m[0m
Test (ubuntu-latest, 21)	Run tests	2026-06-22T17:40:48.0426878Z [0m[[0m[0minfo[0m] [0m[0m[32m- should handle keepLastK greater than total blocks[0m[0m
Test (ubuntu-latest, 21)	Run tests	2026-06-22T17:40:48.0487646Z [0m[[0m[0minfo[0m] [0m[0m[32m- should handle messages with tool interactions[0m[0m
Test (ubuntu-latest, 21)	Run tests	2026-06-22T17:40:48.0503653Z [0m[[0m[0minfo[0m] [0m[0m[32m- should preserve message order after compression[0m[0m
Test (ubuntu-latest, 21)	Run tests	2026-06-22T17:40:48.0609635Z [0m[[0m[0minfo[0m] [0m[0m[32mResponseFormatSpec:[0m[0m
Test (ubuntu-latest, 21)	Run tests	2026-06-22T17:40:48.0613871Z [0m[[0m[0minfo[0m] [0m[0m[32mResponseFormat.Json[0m[0m
Test (ubuntu-latest, 21)	Run tests	2026-06-22T17:40:48.0616699Z [0m[[0m[0minfo[0m] [0m[0m[32m- should be the Json case object[0m[0m
Test (ubuntu-latest, 21)	Run tests	2026-06-22T17:40:48.0618078Z [0m[[0m[0minfo[0m] [0m[0m[32mResponseFormat.JsonSchema[0m[0m
Test (ubuntu-latest, 21)	Run tests	2026-06-22T17:40:48.0635253Z [0m[[0m[0minfo[0m] [0m[0m[32m- should wrap the schema with default name and strict[0m[0m
Test (ubuntu-latest, 21)	Run tests	2026-06-22T17:40:48.0677654Z [0m[[0m[0minfo[0m] [0m[0m[32m- should allow custom name and strict[0m[0m
Test (ubuntu-latest, 21)	Run tests	2026-06-22T17:40:48.0695945Z [0m[[0m[0minfo[0m] [0m[0m[32mResponseFormatMapper.toOpenAIResponseFormat[0m[0m
Test (ubuntu-latest, 21)	Run tests	2026-06-22T17:40:48.0735543Z [0m[[0m[0minfo[0m] [0m[0m[32m- should produce json_object for Json[0m[0m
Test (ubuntu-latest, 21)	Run tests	2026-06-22T17:40:48.0737278Z [0m[[0m[0minfo[0m] [0m[0m[32m- should produce json_schema structure for JsonSchema with default name and strict[0m[0m
Test (ubuntu-latest, 21)	Run tests	2026-06-22T17:40:48.0738845Z [0m[[0m[0minfo[0m] [0m[0m[32m- should produce json_schema structure with custom name and strict[0m[0m
Test (ubuntu-latest, 21)	Run tests	2026-06-22T17:40:48.0740048Z [0m[[0m[0minfo[0m] [0m[0m[32mCompletionOptions[0m[0m
Test (ubuntu-latest, 21)	Run tests	2026-06-22T17:40:48.0741198Z [0m[[0m[0minfo[0m] [0m[0m[32m- should have responseFormat None by default[0m[0m
Test (ubuntu-latest, 21)	Run tests	2026-06-22T17:40:48.0742648Z [0m[[0m[0minfo[0m] [0m[0m[32m- should set responseFormat via withResponseFormat[0m[0m
Test (ubuntu-latest, 21)	Run tests	2026-06-22T17:40:48.0744159Z [0m[[0m[0minfo[0m] [0m[0m[32m- should support JsonSchema via withResponseFormat[0m[0m
Test (ubuntu-latest, 21)	Run tests	2026-06-22T17:40:48.0746217Z [0m[[0m[0minfo[0m] [0m[0m[32m- should preserve other options when using withResponseFormat[0m[0m
Test (ubuntu-latest, 21)	Run tests	2026-06-22T17:40:48.0750238Z [0m[[0m[0minfo[0m] [0m[0m[32mLlm4sConfigEmbeddingsInputsSpec:[0m[0m
Test (ubuntu-latest, 21)	Run tests	2026-06-22T17:40:48.0811364Z [0m[[0m[0minfo[0m] [0m[0m[32mLlm4sConfig.embeddingsInputs[0m[0m
Test (ubuntu-latest, 21)	Run tests	2026-06-22T17:40:48.2231135Z [0m[[0m[0minfo[0m] [0m[0m[32m- should return None values when no input/query config is provided[0m[0m
Test (ubuntu-latest, 21)	Run tests	2026-06-22T17:40:48.2406864Z [0m[[0m[0minfo[0m] [0m[0m[32m- should respect llm4s.embeddings.inputPath and llm4s.embeddings.query[0m[0m
Test (ubuntu-latest, 21)	Run tests	2026-06-22T17:40:48.2610072Z [0m[[0m[0minfo[0m] [0m[0m[32m- should respect llm4s.embeddings.inputPaths when provided directly[0m[0m
Test (ubuntu-latest, 21)	Run tests	2026-06-22T17:40:48.2631495Z [0m[[0m[0minfo[0m] [0m[0m[32mAnthropicStreamingToolArgsBugSpec:[0m[0m
Test (ubuntu-latest, 21)	Run tests	2026-06-22T17:40:48.2633020Z [0m[[0m[0minfo[0m] [0m[0m[32mStreamingAccumulator[0m[0m
Test (ubuntu-latest, 21)	Run tests	2026-06-22T17:40:48.2643247Z [0m[[0m[0minfo[0m] [0m[0m[32m- should assemble tool-call arguments from fragments[0m[0m
Test (ubuntu-latest, 21)	Run tests	2026-06-22T17:40:48.2678462Z [0m[[0m[0minfo[0m] [0m[0m[32m- should handle multiple tool calls with separate argument streams[0m[0m
Test (ubuntu-latest, 21)	Run tests	2026-06-22T17:40:48.2690091Z [0m[[0m[0minfo[0m] [0m[0m[32m- should handle many small argument fragments[0m[0m
Test (ubuntu-latest, 21)	Run tests	2026-06-22T17:40:48.2694332Z [0m[[0m[0minfo[0m] [0m[0m[32m- should return empty arguments when no fragments are provided[0m[0m
Test (ubuntu-latest, 21)	Run tests	2026-06-22T17:40:48.2704128Z [0m[[0m[0minfo[0m] [0m[0m[32m- should preserve tool call alongside text content[0m[0m
Test (ubuntu-latest, 21)	Run tests	2026-06-22T17:40:48.2794151Z [0m[[0m[0minfo[0m] [0m[0m[32mEmbeddingMemoryStoreSpec:[0m[0m
Test (ubuntu-latest, 21)	Run tests	2026-06-22T17:40:48.2798995Z [0m[[0m[0minfo[0m] [0m[0m[32mEmbeddingMemoryStore[0m[0m
Test (ubuntu-latest, 21)	Run tests	2026-06-22T17:40:48.2842746Z [0m[[0m[0minfo[0m] [0m[0m[32m- should be created with empty factory[0m[0m
Test (ubuntu-latest, 21)	Run tests	2026-06-22T17:40:48.2848499Z [0m[[0m[0minfo[0m] [0m[0m[32m- should be created with apply(inner, service) factory[0m[0m
Test (ubuntu-latest, 21)	Run tests	2026-06-22T17:40:48.2852528Z [0m[[0m[0minfo[0m] [0m[0m[32m- should be created with apply(service, config) factory[0m[0m
Test (ubuntu-latest, 21)	Run tests	2026-06-22T17:40:48.2883838Z [0m[[0m[0minfo[0m] [0m[0m[32m- should store a memory and return an EmbeddingMemoryStore[0m[0m
Test (ubuntu-latest, 21)	Run tests	2026-06-22T17:40:48.2898836Z [0m[[0m[0minfo[0m] [0m[0m[32m- should get a memory by ID[0m[0m
Test (ubuntu-latest, 21)	Run tests	2026-06-22T17:40:48.2902953Z [0m[[0m[0minfo[0m] [0m[0m[32m- should return None for non-existent memory ID[0m[0m
Test (ubuntu-latest, 21)	Run tests	2026-06-22T17:40:48.2947146Z [0m[[0m[0minfo[0m] [0m[0m[32m- should recall memories with filter[0m[0m
Test (ubuntu-latest, 21)	Run tests	2026-06-22T17:40:48.2961938Z [0m[[0m[0minfo[0m] [0m[0m[32m- should delete a memory by ID and return EmbeddingMemoryStore[0m[0m
Test (ubuntu-latest, 21)	Run tests	2026-06-22T17:40:48.2987903Z [0m[[0m[0minfo[0m] [0m[0m[32m- should delete memories matching a filter and return EmbeddingMemoryStore[0m[0m
Test (ubuntu-latest, 21)	Run tests	2026-06-22T17:40:48.3010533Z [0m[[0m[0minfo[0m] [0m[0m[32m- should update a memory and return EmbeddingMemoryStore[0m[0m
Test (ubuntu-latest, 21)	Run tests	2026-06-22T17:40:48.3030078Z [0m[[0m[0minfo[0m] [0m[0m[32m- should count memories with filter[0m[0m
Test (ubuntu-latest, 21)	Run tests	2026-06-22T17:40:48.3047841Z [0m[[0m[0minfo[0m] [0m[0m[32m- should clear all memories and return EmbeddingMemoryStore[0m[0m
Test (ubuntu-latest, 21)	Run tests	2026-06-22T17:40:48.3072749Z [0m[[0m[0minfo[0m] [0m[0m[32m- should get recent memories with filter[0m[0m
Test (ubuntu-latest, 21)	Run tests	2026-06-22T17:40:48.3085484Z [0m[[0m[0minfo[0m] [0m[0m[32m- should return empty results for blank search queries[0m[0m
Test (ubuntu-latest, 21)	Run tests	2026-06-22T17:40:48.3134214Z [0m[[0m[0minfo[0m] [0m[0m[32m- should use keyword search when no embeddings are available[0m[0m
Test (ubuntu-latest, 21)	Run tests	2026-06-22T17:40:48.3212892Z [0m[[0m[0minfo[0m] [0m[0m[32m- should use embedding similarity when memories have embeddings[0m[0m
Test (ubuntu-latest, 21)	Run tests	2026-06-22T17:40:48.3228900Z [0m[[0m[0minfo[0m] [0m[0m[32m- should fall back to keyword search when embedding service fails[0m[0m
Test (ubuntu-latest, 21)	Run tests	2026-06-22T17:40:48.3237869Z [0m[[0m[0minfo[0m] [0m[0m[32m- should fall back to keyword search when no embedding candidates after filtering[0m[0m
Test (ubuntu-latest, 21)	Run tests	2026-06-22T17:40:48.3248125Z [0m[[0m[0minfo[0m] [0m[0m[32m- should skip memories with NaN in embeddings[0m[0m
Test (ubuntu-latest, 21)	Run tests	2026-06-22T17:40:48.3256999Z [0m[[0m[0minfo[0m] [0m[0m[32m- should skip memories with Infinity in embeddings[0m[0m
Test (ubuntu-latest, 21)	Run tests	2026-06-22T17:40:48.3268256Z [0m[[0m[0minfo[0m] [0m[0m[32m- should skip search when query embedding contains NaN[0m[0m
Test (ubuntu-latest, 21)	Run tests	2026-06-22T17:40:48.3301328Z [0m[[0m[0minfo[0m] [0m[0m[32m- should respect topK limit in search results[0m[0m
Test (ubuntu-latest, 21)	Run tests	2026-06-22T17:40:48.3306037Z [0m[[0m[0minfo[0m] [0m[0m[32m- should apply filter before embedding search[0m[0m
Test (ubuntu-latest, 21)	Run tests	2026-06-22T17:40:48.3307551Z [0m[[0m[0minfo[0m] [0m[0m[32m- should handle keyword search with empty query terms[0m[0m
Test (ubuntu-latest, 21)	Run tests	2026-06-22T17:40:48.3310584Z [0m[[0m[0minfo[0m] [0m[0m[32m- should expose underlying InMemoryStore[0m[0m
Test (ubuntu-latest, 21)	Run tests	2026-06-22T17:40:48.3319948Z [0m[[0m[0minfo[0m] [0m[0m[32m- should return all memories via all accessor[0m[0m
Test (ubuntu-latest, 21)	Run tests	2026-06-22T17:40:48.3402541Z [0m[[0m[0minfo[0m] [0m[0m[32mOpenAIClientClosedStateTest:[0m[0m
Test (ubuntu-latest, 21)	Run tests	2026-06-22T17:40:48.3404179Z [0m[[0m[0minfo[0m] [0m[0m[32mOpenAIClient[0m[0m
Test (ubuntu-latest, 21)	Run tests	2026-06-22T17:40:48.9556043Z [0m[[0m[0minfo[0m] [0m[0m[32m- should return ConfigurationError when complete() is called after close()[0m[0m
Test (ubuntu-latest, 21)	Run tests	2026-06-22T17:40:48.9573794Z [0m[[0m[0minfo[0m] [0m[0m[32m- should return ConfigurationError when streamComplete() is called after close()[0m[0m
Test (ubuntu-latest, 21)	Run tests	2026-06-22T17:40:48.9626545Z [0m[[0m[0minfo[0m] [0m[0m[32m- should allow close() to be called multiple times (idempotent)[0m[0m
Test (ubuntu-latest, 21)	Run tests	2026-06-22T17:40:48.9887431Z [0m[[0m[0minfo[0m] [0m[0m[32m- should succeed for operations before close() is called[0m[0m
Test (ubuntu-latest, 21)	Run tests	2026-06-22T17:40:48.9967265Z [0m[[0m[0minfo[0m] [0m[0m[32m- should include model name in the closed error message[0m[0m
Test (ubuntu-latest, 21)	Run tests	2026-06-22T17:40:49.0027491Z [0m[[0m[0minfo[0m] [0m[0m[32mGraphTest:[0m[0m
Test (ubuntu-latest, 21)	Run tests	2026-06-22T17:40:49.0049925Z [0m[[0m[0minfo[0m] [0m[0m[32m- Graph should add nodes and edges correctly[0m[0m
Test (ubuntu-latest, 21)	Run tests	2026-06-22T17:40:49.0142044Z [0m[[0m[0minfo[0m] [0m[0m[32m- Graph.getOutgoingEdges should return edges where node is source[0m[0m
Test (ubuntu-latest, 21)	Run tests	2026-06-22T17:40:49.0144077Z [0m[[0m[0minfo[0m] [0m[0m[32m- Graph.getIncomingEdges should return edges where node is target[0m[0m
Test (ubuntu-latest, 21)	Run tests	2026-06-22T17:40:49.0151873Z [0m[[0m[0minfo[0m] [0m[0m[32m- Graph.getConnectedEdges should return all edges connected to node[0m[0m
Test (ubuntu-latest, 21)	Run tests	2026-06-22T17:40:49.0153705Z [0m[[0m[0minfo[0m] [0m[0m[32m- Graph.getNeighbors should return all connected nodes[0m[0m
Test (ubuntu-latest, 21)	Run tests	2026-06-22T17:40:49.0157350Z [0m[[0m[0minfo[0m] [0m[0m[32m- Graph.hasNode should check node existence[0m[0m
Test (ubuntu-latest, 21)	Run tests	2026-06-22T17:40:49.0159551Z [0m[[0m[0minfo[0m] [0m[0m[32m- Graph.hasEdge should check edge existence[0m[0m
Test (ubuntu-latest, 21)	Run tests	2026-06-22T17:40:49.0169850Z [0m[[0m[0minfo[0m] [0m[0m[32m- Graph.findNodesByLabel should find nodes with matching label[0m[0m
Test (ubuntu-latest, 21)	Run tests	2026-06-22T17:40:49.0208231Z [0m[[0m[0minfo[0m] [0m[0m[32m- Graph.findNodesByProperty should find nodes with matching property[0m[0m
Test (ubuntu-latest, 21)	Run tests	2026-06-22T17:40:49.0210463Z [0m[[0m[0minfo[0m] [0m[0m[32m- Graph.merge should combine two graphs[0m[0m
Test (ubuntu-latest, 21)	Run tests	2026-06-22T17:40:49.0275390Z [0m[[0m[0minfo[0m] [0m[0m[32m- GraphEngine should find shortest path[0m[0m
Test (ubuntu-latest, 21)	Run tests	2026-06-22T17:40:49.0339700Z [0m[[0m[0minfo[0m] [0m[0m[32m- GraphEngine traverse should visit nodes BFS[0m[0m
Test (ubuntu-latest, 21)	Run tests	2026-06-22T17:40:49.0465096Z [0m[[0m[0minfo[0m] [0m[0m[32mNetworkSecuritySpec:[0m[0m
Test (ubuntu-latest, 21)	Run tests	2026-06-22T17:40:49.0497930Z [0m[[0m[0minfo[0m] [0m[0m[32mNetworkSecurity.isBlockedIP[0m[0m
Test (ubuntu-latest, 21)	Run tests	2026-06-22T17:40:49.0526035Z [0m[[0m[0minfo[0m] [0m[0m[32m- should block loopback addresses[0m[0m
Test (ubuntu-latest, 21)	Run tests	2026-06-22T17:40:49.0555976Z [0m[[0m[0minfo[0m] [0m[0m[32m- should block private network ranges (RFC 1918)[0m[0m
Test (ubuntu-latest, 21)	Run tests	2026-06-22T17:40:49.0557378Z [0m[[0m[0minfo[0m] [0m[0m[32m- should block cloud metadata IP (169.254.169.254)[0m[0m
Test (ubuntu-latest, 21)	Run tests	2026-06-22T17:40:49.0581895Z [0m[[0m[0minfo[0m] [0m[0m[32m- should block link-local addresses (169.254.x.x)[0m[0m
Test (ubuntu-latest, 21)	Run tests	2026-06-22T17:40:49.0584174Z [0m[[0m[0minfo[0m] [0m[0m[32m- should block multicast and any-local addresses[0m[0m
Test (ubuntu-latest, 21)	Run tests	2026-06-22T17:40:49.0586206Z [0m[[0m[0minfo[0m] [0m[0m[32m- should block IPv6 link-local addresses[0m[0m
Test (ubuntu-latest, 21)	Run tests	2026-06-22T17:40:49.0587710Z [0m[[0m[0minfo[0m] [0m[0m[32m- should allow public IP addresses[0m[0m
Test (ubuntu-latest, 21)	Run tests	2026-06-22T17:40:49.0589206Z [0m[[0m[0minfo[0m] [0m[0m[32m- should block documentation ranges (RFC 5737)[0m[0m
Test (ubuntu-latest, 21)	Run tests	2026-06-22T17:40:49.0590866Z [0m[[0m[0minfo[0m] [0m[0m[32m- should block carrier-grade NAT range (100.64.0.0/10)[0m[0m
Test (ubuntu-latest, 21)	Run tests	2026-06-22T17:40:49.0592404Z [0m[[0m[0minfo[0m] [0m[0m[32m- should block benchmark range (198.18.0.0/15)[0m[0m
Test (ubuntu-latest, 21)	Run tests	2026-06-22T17:40:49.0593833Z [0m[[0m[0minfo[0m] [0m[0m[32mNetworkSecurity.isBlockedHostname[0m[0m
Test (ubuntu-latest, 21)	Run tests	2026-06-22T17:40:49.0595324Z [0m[[0m[0minfo[0m] [0m[0m[32m- should block localhost[0m[0m
Test (ubuntu-latest, 21)	Run tests	2026-06-22T17:40:49.0596293Z [0m[[0m[0minfo[0m] [0m[0m[32m- should block cloud metadata hostnames[0m[0m
Test (ubuntu-latest, 21)	Run tests	2026-06-22T17:40:49.0597250Z [0m[[0m[0minfo[0m] [0m[0m[32m- should allow external hostnames[0m[0m
Test (ubuntu-latest, 21)	Run tests	2026-06-22T17:40:49.0598229Z [0m[[0m[0minfo[0m] [0m[0m[32m- should support additional blocked hostnames[0m[0m
Test (ubuntu-latest, 21)	Run tests	2026-06-22T17:40:49.0599325Z [0m[[0m[0minfo[0m] [0m[0m[32mNetworkSecurity.validateUrl[0m[0m
Test (ubuntu-latest, 21)	Run tests	2026-06-22T17:40:49.0646356Z [0m[[0m[0minfo[0m] [0m[0m[32m- should reject localhost URLs[0m[0m
Test (ubuntu-latest, 21)	Run tests	2026-06-22T17:40:49.0669360Z [0m[[0m[0minfo[0m] [0m[0m[32m- should reject cloud metadata URLs[0m[0m
Test (ubuntu-latest, 21)	Run tests	2026-06-22T17:40:49.0706158Z [0m[[0m[0minfo[0m] [0m[0m[32m- should reject internal IP URLs[0m[0m
Test (ubuntu-latest, 21)	Run tests	2026-06-22T17:40:49.0707717Z [0m[[0m[0minfo[0m] [0m[0m[32m- should reject invalid protocols[0m[0m
Test (ubuntu-latest, 21)	Run tests	2026-06-22T17:40:49.0735836Z [0m[[0m[0minfo[0m] [0m[0m[32m- should reject invalid URLs[0m[0m
Test (ubuntu-latest, 21)	Run tests	2026-06-22T17:40:49.0761030Z [0m[[0m[0minfo[0m] [0m[0m[32m- should reject URLs with empty host[0m[0m
Test (ubuntu-latest, 21)	Run tests	2026-06-22T17:40:49.0769865Z [0m[[0m[0minfo[0m] [0m[0m[32m- should accept custom allowed protocols[0m[0m
Test (ubuntu-latest, 21)	Run tests	2026-06-22T17:40:49.0796095Z [0m[[0m[0minfo[0m] [0m[0m[32mNetworkSecurity.validateIP[0m[0m
Test (ubuntu-latest, 21)	Run tests	2026-06-22T17:40:49.0816175Z [0m[[0m[0minfo[0m] [0m[0m[32m- should reject blocked IPs[0m[0m
Test (ubuntu-latest, 21)	Run tests	2026-06-22T17:40:49.0817433Z [0m[[0m[0minfo[0m] [0m[0m[32m- should allow public IPs[0m[0m
Test (ubuntu-latest, 21)	Run tests	2026-06-22T17:40:49.0848454Z [0m[[0m[0minfo[0m] [0m[0m[32m- should reject invalid IP strings[0m[0m
Test (ubuntu-latest, 21)	Run tests	2026-06-22T17:40:49.0866062Z [0m[[0m[0minfo[0m] [0m[0m[32mNetworkSecurity.isBlockedIP[0m[0m
Test (ubuntu-latest, 21)	Run tests	2026-06-22T17:40:49.0873957Z [0m[[0m[0minfo[0m] [0m[0m[32m- should handle IPv6 loopback[0m[0m
Test (ubuntu-latest, 21)	Run tests	2026-06-22T17:40:49.0881218Z [0m[[0m[0minfo[0m] [0m[0m[32mNetworkSecurity constants[0m[0m
Test (ubuntu-latest, 21)	Run tests	2026-06-22T17:40:49.0905894Z [0m[[0m[0minfo[0m] [0m[0m[32m- should have correct cloud metadata IP[0m[0m
Test (ubuntu-latest, 21)	Run tests	2026-06-22T17:40:49.0945979Z [0m[[0m[0minfo[0m] [0m[0m[32m- should have default blocked hostnames[0m[0m
Test (ubuntu-latest, 21)	Run tests	2026-06-22T17:40:49.1053695Z [0m[[0m[0minfo[0m] [0m[0m[32mLLMErrorSpec:[0m[0m
Test (ubuntu-latest, 21)	Run tests	2026-06-22T17:40:49.1065978Z [0m[[0m[0minfo[0m] [0m[0m[32mLLMError[0m[0m
Test (ubuntu-latest, 21)	Run tests	2026-06-22T17:40:49.1090878Z [0m[[0m[0minfo[0m] [0m[0m[32m- should use smart constructors and unapply extractors correctly[0m[0m
Test (ubuntu-latest, 21)	Run tests	2026-06-22T17:40:49.1099963Z [0m[[0m[0minfo[0m] [0m[0m[32m- should support pattern matching for all error types[0m[0m
Test (ubuntu-latest, 21)	Run tests	2026-06-22T17:40:49.1101885Z [0m[[0m[0minfo[0m] [0m[0m[32m- should use smart constructors for RateLimitError with cleaner call sites[0m[0m
Test (ubuntu-latest, 21)	Run tests	2026-06-22T17:40:49.1103875Z [0m[[0m[0minfo[0m] [0m[0m[32m- should properly categorize errors with trait-based inheritance[0m[0m
Test (ubuntu-latest, 21)	Run tests	2026-06-22T17:40:49.1105894Z [0m[[0m[0minfo[0m] [0m[0m[32m- should use improved context map construction patterns[0m[0m
Test (ubuntu-latest, 21)	Run tests	2026-06-22T17:40:49.1126045Z [0m[[0m[0minfo[0m] [0m[0m[32m- should provide type-safe error filtering[0m[0m
Test (ubuntu-latest, 21)	Run tests	2026-06-22T17:40:49.1155865Z [0m[[0m[0minfo[0m] [0m[0m[32m- should integrate with cats Show[0m[0m
Test (ubuntu-latest, 21)	Run tests	2026-06-22T17:40:49.1185945Z [0m[[0m[0minfo[0m] [0m[0m[32m- should maintain backward compatibility[0m[0m
Test (ubuntu-latest, 21)	Run tests	2026-06-22T17:40:49.1209403Z [0m[[0m[0minfo[0m] [0m[0m[32m- should create AuthenticationError with smart constructors[0m[0m
Test (ubuntu-latest, 21)	Run tests	2026-06-22T17:40:49.1226293Z [0m[[0m[0minfo[0m] [0m[0m[32m- should properly categorize errors as recoverable/non-recoverable[0m[0m
Test (ubuntu-latest, 21)	Run tests	2026-06-22T17:40:49.1228169Z [0m[[0m[0minfo[0m] [0m[0m[32m- should construct context maps correctly per PR review[0m[0m
Test (ubuntu-latest, 21)	Run tests	2026-06-22T17:40:49.1229724Z [0m[[0m[0minfo[0m] [0m[0m[32m- should use smart constructors for rate limiting[0m[0m
Test (ubuntu-latest, 21)	Run tests	2026-06-22T17:40:49.1230769Z [0m[[0m[0minfo[0m] [0m[0m[32mType-safe error filtering[0m[0m
Test (ubuntu-latest, 21)	Run tests	2026-06-22T17:40:49.1231811Z [0m[[0m[0minfo[0m] [0m[0m[32m- should separate recoverable from non-recoverable errors[0m[0m
Test (ubuntu-latest, 21)	Run tests	2026-06-22T17:40:49.3658839Z [0m[[0m[0minfo[0m] [0m[0m[32mAnthropicClientSanitizationTest:[0m[0m
Test (ubuntu-latest, 21)	Run tests	2026-06-22T17:40:49.3672182Z [0m[[0m[0minfo[0m] [0m[0m[32mAnthropic schema sanitization[0m[0m
Test (ubuntu-latest, 21)	Run tests	2026-06-22T17:40:49.9949224Z [0m[[0m[0minfo[0m] [0m[0m[32m- should strip 'strict' and 'additionalProperties' from simple schemas[0m[0m
Test (ubuntu-latest, 21)	Run tests	2026-06-22T17:40:50.0098741Z [0m[[0m[0minfo[0m] [0m[0m[32m- should strip 'additionalProperties' recursively from nested objects[0m[0m
Test (ubuntu-latest, 21)	Run tests	2026-06-22T17:40:50.0117734Z [0m[[0m[0minfo[0m] [0m[0m[32m- should strip 'additionalProperties' from array items schemas[0m[0m
Test (ubuntu-latest, 21)	Run tests	2026-06-22T17:40:50.0137505Z [0m[[0m[0minfo[0m] [0m[0m[32m- should strip 'additionalProperties' at all levels of a deeply nested structure[0m[0m
Test (ubuntu-latest, 21)	Run tests	2026-06-22T17:40:50.0149581Z [0m[[0m[0minfo[0m] [0m[0m[32m- should preserve tool name and description[0m[0m
Test (ubuntu-latest, 21)	Run tests	2026-06-22T17:40:50.0181671Z [0m[[0m[0minfo[0m] [0m[0m[32m- should handle optional (non-required) properties without adding additionalProperties[0m[0m
Test (ubuntu-latest, 21)	Run tests	2026-06-22T17:40:50.0188855Z [0m[[0m[0minfo[0m] [0m[0m[32m- should handle nested arrays of objects[0m[0m
Test (ubuntu-latest, 21)	Run tests	2026-06-22T17:40:50.0195292Z [0m[[0m[0minfo[0m] [0m[0m[32m- should strip 'additionalProperties' from anyOf branches (recursive)[0m[0m
Test (ubuntu-latest, 21)	Run tests	2026-06-22T17:40:50.0204987Z [0m[[0m[0minfo[0m] [0m[0m[32m- should strip 'additionalProperties' from oneOf branches (recursive)[0m[0m
Test (ubuntu-latest, 21)	Run tests	2026-06-22T17:40:50.0220795Z [0m[[0m[0minfo[0m] [0m[0m[32m- should strip 'additionalProperties' from allOf branches (recursive)[0m[0m
Test (ubuntu-latest, 21)	Run tests	2026-06-22T17:40:50.0275462Z [0m[[0m[0minfo[0m] [0m[0m[32mOpenAIClientToolCallSpec:[0m[0m
Test (ubuntu-latest, 21)	Run tests	2026-06-22T17:40:50.0276883Z [0m[[0m[0minfo[0m] [0m[0m[32mOpenAIClient.complete[0m[0m
Test (ubuntu-latest, 21)	Run tests	2026-06-22T17:40:50.1620360Z [0m[[0m[0minfo[0m] [0m[0m[32m- should parse tool call arguments into JSON objects[0m[0m
Test (ubuntu-latest, 21)	Run tests	2026-06-22T17:40:50.1636916Z [0m[[0m[0minfo[0m] [0m[0m[32m- should set ChatCompletionsJsonResponseFormat when ResponseFormat.Json is used[0m[0m
Test (ubuntu-latest, 21)	Run tests	2026-06-22T17:40:50.1652688Z [0m[[0m[0minfo[0m] [0m[0m[32m- should set ChatCompletionsJsonSchemaResponseFormat when ResponseFormat.JsonSchema is used[0m[0m
Test (ubuntu-latest, 21)	Run tests	2026-06-22T17:40:50.1680944Z [0m[[0m[0minfo[0m] [0m[0m[32m- should record a provider exchange when logging is enabled[0m[0m
Test (ubuntu-latest, 21)	Run tests	2026-06-22T17:40:50.1748441Z [0m[[0m[0minfo[0m] [0m[0m[32mOllamaClientClosedStateTest:[0m[0m
Test (ubuntu-latest, 21)	Run tests	2026-06-22T17:40:50.1750789Z [0m[[0m[0minfo[0m] [0m[0m[32mOllamaClient[0m[0m
Test (ubuntu-latest, 21)	Run tests	2026-06-22T17:40:50.2475116Z [0m[[0m[0minfo[0m] [0m[0m[32m- should return ConfigurationError when complete() is called after close()[0m[0m
Test (ubuntu-latest, 21)	Run tests	2026-06-22T17:40:50.2497572Z [0m[[0m[0minfo[0m] [0m[0m[32m- should return ConfigurationError when streamComplete() is called after close()[0m[0m
Test (ubuntu-latest, 21)	Run tests	2026-06-22T17:40:50.2509634Z [0m[[0m[0minfo[0m] [0m[0m[32m- should allow close() to be called multiple times (idempotent)[0m[0m
Test (ubuntu-latest, 21)	Run tests	2026-06-22T17:40:50.2523440Z [0m[[0m[0minfo[0m] [0m[0m[32m- should include model name in the closed error message[0m[0m
Test (ubuntu-latest, 21)	Run tests	2026-06-22T17:40:50.2579161Z [0m[[0m[0minfo[0m] [0m[0m[32mCostEstimatorSpec:[0m[0m
Test (ubuntu-latest, 21)	Run tests	2026-06-22T17:40:50.2582057Z [0m[[0m[0minfo[0m] [0m[0m[32mCostEstimator[0m[0m
Test (ubuntu-latest, 21)	Run tests	2026-06-22T17:40:50.2585493Z [0m[[0m[0minfo[0m] [0m[0m[32m- should estimate cost from metadata with standard usage[0m[0m
Test (ubuntu-latest, 21)	Run tests	2026-06-22T17:40:50.2590205Z [0m[[0m[0minfo[0m] [0m[0m[32m- should estimate cost from metadata with thinking tokens[0m[0m
Test (ubuntu-latest, 21)	Run tests	2026-06-22T17:40:50.2591908Z [0m[[0m[0minfo[0m] [0m[0m[32m- should return None when metadata is missing[0m[0m
Test (ubuntu-latest, 21)	Run tests	2026-06-22T17:40:50.2595583Z [0m[[0m[0minfo[0m] [0m[0m[32m- should return None when pricing is unavailable[0m[0m
Test (ubuntu-latest, 21)	Run tests	2026-06-22T17:40:50.2598184Z [0m[[0m[0minfo[0m] [0m[0m[32m- should estimate cost directly with provided pricing[0m[0m
Test (ubuntu-latest, 21)	Run tests	2026-06-22T17:40:50.2656491Z [0m[[0m[0minfo[0m] [0m[0m[32m- should preserve legacy behavior when cache breakdown is absent[0m[0m
Test (ubuntu-latest, 21)	Run tests	2026-06-22T17:40:50.2686187Z [0m[[0m[0minfo[0m] [0m[0m[32m- should price cache read tokens separately[0m[0m
Test (ubuntu-latest, 21)	Run tests	2026-06-22T17:40:50.2713300Z [0m[[0m[0minfo[0m] [0m[0m[32m- should price cache creation tokens separately[0m[0m
Test (ubuntu-latest, 21)	Run tests	2026-06-22T17:40:50.2733559Z [0m[[0m[0minfo[0m] [0m[0m[32m- should price cache read and cache creation tokens separately when both are present[0m[0m
Test (ubuntu-latest, 21)	Run tests	2026-06-22T17:40:50.2739619Z [0m[[0m[0minfo[0m] [0m[0m[32m- should clamp normal input tokens to zero when cache token totals exceed prompt tokens[0m[0m
Test (ubuntu-latest, 21)	Run tests	2026-06-22T17:40:50.2760238Z [0m[[0m[0minfo[0m] [0m[0m[32m- should bill reasoning tokens separately without double counting[0m[0m
Test (ubuntu-latest, 21)	Run tests	2026-06-22T17:40:50.2767655Z [0m[[0m[0minfo[0m] [0m[0m[32m- should preserve precision of micro-cost values[0m[0m
Test (ubuntu-latest, 21)	Run tests	2026-06-22T17:40:50.2792054Z [0m[[0m[0minfo[0m] [0m[0m[32m- should handle zero tokens[0m[0m
Test (ubuntu-latest, 21)	Run tests	2026-06-22T17:40:50.2793412Z [0m[[0m[0minfo[0m] [0m[0m[32m- should handle large token counts[0m[0m
Test (ubuntu-latest, 21)	Run tests	2026-06-22T17:40:50.2794682Z [0m[[0m[0minfo[0m] [0m[0m[32mCompletion with estimatedCost[0m[0m
Test (ubuntu-latest, 21)	Run tests	2026-06-22T17:40:50.2796230Z [0m[[0m[0minfo[0m] [0m[0m[32m- should create Completion with estimated cost[0m[0m
Test (ubuntu-latest, 21)	Run tests	2026-06-22T17:40:50.2797850Z [0m[[0m[0minfo[0m] [0m[0m[32m- should create Completion without estimated cost (backward compatibility)[0m[0m
Test (ubuntu-latest, 21)	Run tests	2026-06-22T17:40:50.2799435Z [0m[[0m[0minfo[0m] [0m[0m[32m- should handle None for estimatedCost by default[0m[0m
Test (ubuntu-latest, 21)	Run tests	2026-06-22T17:40:50.3911627Z [0m[[0m[0minfo[0m] [0m[0m[32mDocumentExtractorEdgeCasesSpec:[0m[0m
Test (ubuntu-latest, 21)	Run tests	2026-06-22T17:40:50.3915689Z [0m[[0m[0minfo[0m] [0m[0m[32mDefaultDocumentExtractor[0m[0m
Test (ubuntu-latest, 21)	Run tests	2026-06-22T17:40:50.4799455Z [0m[[0m[0minfo[0m] [0m[0m[32m- should return Left for corrupted PDF content[0m[0m
Test (ubuntu-latest, 21)	Run tests	2026-06-22T17:40:50.5436798Z [0m[[0m[0minfo[0m] [0m[0m[32m- should return Left for corrupted DOCX content[0m[0m
Test (ubuntu-latest, 21)	Run tests	2026-06-22T17:40:50.5466627Z [0m[[0m[0minfo[0m] [0m[0m[32m- should return Left when InputStream throws IOException[0m[0m
Test (ubuntu-latest, 21)	Run tests	2026-06-22T17:40:50.5899530Z [0m[[0m[0minfo[0m] [0m[0m[32m- should attempt Tika extraction for unknown binary format[0m[0m
Test (ubuntu-latest, 21)	Run tests	2026-06-22T17:40:50.5926301Z [0m[[0m[0minfo[0m] [0m[0m[32m- should attempt Tika extraction for legacy .doc format[0m[0m
Test (ubuntu-latest, 21)	Run tests	2026-06-22T17:40:50.5929591Z [0m[[0m[0minfo[0m] [0m[0m[32m- should report canExtract true for DOC MIME type[0m[0m
Test (ubuntu-latest, 21)	Run tests	2026-06-22T17:40:50.5939173Z [0m[[0m[0minfo[0m] [0m[0m[32m- should extract from stream with PDF MIME override on text content[0m[0m
Test (ubuntu-latest, 21)	Run tests	2026-06-22T17:40:50.5981763Z [0m[[0m[0minfo[0m] [0m[0m[32m- should preserve whitespace in text extraction[0m[0m
Test (ubuntu-latest, 21)	Run tests	2026-06-22T17:40:50.6104193Z [0m[[0m[0minfo[0m] [0m[0m[32m- should handle content larger than 100KB[0m[0m
Test (ubuntu-latest, 21)	Run tests	2026-06-22T17:40:50.6110441Z [0m[[0m[0minfo[0m] [0m[0m[32m- should include correct mimeType in metadata[0m[0m
Test (ubuntu-latest, 21)	Run tests	2026-06-22T17:40:50.6121780Z [0m[[0m[0minfo[0m] [0m[0m[32m- should include correct byteLength in metadata for various sizes[0m[0m
Test (ubuntu-latest, 21)	Run tests	2026-06-22T17:40:50.6123795Z [0m[[0m[0minfo[0m] [0m[0m[32m- should report canExtract false for image MIME types[0m[0m
Test (ubuntu-latest, 21)	Run tests	2026-06-22T17:40:50.6126252Z [0m[[0m[0minfo[0m] [0m[0m[32m- should report canExtract false for audio/video MIME types[0m[0m
Test (ubuntu-latest, 21)	Run tests	2026-06-22T17:40:50.6128144Z [0m[[0m[0minfo[0m] [0m[0m[32m- should report canExtract false for archive MIME types[0m[0m
Test (ubuntu-latest, 21)	Run tests	2026-06-22T17:40:50.6176943Z [0m[[0m[0minfo[0m] [0m[0m[32m- should detect JSON MIME type from content with .json extension[0m[0m
Test (ubuntu-latest, 21)	Run tests	2026-06-22T17:40:50.6639231Z [0m[[0m[0minfo[0m] [0m[0m[32m- should detect HTML MIME type from content[0m[0m
Test (ubuntu-latest, 21)	Run tests	2026-06-22T17:40:50.6696607Z [0m[[0m[0minfo[0m] [0m[0m[32m- should produce same result from stream as from bytes[0m[0m
Test (ubuntu-latest, 21)	Run tests	2026-06-22T17:40:50.6698205Z [0m[[0m[0minfo[0m] [0m[0m[32mWhisperAdapterTest:[0m[0m
Test (ubuntu-latest, 21)	Run tests	2026-06-22T17:40:50.8932925Z [0m[[0m[0minfo[0m] [0m[0m[32m- whisper adapter handles bytes input[0m[0m
Test (ubuntu-latest, 21)	Run tests	2026-06-22T17:40:50.8977770Z [0m[[0m[0minfo[0m] [0m[0m[32mRAGSyncAndBytesSpec:[0m[0m
Test (ubuntu-latest, 21)	Run tests	2026-06-22T17:40:50.8996153Z [0m[[0m[0minfo[0m] [0m[0m[32mRAG.ingestBytes[0m[0m
Test (ubuntu-latest, 21)	Run tests	2026-06-22T17:40:51.2661532Z [0m[[0m[0minfo[0m] [0m[0m[32m- should ingest plain text bytes[0m[0m
Test (ubuntu-latest, 21)	Run tests	2026-06-22T17:40:51.2745193Z [0m[[0m[0minfo[0m] [0m[0m[32m- should include format metadata[0m[0m
Test (ubuntu-latest, 21)	Run tests	2026-06-22T17:40:51.2816349Z [0m[[0m[0minfo[0m] [0m[0m[32mRAG.ingestBytesMultiple[0m[0m
Test (ubuntu-latest, 21)	Run tests	2026-06-22T17:40:51.2889664Z [0m[[0m[0minfo[0m] [0m[0m[32m- should ingest multiple documents[0m[0m
Test (ubuntu-latest, 21)	Run tests	2026-06-22T17:40:51.3020890Z [0m[[0m[0minfo[0m] [0m[0m[32m- should handle partial failures gracefully[0m[0m
Test (ubuntu-latest, 21)	Run tests	2026-06-22T17:40:51.3070628Z [0m[[0m[0minfo[0m] [0m[0m[32m- should handle empty iterator[0m[0m
Test (ubuntu-latest, 21)	Run tests	2026-06-22T17:40:51.3076233Z [0m[[0m[0minfo[0m] [0m[0m[32mRAG.sync[0m[0m
Test (ubuntu-latest, 21)	Run tests	2026-06-22T17:40:51.3220873Z [0m[[0m[0minfo[0m] [0m[0m[32m- should add new documents[0m[0m
Test (ubuntu-latest, 21)	Run tests	2026-06-22T17:40:51.3291893Z [0m[[0m[0minfo[0m] [0m[0m[32m- should detect unchanged documents on second sync[0m[0m
Test (ubuntu-latest, 21)	Run tests	2026-06-22T17:40:51.3413497Z [0m[[0m[0minfo[0m] [0m[0m[32m- should detect changed documents[0m[0m
Test (ubuntu-latest, 21)	Run tests	2026-06-22T17:40:51.3476117Z [0m[[0m[0minfo[0m] [0m[0m[32m- should detect deleted documents[0m[0m
Test (ubuntu-latest, 21)	Run tests	2026-06-22T17:40:51.3548942Z [0m[[0m[0minfo[0m] [0m[0m[32m- should handle mixed operations[0m[0m
Test (ubuntu-latest, 21)	Run tests	2026-06-22T17:40:51.3555873Z [0m[[0m[0minfo[0m] [0m[0m[32mRAG.refresh[0m[0m
Test (ubuntu-latest, 21)	Run tests	2026-06-22T17:40:51.3639026Z [0m[[0m[0minfo[0m] [0m[0m[32m- should clear and re-ingest all documents[0m[0m
Test (ubuntu-latest, 21)	Run tests	2026-06-22T17:40:51.3641729Z [0m[[0m[0minfo[0m] [0m[0m[32mRAG.deleteDocument[0m[0m
Test (ubuntu-latest, 21)	Run tests	2026-06-22T17:40:51.3712629Z [0m[[0m[0minfo[0m] [0m[0m[32m- should remove document and unregister from registry[0m[0m
Test (ubuntu-latest, 21)	Run tests	2026-06-22T17:40:51.3716312Z [0m[[0m[0minfo[0m] [0m[0m[32mRAG.needsUpdate[0m[0m
Test (ubuntu-latest, 21)	Run tests	2026-06-22T17:40:51.3746576Z [0m[[0m[0minfo[0m] [0m[0m[32m- should return true for new documents[0m[0m
Test (ubuntu-latest, 21)	Run tests	2026-06-22T17:40:51.3806845Z [0m[[0m[0minfo[0m] [0m[0m[32m- should return false for unchanged documents after sync[0m[0m
Test (ubuntu-latest, 21)	Run tests	2026-06-22T17:40:51.3880481Z [0m[[0m[0minfo[0m] [0m[0m[32m- should return true for changed documents[0m[0m
Test (ubuntu-latest, 21)	Run tests	2026-06-22T17:40:51.3901092Z [0m[[0m[0minfo[0m] [0m[0m[32mRAG.ingestChunks[0m[0m
Test (ubuntu-latest, 21)	Run tests	2026-06-22T17:40:51.3966845Z [0m[[0m[0minfo[0m] [0m[0m[32m- should ingest pre-chunked content[0m[0m
Test (ubuntu-latest, 21)	Run tests	2026-06-22T17:40:51.4015265Z [0m[[0m[0minfo[0m] [0m[0m[32m- should handle empty chunk list[0m[0m
Test (ubuntu-latest, 21)	Run tests	2026-06-22T17:40:51.4054287Z [0m[[0m[0minfo[0m] [0m[0m[32m- should accept metadata[0m[0m
Test (ubuntu-latest, 21)	Run tests	2026-06-22T17:40:51.4061571Z [0m[[0m[0minfo[0m] [0m[0m[32mRAG.stats[0m[0m
Test (ubuntu-latest, 21)	Run tests	2026-06-22T17:40:51.4143192Z [0m[[0m[0minfo[0m] [0m[0m[32m- should return correct counts after ingestion[0m[0m
Test (ubuntu-latest, 21)	Run tests	2026-06-22T17:40:51.4145661Z [0m[[0m[0minfo[0m] [0m[0m[32mRAG.clear[0m[0m
Test (ubuntu-latest, 21)	Run tests	2026-06-22T17:40:51.4210649Z [0m[[0m[0minfo[0m] [0m[0m[32m- should reset all counts to zero[0m[0m
Test (ubuntu-latest, 21)	Run tests	2026-06-22T17:40:51.4217933Z [0m[[0m[0minfo[0m] [0m[0m[32mRAG.ingest with DocumentLoader[0m[0m
Test (ubuntu-latest, 21)	Run tests	2026-06-22T17:40:51.4267878Z [0m[[0m[0minfo[0m] [0m[0m[32m- should skip empty documents when configured[0m[0m
Test (ubuntu-latest, 21)	Run tests	2026-06-22T17:40:51.4338189Z [0m[[0m[0minfo[0m] [0m[0m[32m- should fail fast when configured[0m[0m
Test (ubuntu-latest, 21)	Run tests	2026-06-22T17:40:51.4400372Z [0m[[0m[0minfo[0m] [0m[0m[32m- should continue on error when not fail-fast[0m[0m
Test (ubuntu-latest, 21)	Run tests	2026-06-22T17:40:51.4455906Z [0m[[0m[0minfo[0m] [0m[0m[32m- should handle skipped results[0m[0m
Test (ubuntu-latest, 21)	Run tests	2026-06-22T17:40:51.4536409Z [0m[[0m[0minfo[0m] [0m[0m[32mAgentTracingSpec:[0m[0m
Test (ubuntu-latest, 21)	Run tests	2026-06-22T17:40:51.4537883Z [0m[[0m[0minfo[0m] [0m[0m[32mAgent.run[0m[0m
Test (ubuntu-latest, 21)	Run tests	2026-06-22T17:40:51.4945490Z [0m[[0m[0minfo[0m] [0m[0m[32m- should trace completion, token usage and agent state[0m[0m
Test (ubuntu-latest, 21)	Run tests	2026-06-22T17:40:51.5227561Z 17:40:51.521 [pool-1-thread-1-ScalaTest-running-AgentTracingSpec] WARN  org.llm4s.agent.Agent - [DEBUG] ========================================
Test (ubuntu-latest, 21)	Run tests	2026-06-22T17:40:51.5237277Z 17:40:51.522 [pool-1-thread-1-ScalaTest-running-AgentTracingSpec] WARN  org.llm4s.agent.Agent - [DEBUG] ITERATION 51: Step limit reached!
Test (ubuntu-latest, 21)	Run tests	2026-06-22T17:40:51.5239985Z 17:40:51.523 [pool-1-thread-1-ScalaTest-running-AgentTracingSpec] WARN  org.llm4s.agent.Agent - [DEBUG] ========================================
Test (ubuntu-latest, 21)	Run tests	2026-06-22T17:40:51.5270199Z [0m[[0m[0minfo[0m] [0m[0m[32m- should trace tool executions when tools are called[0m[0m
Test (ubuntu-latest, 21)	Run tests	2026-06-22T17:40:51.5272276Z 17:40:51.526 [pool-1-thread-1-ScalaTest-running-AgentTracingSpec] ERROR org.llm4s.agent.Agent - [DEBUG] LLM completion failed: Field 'api' is invalid: test failure
Test (ubuntu-latest, 21)	Run tests	2026-06-22T17:40:51.5280682Z [0m[[0m[0minfo[0m] [0m[0m[32m- should trace error when LLM completion fails[0m[0m
Test (ubuntu-latest, 21)	Run tests	2026-06-22T17:40:51.5286380Z 17:40:51.527 [pool-1-thread-1-ScalaTest-running-AgentTracingSpec] ERROR org.llm4s.agent.Agent - [DEBUG] ========================================
Test (ubuntu-latest, 21)	Run tests	2026-06-22T17:40:51.5288915Z 17:40:51.527 [pool-1-thread-1-ScalaTest-running-AgentTracingSpec] ERROR org.llm4s.agent.Agent - [DEBUG] ITERATION 1: Agent failed with error
Test (ubuntu-latest, 21)	Run tests	2026-06-22T17:40:51.5291494Z 17:40:51.527 [pool-1-thread-1-ScalaTest-running-AgentTracingSpec] ERROR org.llm4s.agent.Agent - [DEBUG] Error: Field 'api' is invalid: test failure
Test (ubuntu-latest, 21)	Run tests	2026-06-22T17:40:51.5294074Z 17:40:51.527 [pool-1-thread-1-ScalaTest-running-AgentTracingSpec] ERROR org.llm4s.agent.Agent - [DEBUG] ========================================
Test (ubuntu-latest, 21)	Run tests	2026-06-22T17:40:51.5300920Z [0m[[0m[0minfo[0m] [0m[0m[32m- should swallow non-throwable tracing errors in safeTrace[0m[0m
Test (ubuntu-latest, 21)	Run tests	2026-06-22T17:40:51.5316688Z [0m[[0m[0minfo[0m] [0m[0m[32m- should swallow throwable-wrapped tracing errors in safeTrace[0m[0m
Test (ubuntu-latest, 21)	Run tests	2026-06-22T17:40:51.5355869Z [0m[[0m[0minfo[0m] [0m[0m[32m- should succeed when tracer fails (safeTrace swallows errors)[0m[0m
Test (ubuntu-latest, 21)	Run tests	2026-06-22T17:40:51.5453350Z [0m[[0m[0minfo[0m] [0m[0m[32m- should trace completion, token usage and state on streaming path[0m[0m
Test (ubuntu-latest, 21)	Run tests	2026-06-22T17:40:51.5471021Z [0m[[0m[0minfo[0m] [0m[0m[32m- should trace streaming error path when LLM streaming fails[0m[0m
Test (ubuntu-latest, 21)	Run tests	2026-06-22T17:40:51.5496599Z 17:40:51.549 [pool-1-thread-1-ScalaTest-running-AgentTracingSpec] ERROR org.llm4s.agent.ToolProcessor$ -   Tool failing_tool FAILED in 1ms
Test (ubuntu-latest, 21)	Run tests	2026-06-22T17:40:51.5499379Z 17:40:51.549 [pool-1-thread-1-ScalaTest-running-AgentTracingSpec] ERROR org.llm4s.agent.ToolProcessor$ -   Error type: HandlerError
Test (ubuntu-latest, 21)	Run tests	2026-06-22T17:40:51.5502055Z 17:40:51.549 [pool-1-thread-1-ScalaTest-running-AgentTracingSpec] ERROR org.llm4s.agent.ToolProcessor$ -   Error message: Tool call 'failing_tool' failed with error: intentional
Test (ubuntu-latest, 21)	Run tests	2026-06-22T17:40:51.5528518Z [0m[[0m[0minfo[0m] [0m[0m[32m- should trace tool call when tool returns error[0m[0m
Test (ubuntu-latest, 21)	Run tests	2026-06-22T17:40:51.5547627Z 17:40:51.554 [pool-1-thread-1-ScalaTest-running-AgentTracingSpec] ERROR org.llm4s.agent.ToolProcessor$ -   Tool throwing_tool FAILED in 1ms
Test (ubuntu-latest, 21)	Run tests	2026-06-22T17:40:51.5550102Z 17:40:51.554 [pool-1-thread-1-ScalaTest-running-AgentTracingSpec] ERROR org.llm4s.agent.ToolProcessor$ -   Error type: ExecutionError
Test (ubuntu-latest, 21)	Run tests	2026-06-22T17:40:51.5552785Z 17:40:51.554 [pool-1-thread-1-ScalaTest-running-AgentTracingSpec] ERROR org.llm4s.agent.ToolProcessor$ -   Error message: Tool call 'throwing_tool' failed during execution: intentional throw
Test (ubuntu-latest, 21)	Run tests	2026-06-22T17:40:51.5558874Z [0m[[0m[0minfo[0m] [0m[0m[32m- should trace error when tool throws[0m[0m
Test (ubuntu-latest, 21)	Run tests	2026-06-22T17:40:51.5562762Z 17:40:51.556 [pool-1-thread-1-ScalaTest-running-AgentTracingSpec] ERROR org.llm4s.agent.Agent - Tool processing failed: registry failure
Test (ubuntu-latest, 21)	Run tests	2026-06-22T17:40:51.5565374Z 17:40:51.556 [pool-1-thread-1-ScalaTest-running-AgentTracingSpec] ERROR org.llm4s.agent.Agent - [DEBUG] Status: WaitingForTools -> Failed
Test (ubuntu-latest, 21)	Run tests	2026-06-22T17:40:51.5567637Z 17:40:51.556 [pool-1-thread-1-ScalaTest-running-AgentTracingSpec] ERROR org.llm4s.agent.Agent - [DEBUG] Error: registry failure
Test (ubuntu-latest, 21)	Run tests	2026-06-22T17:40:51.5575299Z [0m[[0m[0minfo[0m] [0m[0m[32m- should trace unexpected tool processing failures when processToolCalls throws[0m[0m
Test (ubuntu-latest, 21)	Run tests	2026-06-22T17:40:51.5693493Z [0m[[0m[0minfo[0m] [0m[0m[32m- should propagate tracing across handoff with debug enabled[0m[0m
Test (ubuntu-latest, 21)	Run tests	2026-06-22T17:40:51.5750432Z [0m[[0m[0minfo[0m] [0m[0m[32m- should emit HandoffStarted and HandoffCompleted events[0m[0m
Test (ubuntu-latest, 21)	Run tests	2026-06-22T17:40:51.5752363Z [0m[[0m[0minfo[0m] [0m[0m[32mAgent.runWithStrategy[0m[0m
Test (ubuntu-latest, 21)	Run tests	2026-06-22T17:40:51.5799405Z [0m[[0m[0minfo[0m] [0m[0m[32m- should execute runWithStrategyInternal recursion path[0m[0m
Test (ubuntu-latest, 21)	Run tests	2026-06-22T17:40:51.5807728Z 17:40:51.580 [pool-1-thread-1-ScalaTest-running-AgentTracingSpec] ERROR org.llm4s.agent.Agent - [DEBUG] LLM completion failed: Field 'api' is invalid: boom
Test (ubuntu-latest, 21)	Run tests	2026-06-22T17:40:51.5810305Z [0m[[0m[0minfo[0m] [0m[0m[32m- should handle LLM failure in runWithStrategyInternal[0m[0m
Test (ubuntu-latest, 21)	Run tests	2026-06-22T17:40:51.5890087Z [0m[[0m[0minfo[0m] [0m[0m[32mHttpToolsSpec:[0m[0m
Test (ubuntu-latest, 21)	Run tests	2026-06-22T17:40:51.5911089Z [0m[[0m[0minfo[0m] [0m[0m[32mHttpConfig[0m[0m
Test (ubuntu-latest, 21)	Run tests	2026-06-22T17:40:51.5925947Z [0m[[0m[0minfo[0m] [0m[0m[32m- should block localhost by default[0m[0m
Test (ubuntu-latest, 21)	Run tests	2026-06-22T17:40:51.5927515Z [0m[[0m[0minfo[0m] [0m[0m[32m- should allow external domains by default[0m[0m
Test (ubuntu-latest, 21)	Run tests	2026-06-22T17:40:51.5931995Z [0m[[0m[0minfo[0m] [0m[0m[32m- should restrict to allowed domains when specified[0m[0m
Test (ubuntu-latest, 21)	Run tests	2026-06-22T17:40:51.5935700Z [0m[[0m[0minfo[0m] [0m[0m[32m- should validate methods[0m[0m
Test (ubuntu-latest, 21)	Run tests	2026-06-22T17:40:51.5938074Z [0m[[0m[0minfo[0m] [0m[0m[32mHTTPTool[0m[0m
Test (ubuntu-latest, 21)	Run tests	2026-06-22T17:40:51.6035159Z [0m[[0m[0minfo[0m] [0m[0m[32m- should reject blocked domains[0m[0m
Test (ubuntu-latest, 21)	Run tests	2026-06-22T17:40:51.6050288Z [0m[[0m[0minfo[0m] [0m[0m[32m- should reject disallowed methods[0m[0m
Test (ubuntu-latest, 21)	Run tests	2026-06-22T17:40:51.6065928Z [0m[[0m[0minfo[0m] [0m[0m[32m- should reject invalid URLs[0m[0m
Test (ubuntu-latest, 21)	Run tests	2026-06-22T17:40:51.6458877Z [0m[[0m[0minfo[0m] [0m[0m[32m- should default to GET method[0m[0m
Test (ubuntu-latest, 21)	Run tests	2026-06-22T17:40:51.6463289Z [0m[[0m[0minfo[0m] [0m[0m[32mHttpConfig.readOnly[0m[0m
Test (ubuntu-latest, 21)	Run tests	2026-06-22T17:40:51.6467736Z [0m[[0m[0minfo[0m] [0m[0m[32m- should only allow read methods[0m[0m
Test (ubuntu-latest, 21)	Run tests	2026-06-22T17:40:51.6469683Z [0m[[0m[0minfo[0m] [0m[0m[32mHttpConfig.validateDomainWithSSRF[0m[0m
Test (ubuntu-latest, 21)	Run tests	2026-06-22T17:40:51.6477008Z [0m[[0m[0minfo[0m] [0m[0m[32m- should block internal IPs by default[0m[0m
Test (ubuntu-latest, 21)	Run tests	2026-06-22T17:40:51.6479997Z [0m[[0m[0minfo[0m] [0m[0m[32m- should allow internal IPs when explicitly enabled[0m[0m
Test (ubuntu-latest, 21)	Run tests	2026-06-22T17:40:51.6482217Z [0m[[0m[0minfo[0m] [0m[0m[32mHttpConfig.unsafe[0m[0m
Test (ubuntu-latest, 21)	Run tests	2026-06-22T17:40:51.6485535Z [0m[[0m[0minfo[0m] [0m[0m[32m- should disable SSRF protection and allow write methods[0m[0m
Test (ubuntu-latest, 21)	Run tests	2026-06-22T17:40:51.6487082Z [0m[[0m[0minfo[0m] [0m[0m[32mHttpConfig.restricted[0m[0m
Test (ubuntu-latest, 21)	Run tests	2026-06-22T17:40:51.6489502Z [0m[[0m[0minfo[0m] [0m[0m[32m- should limit to specified domains[0m[0m
Test (ubuntu-latest, 21)	Run tests	2026-06-22T17:40:51.6575760Z [0m[[0m[0minfo[0m] [0m[0m[32mHtmlContentExtractorSpec:[0m[0m
Test (ubuntu-latest, 21)	Run tests	2026-06-22T17:40:51.6578518Z [0m[[0m[0minfo[0m] [0m[0m[32mHtmlContentExtractor[0m[0m
Test (ubuntu-latest, 21)	Run tests	2026-06-22T17:40:51.7384249Z [0m[[0m[0minfo[0m] [0m[0m[32m- should extract title from <title> tag[0m[0m
Test (ubuntu-latest, 21)	Run tests	2026-06-22T17:40:51.7428584Z [0m[[0m[0minfo[0m] [0m[0m[32m- should fall back to <h1> when no <title> tag[0m[0m
Test (ubuntu-latest, 21)	Run tests	2026-06-22T17:40:51.7488276Z [0m[[0m[0minfo[0m] [0m[0m[32m- should fall back to og:title when no <title> or <h1>[0m[0m
Test (ubuntu-latest, 21)	Run tests	2026-06-22T17:40:51.7540826Z [0m[[0m[0minfo[0m] [0m[0m[32m- should return empty string when no title source available[0m[0m
Test (ubuntu-latest, 21)	Run tests	2026-06-22T17:40:51.7544640Z [0m[[0m[0minfo[0m] [0m[0m[32m- should extract meta description[0m[0m
Test (ubuntu-latest, 21)	Run tests	2026-06-22T17:40:51.7580627Z [0m[[0m[0minfo[0m] [0m[0m[32m- should fall back to og:description[0m[0m
Test (ubuntu-latest, 21)	Run tests	2026-06-22T17:40:51.7662521Z [0m[[0m[0minfo[0m] [0m[0m[32m- should return None when no description[0m[0m
Test (ubuntu-latest, 21)	Run tests	2026-06-22T17:40:51.7675971Z [0m[[0m[0minfo[0m] [0m[0m[32m- should remove script tags from content[0m[0m
Test (ubuntu-latest, 21)	Run tests	2026-06-22T17:40:51.7785179Z [0m[[0m[0minfo[0m] [0m[0m[32m- should remove style tags from content[0m[0m
Test (ubuntu-latest, 21)	Run tests	2026-06-22T17:40:51.7805489Z [0m[[0m[0minfo[0m] [0m[0m[32m- should remove nav elements[0m[0m
Test (ubuntu-latest, 21)	Run tests	2026-06-22T17:40:51.7806874Z [0m[[0m[0minfo[0m] [0m[0m[32m- should remove footer elements[0m[0m
Test (ubuntu-latest, 21)	Run tests	2026-06-22T17:40:51.7821011Z [0m[[0m[0minfo[0m] [0m[0m[32m- should remove elements with role=navigation[0m[0m
Test (ubuntu-latest, 21)	Run tests	2026-06-22T17:40:51.7822415Z [0m[[0m[0minfo[0m] [0m[0m[32m- should remove elements with aria-hidden=true[0m[0m
Test (ubuntu-latest, 21)	Run tests	2026-06-22T17:40:51.7836975Z [0m[[0m[0minfo[0m] [0m[0m[32m- should remove cookie banner elements[0m[0m
Test (ubuntu-latest, 21)	Run tests	2026-06-22T17:40:51.7839420Z [0m[[0m[0minfo[0m] [0m[0m[32m- should remove iframe elements[0m[0m
Test (ubuntu-latest, 21)	Run tests	2026-06-22T17:40:51.7840851Z [0m[[0m[0minfo[0m] [0m[0m[32m- should preserve heading structure[0m[0m
Test (ubuntu-latest, 21)	Run tests	2026-06-22T17:40:51.7842102Z [0m[[0m[0minfo[0m] [0m[0m[32m- should format list items with bullet points[0m[0m
Test (ubuntu-latest, 21)	Run tests	2026-06-22T17:40:51.7844419Z [0m[[0m[0minfo[0m] [0m[0m[32m- should format code blocks[0m[0m
Test (ubuntu-latest, 21)	Run tests	2026-06-22T17:40:51.7845816Z [0m[[0m[0minfo[0m] [0m[0m[32m- should format blockquotes[0m[0m
Test (ubuntu-latest, 21)	Run tests	2026-06-22T17:40:51.7847039Z [0m[[0m[0minfo[0m] [0m[0m[32m- should format table content[0m[0m
Test (ubuntu-latest, 21)	Run tests	2026-06-22T17:40:51.7857343Z [0m[[0m[0minfo[0m] [0m[0m[32m- should prefer <main> element for content[0m[0m
Test (ubuntu-latest, 21)	Run tests	2026-06-22T17:40:51.7947538Z [0m[[0m[0minfo[0m] [0m[0m[32m- should prefer <article> element when no <main>[0m[0m
Test (ubuntu-latest, 21)	Run tests	2026-06-22T17:40:51.7949377Z [0m[[0m[0minfo[0m] [0m[0m[32m- should fall back to body when no main content container found[0m[0m
Test (ubuntu-latest, 21)	Run tests	2026-06-22T17:40:51.7975981Z [0m[[0m[0minfo[0m] [0m[0m[32m- should extract absolute HTTP links[0m[0m
Test (ubuntu-latest, 21)	Run tests	2026-06-22T17:40:51.7985927Z [0m[[0m[0minfo[0m] [0m[0m[32m- should resolve relative links against base URL[0m[0m
Test (ubuntu-latest, 21)	Run tests	2026-06-22T17:40:51.7988509Z [0m[[0m[0minfo[0m] [0m[0m[32m- should exclude non-HTTP links[0m[0m
Test (ubuntu-latest, 21)	Run tests	2026-06-22T17:40:51.8011503Z [0m[[0m[0minfo[0m] [0m[0m[32m- should deduplicate links[0m[0m
Test (ubuntu-latest, 21)	Run tests	2026-06-22T17:40:51.8023631Z [0m[[0m[0minfo[0m] [0m[0m[32m- should exclude links without href attribute[0m[0m
Test (ubuntu-latest, 21)	Run tests	2026-06-22T17:40:51.8026791Z [0m[[0m[0minfo[0m] [0m[0m[32mHtmlContentExtractor.extractLinksOnly[0m[0m
Test (ubuntu-latest, 21)	Run tests	2026-06-22T17:40:51.8035476Z [0m[[0m[0minfo[0m] [0m[0m[32m- should return just the links[0m[0m
Test (ubuntu-latest, 21)	Run tests	2026-06-22T17:40:51.8043711Z [0m[[0m[0minfo[0m] [0m[0m[32m- should handle empty HTML gracefully[0m[0m
Test (ubuntu-latest, 21)	Run tests	2026-06-22T17:40:51.8065648Z [0m[[0m[0minfo[0m] [0m[0m[32m- should handle malformed HTML[0m[0m
Test (ubuntu-latest, 21)	Run tests	2026-06-22T17:40:51.8096814Z [0m[[0m[0minfo[0m] [0m[0m[32m- should handle noscript elements[0m[0m
Test (ubuntu-latest, 21)	Run tests	2026-06-22T17:40:51.8116047Z [0m[[0m[0minfo[0m] [0m[0m[32m- should collapse excessive whitespace[0m[0m
Test (ubuntu-latest, 21)	Run tests	2026-06-22T17:40:51.8237331Z [0m[[0m[0minfo[0m] [0m[0m[32mStableDiffusionClientTest:[0m[0m
Test (ubuntu-latest, 21)	Run tests	2026-06-22T17:40:51.8337044Z [0m[[0m[0minfo[0m] [0m[0m[32m- health check returns Healthy when service responds with 200[0m[0m
Test (ubuntu-latest, 21)	Run tests	2026-06-22T17:40:51.8339584Z [0m[[0m[0minfo[0m] [0m[0m[32m- health check returns Degraded when service responds with non-200[0m[0m
Test (ubuntu-latest, 21)	Run tests	2026-06-22T17:40:51.8341902Z [0m[[0m[0minfo[0m] [0m[0m[32m- health check returns ServiceError when request fails[0m[0m
Test (ubuntu-latest, 21)	Run tests	2026-06-22T17:40:51.8368925Z [0m[[0m[0minfo[0m] [0m[0m[32m- editImage fails if image path is invalid[0m[0m
Test (ubuntu-latest, 21)	Run tests	2026-06-22T17:40:52.1891822Z [0m[[0m[0minfo[0m] [0m[0m[32m- editImage success flow[0m[0m
Test (ubuntu-latest, 21)	Run tests	2026-06-22T17:40:52.1933251Z 17:40:52.192 [pool-1-thread-1-ScalaTest-running-StableDiffusionClientTest] ERROR o.l.i.provider.StableDiffusionClient - API request failed with status 500: Error
Test (ubuntu-latest, 21)	Run tests	2026-06-22T17:40:52.1936463Z [0m[[0m[0minfo[0m] [0m[0m[32m- editImage handles API error (non-200)[0m[0m
Test (ubuntu-latest, 21)	Run tests	2026-06-22T17:40:52.1969863Z [0m[[0m[0minfo[0m] [0m[0m[32m- editImage handles connection error[0m[0m
Test (ubuntu-latest, 21)	Run tests	2026-06-22T17:40:52.2018936Z [0m[[0m[0minfo[0m] [0m[0m[32m- generateImages handles connection error[0m[0m
Test (ubuntu-latest, 21)	Run tests	2026-06-22T17:40:52.2221069Z [0m[[0m[0minfo[0m] [0m[0m[32m- async methods delegate to sync methods[0m[0m
Test (ubuntu-latest, 21)	Run tests	2026-06-22T17:40:52.2270155Z [0m[[0m[0minfo[0m] [0m[0m[32mEmbeddingProviderContractSpec:[0m[0m
Test (ubuntu-latest, 21)	Run tests	2026-06-22T17:40:52.2271574Z [0m[[0m[0minfo[0m] [0m[0m[32mSimpleMock EmbeddingProvider[0m[0m
Test (ubuntu-latest, 21)	Run tests	2026-06-22T17:40:52.2288048Z [0m[[0m[0minfo[0m] [0m[0m[32m- should return Right for a valid single-text request[0m[0m
Test (ubuntu-latest, 21)	Run tests	2026-06-22T17:40:52.2316148Z [0m[[0m[0minfo[0m] [0m[0m[32m- should return one embedding vector per input text[0m[0m
Test (ubuntu-latest, 21)	Run tests	2026-06-22T17:40:52.2346310Z [0m[[0m[0minfo[0m] [0m[0m[32m- should return Right for a multi-text batch request[0m[0m
Test (ubuntu-latest, 21)	Run tests	2026-06-22T17:40:52.2348857Z [0m[[0m[0minfo[0m] [0m[0m[32m- should return embedding vectors with consistent dimensionality[0m[0m
Test (ubuntu-latest, 21)	Run tests	2026-06-22T17:40:52.2372621Z [0m[[0m[0minfo[0m] [0m[0m[32m- should return non-empty embedding vectors[0m[0m
Test (ubuntu-latest, 21)	Run tests	2026-06-22T17:40:52.2441648Z [0m[[0m[0minfo[0m] [0m[0m[32m- should not throw on failure ΓÇö returns Left instead[0m[0m
Test (ubuntu-latest, 21)	Run tests	2026-06-22T17:40:52.2450776Z [0m[[0m[0minfo[0m] [0m[0m[32m- should handle empty input list without throwing[0m[0m
Test (ubuntu-latest, 21)	Run tests	2026-06-22T17:40:52.2452317Z [0m[[0m[0minfo[0m] [0m[0m[32m- should handle single-character input without error[0m[0m
Test (ubuntu-latest, 21)	Run tests	2026-06-22T17:40:52.2453661Z [0m[[0m[0minfo[0m] [0m[0m[32mDeterministicMock EmbeddingProvider[0m[0m
Test (ubuntu-latest, 21)	Run tests	2026-06-22T17:40:52.2455218Z [0m[[0m[0minfo[0m] [0m[0m[32m- should return Right for a valid single-text request[0m[0m
Test (ubuntu-latest, 21)	Run tests	2026-06-22T17:40:52.2458896Z [0m[[0m[0minfo[0m] [0m[0m[32m- should return one embedding vector per input text[0m[0m
Test (ubuntu-latest, 21)	Run tests	2026-06-22T17:40:52.2460238Z [0m[[0m[0minfo[0m] [0m[0m[32m- should return Right for a multi-text batch request[0m[0m
Test (ubuntu-latest, 21)	Run tests	2026-06-22T17:40:52.2461768Z [0m[[0m[0minfo[0m] [0m[0m[32m- should return embedding vectors with consistent dimensionality[0m[0m
Test (ubuntu-latest, 21)	Run tests	2026-06-22T17:40:52.2470081Z [0m[[0m[0minfo[0m] [0m[0m[32m- should return non-empty embedding vectors[0m[0m
Test (ubuntu-latest, 21)	Run tests	2026-06-22T17:40:52.2482548Z [0m[[0m[0minfo[0m] [0m[0m[32m- should not throw on failure ΓÇö returns Left instead[0m[0m
Test (ubuntu-latest, 21)	Run tests	2026-06-22T17:40:52.2483974Z [0m[[0m[0minfo[0m] [0m[0m[32m- should handle empty input list without throwing[0m[0m
Test (ubuntu-latest, 21)	Run tests	2026-06-22T17:40:52.2485537Z [0m[[0m[0minfo[0m] [0m[0m[32m- should handle single-character input without error[0m[0m
Test (ubuntu-latest, 21)	Run tests	2026-06-22T17:40:52.2486751Z [0m[[0m[0minfo[0m] [0m[0m[32mImageEditValidationUtilsTest:[0m[0m
Test (ubuntu-latest, 21)	Run tests	2026-06-22T17:40:52.2487748Z [0m[[0m[0minfo[0m] [0m[0m[32mreadImageFile[0m[0m
Test (ubuntu-latest, 21)	Run tests	2026-06-22T17:40:52.2488765Z [0m[[0m[0minfo[0m] [0m[0m[32m- should read bytes for existing files[0m[0m
Test (ubuntu-latest, 21)	Run tests	2026-06-22T17:40:52.2489923Z [0m[[0m[0minfo[0m] [0m[0m[32m- should return validation error for missing files[0m[0m
Test (ubuntu-latest, 21)	Run tests	2026-06-22T17:40:52.2491093Z [0m[[0m[0minfo[0m] [0m[0m[32mreadImageSize[0m[0m
Test (ubuntu-latest, 21)	Run tests	2026-06-22T17:40:52.2502861Z [0m[[0m[0minfo[0m] [0m[0m[32m- should return validation error for non-image files[0m[0m
Test (ubuntu-latest, 21)	Run tests	2026-06-22T17:40:52.2504307Z [0m[[0m[0minfo[0m] [0m[0m[32mvalidateMaskDimensions[0m[0m
Test (ubuntu-latest, 21)	Run tests	2026-06-22T17:40:52.2562386Z [0m[[0m[0minfo[0m] [0m[0m[32m- should return validation error for mismatched dimensions[0m[0m
Test (ubuntu-latest, 21)	Run tests	2026-06-22T17:40:52.2595982Z [0m[[0m[0minfo[0m] [0m[0m[32mtoImageSize[0m[0m
Test (ubuntu-latest, 21)	Run tests	2026-06-22T17:40:52.2606191Z [0m[[0m[0minfo[0m] [0m[0m[32m- should map unknown dimensions to custom[0m[0m
Test (ubuntu-latest, 21)	Run tests	2026-06-22T17:40:52.2607533Z [0m[[0m[0minfo[0m] [0m[0m[32mRateLimitingMiddlewareSpec:[0m[0m
Test (ubuntu-latest, 21)	Run tests	2026-06-22T17:40:52.2608717Z [0m[[0m[0minfo[0m] [0m[0m[32mRateLimitingMiddleware[0m[0m
Test (ubuntu-latest, 21)	Run tests	2026-06-22T17:40:52.2692087Z [0m[[0m[0minfo[0m] [0m[0m[32m- should allow requests within limit[0m[0m
Test (ubuntu-latest, 21)	Run tests	2026-06-22T17:40:52.2702573Z [0m[[0m[0minfo[0m] [0m[0m[32m- should reject requests when bucket is empty[0m[0m
Test (ubuntu-latest, 21)	Run tests	2026-06-22T17:40:52.2716662Z [0m[[0m[0minfo[0m] [0m[0m[32m- should refill tokens over time[0m[0m
Test (ubuntu-latest, 21)	Run tests	2026-06-22T17:40:52.2807442Z [0m[[0m[0minfo[0m] [0m[0m[32mMemoryFilterCompositionSpec:[0m[0m
Test (ubuntu-latest, 21)	Run tests	2026-06-22T17:40:52.2809321Z [0m[[0m[0minfo[0m] [0m[0m[32mA && B[0m[0m
Test (ubuntu-latest, 21)	Run tests	2026-06-22T17:40:52.2825180Z [0m[[0m[0minfo[0m] [0m[0m[32m- should return only memories matching both filters[0m[0m
Test (ubuntu-latest, 21)	Run tests	2026-06-22T17:40:52.2838655Z [0m[[0m[0minfo[0m] [0m[0m[32m- should return empty when no memory satisfies both[0m[0m
Test (ubuntu-latest, 21)	Run tests	2026-06-22T17:40:52.2845087Z [0m[[0m[0minfo[0m] [0m[0m[32mA || B[0m[0m
Test (ubuntu-latest, 21)	Run tests	2026-06-22T17:40:52.2855467Z [0m[[0m[0minfo[0m] [0m[0m[32m- should return memories matching either filter[0m[0m
Test (ubuntu-latest, 21)	Run tests	2026-06-22T17:40:52.2888335Z [0m[[0m[0minfo[0m] [0m[0m[32m- should not duplicate when a memory matches both sides[0m[0m
Test (ubuntu-latest, 21)	Run tests	2026-06-22T17:40:52.2889620Z [0m[[0m[0minfo[0m] [0m[0m[32m!A[0m[0m
Test (ubuntu-latest, 21)	Run tests	2026-06-22T17:40:52.2890594Z [0m[[0m[0minfo[0m] [0m[0m[32m- should invert match results[0m[0m
Test (ubuntu-latest, 21)	Run tests	2026-06-22T17:40:52.2891528Z [0m[[0m[0minfo[0m] [0m[0m[32m(A && B) || C[0m[0m
Test (ubuntu-latest, 21)	Run tests	2026-06-22T17:40:52.2892772Z [0m[[0m[0minfo[0m] [0m[0m[32m- should match memories satisfying either the conjunction or C[0m[0m
Test (ubuntu-latest, 21)	Run tests	2026-06-22T17:40:52.2894166Z [0m[[0m[0minfo[0m] [0m[0m[32mA && (B || C)[0m[0m
Test (ubuntu-latest, 21)	Run tests	2026-06-22T17:40:52.2923320Z [0m[[0m[0minfo[0m] [0m[0m[32m- should match memories satisfying A and either B or C[0m[0m
Test (ubuntu-latest, 21)	Run tests	2026-06-22T17:40:52.2924967Z [0m[[0m[0minfo[0m] [0m[0m[32m(A || B) && !C[0m[0m
Test (ubuntu-latest, 21)	Run tests	2026-06-22T17:40:52.2926199Z [0m[[0m[0minfo[0m] [0m[0m[32m- should match either A or B but not C[0m[0m
Test (ubuntu-latest, 21)	Run tests	2026-06-22T17:40:52.2956232Z [0m[[0m[0minfo[0m] [0m[0m[32mComposing ByType + ByTimeRange + MinImportance[0m[0m
Test (ubuntu-latest, 21)	Run tests	2026-06-22T17:40:52.2998289Z [0m[[0m[0minfo[0m] [0m[0m[32m- should narrow results correctly[0m[0m
Test (ubuntu-latest, 21)	Run tests	2026-06-22T17:40:52.3016807Z [0m[[0m[0minfo[0m] [0m[0m[32mComposing ByMetadata + ByType[0m[0m
Test (ubuntu-latest, 21)	Run tests	2026-06-22T17:40:52.3045636Z [0m[[0m[0minfo[0m] [0m[0m[32m- should filter on both axes[0m[0m
Test (ubuntu-latest, 21)	Run tests	2026-06-22T17:40:52.3047099Z [0m[[0m[0minfo[0m] [0m[0m[32mContentContains + ByType[0m[0m
Test (ubuntu-latest, 21)	Run tests	2026-06-22T17:40:52.3048974Z [0m[[0m[0minfo[0m] [0m[0m[32m- should compose correctly[0m[0m
Test (ubuntu-latest, 21)	Run tests	2026-06-22T17:40:52.3050285Z [0m[[0m[0minfo[0m] [0m[0m[32mCustom && ByType[0m[0m
Test (ubuntu-latest, 21)	Run tests	2026-06-22T17:40:52.3079582Z [0m[[0m[0minfo[0m] [0m[0m[32m- should compose correctly[0m[0m
Test (ubuntu-latest, 21)	Run tests	2026-06-22T17:40:52.3080810Z [0m[[0m[0minfo[0m] [0m[0m[32mfilter && All[0m[0m
Test (ubuntu-latest, 21)	Run tests	2026-06-22T17:40:52.3082030Z [0m[[0m[0minfo[0m] [0m[0m[32m- should behave like the original filter[0m[0m
Test (ubuntu-latest, 21)	Run tests	2026-06-22T17:40:52.3083219Z [0m[[0m[0minfo[0m] [0m[0m[32mfilter || None[0m[0m
Test (ubuntu-latest, 21)	Run tests	2026-06-22T17:40:52.3084500Z [0m[[0m[0minfo[0m] [0m[0m[32m- should behave like the original filter[0m[0m
Test (ubuntu-latest, 21)	Run tests	2026-06-22T17:40:52.3085980Z [0m[[0m[0minfo[0m] [0m[0m[32mfilter || All[0m[0m
Test (ubuntu-latest, 21)	Run tests	2026-06-22T17:40:52.3087067Z [0m[[0m[0minfo[0m] [0m[0m[32m- should match everything[0m[0m
Test (ubuntu-latest, 21)	Run tests	2026-06-22T17:40:52.3088143Z [0m[[0m[0minfo[0m] [0m[0m[32mfilter && None[0m[0m
Test (ubuntu-latest, 21)	Run tests	2026-06-22T17:40:52.3089171Z [0m[[0m[0minfo[0m] [0m[0m[32m- should match nothing[0m[0m
Test (ubuntu-latest, 21)	Run tests	2026-06-22T17:40:52.3090221Z [0m[[0m[0minfo[0m] [0m[0m[32m!!filter[0m[0m
Test (ubuntu-latest, 21)	Run tests	2026-06-22T17:40:52.3091696Z [0m[[0m[0minfo[0m] [0m[0m[32m- should behave like the original filter[0m[0m
Test (ubuntu-latest, 21)	Run tests	2026-06-22T17:40:52.3092824Z [0m[[0m[0minfo[0m] [0m[0m[32m!(A && B)[0m[0m
Test (ubuntu-latest, 21)	Run tests	2026-06-22T17:40:52.3093863Z [0m[[0m[0minfo[0m] [0m[0m[32m- should be equivalent to !A || !B[0m[0m
Test (ubuntu-latest, 21)	Run tests	2026-06-22T17:40:52.3095174Z [0m[[0m[0minfo[0m] [0m[0m[32m!(A || B)[0m[0m
Test (ubuntu-latest, 21)	Run tests	2026-06-22T17:40:52.3096232Z [0m[[0m[0minfo[0m] [0m[0m[32m- should be equivalent to !A && !B[0m[0m
Test (ubuntu-latest, 21)	Run tests	2026-06-22T17:40:52.3097252Z [0m[[0m[0minfo[0m] [0m[0m[32mA && B[0m[0m
Test (ubuntu-latest, 21)	Run tests	2026-06-22T17:40:52.3098339Z [0m[[0m[0minfo[0m] [0m[0m[32m- should produce same results as B && A[0m[0m
Test (ubuntu-latest, 21)	Run tests	2026-06-22T17:40:52.3099420Z [0m[[0m[0minfo[0m] [0m[0m[32mA || B[0m[0m
Test (ubuntu-latest, 21)	Run tests	2026-06-22T17:40:52.3100478Z [0m[[0m[0minfo[0m] [0m[0m[32m- should produce same results as B || A[0m[0m
Test (ubuntu-latest, 21)	Run tests	2026-06-22T17:40:52.3101556Z [0m[[0m[0minfo[0m] [0m[0m[32m(A && B) && C[0m[0m
Test (ubuntu-latest, 21)	Run tests	2026-06-22T17:40:52.3102773Z [0m[[0m[0minfo[0m] [0m[0m[32m- should produce same results as A && (B && C)[0m[0m
Test (ubuntu-latest, 21)	Run tests	2026-06-22T17:40:52.3103959Z [0m[[0m[0minfo[0m] [0m[0m[32m(A || B) || C[0m[0m
Test (ubuntu-latest, 21)	Run tests	2026-06-22T17:40:52.3105385Z [0m[[0m[0minfo[0m] [0m[0m[32m- should produce same results as A || (B || C)[0m[0m
Test (ubuntu-latest, 21)	Run tests	2026-06-22T17:40:52.3106655Z [0m[[0m[0minfo[0m] [0m[0m[32mMemoryFilter.all with empty args[0m[0m
Test (ubuntu-latest, 21)	Run tests	2026-06-22T17:40:52.3107858Z [0m[[0m[0minfo[0m] [0m[0m[32m- should return All (match everything)[0m[0m
Test (ubuntu-latest, 21)	Run tests	2026-06-22T17:40:52.3109050Z [0m[[0m[0minfo[0m] [0m[0m[32mMemoryFilter.any with empty args[0m[0m
Test (ubuntu-latest, 21)	Run tests	2026-06-22T17:40:52.3110202Z [0m[[0m[0minfo[0m] [0m[0m[32m- should return None (match nothing)[0m[0m
Test (ubuntu-latest, 21)	Run tests	2026-06-22T17:40:52.3111435Z [0m[[0m[0minfo[0m] [0m[0m[32mMemoryFilter.all with single filter[0m[0m
Test (ubuntu-latest, 21)	Run tests	2026-06-22T17:40:52.3145880Z [0m[[0m[0minfo[0m] [0m[0m[32m- should behave like that filter[0m[0m
Test (ubuntu-latest, 21)	Run tests	2026-06-22T17:40:52.3168540Z [0m[[0m[0minfo[0m] [0m[0m[32mMemoryFilter.any with single filter[0m[0m
Test (ubuntu-latest, 21)	Run tests	2026-06-22T17:40:52.3224302Z [0m[[0m[0minfo[0m] [0m[0m[32m- should behave like that filter[0m[0m
Test (ubuntu-latest, 21)	Run tests	2026-06-22T17:40:52.3226183Z [0m[[0m[0minfo[0m] [0m[0m[32mIdentityTransformerSpec:[0m[0m
Test (ubuntu-latest, 21)	Run tests	2026-06-22T17:40:52.3227432Z [0m[[0m[0minfo[0m] [0m[0m[32mIdentityTransformer[0m[0m
Test (ubuntu-latest, 21)	Run tests	2026-06-22T17:40:52.3228660Z [0m[[0m[0minfo[0m] [0m[0m[32m- should have correct name[0m[0m
Test (ubuntu-latest, 21)	Run tests	2026-06-22T17:40:52.3229955Z [0m[[0m[0minfo[0m] [0m[0m[32m- should return query unchanged[0m[0m
Test (ubuntu-latest, 21)	Run tests	2026-06-22T17:40:52.3231286Z [0m[[0m[0minfo[0m] [0m[0m[32m- should preserve empty strings[0m[0m
Test (ubuntu-latest, 21)	Run tests	2026-06-22T17:40:52.3232593Z [0m[[0m[0minfo[0m] [0m[0m[32m- should preserve whitespace[0m[0m
Test (ubuntu-latest, 21)	Run tests	2026-06-22T17:40:52.3233919Z [0m[[0m[0minfo[0m] [0m[0m[32m- should preserve special characters[0m[0m
Test (ubuntu-latest, 21)	Run tests	2026-06-22T17:40:52.3235454Z [0m[[0m[0minfo[0m] [0m[0m[32m- should always succeed[0m[0m
Test (ubuntu-latest, 21)	Run tests	2026-06-22T17:40:52.3237078Z [0m[[0m[0minfo[0m] [0m[0m[32m- should work in a transform chain[0m[0m
Test (ubuntu-latest, 21)	Run tests	2026-06-22T17:40:52.3338314Z [0m[[0m[0minfo[0m] [0m[0m[32mSpeechToTextDomainSpec:[0m[0m
Test (ubuntu-latest, 21)	Run tests	2026-06-22T17:40:52.3380707Z [0m[[0m[0minfo[0m] [0m[0m[32mSTTOptions[0m[0m
Test (ubuntu-latest, 21)	Run tests	2026-06-22T17:40:52.3382228Z [0m[[0m[0minfo[0m] [0m[0m[32m- should have sensible defaults[0m[0m
Test (ubuntu-latest, 21)	Run tests	2026-06-22T17:40:52.3430330Z [0m[[0m[0minfo[0m] [0m[0m[32m- should allow setting language[0m[0m
Test (ubuntu-latest, 21)	Run tests	2026-06-22T17:40:52.3466446Z [0m[[0m[0minfo[0m] [0m[0m[32m- should allow setting prompt[0m[0m
Test (ubuntu-latest, 21)	Run tests	2026-06-22T17:40:52.3513697Z [0m[[0m[0minfo[0m] [0m[0m[32m- should allow enabling timestamps[0m[0m
Test (ubuntu-latest, 21)	Run tests	2026-06-22T17:40:52.3541564Z [0m[[0m[0minfo[0m] [0m[0m[32m- should allow enabling diarization[0m[0m
Test (ubuntu-latest, 21)	Run tests	2026-06-22T17:40:52.3543230Z [0m[[0m[0minfo[0m] [0m[0m[32m- should allow setting confidence threshold[0m[0m
Test (ubuntu-latest, 21)	Run tests	2026-06-22T17:40:52.3544583Z [0m[[0m[0minfo[0m] [0m[0m[32m- should validate BCP 47 language tag[0m[0m
Test (ubuntu-latest, 21)	Run tests	2026-06-22T17:40:52.3546413Z [0m[[0m[0minfo[0m] [0m[0m[32m- should validate confidence threshold bounds[0m[0m
Test (ubuntu-latest, 21)	Run tests	2026-06-22T17:40:52.3548073Z [0m[[0m[0minfo[0m] [0m[0m[32mWordTimestamp[0m[0m
Test (ubuntu-latest, 21)	Run tests	2026-06-22T17:40:52.3549290Z [0m[[0m[0minfo[0m] [0m[0m[32m- should calculate duration correctly[0m[0m
Test (ubuntu-latest, 21)	Run tests	2026-06-22T17:40:52.3555323Z [0m[[0m[0minfo[0m] [0m[0m[32m- should calculate duration for longer intervals[0m[0m
Test (ubuntu-latest, 21)	Run tests	2026-06-22T17:40:52.3556824Z [0m[[0m[0minfo[0m] [0m[0m[32m- should support optional speaker ID[0m[0m
Test (ubuntu-latest, 21)	Run tests	2026-06-22T17:40:52.3558190Z [0m[[0m[0minfo[0m] [0m[0m[32m- should support optional confidence score[0m[0m
Test (ubuntu-latest, 21)	Run tests	2026-06-22T17:40:52.3559567Z [0m[[0m[0minfo[0m] [0m[0m[32m- should validate timestamp range[0m[0m
Test (ubuntu-latest, 21)	Run tests	2026-06-22T17:40:52.3560760Z [0m[[0m[0minfo[0m] [0m[0m[32mTranscription[0m[0m
Test (ubuntu-latest, 21)	Run tests	2026-06-22T17:40:52.3561869Z [0m[[0m[0minfo[0m] [0m[0m[32m- should have required fields[0m[0m
Test (ubuntu-latest, 21)	Run tests	2026-06-22T17:40:52.3563212Z [0m[[0m[0minfo[0m] [0m[0m[32m- should have empty timestamps by default[0m[0m
Test (ubuntu-latest, 21)	Run tests	2026-06-22T17:40:52.3564637Z [0m[[0m[0minfo[0m] [0m[0m[32m- should report whether it has timestamps[0m[0m
Test (ubuntu-latest, 21)	Run tests	2026-06-22T17:40:52.3566430Z [0m[[0m[0minfo[0m] [0m[0m[32m- should calculate total duration from timestamps[0m[0m
Test (ubuntu-latest, 21)	Run tests	2026-06-22T17:40:52.3567990Z [0m[[0m[0minfo[0m] [0m[0m[32m- should return None for total duration when no timestamps[0m[0m
Test (ubuntu-latest, 21)	Run tests	2026-06-22T17:40:52.3569764Z [0m[[0m[0minfo[0m] [0m[0m[32m- should return None for total duration with empty timestamps list[0m[0m
Test (ubuntu-latest, 21)	Run tests	2026-06-22T17:40:52.3571455Z [0m[[0m[0minfo[0m] [0m[0m[32m- should filter timestamps by confidence threshold[0m[0m
Test (ubuntu-latest, 21)	Run tests	2026-06-22T17:40:52.3573042Z [0m[[0m[0minfo[0m] [0m[0m[32m- should keep all timestamps with sufficient confidence[0m[0m
Test (ubuntu-latest, 21)	Run tests	2026-06-22T17:40:52.3574628Z [0m[[0m[0minfo[0m] [0m[0m[32m- should filter out timestamps with None confidence[0m[0m
Test (ubuntu-latest, 21)	Run tests	2026-06-22T17:40:52.3576435Z [0m[[0m[0minfo[0m] [0m[0m[32m- should identify unique speakers in diarized content[0m[0m
Test (ubuntu-latest, 21)	Run tests	2026-06-22T17:40:52.3577986Z [0m[[0m[0minfo[0m] [0m[0m[32m- should return empty set when no speaker IDs[0m[0m
Test (ubuntu-latest, 21)	Run tests	2026-06-22T17:40:52.3579450Z [0m[[0m[0minfo[0m] [0m[0m[32m- should handle multiple timestamps from same speaker[0m[0m
Test (ubuntu-latest, 21)	Run tests	2026-06-22T17:40:52.3580830Z [0m[[0m[0minfo[0m] [0m[0m[32mSTTError.EngineNotAvailable[0m[0m
Test (ubuntu-latest, 21)	Run tests	2026-06-22T17:40:52.3581989Z [0m[[0m[0minfo[0m] [0m[0m[32m- should be retryable[0m[0m
Test (ubuntu-latest, 21)	Run tests	2026-06-22T17:40:52.3583207Z [0m[[0m[0minfo[0m] [0m[0m[32m- should provide user-friendly message[0m[0m
Test (ubuntu-latest, 21)	Run tests	2026-06-22T17:40:52.3584602Z [0m[[0m[0minfo[0m] [0m[0m[32mSTTError.UnsupportedFormat[0m[0m
Test (ubuntu-latest, 21)	Run tests	2026-06-22T17:40:52.3586198Z [0m[[0m[0minfo[0m] [0m[0m[32m- should contain format and supported list[0m[0m
Test (ubuntu-latest, 21)	Run tests	2026-06-22T17:40:52.3587695Z [0m[[0m[0minfo[0m] [0m[0m[32m- should list all supported formats in error message[0m[0m
Test (ubuntu-latest, 21)	Run tests	2026-06-22T17:40:52.3589093Z [0m[[0m[0minfo[0m] [0m[0m[32mSTTError.ProcessingFailed[0m[0m
Test (ubuntu-latest, 21)	Run tests	2026-06-22T17:40:52.3590665Z [0m[[0m[0minfo[0m] [0m[0m[32m- should be retryable[0m[0m
Test (ubuntu-latest, 21)	Run tests	2026-06-22T17:40:52.3591970Z [0m[[0m[0minfo[0m] [0m[0m[32m- should provide user-friendly message[0m[0m
Test (ubuntu-latest, 21)	Run tests	2026-06-22T17:40:52.3593236Z [0m[[0m[0minfo[0m] [0m[0m[32mSTTError.InvalidInput[0m[0m
Test (ubuntu-latest, 21)	Run tests	2026-06-22T17:40:52.3594419Z [0m[[0m[0minfo[0m] [0m[0m[32m- should not be retryable[0m[0m
Test (ubuntu-latest, 21)	Run tests	2026-06-22T17:40:52.3596025Z [0m[[0m[0minfo[0m] [0m[0m[32m- should provide user-friendly message[0m[0m
Test (ubuntu-latest, 21)	Run tests	2026-06-22T17:40:52.3597134Z [0m[[0m[0minfo[0m] [0m[0m[32mSTTError[0m[0m
Test (ubuntu-latest, 21)	Run tests	2026-06-22T17:40:52.3598276Z [0m[[0m[0minfo[0m] [0m[0m[32m- should support context information[0m[0m
Test (ubuntu-latest, 21)	Run tests	2026-06-22T17:40:52.3599546Z [0m[[0m[0minfo[0m] [0m[0m[32mTranscription filtering[0m[0m
Test (ubuntu-latest, 21)	Run tests	2026-06-22T17:40:52.3600888Z [0m[[0m[0minfo[0m] [0m[0m[32m- should work with timestamps without confidence[0m[0m
Test (ubuntu-latest, 21)	Run tests	2026-06-22T17:40:52.3602199Z [0m[[0m[0minfo[0m] [0m[0m[32mMultiple transcription features[0m[0m
Test (ubuntu-latest, 21)	Run tests	2026-06-22T17:40:52.3603411Z [0m[[0m[0minfo[0m] [0m[0m[32m- should work together[0m[0m
Test (ubuntu-latest, 21)	Run tests	2026-06-22T17:40:52.3605026Z [0m[[0m[0minfo[0m] [0m[0m[32mSTTOptions with all fields set[0m[0m
Test (ubuntu-latest, 21)	Run tests	2026-06-22T17:40:52.3606126Z [0m[[0m[0minfo[0m] [0m[0m[32m- should be fully configured[0m[0m
Test (ubuntu-latest, 21)	Run tests	2026-06-22T17:40:52.3607230Z [0m[[0m[0minfo[0m] [0m[0m[32mMCPServerEdgeCasesSpec:[0m[0m
Test (ubuntu-latest, 21)	Run tests	2026-06-22T17:40:52.3647379Z [0m[[0m[0minfo[0m] [0m[0m[32mMCPServer lifecycle[0m[0m
Test (ubuntu-latest, 21)	Run tests	2026-06-22T17:40:52.3665873Z [0m[[0m[0minfo[0m] [0m[0m[32m- start() on an already-running server should return Right(())[0m[0m
Test (ubuntu-latest, 21)	Run tests	2026-06-22T17:40:52.3667446Z [0m[[0m[0minfo[0m] [0m[0m[32mDELETE endpoint[0m[0m
Test (ubuntu-latest, 21)	Run tests	2026-06-22T17:40:52.3782292Z [0m[[0m[0minfo[0m] [0m[0m[32m- should return 400 when mcp-session-id header is absent[0m[0m
Test (ubuntu-latest, 21)	Run tests	2026-06-22T17:40:52.3927872Z [0m[[0m[0minfo[0m] [0m[0m[32m- should return 404 when session ID does not exist[0m[0m
Test (ubuntu-latest, 21)	Run tests	2026-06-22T17:40:52.4207011Z [0m[[0m[0minfo[0m] [0m[0m[32m- should return 200 and hit the removeSession(existing) branch[0m[0m
Test (ubuntu-latest, 21)	Run tests	2026-06-22T17:40:52.4216790Z [0m[[0m[0minfo[0m] [0m[0m[32mHTTP method routing[0m[0m
Test (ubuntu-latest, 21)	Run tests	2026-06-22T17:40:52.4228082Z [0m[[0m[0minfo[0m] [0m[0m[32m- should return 405 for unsupported HTTP method PUT[0m[0m
Test (ubuntu-latest, 21)	Run tests	2026-06-22T17:40:52.4229500Z [0m[[0m[0minfo[0m] [0m[0m[32mPOST - payload handling[0m[0m
Test (ubuntu-latest, 21)	Run tests	2026-06-22T17:40:52.4275601Z [0m[[0m[0minfo[0m] [0m[0m[32m- should return PARSE_ERROR for completely invalid JSON body[0m[0m
Test (ubuntu-latest, 21)	Run tests	2026-06-22T17:40:52.4715470Z [0m[[0m[0minfo[0m] [0m[0m[32m- should return PARSE_ERROR when JSON has id but cannot be parsed as JsonRpcRequest[0m[0m
Test (ubuntu-latest, 21)	Run tests	2026-06-22T17:40:52.4757528Z [0m[[0m[0minfo[0m] [0m[0m[32m- should return 200 for a valid JSON-RPC notification (no id)[0m[0m
Test (ubuntu-latest, 21)	Run tests	2026-06-22T17:40:52.4778238Z [0m[[0m[0minfo[0m] [0m[0m[32m- should return 200 for a malformed notification (no id, no method) hitting failure path[0m[0m
Test (ubuntu-latest, 21)	Run tests	2026-06-22T17:40:52.4779913Z [0m[[0m[0minfo[0m] [0m[0m[32mPOST - method routing[0m[0m
Test (ubuntu-latest, 21)	Run tests	2026-06-22T17:40:52.5645490Z [0m[[0m[0minfo[0m] [0m[0m[32m- should return METHOD_NOT_FOUND for unknown JSON-RPC method with valid session[0m[0m
Test (ubuntu-latest, 21)	Run tests	2026-06-22T17:40:52.6086274Z [0m[[0m[0minfo[0m] [0m[0m[32m- should return Invalid session error for unrecognised session ID[0m[0m
Test (ubuntu-latest, 21)	Run tests	2026-06-22T17:40:52.6088812Z [0m[[0m[0minfo[0m] [0m[0m[32mPOST - initialize[0m[0m
Test (ubuntu-latest, 21)	Run tests	2026-06-22T17:40:52.6524038Z [0m[[0m[0minfo[0m] [0m[0m[32m- should fall back to 2025-06-18 when client sends unsupported protocol version[0m[0m
Test (ubuntu-latest, 21)	Run tests	2026-06-22T17:40:52.6968744Z [0m[[0m[0minfo[0m] [0m[0m[32m- should use default InitializeRequest when params cannot be parsed[0m[0m
Test (ubuntu-latest, 21)	Run tests	2026-06-22T17:40:52.6970956Z [0m[[0m[0minfo[0m] [0m[0m[32mPOST - tool calls[0m[0m
Test (ubuntu-latest, 21)	Run tests	2026-06-22T17:40:52.7845362Z [0m[[0m[0minfo[0m] [0m[0m[32m- should return TOOL_NOT_FOUND for unknown tool name[0m[0m
Test (ubuntu-latest, 21)	Run tests	2026-06-22T17:40:52.8705714Z [0m[[0m[0minfo[0m] [0m[0m[32m- should return TOOL_EXECUTION_ERROR when tool handler returns Left[0m[0m
Test (ubuntu-latest, 21)	Run tests	2026-06-22T17:40:52.9595798Z [0m[[0m[0minfo[0m] [0m[0m[32m- should call render() for non-String tool results (Int -> ujson.Num)[0m[0m
Test (ubuntu-latest, 21)	Run tests	2026-06-22T17:40:53.0455014Z [0m[[0m[0minfo[0m] [0m[0m[32m- should use empty-object default for missing arguments field[0m[0m
Test (ubuntu-latest, 21)	Run tests	2026-06-22T17:40:53.0457339Z [0m[[0m[0minfo[0m] [0m[0m[32mSSE transport - edge cases[0m[0m
Test (ubuntu-latest, 21)	Run tests	2026-06-22T17:40:53.0531321Z [0m[[0m[0minfo[0m] [0m[0m[32m- should use 127.0.0.1 in endpoint URL when server is bound to 0.0.0.0[0m[0m
Test (ubuntu-latest, 21)	Run tests	2026-06-22T17:40:53.0536738Z [0m[[0m[0minfo[0m] [0m[0m[32m- should refuse to start when bound to a non-loopback host without an apiKey[0m[0m
Test (ubuntu-latest, 21)	Run tests	2026-06-22T17:41:03.1015165Z [0m[[0m[0minfo[0m] [0m[0m[32m- should return 202 for a valid SSE notification (no id)[0m[0m
Test (ubuntu-latest, 21)	Run tests	2026-06-22T17:41:13.1145698Z [0m[[0m[0minfo[0m] [0m[0m[32m- should return 400 for SSE POST with bad JSON body[0m[0m
Test (ubuntu-latest, 21)	Run tests	2026-06-22T17:41:23.1185003Z [0m[[0m[0minfo[0m] [0m[0m[32m- should return 400 for SSE POST with id but structurally invalid JSON-RPC[0m[0m
Test (ubuntu-latest, 21)	Run tests	2026-06-22T17:41:33.1355192Z [0m[[0m[0minfo[0m] [0m[0m[32m- should use default InitializeRequest in SSE when params cannot be parsed[0m[0m
Test (ubuntu-latest, 21)	Run tests	2026-06-22T17:41:33.1416332Z [0m[[0m[0minfo[0m] [0m[0m[32mBenchmarkResultEdgeCasesSpec:[0m[0m
Test (ubuntu-latest, 21)	Run tests	2026-06-22T17:41:33.1417732Z [0m[[0m[0minfo[0m] [0m[0m[32mTimingInfo[0m[0m
Test (ubuntu-latest, 21)	Run tests	2026-06-22T17:41:33.1437173Z [0m[[0m[0minfo[0m] [0m[0m[32m- should handle zero duration[0m[0m
Test (ubuntu-latest, 21)	Run tests	2026-06-22T17:41:33.1450255Z [0m[[0m[0minfo[0m] [0m[0m[32m- should format exactly 1000ms as seconds[0m[0m
Test (ubuntu-latest, 21)	Run tests	2026-06-22T17:41:33.1453319Z [0m[[0m[0minfo[0m] [0m[0m[32m- should format 999ms as milliseconds[0m[0m
Test (ubuntu-latest, 21)	Run tests	2026-06-22T17:41:33.1466103Z [0m[[0m[0minfo[0m] [0m[0m[32m- should include per-item average in formatted output for seconds[0m[0m
Test (ubuntu-latest, 21)	Run tests	2026-06-22T17:41:33.1469780Z [0m[[0m[0minfo[0m] [0m[0m[32m- should handle large durations[0m[0m
Test (ubuntu-latest, 21)	Run tests	2026-06-22T17:41:33.1471346Z [0m[[0m[0minfo[0m] [0m[0m[32mExperimentResult[0m[0m
Test (ubuntu-latest, 21)	Run tests	2026-06-22T17:41:33.1499642Z [0m[[0m[0minfo[0m] [0m[0m[32m- should return None for metricScore when evalSummary is None[0m[0m
Test (ubuntu-latest, 21)	Run tests	2026-06-22T17:41:33.1516473Z [0m[[0m[0minfo[0m] [0m[0m[32m- should return None for metricScore when metric is missing from averages[0m[0m
Test (ubuntu-latest, 21)	Run tests	2026-06-22T17:41:33.1533971Z [0m[[0m[0minfo[0m] [0m[0m[32m- should return 0.0 total time when no timings[0m[0m
Test (ubuntu-latest, 21)	Run tests	2026-06-22T17:41:33.1568283Z [0m[[0m[0minfo[0m] [0m[0m[32m- should return None for getTiming with unrecognized phase[0m[0m
Test (ubuntu-latest, 21)	Run tests	2026-06-22T17:41:33.1574267Z [0m[[0m[0minfo[0m] [0m[0m[32m- should not be successful if evalSummary is None even without error[0m[0m
Test (ubuntu-latest, 21)	Run tests	2026-06-22T17:41:33.1576489Z [0m[[0m[0minfo[0m] [0m[0m[32m- should not be successful if both error and evalSummary are present[0m[0m
Test (ubuntu-latest, 21)	Run tests	2026-06-22T17:41:33.1578080Z [0m[[0m[0minfo[0m] [0m[0m[32mBenchmarkResults[0m[0m
Test (ubuntu-latest, 21)	Run tests	2026-06-22T17:41:33.1583022Z [0m[[0m[0minfo[0m] [0m[0m[32m- should handle empty results[0m[0m
Test (ubuntu-latest, 21)	Run tests	2026-06-22T17:41:33.1585795Z [0m[[0m[0minfo[0m] [0m[0m[32m- should handle all-failed results[0m[0m
Test (ubuntu-latest, 21)	Run tests	2026-06-22T17:41:33.1587739Z [0m[[0m[0minfo[0m] [0m[0m[32m- should calculate duration correctly[0m[0m
Test (ubuntu-latest, 21)	Run tests	2026-06-22T17:41:33.1605480Z [0m[[0m[0minfo[0m] [0m[0m[32m- should return None for compare when one experiment is failed[0m[0m
Test (ubuntu-latest, 21)	Run tests	2026-06-22T17:41:33.1618133Z [0m[[0m[0minfo[0m] [0m[0m[32m- should return None for compare when both experiments are failed[0m[0m
Test (ubuntu-latest, 21)	Run tests	2026-06-22T17:41:33.1631027Z [0m[[0m[0minfo[0m] [0m[0m[32m- should get result by experiment name[0m[0m
Test (ubuntu-latest, 21)	Run tests	2026-06-22T17:41:33.1632338Z [0m[[0m[0minfo[0m] [0m[0m[32m- should add results using companion object method[0m[0m
Test (ubuntu-latest, 21)	Run tests	2026-06-22T17:41:33.1640897Z [0m[[0m[0minfo[0m] [0m[0m[32m- should build metric table from successful results[0m[0m
Test (ubuntu-latest, 21)	Run tests	2026-06-22T17:41:33.1642081Z [0m[[0m[0minfo[0m] [0m[0m[32mExperimentComparison[0m[0m
Test (ubuntu-latest, 21)	Run tests	2026-06-22T17:41:33.1651454Z [0m[[0m[0minfo[0m] [0m[0m[32m- should handle zero baseline score for relativeImprovement[0m[0m
Test (ubuntu-latest, 21)	Run tests	2026-06-22T17:41:33.1665849Z [0m[[0m[0minfo[0m] [0m[0m[32m- should compute metric diffs across different metric sets[0m[0m
Test (ubuntu-latest, 21)	Run tests	2026-06-22T17:41:33.1677017Z [0m[[0m[0minfo[0m] [0m[0m[32m- should compute metric diffs with overlapping metrics[0m[0m
Test (ubuntu-latest, 21)	Run tests	2026-06-22T17:41:33.1681125Z [0m[[0m[0minfo[0m] [0m[0m[32m- should handle both experiments with no evalSummary[0m[0m
Test (ubuntu-latest, 21)	Run tests	2026-06-22T17:41:33.1682499Z [0m[[0m[0minfo[0m] [0m[0m[32m- should include percentage in summary[0m[0m
Test (ubuntu-latest, 21)	Run tests	2026-06-22T17:41:33.1749569Z [0m[[0m[0minfo[0m] [0m[0m[32mShellToolsSpec:[0m[0m
Test (ubuntu-latest, 21)	Run tests	2026-06-22T17:41:33.1778506Z [0m[[0m[0minfo[0m] [0m[0m[32mShellConfig[0m[0m
Test (ubuntu-latest, 21)	Run tests	2026-06-22T17:41:33.1779479Z [0m[[0m[0minfo[0m] [0m[0m[32m- should allow configured commands[0m[0m
Test (ubuntu-latest, 21)	Run tests	2026-06-22T17:41:33.1811630Z [0m[[0m[0minfo[0m] [0m[0m[32m- should reject non-allowed commands[0m[0m
Test (ubuntu-latest, 21)	Run tests	2026-06-22T17:41:33.1812925Z [0m[[0m[0minfo[0m] [0m[0m[32m- should reject all commands when allowlist is empty[0m[0m
Test (ubuntu-latest, 21)	Run tests	2026-06-22T17:41:33.1814429Z [0m[[0m[0minfo[0m] [0m[0m[32mShellConfig.readOnly[0m[0m
Test (ubuntu-latest, 21)	Run tests	2026-06-22T17:41:33.1815949Z [0m[[0m[0minfo[0m] [0m[0m[32m- should allow safe read-only commands[0m[0m
Test (ubuntu-latest, 21)	Run tests	2026-06-22T17:41:33.1817158Z [0m[[0m[0minfo[0m] [0m[0m[32m- should not allow write commands[0m[0m
Test (ubuntu-latest, 21)	Run tests	2026-06-22T17:41:33.1818272Z [0m[[0m[0minfo[0m] [0m[0m[32mShellConfig.development[0m[0m
Test (ubuntu-latest, 21)	Run tests	2026-06-22T17:41:33.1819285Z [0m[[0m[0minfo[0m] [0m[0m[32m- should allow dev tools[0m[0m
Test (ubuntu-latest, 21)	Run tests	2026-06-22T17:41:33.1820197Z [0m[[0m[0minfo[0m] [0m[0m[32mShellTool[0m[0m
Test (ubuntu-latest, 21)	Run tests	2026-06-22T17:41:33.1893149Z [0m[[0m[0minfo[0m] [0m[0m[32m- should execute allowed commands[0m[0m
Test (ubuntu-latest, 21)	Run tests	2026-06-22T17:41:33.1903658Z [0m[[0m[0minfo[0m] [0m[0m[32m- should reject non-allowed commands[0m[0m
Test (ubuntu-latest, 21)	Run tests	2026-06-22T17:41:33.1938649Z [0m[[0m[0minfo[0m] [0m[0m[32m- should capture stderr[0m[0m
Test (ubuntu-latest, 21)	Run tests	2026-06-22T17:41:33.2977646Z [0m[[0m[0minfo[0m] [0m[0m[32m- should respect timeout[0m[0m
Test (ubuntu-latest, 21)	Run tests	2026-06-22T17:41:33.3023685Z [0m[[0m[0minfo[0m] [0m[0m[32m- should use configured working directory[0m[0m
Test (ubuntu-latest, 21)	Run tests	2026-06-22T17:41:33.3066085Z [0m[[0m[0minfo[0m] [0m[0m[32m- should truncate large output[0m[0m
Test (ubuntu-latest, 21)	Run tests	2026-06-22T17:41:33.3106076Z [0m[[0m[0minfo[0m] [0m[0m[32m- should not let shell metacharacters escape the allowlist[0m[0m
Test (ubuntu-latest, 21)	Run tests	2026-06-22T17:41:33.3137768Z [0m[[0m[0minfo[0m] [0m[0m[32m- should honour double-quoted arguments containing whitespace[0m[0m
Test (ubuntu-latest, 21)	Run tests	2026-06-22T17:41:33.3168767Z [0m[[0m[0minfo[0m] [0m[0m[32m- should honour single-quoted arguments containing metacharacters[0m[0m
Test (ubuntu-latest, 21)	Run tests	2026-06-22T17:41:33.3177357Z [0m[[0m[0minfo[0m] [0m[0m[32m- should reject commands with unclosed quotes[0m[0m
Test (ubuntu-latest, 21)	Run tests	2026-06-22T17:41:33.3187259Z [0m[[0m[0minfo[0m] [0m[0m[32m- should reject empty commands[0m[0m
Test (ubuntu-latest, 21)	Run tests	2026-06-22T17:41:33.3188687Z [0m[[0m[0minfo[0m] [0m[0m[32mShellToolAllowlistBypassPoC[0m[0m
Test (ubuntu-latest, 21)	Run tests	2026-06-22T17:41:33.3201292Z [0m[[0m[0minfo[0m] [0m[0m[32m- should exit early on Windows[0m[0m
Test (ubuntu-latest, 21)	Run tests	2026-06-22T17:41:33.3210376Z [0m[[0m[0minfo[0m] [0m[0m[32m- should report safe execution when echo runs without shell expansion[0m[0m
Test (ubuntu-latest, 21)	Run tests	2026-06-22T17:41:33.3219523Z [0m[[0m[0minfo[0m] [0m[0m[32m- should report rejection output when the tool refuses the payload[0m[0m
Test (ubuntu-latest, 21)	Run tests	2026-06-22T17:41:33.3256479Z [0m[[0m[0minfo[0m] [0m[0m[32m- should delegate from main to run without throwing[0m[0m
Test (ubuntu-latest, 21)	Run tests	2026-06-22T17:41:33.3306011Z [0m[[0m[0minfo[0m] [0m[0m[32mRAGASMetricBaseSpec:[0m[0m
Test (ubuntu-latest, 21)	Run tests	2026-06-22T17:41:33.3315743Z [0m[[0m[0minfo[0m] [0m[0m[32mcanEvaluate[0m[0m
Test (ubuntu-latest, 21)	Run tests	2026-06-22T17:41:33.3328598Z [0m[[0m[0minfo[0m] [0m[0m[32m- should return true when all required inputs are present[0m[0m
Test (ubuntu-latest, 21)	Run tests	2026-06-22T17:41:33.3330748Z [0m[[0m[0minfo[0m] [0m[0m[32m- should return false when contexts are empty for a metric requiring them[0m[0m
Test (ubuntu-latest, 21)	Run tests	2026-06-22T17:41:33.3340240Z [0m[[0m[0minfo[0m] [0m[0m[32m- should return false when ground truth is missing for a metric requiring it[0m[0m
Test (ubuntu-latest, 21)	Run tests	2026-06-22T17:41:33.3342318Z [0m[[0m[0minfo[0m] [0m[0m[32m- should return true when ground truth is present for a metric requiring it[0m[0m
Test (ubuntu-latest, 21)	Run tests	2026-06-22T17:41:33.3344071Z [0m[[0m[0minfo[0m] [0m[0m[32mevaluateBatch[0m[0m
Test (ubuntu-latest, 21)	Run tests	2026-06-22T17:41:33.3409187Z [0m[[0m[0minfo[0m] [0m[0m[32m- should evaluate multiple samples successfully[0m[0m
Test (ubuntu-latest, 21)	Run tests	2026-06-22T17:41:33.3414192Z [0m[[0m[0minfo[0m] [0m[0m[32m- should fail batch if any sample evaluation fails[0m[0m
Test (ubuntu-latest, 21)	Run tests	2026-06-22T17:41:33.3443243Z [0m[[0m[0minfo[0m] [0m[0m[32m- should return empty results for empty input[0m[0m
Test (ubuntu-latest, 21)	Run tests	2026-06-22T17:41:33.3455947Z [0m[[0m[0minfo[0m] [0m[0m[32mProviderModelListerSpec:[0m[0m
Test (ubuntu-latest, 21)	Run tests	2026-06-22T17:41:33.3558359Z [0m[[0m[0minfo[0m] [0m[0m[32m- Ollama lister discovers models from /api/tags[0m[0m
Test (ubuntu-latest, 21)	Run tests	2026-06-22T17:41:33.3567228Z [0m[[0m[0minfo[0m] [0m[0m[32m- Ollama lister fails clearly for unsupported providers[0m[0m
Test (ubuntu-latest, 21)	Run tests	2026-06-22T17:41:33.3607883Z [0m[[0m[0minfo[0m] [0m[0m[32m- provider capabilities expose the Ollama model lister[0m[0m
Test (ubuntu-latest, 21)	Run tests	2026-06-22T17:41:33.3649691Z [0m[[0m[0minfo[0m] [0m[0m[32m- OpenAI lister discovers models from /models[0m[0m
Test (ubuntu-latest, 21)	Run tests	2026-06-22T17:41:33.3708176Z [0m[[0m[0minfo[0m] [0m[0m[32m- Anthropic lister discovers models from /v1/models[0m[0m
Test (ubuntu-latest, 21)	Run tests	2026-06-22T17:41:33.3713728Z [0m[[0m[0minfo[0m] [0m[0m[32m- Anthropic lister fails when has_more=true but last_id is missing[0m[0m
Test (ubuntu-latest, 21)	Run tests	2026-06-22T17:41:33.3768849Z [0m[[0m[0minfo[0m] [0m[0m[32m- Gemini lister discovers models from /models[0m[0m
Test (ubuntu-latest, 21)	Run tests	2026-06-22T17:41:33.3776929Z [0m[[0m[0minfo[0m] [0m[0m[32m- OpenRouter lister includes required OpenRouter headers[0m[0m
Test (ubuntu-latest, 21)	Run tests	2026-06-22T17:41:33.3780507Z [0m[[0m[0minfo[0m] [0m[0m[32m- DeepSeek lister discovers models from /models[0m[0m
Test (ubuntu-latest, 21)	Run tests	2026-06-22T17:41:33.3794318Z [0m[[0m[0minfo[0m] [0m[0m[32m- Mistral lister discovers models from /v1/models[0m[0m
Test (ubuntu-latest, 21)	Run tests	2026-06-22T17:41:33.3834618Z [0m[[0m[0minfo[0m] [0m[0m[32mImageModelsTest:[0m[0m
Test (ubuntu-latest, 21)	Run tests	2026-06-22T17:41:33.3838628Z [0m[[0m[0minfo[0m] [0m[0m[32mImageMetadata[0m[0m
Test (ubuntu-latest, 21)	Run tests	2026-06-22T17:41:33.3848534Z [0m[[0m[0minfo[0m] [0m[0m[32m- should create with default values[0m[0m
Test (ubuntu-latest, 21)	Run tests	2026-06-22T17:41:33.3857534Z [0m[[0m[0minfo[0m] [0m[0m[32m- should create with custom values[0m[0m
Test (ubuntu-latest, 21)	Run tests	2026-06-22T17:41:33.3861483Z [0m[[0m[0minfo[0m] [0m[0m[32mProcessedImage[0m[0m
Test (ubuntu-latest, 21)	Run tests	2026-06-22T17:41:33.3886807Z [0m[[0m[0minfo[0m] [0m[0m[32m- should create with valid data[0m[0m
Test (ubuntu-latest, 21)	Run tests	2026-06-22T17:41:33.3931111Z [0m[[0m[0minfo[0m] [0m[0m[32m- should save to file successfully[0m[0m
Test (ubuntu-latest, 21)	Run tests	2026-06-22T17:41:33.3934213Z [0m[[0m[0minfo[0m] [0m[0m[32m- should fail to save with invalid path[0m[0m
Test (ubuntu-latest, 21)	Run tests	2026-06-22T17:41:33.3942373Z [0m[[0m[0minfo[0m] [0m[0m[32m- should prevent path traversal attacks[0m[0m
Test (ubuntu-latest, 21)	Run tests	2026-06-22T17:41:33.3944636Z [0m[[0m[0minfo[0m] [0m[0m[32mImageAnalysisResult[0m[0m
Test (ubuntu-latest, 21)	Run tests	2026-06-22T17:41:33.3964603Z [0m[[0m[0minfo[0m] [0m[0m[32m- should create with all fields[0m[0m
Test (ubuntu-latest, 21)	Run tests	2026-06-22T17:41:33.3972747Z [0m[[0m[0minfo[0m] [0m[0m[32mDetectedObject[0m[0m
Test (ubuntu-latest, 21)	Run tests	2026-06-22T17:41:33.3973589Z [0m[[0m[0minfo[0m] [0m[0m[32m- should create with bounding box[0m[0m
Test (ubuntu-latest, 21)	Run tests	2026-06-22T17:41:33.3974672Z [0m[[0m[0minfo[0m] [0m[0m[32mDetectedEmotion[0m[0m
Test (ubuntu-latest, 21)	Run tests	2026-06-22T17:41:33.3976178Z [0m[[0m[0minfo[0m] [0m[0m[32m- should create with emotion and confidence[0m[0m
Test (ubuntu-latest, 21)	Run tests	2026-06-22T17:41:33.3977309Z [0m[[0m[0minfo[0m] [0m[0m[32mBoundingBox[0m[0m
Test (ubuntu-latest, 21)	Run tests	2026-06-22T17:41:33.3978558Z [0m[[0m[0minfo[0m] [0m[0m[32m- should create with coordinates[0m[0m
Test (ubuntu-latest, 21)	Run tests	2026-06-22T17:41:33.3983272Z [0m[[0m[0minfo[0m] [0m[0m[32mImageEmbedding[0m[0m
Test (ubuntu-latest, 21)	Run tests	2026-06-22T17:41:33.4020931Z [0m[[0m[0minfo[0m] [0m[0m[32m- should calculate cosine similarity[0m[0m
Test (ubuntu-latest, 21)	Run tests	2026-06-22T17:41:33.4038359Z [0m[[0m[0minfo[0m] [0m[0m[32m- should throw exception for different dimensions[0m[0m
Test (ubuntu-latest, 21)	Run tests	2026-06-22T17:41:33.4039904Z [0m[[0m[0minfo[0m] [0m[0m[32mImageFormat[0m[0m
Test (ubuntu-latest, 21)	Run tests	2026-06-22T17:41:33.4041050Z [0m[[0m[0minfo[0m] [0m[0m[32m- should have correct string representations[0m[0m
Test (ubuntu-latest, 21)	Run tests	2026-06-22T17:41:33.4042233Z [0m[[0m[0minfo[0m] [0m[0m[32mImageOperation[0m[0m
Test (ubuntu-latest, 21)	Run tests	2026-06-22T17:41:33.4043287Z [0m[[0m[0minfo[0m] [0m[0m[32m- should create resize operation[0m[0m
Test (ubuntu-latest, 21)	Run tests	2026-06-22T17:41:33.4059468Z [0m[[0m[0minfo[0m] [0m[0m[32m- should create crop operation[0m[0m
Test (ubuntu-latest, 21)	Run tests	2026-06-22T17:41:33.4062377Z [0m[[0m[0minfo[0m] [0m[0m[32m- should create rotate operation[0m[0m
Test (ubuntu-latest, 21)	Run tests	2026-06-22T17:41:33.4064175Z [0m[[0m[0minfo[0m] [0m[0m[32m- should create blur operation[0m[0m
Test (ubuntu-latest, 21)	Run tests	2026-06-22T17:41:33.4067830Z [0m[[0m[0minfo[0m] [0m[0m[32m- should create brightness adjustment[0m[0m
Test (ubuntu-latest, 21)	Run tests	2026-06-22T17:41:33.4073989Z [0m[[0m[0minfo[0m] [0m[0m[32m- should create contrast adjustment[0m[0m
Test (ubuntu-latest, 21)	Run tests	2026-06-22T17:41:33.4102804Z [0m[[0m[0minfo[0m] [0m[0m[32mProviderStreamingArgumentsSpec:[0m[0m
Test (ubuntu-latest, 21)	Run tests	2026-06-22T17:41:33.4104489Z [0m[[0m[0minfo[0m] [0m[0m[32mOpenRouterClient[0m[0m
Test (ubuntu-latest, 21)	Run tests	2026-06-22T17:41:33.4614112Z [0m[[0m[0minfo[0m] [0m[0m[32m- should preserve invalid tool-call arguments as raw string[0m[0m
Test (ubuntu-latest, 21)	Run tests	2026-06-22T17:41:33.4621321Z [0m[[0m[0minfo[0m] [0m[0m[32mZaiClient[0m[0m
Test (ubuntu-latest, 21)	Run tests	2026-06-22T17:41:33.4752740Z [0m[[0m[0minfo[0m] [0m[0m[32m- should preserve invalid tool-call arguments as raw string[0m[0m
Test (ubuntu-latest, 21)	Run tests	2026-06-22T17:41:33.4776059Z [0m[[0m[0minfo[0m] [0m[0m[32mDeepSeekClient[0m[0m
Test (ubuntu-latest, 21)	Run tests	2026-06-22T17:41:33.4879361Z [0m[[0m[0minfo[0m] [0m[0m[32m- should preserve invalid tool-call arguments as raw string[0m[0m
Test (ubuntu-latest, 21)	Run tests	2026-06-22T17:41:33.4916344Z [0m[[0m[0minfo[0m] [0m[0m[32mContextWindowConfigSpec:[0m[0m
Test (ubuntu-latest, 21)	Run tests	2026-06-22T17:41:33.4917475Z [0m[[0m[0minfo[0m] [0m[0m[32mContextWindowConfig[0m[0m
Test (ubuntu-latest, 21)	Run tests	2026-06-22T17:41:33.4932474Z [0m[[0m[0minfo[0m] [0m[0m[32m- should have sensible defaults[0m[0m
Test (ubuntu-latest, 21)	Run tests	2026-06-22T17:41:33.4933625Z [0m[[0m[0minfo[0m] [0m[0m[32m- should accept custom values[0m[0m
Test (ubuntu-latest, 21)	Run tests	2026-06-22T17:41:33.4934976Z [0m[[0m[0minfo[0m] [0m[0m[32m- should support copy with modifications[0m[0m
Test (ubuntu-latest, 21)	Run tests	2026-06-22T17:41:33.4936088Z [0m[[0m[0minfo[0m] [0m[0m[32m- should support equality[0m[0m
Test (ubuntu-latest, 21)	Run tests	2026-06-22T17:41:33.4937026Z [0m[[0m[0minfo[0m] [0m[0m[32mPruningStrategy.OldestFirst[0m[0m
Test (ubuntu-latest, 21)	Run tests	2026-06-22T17:41:33.4938020Z [0m[[0m[0minfo[0m] [0m[0m[32m- should be a singleton[0m[0m
Test (ubuntu-latest, 21)	Run tests	2026-06-22T17:41:33.4938949Z [0m[[0m[0minfo[0m] [0m[0m[32mPruningStrategy.MiddleOut[0m[0m
Test (ubuntu-latest, 21)	Run tests	2026-06-22T17:41:33.4951443Z [0m[[0m[0minfo[0m] [0m[0m[32m- should be a singleton[0m[0m
Test (ubuntu-latest, 21)	Run tests	2026-06-22T17:41:33.4953437Z [0m[[0m[0minfo[0m] [0m[0m[32mPruningStrategy.RecentTurnsOnly[0m[0m
Test (ubuntu-latest, 21)	Run tests	2026-06-22T17:41:33.4954380Z [0m[[0m[0minfo[0m] [0m[0m[32m- should store turn count[0m[0m
Test (ubuntu-latest, 21)	Run tests	2026-06-22T17:41:33.4955697Z [0m[[0m[0minfo[0m] [0m[0m[32m- should support equality based on turns[0m[0m
Test (ubuntu-latest, 21)	Run tests	2026-06-22T17:41:33.4956726Z [0m[[0m[0minfo[0m] [0m[0m[32mPruningStrategy.Custom[0m[0m
Test (ubuntu-latest, 21)	Run tests	2026-06-22T17:41:33.4957652Z [0m[[0m[0minfo[0m] [0m[0m[32m- should store the function[0m[0m
Test (ubuntu-latest, 21)	Run tests	2026-06-22T17:41:33.4966020Z [0m[[0m[0minfo[0m] [0m[0m[32m- should apply the custom function correctly[0m[0m
Test (ubuntu-latest, 21)	Run tests	2026-06-22T17:41:33.4967160Z [0m[[0m[0minfo[0m] [0m[0m[32mPruningStrategy[0m[0m
Test (ubuntu-latest, 21)	Run tests	2026-06-22T17:41:33.4975081Z [0m[[0m[0minfo[0m] [0m[0m[32m- should be pattern matchable[0m[0m
Test (ubuntu-latest, 21)	Run tests	2026-06-22T17:41:33.4976211Z [0m[[0m[0minfo[0m] [0m[0m[32mContextWindowConfig[0m[0m
Test (ubuntu-latest, 21)	Run tests	2026-06-22T17:41:33.4977238Z [0m[[0m[0minfo[0m] [0m[0m[32m- should support token-based limiting[0m[0m
Test (ubuntu-latest, 21)	Run tests	2026-06-22T17:41:33.4978348Z [0m[[0m[0minfo[0m] [0m[0m[32m- should support message-based limiting[0m[0m
Test (ubuntu-latest, 21)	Run tests	2026-06-22T17:41:33.4987123Z [0m[[0m[0minfo[0m] [0m[0m[32m- should support both limits together[0m[0m
Test (ubuntu-latest, 21)	Run tests	2026-06-22T17:41:33.5021041Z [0m[[0m[0minfo[0m] [0m[0m[32mDocumentSourceTest:[0m[0m
Test (ubuntu-latest, 21)	Run tests	2026-06-22T17:41:33.5031324Z [0m[[0m[0minfo[0m] [0m[0m[32m- DocumentSource should store id, title, and metadata[0m[0m
Test (ubuntu-latest, 21)	Run tests	2026-06-22T17:41:33.5032758Z [0m[[0m[0minfo[0m] [0m[0m[32m- DocumentSource should default to empty title and metadata[0m[0m
Test (ubuntu-latest, 21)	Run tests	2026-06-22T17:41:33.5042504Z [0m[[0m[0minfo[0m] [0m[0m[32m- SourceTrackedGraph.empty should create an empty tracked graph[0m[0m
Test (ubuntu-latest, 21)	Run tests	2026-06-22T17:41:33.5050724Z [0m[[0m[0minfo[0m] [0m[0m[32m- SourceTrackedGraph.fromGraph should wrap a graph with single-source provenance[0m[0m
Test (ubuntu-latest, 21)	Run tests	2026-06-22T17:41:33.5076215Z [0m[[0m[0minfo[0m] [0m[0m[32m- SourceTrackedGraph.addDocument should merge graphs and track provenance[0m[0m
Test (ubuntu-latest, 21)	Run tests	2026-06-22T17:41:33.5079879Z [0m[[0m[0minfo[0m] [0m[0m[32m- SourceTrackedGraph.addDocument should not duplicate sources[0m[0m
Test (ubuntu-latest, 21)	Run tests	2026-06-22T17:41:33.5081882Z [0m[[0m[0minfo[0m] [0m[0m[32m- SourceTrackedGraph.getNodeSources should return document sources for a node[0m[0m
Test (ubuntu-latest, 21)	Run tests	2026-06-22T17:41:33.5089911Z [0m[[0m[0minfo[0m] [0m[0m[32m- SourceTrackedGraph.getNodeSources should return empty for unknown node[0m[0m
Test (ubuntu-latest, 21)	Run tests	2026-06-22T17:41:33.5093134Z [0m[[0m[0minfo[0m] [0m[0m[32m- SourceTrackedGraph.getEdgeSources should return document sources for an edge[0m[0m
Test (ubuntu-latest, 21)	Run tests	2026-06-22T17:41:33.5098700Z [0m[[0m[0minfo[0m] [0m[0m[32m- SourceTrackedGraph.getEdgeSources should return empty for unknown edge[0m[0m
Test (ubuntu-latest, 21)	Run tests	2026-06-22T17:41:33.5100617Z [0m[[0m[0minfo[0m] [0m[0m[32m- SourceTrackedGraph.withGraph should replace graph preserving provenance[0m[0m
Test (ubuntu-latest, 21)	Run tests	2026-06-22T17:41:33.5105908Z [0m[[0m[0minfo[0m] [0m[0m[32m- SourceTrackedGraph.withUpdatedNodeSources should replace node source mappings[0m[0m
Test (ubuntu-latest, 21)	Run tests	2026-06-22T17:41:33.5109598Z [0m[[0m[0minfo[0m] [0m[0m[32m- SourceTrackedGraph.withUpdatedEdgeSources should replace edge source mappings[0m[0m
Test (ubuntu-latest, 21)	Run tests	2026-06-22T17:41:33.5111176Z [0m[[0m[0minfo[0m] [0m[0m[32m- SchemaViolation should store description and optional entity ID[0m[0m
Test (ubuntu-latest, 21)	Run tests	2026-06-22T17:41:33.5112586Z [0m[[0m[0minfo[0m] [0m[0m[32m- ValidationResult.isFullyValid should return true for valid result[0m[0m
Test (ubuntu-latest, 21)	Run tests	2026-06-22T17:41:33.5115779Z [0m[[0m[0minfo[0m] [0m[0m[32m- ValidationResult.isFullyValid should return false when violations exist[0m[0m
Test (ubuntu-latest, 21)	Run tests	2026-06-22T17:41:33.5117885Z [0m[[0m[0minfo[0m] [0m[0m[32m- ValidationResult.isFullyValid should return false when out-of-schema nodes exist[0m[0m
Test (ubuntu-latest, 21)	Run tests	2026-06-22T17:41:33.5158634Z [0m[[0m[0minfo[0m] [0m[0m[32mImageGenerationTest:[0m[0m
Test (ubuntu-latest, 21)	Run tests	2026-06-22T17:41:33.5163119Z [0m[[0m[0minfo[0m] [0m[0m[32m- ImageSize provides correct dimensions[0m[0m
Test (ubuntu-latest, 21)	Run tests	2026-06-22T17:41:33.5226064Z [0m[[0m[0minfo[0m] [0m[0m[32m- ImageFormat provides correct metadata[0m[0m
Test (ubuntu-latest, 21)	Run tests	2026-06-22T17:41:33.5230789Z [0m[[0m[0minfo[0m] [0m[0m[32m- ImageGenerationOptions has sensible defaults[0m[0m
Test (ubuntu-latest, 21)	Run tests	2026-06-22T17:41:33.5232242Z [0m[[0m[0minfo[0m] [0m[0m[32m- ImageEditOptions has sensible defaults[0m[0m
Test (ubuntu-latest, 21)	Run tests	2026-06-22T17:41:33.5233549Z [0m[[0m[0minfo[0m] [0m[0m[32m- GeneratedImage decodes base64 data correctly[0m[0m
Test (ubuntu-latest, 21)	Run tests	2026-06-22T17:41:33.5235146Z [0m[[0m[0minfo[0m] [0m[0m[32m- GeneratedImage can save to file[0m[0m
Test (ubuntu-latest, 21)	Run tests	2026-06-22T17:41:33.5236611Z [0m[[0m[0minfo[0m] [0m[0m[32m- ImageGeneration creates correct client for StableDiffusion config[0m[0m
Test (ubuntu-latest, 21)	Run tests	2026-06-22T17:41:33.5256040Z [0m[[0m[0minfo[0m] [0m[0m[32m- ImageGeneration creates correct client for HuggingFace config[0m[0m
Test (ubuntu-latest, 21)	Run tests	2026-06-22T17:41:33.5286369Z 17:41:33.527 [pool-1-thread-1-ScalaTest-running-ImageGenerationTest] WARN  o.l.i.provider.OpenAIImageClient - dall-e-2 is deprecated and scheduled for removal on 2026-05-12. Migrate to gpt-image-1, gpt-image-1-mini, gpt-image-1.5. See https://platform.openai.com/docs/deprecations.
Test (ubuntu-latest, 21)	Run tests	2026-06-22T17:41:33.5290043Z [0m[[0m[0minfo[0m] [0m[0m[32m- ImageGeneration creates correct client for OpenAI config[0m[0m
Test (ubuntu-latest, 21)	Run tests	2026-06-22T17:41:33.5321106Z [0m[[0m[0minfo[0m] [0m[0m[32m- stableDiffusionClient creates client with correct config[0m[0m
Test (ubuntu-latest, 21)	Run tests	2026-06-22T17:41:33.5363936Z [0m[[0m[0minfo[0m] [0m[0m[32m- huggingFaceClient creates client with correct config[0m[0m
Test (ubuntu-latest, 21)	Run tests	2026-06-22T17:41:33.5367012Z 17:41:33.530 [pool-1-thread-1-ScalaTest-running-ImageGenerationTest] WARN  o.l.i.provider.OpenAIImageClient - dall-e-2 is deprecated and scheduled for removal on 2026-05-12. Migrate to gpt-image-1, gpt-image-1-mini, gpt-image-1.5. See https://platform.openai.com/docs/deprecations.
Test (ubuntu-latest, 21)	Run tests	2026-06-22T17:41:33.5369839Z [0m[[0m[0minfo[0m] [0m[0m[32m- openAIClient creates client with correct config[0m[0m
Test (ubuntu-latest, 21)	Run tests	2026-06-22T17:41:33.5372574Z 17:41:33.530 [pool-1-thread-1-ScalaTest-running-ImageGenerationTest] WARN  o.l.i.provider.OpenAIImageClient - dall-e-2 is deprecated and scheduled for removal on 2026-05-12. Migrate to gpt-image-1, gpt-image-1-mini, gpt-image-1.5. See https://platform.openai.com/docs/deprecations.
Test (ubuntu-latest, 21)	Run tests	2026-06-22T17:41:33.5375688Z [0m[[0m[0minfo[0m] [0m[0m[32m- openAIClient creates client with default model[0m[0m
Test (ubuntu-latest, 21)	Run tests	2026-06-22T17:41:33.5376951Z [0m[[0m[0minfo[0m] [0m[0m[32m- Config objects have correct default values[0m[0m
Test (ubuntu-latest, 21)	Run tests	2026-06-22T17:41:33.5378505Z [0m[[0m[0minfo[0m] [0m[0m[32m- Config objects can be customized[0m[0m
Test (ubuntu-latest, 21)	Run tests	2026-06-22T17:41:33.5379609Z [0m[[0m[0minfo[0m] [0m[0m[32m- Mock client generates image successfully[0m[0m
Test (ubuntu-latest, 21)	Run tests	2026-06-22T17:41:33.5380728Z [0m[[0m[0minfo[0m] [0m[0m[32m- Mock client respects custom options[0m[0m
Test (ubuntu-latest, 21)	Run tests	2026-06-22T17:41:33.5381848Z [0m[[0m[0minfo[0m] [0m[0m[32m- Mock client validates prompts[0m[0m
Test (ubuntu-latest, 21)	Run tests	2026-06-22T17:41:33.5382907Z [0m[[0m[0minfo[0m] [0m[0m[32m- Mock client supports edit image flow[0m[0m
Test (ubuntu-latest, 21)	Run tests	2026-06-22T17:41:33.5413057Z [0m[[0m[0minfo[0m] [0m[0m[32m- Mock client generates multiple images[0m[0m
Test (ubuntu-latest, 21)	Run tests	2026-06-22T17:41:33.5423470Z [0m[[0m[0minfo[0m] [0m[0m[32m- Mock client validates image count[0m[0m
Test (ubuntu-latest, 21)	Run tests	2026-06-22T17:41:33.5425696Z [0m[[0m[0minfo[0m] [0m[0m[32m- Mock client reports healthy status[0m[0m
Test (ubuntu-latest, 21)	Run tests	2026-06-22T17:41:33.5432501Z [0m[[0m[0minfo[0m] [0m[0m[32m- Error types have correct messages[0m[0m
Test (ubuntu-latest, 21)	Run tests	2026-06-22T17:41:33.5469037Z [0m[[0m[0minfo[0m] [0m[0m[32m- ImageGenerationClient default edit methods return unsupported operation[0m[0m
Test (ubuntu-latest, 21)	Run tests	2026-06-22T17:41:33.5474345Z [0m[[0m[0minfo[0m] [0m[0m[32m- generateWithStableDiffusion handles connection errors gracefully[0m[0m
Test (ubuntu-latest, 21)	Run tests	2026-06-22T17:41:33.5549553Z [0m[[0m[0minfo[0m] [0m[0m[32mToolRegistrySpec:[0m[0m
Test (ubuntu-latest, 21)	Run tests	2026-06-22T17:41:33.5551691Z [0m[[0m[0minfo[0m] [0m[0m[32mToolRegistry.empty[0m[0m
Test (ubuntu-latest, 21)	Run tests	2026-06-22T17:41:33.5557793Z [0m[[0m[0minfo[0m] [0m[0m[32m- should create an empty registry[0m[0m
Test (ubuntu-latest, 21)	Run tests	2026-06-22T17:41:33.5560024Z [0m[[0m[0minfo[0m] [0m[0m[32mToolRegistry[0m[0m
Test (ubuntu-latest, 21)	Run tests	2026-06-22T17:41:33.5597437Z [0m[[0m[0minfo[0m] [0m[0m[32m- should hold provided tools[0m[0m
Test (ubuntu-latest, 21)	Run tests	2026-06-22T17:41:33.5605911Z [0m[[0m[0minfo[0m] [0m[0m[32mToolRegistry.execute[0m[0m
Test (ubuntu-latest, 21)	Run tests	2026-06-22T17:41:33.5628098Z [0m[[0m[0minfo[0m] [0m[0m[32m- should execute a tool and return result[0m[0m
Test (ubuntu-latest, 21)	Run tests	2026-06-22T17:41:33.5643319Z [0m[[0m[0minfo[0m] [0m[0m[32m- should return error for unknown function and suggest available tools[0m[0m
Test (ubuntu-latest, 21)	Run tests	2026-06-22T17:41:33.5646713Z [0m[[0m[0minfo[0m] [0m[0m[32m- should return error for invalid parameters[0m[0m
Test (ubuntu-latest, 21)	Run tests	2026-06-22T17:41:33.5648183Z [0m[[0m[0minfo[0m] [0m[0m[32m- should return error for missing parameters[0m[0m
Test (ubuntu-latest, 21)	Run tests	2026-06-22T17:41:33.5649726Z [0m[[0m[0minfo[0m] [0m[0m[32mToolRegistry.executeAsync[0m[0m
Test (ubuntu-latest, 21)	Run tests	2026-06-22T17:41:33.5651147Z [0m[[0m[0minfo[0m] [0m[0m[32m- should execute a tool asynchronously[0m[0m
Test (ubuntu-latest, 21)	Run tests	2026-06-22T17:41:33.5656232Z [0m[[0m[0minfo[0m] [0m[0m[32m- should return error asynchronously for unknown function[0m[0m
Test (ubuntu-latest, 21)	Run tests	2026-06-22T17:41:33.5658318Z [0m[[0m[0minfo[0m] [0m[0m[32mToolRegistry.executeAll with Sequential strategy[0m[0m
Test (ubuntu-latest, 21)	Run tests	2026-06-22T17:41:33.5705918Z [0m[[0m[0minfo[0m] [0m[0m[32m- should execute all requests in order[0m[0m
Test (ubuntu-latest, 21)	Run tests	2026-06-22T17:41:33.5742866Z [0m[[0m[0minfo[0m] [0m[0m[32mToolRegistry.executeAll with Parallel strategy[0m[0m
Test (ubuntu-latest, 21)	Run tests	2026-06-22T17:41:33.5766973Z [0m[[0m[0minfo[0m] [0m[0m[32m- should execute all requests in parallel[0m[0m
Test (ubuntu-latest, 21)	Run tests	2026-06-22T17:41:33.5768569Z [0m[[0m[0minfo[0m] [0m[0m[32mToolRegistry.executeAll with ParallelWithLimit strategy[0m[0m
Test (ubuntu-latest, 21)	Run tests	2026-06-22T17:41:33.5803079Z [0m[[0m[0minfo[0m] [0m[0m[32m- should execute in batches[0m[0m
Test (ubuntu-latest, 21)	Run tests	2026-06-22T17:41:33.5810115Z [0m[[0m[0minfo[0m] [0m[0m[32mToolRegistry.executeAll[0m[0m
Test (ubuntu-latest, 21)	Run tests	2026-06-22T17:41:33.5821556Z [0m[[0m[0minfo[0m] [0m[0m[32m- should use Sequential as default strategy[0m[0m
Test (ubuntu-latest, 21)	Run tests	2026-06-22T17:41:33.5832449Z [0m[[0m[0minfo[0m] [0m[0m[32m- should handle mixed success and failure[0m[0m
Test (ubuntu-latest, 21)	Run tests	2026-06-22T17:41:33.5858006Z [0m[[0m[0minfo[0m] [0m[0m[32m- should handle empty request list[0m[0m
Test (ubuntu-latest, 21)	Run tests	2026-06-22T17:41:33.5859458Z [0m[[0m[0minfo[0m] [0m[0m[32mToolRegistry.execute with timeout[0m[0m
Test (ubuntu-latest, 21)	Run tests	2026-06-22T17:41:33.6896444Z [0m[[0m[0minfo[0m] [0m[0m[32m- should return timeout error when tool sleeps longer than timeout[0m[0m
Test (ubuntu-latest, 21)	Run tests	2026-06-22T17:41:33.7414595Z [0m[[0m[0minfo[0m] [0m[0m[32m- should succeed when tool completes within timeout[0m[0m
Test (ubuntu-latest, 21)	Run tests	2026-06-22T17:41:33.7417474Z [0m[[0m[0minfo[0m] [0m[0m[32mToolRegistry.execute with retry[0m[0m
Test (ubuntu-latest, 21)	Run tests	2026-06-22T17:41:33.7698577Z [0m[[0m[0minfo[0m] [0m[0m[32m- should succeed after retries when tool fails then succeeds[0m[0m
Test (ubuntu-latest, 21)	Run tests	2026-06-22T17:41:33.7718435Z [0m[[0m[0minfo[0m] [0m[0m[32m- should return failure when retry disabled and tool fails once[0m[0m
Test (ubuntu-latest, 21)	Run tests	2026-06-22T17:41:33.7720022Z [0m[[0m[0minfo[0m] [0m[0m[32m- should not retry on non-retryable error (e.g. handler error)[0m[0m
Test (ubuntu-latest, 21)	Run tests	2026-06-22T17:41:33.7720960Z [0m[[0m[0minfo[0m] [0m[0m[32mToolRegistry.executeAll with timeout[0m[0m
Test (ubuntu-latest, 21)	Run tests	2026-06-22T17:41:33.9242949Z [0m[[0m[0minfo[0m] [0m[0m[32m- should complete batch when one tool times out and others succeed[0m[0m
Test (ubuntu-latest, 21)	Run tests	2026-06-22T17:41:33.9246093Z [0m[[0m[0minfo[0m] [0m[0m[32mToolRegistry.getOpenAITools[0m[0m
Test (ubuntu-latest, 21)	Run tests	2026-06-22T17:41:33.9271895Z [0m[[0m[0minfo[0m] [0m[0m[32m- should generate OpenAI tool definitions[0m[0m
Test (ubuntu-latest, 21)	Run tests	2026-06-22T17:41:33.9283464Z [0m[[0m[0minfo[0m] [0m[0m[32m- should respect strict parameter[0m[0m
Test (ubuntu-latest, 21)	Run tests	2026-06-22T17:41:33.9284669Z [0m[[0m[0minfo[0m] [0m[0m[32mToolRegistry.getToolDefinitionsSafe[0m[0m
Test (ubuntu-latest, 21)	Run tests	2026-06-22T17:41:33.9286355Z [0m[[0m[0minfo[0m] [0m[0m[32m- should return OpenAI format for openai provider[0m[0m
Test (ubuntu-latest, 21)	Run tests	2026-06-22T17:41:33.9292566Z [0m[[0m[0minfo[0m] [0m[0m[32m- should return OpenAI format for anthropic provider[0m[0m
Test (ubuntu-latest, 21)	Run tests	2026-06-22T17:41:33.9299566Z [0m[[0m[0minfo[0m] [0m[0m[32m- should return OpenAI format for gemini provider[0m[0m
Test (ubuntu-latest, 21)	Run tests	2026-06-22T17:41:33.9305062Z [0m[[0m[0minfo[0m] [0m[0m[32m- should return Left for unsupported provider[0m[0m
Test (ubuntu-latest, 21)	Run tests	2026-06-22T17:41:33.9344635Z [0m[[0m[0minfo[0m] [0m[0m[32mStreamingToolArgumentParserTest:[0m[0m
Test (ubuntu-latest, 21)	Run tests	2026-06-22T17:41:33.9355120Z [0m[[0m[0minfo[0m] [0m[0m[32m- empty input returns empty Obj sentinel[0m[0m
Test (ubuntu-latest, 21)	Run tests	2026-06-22T17:41:33.9356531Z [0m[[0m[0minfo[0m] [0m[0m[32m- valid JSON is parsed as-is[0m[0m
Test (ubuntu-latest, 21)	Run tests	2026-06-22T17:41:33.9362200Z [0m[[0m[0minfo[0m] [0m[0m[32m- partial/invalid JSON is preserved as raw Str[0m[0m
Test (ubuntu-latest, 21)	Run tests	2026-06-22T17:41:33.9366006Z [0m[[0m[0minfo[0m] [0m[0m[32m- valid JSON array is parsed correctly[0m[0m
Test (ubuntu-latest, 21)	Run tests	2026-06-22T17:41:33.9397287Z [0m[[0m[0minfo[0m] [0m[0m[32mMCPServerSSESpec:[0m[0m
Test (ubuntu-latest, 21)	Run tests	2026-06-22T17:41:33.9412950Z [0m[[0m[0minfo[0m] [0m[0m[32mSSE GET /sse[0m[0m
Test (ubuntu-latest, 21)	Run tests	2026-06-22T17:41:33.9427301Z [0m[[0m[0minfo[0m] [0m[0m[32m- should return 200 with Content-Type text/event-stream[0m[0m
Test (ubuntu-latest, 21)	Run tests	2026-06-22T17:41:33.9452228Z [0m[[0m[0minfo[0m] [0m[0m[32m- should immediately send an endpoint SSE event[0m[0m
Test (ubuntu-latest, 21)	Run tests	2026-06-22T17:41:33.9473380Z [0m[[0m[0minfo[0m] [0m[0m[32m- should embed a unique sessionId in the endpoint URL[0m[0m
Test (ubuntu-latest, 21)	Run tests	2026-06-22T17:41:33.9474609Z [0m[[0m[0minfo[0m] [0m[0m[32mSSE POST /mcp/messages[0m[0m
Test (ubuntu-latest, 21)	Run tests	2026-06-22T17:41:33.9486905Z [0m[[0m[0minfo[0m] [0m[0m[32m- should return 400 when sessionId query parameter is missing[0m[0m
Test (ubuntu-latest, 21)	Run tests	2026-06-22T17:41:33.9498489Z [0m[[0m[0minfo[0m] [0m[0m[32m- should return 400 for an unknown sessionId[0m[0m
Test (ubuntu-latest, 21)	Run tests	2026-06-22T17:41:33.9499514Z [0m[[0m[0minfo[0m] [0m[0m[32mSSE full round-trip[0m[0m
Test (ubuntu-latest, 21)	Run tests	2026-06-22T17:41:43.9635964Z [0m[[0m[0minfo[0m] [0m[0m[32m- should handle an initialize request and return a 2024-11-05 response[0m[0m
Test (ubuntu-latest, 21)	Run tests	2026-06-22T17:41:53.9813546Z [0m[[0m[0minfo[0m] [0m[0m[32m- should list tools over SSE[0m[0m
Test (ubuntu-latest, 21)	Run tests	2026-06-22T17:42:03.9923042Z [0m[[0m[0minfo[0m] [0m[0m[32m- should execute a tool call over SSE[0m[0m
Test (ubuntu-latest, 21)	Run tests	2026-06-22T17:42:14.0062727Z [0m[[0m[0minfo[0m] [0m[0m[32m- should return a METHOD_NOT_FOUND error for unknown methods[0m[0m
Test (ubuntu-latest, 21)	Run tests	2026-06-22T17:42:24.0223530Z [0m[[0m[0minfo[0m] [0m[0m[32m- should handle multiple sequential requests on the same SSE session[0m[0m
Test (ubuntu-latest, 21)	Run tests	2026-06-22T17:42:34.0281889Z [0m[[0m[0minfo[0m] [0m[0m[32m- should acknowledge a JSON-RPC notification (no id) with 202 and no SSE event[0m[0m
Test (ubuntu-latest, 21)	Run tests	2026-06-22T17:42:44.0410529Z [0m[[0m[0minfo[0m] [0m[0m[32m- should return 400 for a POST to messages with an invalid JSON body[0m[0m
Test (ubuntu-latest, 21)	Run tests	2026-06-22T17:42:54.0451466Z [0m[[0m[0minfo[0m] [0m[0m[32m- should return 400 for a POST to messages with valid JSON but un-parseable as JsonRpcRequest[0m[0m
Test (ubuntu-latest, 21)	Run tests	2026-06-22T17:43:04.0497809Z [0m[[0m[0minfo[0m] [0m[0m[32m- should handle SSE initialize request without params using default InitializeRequest[0m[0m
Test (ubuntu-latest, 21)	Run tests	2026-06-22T17:43:04.1162106Z [0m[[0m[0minfo[0m] [0m[0m[32mTraceCollectorPropertySpec:[0m[0m
Test (ubuntu-latest, 21)	Run tests	2026-06-22T17:43:04.1165098Z [0m[[0m[0minfo[0m] [0m[0m[32mTraceCollectorTracing.traceEvent[0m[0m
Test (ubuntu-latest, 21)	Run tests	2026-06-22T17:43:04.1744288Z [0m[[0m[0minfo[0m] [0m[0m[32m- should produce exactly one span per call[0m[0m
Test (ubuntu-latest, 21)	Run tests	2026-06-22T17:43:04.2550434Z [0m[[0m[0minfo[0m] [0m[0m[32m- should store all spans under the collector's traceId[0m[0m
Test (ubuntu-latest, 21)	Run tests	2026-06-22T17:43:04.2552055Z [0m[[0m[0minfo[0m] [0m[0m[32mTraceCollectorTracing[0m[0m
Test (ubuntu-latest, 21)	Run tests	2026-06-22T17:43:04.2678523Z [0m[[0m[0minfo[0m] [0m[0m[32m- should emit AgentCall spans for AgentInitialized[0m[0m
Test (ubuntu-latest, 21)	Run tests	2026-06-22T17:43:04.2722443Z [0m[[0m[0minfo[0m] [0m[0m[32m- should emit LlmCall spans for CompletionReceived[0m[0m
Test (ubuntu-latest, 21)	Run tests	2026-06-22T17:43:04.2755497Z [0m[[0m[0minfo[0m] [0m[0m[32m- should emit ToolCall spans for ToolExecuted[0m[0m
Test (ubuntu-latest, 21)	Run tests	2026-06-22T17:43:04.2789133Z [0m[[0m[0minfo[0m] [0m[0m[32m- should emit Embedding spans for EmbeddingUsageRecorded[0m[0m
Test (ubuntu-latest, 21)	Run tests	2026-06-22T17:43:04.2811800Z [0m[[0m[0minfo[0m] [0m[0m[32m- should emit Rag spans for RAGOperationCompleted[0m[0m
Test (ubuntu-latest, 21)	Run tests	2026-06-22T17:43:04.2845962Z [0m[[0m[0minfo[0m] [0m[0m[32m- should emit Cache spans for CacheHit[0m[0m
Test (ubuntu-latest, 21)	Run tests	2026-06-22T17:43:04.2853931Z [0m[[0m[0minfo[0m] [0m[0m[32m- should emit Cache spans for CacheMiss[0m[0m
Test (ubuntu-latest, 21)	Run tests	2026-06-22T17:43:04.2875236Z [0m[[0m[0minfo[0m] [0m[0m[32m- should emit Ok status for successful ToolExecuted events[0m[0m
Test (ubuntu-latest, 21)	Run tests	2026-06-22T17:43:04.2911778Z [0m[[0m[0minfo[0m] [0m[0m[32m- should emit Error status for failed ToolExecuted events[0m[0m
Test (ubuntu-latest, 21)	Run tests	2026-06-22T17:43:04.2956630Z [0m[[0m[0minfo[0m] [0m[0m[32m- should emit Error status containing the exception message for ErrorOccurred[0m[0m
Test (ubuntu-latest, 21)	Run tests	2026-06-22T17:43:04.2959212Z [0m[[0m[0minfo[0m] [0m[0m[32mTraceCollectorTracing.traceError[0m[0m
Test (ubuntu-latest, 21)	Run tests	2026-06-22T17:43:04.3007182Z [0m[[0m[0minfo[0m] [0m[0m[32m- should emit an error span with the exception message[0m[0m
Test (ubuntu-latest, 21)	Run tests	2026-06-22T17:43:04.3039815Z [0m[[0m[0minfo[0m] [0m[0m[32m- should return Right(())[0m[0m
Test (ubuntu-latest, 21)	Run tests	2026-06-22T17:43:04.3046567Z [0m[[0m[0minfo[0m] [0m[0m[32mTraceCollectorTracing.traceToolCall[0m[0m
Test (ubuntu-latest, 21)	Run tests	2026-06-22T17:43:04.3066986Z [0m[[0m[0minfo[0m] [0m[0m[32m- should emit a ToolCall span with Ok status[0m[0m
Test (ubuntu-latest, 21)	Run tests	2026-06-22T17:43:04.3068683Z [0m[[0m[0minfo[0m] [0m[0m[32mTraceCollectorTracing.traceCompletion[0m[0m
Test (ubuntu-latest, 21)	Run tests	2026-06-22T17:43:04.3083547Z [0m[[0m[0minfo[0m] [0m[0m[32m- should emit an LlmCall span with Ok status[0m[0m
Test (ubuntu-latest, 21)	Run tests	2026-06-22T17:43:04.3087082Z [0m[[0m[0minfo[0m] [0m[0m[32mTraceCollectorTracing.traceTokenUsage[0m[0m
Test (ubuntu-latest, 21)	Run tests	2026-06-22T17:43:04.3115353Z [0m[[0m[0minfo[0m] [0m[0m[32m- should emit an Internal span with Ok status[0m[0m
Test (ubuntu-latest, 21)	Run tests	2026-06-22T17:43:04.3117187Z [0m[[0m[0minfo[0m] [0m[0m[32mTraceCollectorTracing with explicit traceId[0m[0m
Test (ubuntu-latest, 21)	Run tests	2026-06-22T17:43:04.3175898Z [0m[[0m[0minfo[0m] [0m[0m[32m- should use the provided traceId for all spans[0m[0m
Test (ubuntu-latest, 21)	Run tests	2026-06-22T17:43:04.3176778Z [0m[[0m[0minfo[0m] [0m[0m[32mTraceCollectorTracing[0m[0m
Test (ubuntu-latest, 21)	Run tests	2026-06-22T17:43:04.3190213Z [0m[[0m[0minfo[0m] [0m[0m[32m- should set hit=true attribute for CacheHit events[0m[0m
Test (ubuntu-latest, 21)	Run tests	2026-06-22T17:43:04.3201271Z [0m[[0m[0minfo[0m] [0m[0m[32m- should set hit=false attribute for CacheMiss events[0m[0m
Test (ubuntu-latest, 21)	Run tests	2026-06-22T17:43:04.3202898Z [0m[[0m[0minfo[0m] [0m[0m[32mTraceCollectorTracing[0m[0m
Test (ubuntu-latest, 21)	Run tests	2026-06-22T17:43:04.3258544Z [0m[[0m[0minfo[0m] [0m[0m[32m- should persist a Trace record visible via getTrace[0m[0m
Test (ubuntu-latest, 21)	Run tests	2026-06-22T17:43:04.3354418Z [0m[[0m[0minfo[0m] [0m[0m[32m- should make the trace visible via queryTraces[0m[0m
Test (ubuntu-latest, 21)	Run tests	2026-06-22T17:43:04.3396281Z [0m[[0m[0minfo[0m] [0m[0m[32m- should persist the Trace record before any spans are recorded[0m[0m
Test (ubuntu-latest, 21)	Run tests	2026-06-22T17:43:04.3397760Z [0m[[0m[0minfo[0m] [0m[0m[32mAssistantAgentSpec:[0m[0m
Test (ubuntu-latest, 21)	Run tests	2026-06-22T17:43:04.3398967Z [0m[[0m[0minfo[0m] [0m[0m[32mAssistantAgent.addUserMessage[0m[0m
Test (ubuntu-latest, 21)	Run tests	2026-06-22T17:43:04.3509262Z [0m[[0m[0minfo[0m] [0m[0m[32m- should add message to existing conversation (Some branch)[0m[0m
Test (ubuntu-latest, 21)	Run tests	2026-06-22T17:43:04.3531937Z [0m[[0m[0minfo[0m] [0m[0m[32m- should initialize agent state on first message (None branch)[0m[0m
Test (ubuntu-latest, 21)	Run tests	2026-06-22T17:43:04.3539072Z [0m[[0m[0minfo[0m] [0m[0m[32m- should succeed on initialization with a broken LLM client (no LLM call during init)[0m[0m
Test (ubuntu-latest, 21)	Run tests	2026-06-22T17:43:04.3540698Z [0m[[0m[0minfo[0m] [0m[0m[32mAssistantAgent.extractFinalResponse[0m[0m
Test (ubuntu-latest, 21)	Run tests	2026-06-22T17:43:04.3546467Z [0m[[0m[0minfo[0m] [0m[0m[32m- should return the last assistant message without tool calls[0m[0m
Test (ubuntu-latest, 21)	Run tests	2026-06-22T17:43:04.3548516Z [0m[[0m[0minfo[0m] [0m[0m[32m- should skip tool-call messages and return the last plain assistant message[0m[0m
Test (ubuntu-latest, 21)	Run tests	2026-06-22T17:43:04.3556513Z [0m[[0m[0minfo[0m] [0m[0m[32m- should return Left when there is no agent state[0m[0m
Test (ubuntu-latest, 21)	Run tests	2026-06-22T17:43:04.3559481Z [0m[[0m[0minfo[0m] [0m[0m[32m- should return Left when conversation has no plain assistant message[0m[0m
Test (ubuntu-latest, 21)	Run tests	2026-06-22T17:43:04.3561120Z [0m[[0m[0minfo[0m] [0m[0m[32mAssistantAgent.runAgentToCompletion[0m[0m
Test (ubuntu-latest, 21)	Run tests	2026-06-22T17:43:04.3563059Z [0m[[0m[0minfo[0m] [0m[0m[32m- should return Left when there is no agent state[0m[0m
Test (ubuntu-latest, 21)	Run tests	2026-06-22T17:43:04.3567499Z [0m[[0m[0minfo[0m] [0m[0m[32m- should return immediately when agent status is already Complete[0m[0m
Test (ubuntu-latest, 21)	Run tests	2026-06-22T17:43:04.3571688Z [0m[[0m[0minfo[0m] [0m[0m[32m- should run steps and complete when LLM returns a plain response[0m[0m
Test (ubuntu-latest, 21)	Run tests	2026-06-22T17:43:04.3575648Z [0m[[0m[0minfo[0m] [0m[0m[32m- should support explicit AgentContext when running to completion[0m[0m
Test (ubuntu-latest, 21)	Run tests	2026-06-22T17:43:04.3587829Z [0m[[0m[0minfo[0m] [0m[0m[32m- should propagate constructor-provided AgentContext through processInput[0m[0m
Test (ubuntu-latest, 21)	Run tests	2026-06-22T17:43:04.3592999Z [0m[[0m[0minfo[0m] [0m[0m[32m- should return Left when the LLM call fails during step execution[0m[0m
Test (ubuntu-latest, 21)	Run tests	2026-06-22T17:43:04.3594317Z [0m[[0m[0minfo[0m] [0m[0m[32mAssistantAgent.processInput[0m[0m
Test (ubuntu-latest, 21)	Run tests	2026-06-22T17:43:04.3596584Z [0m[[0m[0minfo[0m] [0m[0m[32m- should return empty string for empty input[0m[0m
Test (ubuntu-latest, 21)	Run tests	2026-06-22T17:43:04.3823526Z [0m[[0m[0minfo[0m] [0m[0m[32m- should handle slash commands without calling the LLM[0m[0m
Test (ubuntu-latest, 21)	Run tests	2026-06-22T17:43:04.3827845Z [0m[[0m[0minfo[0m] [0m[0m[32m- should route non-command input to the agent query path[0m[0m
Test (ubuntu-latest, 21)	Run tests	2026-06-22T17:43:04.3876098Z [0m[[0m[0minfo[0m] [0m[0m[32mParameterValidationTest:[0m[0m
Test (ubuntu-latest, 21)	Run tests	2026-06-22T17:43:04.3877441Z [0m[[0m[0minfo[0m] [0m[0m[32mToolFunction[0m[0m
Test (ubuntu-latest, 21)	Run tests	2026-06-22T17:43:04.3897910Z [0m[[0m[0minfo[0m] [0m[0m[32m- should provide clear error message for null arguments[0m[0m
Test (ubuntu-latest, 21)	Run tests	2026-06-22T17:43:04.3898849Z [0m[[0m[0minfo[0m] [0m[0m[32mToolFunction[0m[0m
Test (ubuntu-latest, 21)	Run tests	2026-06-22T17:43:04.3916341Z [0m[[0m[0minfo[0m] [0m[0m[32m- should provide clear error message for missing required parameters[0m[0m
Test (ubuntu-latest, 21)	Run tests	2026-06-22T17:43:04.3918036Z [0m[[0m[0minfo[0m] [0m[0m[32mToolFunction[0m[0m
Test (ubuntu-latest, 21)	Run tests	2026-06-22T17:43:04.3930557Z [0m[[0m[0minfo[0m] [0m[0m[32m- should provide clear error message for type mismatches[0m[0m
Test (ubuntu-latest, 21)	Run tests	2026-06-22T17:43:04.3933185Z [0m[[0m[0minfo[0m] [0m[0m[32mToolFunction[0m[0m
Test (ubuntu-latest, 21)	Run tests	2026-06-22T17:43:04.3948617Z [0m[[0m[0minfo[0m] [0m[0m[32m- should provide clear error message for null values in required fields[0m[0m
Test (ubuntu-latest, 21)	Run tests	2026-06-22T17:43:04.3951539Z [0m[[0m[0minfo[0m] [0m[0m[32mSafeParameterExtractor[0m[0m
Test (ubuntu-latest, 21)	Run tests	2026-06-22T17:43:04.3961248Z [0m[[0m[0minfo[0m] [0m[0m[32m- should provide helpful error for accessing properties on non-objects[0m[0m
Test (ubuntu-latest, 21)	Run tests	2026-06-22T17:43:04.3963872Z [0m[[0m[0minfo[0m] [0m[0m[32mSafeParameterExtractor[0m[0m
Test (ubuntu-latest, 21)	Run tests	2026-06-22T17:43:04.3969492Z [0m[[0m[0minfo[0m] [0m[0m[32m- should list available properties when a required one is missing[0m[0m
Test (ubuntu-latest, 21)	Run tests	2026-06-22T17:43:04.3972064Z [0m[[0m[0minfo[0m] [0m[0m[32mSafeParameterExtractor[0m[0m
Test (ubuntu-latest, 21)	Run tests	2026-06-22T17:43:04.3977901Z [0m[[0m[0minfo[0m] [0m[0m[32m- should show root-level keys when root parameter is missing[0m[0m
Test (ubuntu-latest, 21)	Run tests	2026-06-22T17:43:04.3980695Z [0m[[0m[0minfo[0m] [0m[0m[32mSafeParameterExtractor[0m[0m
Test (ubuntu-latest, 21)	Run tests	2026-06-22T17:43:04.3984953Z [0m[[0m[0minfo[0m] [0m[0m[32m- should handle nested null values gracefully[0m[0m
Test (ubuntu-latest, 21)	Run tests	2026-06-22T17:43:04.3986381Z [0m[[0m[0minfo[0m] [0m[0m[32mSafeParameterExtractor[0m[0m
Test (ubuntu-latest, 21)	Run tests	2026-06-22T17:43:04.3996402Z [0m[[0m[0minfo[0m] [0m[0m[32m- should show correct keys for deeply nested missing parameters[0m[0m
Test (ubuntu-latest, 21)	Run tests	2026-06-22T17:43:04.3997552Z [0m[[0m[0minfo[0m] [0m[0m[32mToolFunction with complex nested parameters[0m[0m
Test (ubuntu-latest, 21)	Run tests	2026-06-22T17:43:04.4015600Z [0m[[0m[0minfo[0m] [0m[0m[32m- should provide clear path information in errors[0m[0m
Test (ubuntu-latest, 21)	Run tests	2026-06-22T17:43:04.4016979Z [0m[[0m[0minfo[0m] [0m[0m[32mToolCallError[0m[0m
Test (ubuntu-latest, 21)	Run tests	2026-06-22T17:43:04.4018795Z [0m[[0m[0minfo[0m] [0m[0m[32m- should format multiple errors nicely[0m[0m
Test (ubuntu-latest, 21)	Run tests	2026-06-22T17:43:04.4081344Z [0m[[0m[0minfo[0m] [0m[0m[32mLlm4sHttpClientSpec:[0m[0m
Test (ubuntu-latest, 21)	Run tests	2026-06-22T17:43:04.4096712Z [0m[[0m[0minfo[0m] [0m[0m[32mHttpResponse[0m[0m
Test (ubuntu-latest, 21)	Run tests	2026-06-22T17:43:04.4116685Z [0m[[0m[0minfo[0m] [0m[0m[32m- should have sensible defaults[0m[0m
Test (ubuntu-latest, 21)	Run tests	2026-06-22T17:43:04.4120223Z [0m[[0m[0minfo[0m] [0m[0m[32m- should convert a successful response to JsonHttpResponse[0m[0m
Test (ubuntu-latest, 21)	Run tests	2026-06-22T17:43:04.4123793Z [0m[[0m[0minfo[0m] [0m[0m[32m- should fail clearly when JSON response parsing fails[0m[0m
Test (ubuntu-latest, 21)	Run tests	2026-06-22T17:43:04.4126376Z [0m[[0m[0minfo[0m] [0m[0m[32m- should reject non-success responses via ensureSuccess[0m[0m
Test (ubuntu-latest, 21)	Run tests	2026-06-22T17:43:04.4129152Z [0m[[0m[0minfo[0m] [0m[0m[32m- should store headers[0m[0m
Test (ubuntu-latest, 21)	Run tests	2026-06-22T17:43:04.4131436Z [0m[[0m[0minfo[0m] [0m[0m[32mHttpRawResponse[0m[0m
Test (ubuntu-latest, 21)	Run tests	2026-06-22T17:43:04.4133122Z [0m[[0m[0minfo[0m] [0m[0m[32m- should hold status code and raw bytes[0m[0m
Test (ubuntu-latest, 21)	Run tests	2026-06-22T17:43:04.4134618Z [0m[[0m[0minfo[0m] [0m[0m[32mMultipartPart.TextField[0m[0m
Test (ubuntu-latest, 21)	Run tests	2026-06-22T17:43:04.4137524Z [0m[[0m[0minfo[0m] [0m[0m[32m- should hold name and value[0m[0m
Test (ubuntu-latest, 21)	Run tests	2026-06-22T17:43:04.4138605Z [0m[[0m[0minfo[0m] [0m[0m[32mMultipartPart.FilePart[0m[0m
Test (ubuntu-latest, 21)	Run tests	2026-06-22T17:43:04.4139728Z [0m[[0m[0minfo[0m] [0m[0m[32m- should hold name, path, and filename[0m[0m
Test (ubuntu-latest, 21)	Run tests	2026-06-22T17:43:04.4140799Z [0m[[0m[0minfo[0m] [0m[0m[32mLlm4sHttpClient.create()[0m[0m
Test (ubuntu-latest, 21)	Run tests	2026-06-22T17:43:04.4142895Z [0m[[0m[0minfo[0m] [0m[0m[32m- should return a JdkHttpClient instance[0m[0m
Test (ubuntu-latest, 21)	Run tests	2026-06-22T17:43:04.4145148Z [0m[[0m[0minfo[0m] [0m[0m[32mJdkHttpClient.get[0m[0m
Test (ubuntu-latest, 21)	Run tests	2026-06-22T17:43:04.4211581Z [0m[[0m[0minfo[0m] [0m[0m[32m- should send a GET request and return response[0m[0m
Test (ubuntu-latest, 21)	Run tests	2026-06-22T17:43:04.4636753Z [0m[[0m[0minfo[0m] [0m[0m[32m- should return Result from getResult for successful requests[0m[0m
Test (ubuntu-latest, 21)	Run tests	2026-06-22T17:43:04.5064336Z [0m[[0m[0minfo[0m] [0m[0m[32m- should pass custom headers[0m[0m
Test (ubuntu-latest, 21)	Run tests	2026-06-22T17:43:04.5499967Z [0m[[0m[0minfo[0m] [0m[0m[32m- should encode and append query params[0m[0m
Test (ubuntu-latest, 21)	Run tests	2026-06-22T17:43:04.5927023Z [0m[[0m[0minfo[0m] [0m[0m[32m- should append query params to URL that already has params[0m[0m
Test (ubuntu-latest, 21)	Run tests	2026-06-22T17:43:04.6357376Z [0m[[0m[0minfo[0m] [0m[0m[32m- should return response headers with lowercase keys[0m[0m
Test (ubuntu-latest, 21)	Run tests	2026-06-22T17:43:04.6380036Z [0m[[0m[0minfo[0m] [0m[0m[32m- should return Left from getResult when transport fails[0m[0m
Test (ubuntu-latest, 21)	Run tests	2026-06-22T17:43:04.6380972Z [0m[[0m[0minfo[0m] [0m[0m[32mJdkHttpClient.post[0m[0m
Test (ubuntu-latest, 21)	Run tests	2026-06-22T17:43:04.6803745Z [0m[[0m[0minfo[0m] [0m[0m[32m- should send a POST request with string body[0m[0m
Test (ubuntu-latest, 21)	Run tests	2026-06-22T17:43:04.6805879Z [0m[[0m[0minfo[0m] [0m[0m[32mJdkHttpClient.postBytes[0m[0m
Test (ubuntu-latest, 21)	Run tests	2026-06-22T17:43:04.7228741Z [0m[[0m[0minfo[0m] [0m[0m[32m- should send a POST request with byte array body[0m[0m
Test (ubuntu-latest, 21)	Run tests	2026-06-22T17:43:04.7236855Z [0m[[0m[0minfo[0m] [0m[0m[32mJdkHttpClient.put[0m[0m
Test (ubuntu-latest, 21)	Run tests	2026-06-22T17:43:04.7646107Z [0m[[0m[0minfo[0m] [0m[0m[32m- should send a PUT request with string body[0m[0m
Test (ubuntu-latest, 21)	Run tests	2026-06-22T17:43:04.7653227Z [0m[[0m[0minfo[0m] [0m[0m[32mJdkHttpClient.delete[0m[0m
Test (ubuntu-latest, 21)	Run tests	2026-06-22T17:43:04.8069452Z [0m[[0m[0minfo[0m] [0m[0m[32m- should send a DELETE request[0m[0m
Test (ubuntu-latest, 21)	Run tests	2026-06-22T17:43:04.8070980Z [0m[[0m[0minfo[0m] [0m[0m[32mJdkHttpClient.postRaw[0m[0m
Test (ubuntu-latest, 21)	Run tests	2026-06-22T17:43:04.8516518Z [0m[[0m[0minfo[0m] [0m[0m[32m- should return an HttpRawResponse with the correct status code[0m[0m
Test (ubuntu-latest, 21)	Run tests	2026-06-22T17:43:04.8935338Z [0m[[0m[0minfo[0m] [0m[0m[32m- should return body as exact raw bytes without charset corruption[0m[0m
Test (ubuntu-latest, 21)	Run tests	2026-06-22T17:43:04.9366487Z [0m[[0m[0minfo[0m] [0m[0m[32m- should send the POST body to the server[0m[0m
Test (ubuntu-latest, 21)	Run tests	2026-06-22T17:43:04.9788000Z [0m[[0m[0minfo[0m] [0m[0m[32m- should return the correct status code for non-2xx responses[0m[0m
Test (ubuntu-latest, 21)	Run tests	2026-06-22T17:43:04.9790751Z [0m[[0m[0minfo[0m] [0m[0m[32mJdkHttpClient[0m[0m
Test (ubuntu-latest, 21)	Run tests	2026-06-22T17:43:05.0230228Z [0m[[0m[0minfo[0m] [0m[0m[32m- should not throw on 404 status[0m[0m
Test (ubuntu-latest, 21)	Run tests	2026-06-22T17:43:05.0652296Z [0m[[0m[0minfo[0m] [0m[0m[32m- should not throw on 500 status[0m[0m
Test (ubuntu-latest, 21)	Run tests	2026-06-22T17:43:05.0663328Z [0m[[0m[0minfo[0m] [0m[0m[32mJdkHttpClient.postMultipart[0m[0m
Test (ubuntu-latest, 21)	Run tests	2026-06-22T17:43:05.1096119Z [0m[[0m[0minfo[0m] [0m[0m[32m- should send multipart form data with text fields[0m[0m
Test (ubuntu-latest, 21)	Run tests	2026-06-22T17:43:05.1539918Z [0m[[0m[0minfo[0m] [0m[0m[32m- should send multipart form data with file parts[0m[0m
Test (ubuntu-latest, 21)	Run tests	2026-06-22T17:43:05.1588607Z [0m[[0m[0minfo[0m] [0m[0m[32mLocalImageProcessorTest:[0m[0m
Test (ubuntu-latest, 21)	Run tests	2026-06-22T17:43:05.1591066Z [0m[[0m[0minfo[0m] [0m[0m[32mLocalImageProcessor[0m[0m
Test (ubuntu-latest, 21)	Run tests	2026-06-22T17:43:05.4965807Z [0m[[0m[0minfo[0m] [0m[0m[32m- should analyze image with basic information[0m[0m
Test (ubuntu-latest, 21)	Run tests	2026-06-22T17:43:05.4992270Z [0m[[0m[0minfo[0m] [0m[0m[32m- should analyze image asynchronously[0m[0m
Test (ubuntu-latest, 21)	Run tests	2026-06-22T17:43:05.5056229Z [0m[[0m[0minfo[0m] [0m[0m[32m- should resize image successfully[0m[0m
Test (ubuntu-latest, 21)	Run tests	2026-06-22T17:43:05.5084908Z [0m[[0m[0minfo[0m] [0m[0m[32m- should maintain aspect ratio when resizing[0m[0m
Test (ubuntu-latest, 21)	Run tests	2026-06-22T17:43:05.5124147Z [0m[[0m[0minfo[0m] [0m[0m[32m- should crop image successfully[0m[0m
Test (ubuntu-latest, 21)	Run tests	2026-06-22T17:43:05.5159292Z [0m[[0m[0minfo[0m] [0m[0m[32m- should rotate image successfully[0m[0m
Test (ubuntu-latest, 21)	Run tests	2026-06-22T17:43:05.6887548Z [0m[[0m[0minfo[0m] [0m[0m[32m- should apply blur successfully[0m[0m
Test (ubuntu-latest, 21)	Run tests	2026-06-22T17:43:05.6949771Z [0m[[0m[0minfo[0m] [0m[0m[32m- should adjust brightness successfully[0m[0m
Test (ubuntu-latest, 21)	Run tests	2026-06-22T17:43:05.6996771Z [0m[[0m[0minfo[0m] [0m[0m[32m- should adjust contrast successfully[0m[0m
Test (ubuntu-latest, 21)	Run tests	2026-06-22T17:43:05.7025927Z [0m[[0m[0minfo[0m] [0m[0m[32m- should convert to grayscale successfully[0m[0m
Test (ubuntu-latest, 21)	Run tests	2026-06-22T17:43:05.8232732Z [0m[[0m[0minfo[0m] [0m[0m[32m- should convert format successfully[0m[0m
Test (ubuntu-latest, 21)	Run tests	2026-06-22T17:43:05.9022589Z [0m[[0m[0minfo[0m] [0m[0m[32m- should handle multiple operations in sequence[0m[0m
Test (ubuntu-latest, 21)	Run tests	2026-06-22T17:43:05.9026267Z [0m[[0m[0minfo[0m] [0m[0m[32m- should fail with invalid file path[0m[0m
Test (ubuntu-latest, 21)	Run tests	2026-06-22T17:43:05.9033026Z [0m[[0m[0minfo[0m] [0m[0m[32m- should fail with invalid image file[0m[0m
Test (ubuntu-latest, 21)	Run tests	2026-06-22T17:43:05.9052626Z [0m[[0m[0minfo[0m] [0m[0m[32m- should fail with invalid resize dimensions[0m[0m
Test (ubuntu-latest, 21)	Run tests	2026-06-22T17:43:05.9069989Z [0m[[0m[0minfo[0m] [0m[0m[32m- should fail with invalid crop dimensions[0m[0m
Test (ubuntu-latest, 21)	Run tests	2026-06-22T17:43:05.9099671Z [0m[[0m[0minfo[0m] [0m[0m[32m- should handle WEBP format with fallback[0m[0m
Test (ubuntu-latest, 21)	Run tests	2026-06-22T17:43:05.9214837Z [0m[[0m[0minfo[0m] [0m[0m[32mRAGGuardrailSpec:[0m[0m
Test (ubuntu-latest, 21)	Run tests	2026-06-22T17:43:05.9236098Z [0m[[0m[0minfo[0m] [0m[0m[32mRAGContext[0m[0m
Test (ubuntu-latest, 21)	Run tests	2026-06-22T17:43:05.9237862Z [0m[[0m[0minfo[0m] [0m[0m[32m- should combine chunks into single context[0m[0m
Test (ubuntu-latest, 21)	Run tests	2026-06-22T17:43:05.9239332Z [0m[[0m[0minfo[0m] [0m[0m[32m- should provide chunks with sources[0m[0m
Test (ubuntu-latest, 21)	Run tests	2026-06-22T17:43:05.9240302Z [0m[[0m[0minfo[0m] [0m[0m[32m- should handle missing sources gracefully[0m[0m
Test (ubuntu-latest, 21)	Run tests	2026-06-22T17:43:05.9241244Z [0m[[0m[0minfo[0m] [0m[0m[32m- should detect complete sources[0m[0m
Test (ubuntu-latest, 21)	Run tests	2026-06-22T17:43:05.9242078Z [0m[[0m[0minfo[0m] [0m[0m[32mGroundingGuardrail[0m[0m
Test (ubuntu-latest, 21)	Run tests	2026-06-22T17:43:05.9296774Z [0m[[0m[0minfo[0m] [0m[0m[32m- should pass when response is well-grounded[0m[0m
Test (ubuntu-latest, 21)	Run tests	2026-06-22T17:43:05.9305360Z [0m[[0m[0minfo[0m] [0m[0m[32m- should fail when response is not grounded[0m[0m
Test (ubuntu-latest, 21)	Run tests	2026-06-22T17:43:05.9307580Z [0m[[0m[0minfo[0m] [0m[0m[32m- should pass when score equals threshold[0m[0m
Test (ubuntu-latest, 21)	Run tests	2026-06-22T17:43:05.9312468Z [0m[[0m[0minfo[0m] [0m[0m[32m- should include ungrounded claims in error message when present[0m[0m
Test (ubuntu-latest, 21)	Run tests	2026-06-22T17:43:05.9318912Z [0m[[0m[0minfo[0m] [0m[0m[32m- should handle empty chunks by failing in Block mode[0m[0m
Test (ubuntu-latest, 21)	Run tests	2026-06-22T17:43:05.9321569Z [0m[[0m[0minfo[0m] [0m[0m[32m- should pass through with empty chunks in Warn mode[0m[0m
Test (ubuntu-latest, 21)	Run tests	2026-06-22T17:43:05.9324968Z [0m[[0m[0minfo[0m] [0m[0m[32m- should include query and chunks in LLM request[0m[0m
Test (ubuntu-latest, 21)	Run tests	2026-06-22T17:43:05.9330638Z [0m[[0m[0minfo[0m] [0m[0m[32m- should propagate LLM client errors[0m[0m
Test (ubuntu-latest, 21)	Run tests	2026-06-22T17:43:05.9335280Z [0m[[0m[0minfo[0m] [0m[0m[32m- should fall back to score-only parsing[0m[0m
Test (ubuntu-latest, 21)	Run tests	2026-06-22T17:43:05.9339870Z [0m[[0m[0minfo[0m] [0m[0m[32m- should fail when LLM response is unparseable[0m[0m
Test (ubuntu-latest, 21)	Run tests	2026-06-22T17:43:05.9346584Z [0m[[0m[0minfo[0m] [0m[0m[32m- should allow processing in Warn mode when grounding fails[0m[0m
Test (ubuntu-latest, 21)	Run tests	2026-06-22T17:43:05.9348818Z [0m[[0m[0minfo[0m] [0m[0m[32m- should fail in Fix mode (no auto-fix for grounding)[0m[0m
Test (ubuntu-latest, 21)	Run tests	2026-06-22T17:43:05.9351903Z [0m[[0m[0minfo[0m] [0m[0m[32m- should fail in strict mode when any ungrounded claims exist[0m[0m
Test (ubuntu-latest, 21)	Run tests	2026-06-22T17:43:05.9354059Z [0m[[0m[0minfo[0m] [0m[0m[32m- should pass in strict mode when no ungrounded claims[0m[0m
Test (ubuntu-latest, 21)	Run tests	2026-06-22T17:43:05.9360390Z [0m[[0m[0minfo[0m] [0m[0m[32mGroundingGuardrail.balanced[0m[0m
Test (ubuntu-latest, 21)	Run tests	2026-06-22T17:43:05.9373375Z [0m[[0m[0minfo[0m] [0m[0m[32m- should use 0.7 threshold[0m[0m
Test (ubuntu-latest, 21)	Run tests	2026-06-22T17:43:05.9387969Z [0m[[0m[0minfo[0m] [0m[0m[32mGroundingGuardrail.lenient[0m[0m
Test (ubuntu-latest, 21)	Run tests	2026-06-22T17:43:05.9389105Z [0m[[0m[0minfo[0m] [0m[0m[32m- should use 0.5 threshold[0m[0m
Test (ubuntu-latest, 21)	Run tests	2026-06-22T17:43:05.9390226Z [0m[[0m[0minfo[0m] [0m[0m[32mGroundingGuardrail.monitoring[0m[0m
Test (ubuntu-latest, 21)	Run tests	2026-06-22T17:43:05.9391590Z [0m[[0m[0minfo[0m] [0m[0m[32m- should warn instead of blocking[0m[0m
Test (ubuntu-latest, 21)	Run tests	2026-06-22T17:43:05.9392806Z [0m[[0m[0minfo[0m] [0m[0m[32mGroundingGuardrail.validate[0m[0m
Test (ubuntu-latest, 21)	Run tests	2026-06-22T17:43:05.9393919Z [0m[[0m[0minfo[0m] [0m[0m[32m- should pass through without context[0m[0m
Test (ubuntu-latest, 21)	Run tests	2026-06-22T17:43:05.9395120Z [0m[[0m[0minfo[0m] [0m[0m[32mRAGGuardrail.all[0m[0m
Test (ubuntu-latest, 21)	Run tests	2026-06-22T17:43:05.9399867Z [0m[[0m[0minfo[0m] [0m[0m[32m- should pass when all guardrails pass[0m[0m
Test (ubuntu-latest, 21)	Run tests	2026-06-22T17:43:05.9403970Z [0m[[0m[0minfo[0m] [0m[0m[32m- should fail when any guardrail fails[0m[0m
Test (ubuntu-latest, 21)	Run tests	2026-06-22T17:43:05.9410201Z [0m[[0m[0minfo[0m] [0m[0m[32m- should provide descriptive name[0m[0m
Test (ubuntu-latest, 21)	Run tests	2026-06-22T17:43:05.9411213Z [0m[[0m[0minfo[0m] [0m[0m[32mGroundingResult[0m[0m
Test (ubuntu-latest, 21)	Run tests	2026-06-22T17:43:05.9413050Z [0m[[0m[0minfo[0m] [0m[0m[32m- should correctly represent grounded state[0m[0m
Test (ubuntu-latest, 21)	Run tests	2026-06-22T17:43:05.9414201Z [0m[[0m[0minfo[0m] [0m[0m[32m- should correctly represent ungrounded state[0m[0m
Test (ubuntu-latest, 21)	Run tests	2026-06-22T17:43:05.9415490Z [0m[[0m[0minfo[0m] [0m[0m[32mContextRelevanceGuardrail[0m[0m
Test (ubuntu-latest, 21)	Run tests	2026-06-22T17:43:05.9472534Z [0m[[0m[0minfo[0m] [0m[0m[32m- should pass when chunks are relevant[0m[0m
Test (ubuntu-latest, 21)	Run tests	2026-06-22T17:43:05.9477927Z [0m[[0m[0minfo[0m] [0m[0m[32m- should fail when chunks are irrelevant[0m[0m
Test (ubuntu-latest, 21)	Run tests	2026-06-22T17:43:05.9492995Z [0m[[0m[0minfo[0m] [0m[0m[32m- should handle empty chunks[0m[0m
Test (ubuntu-latest, 21)	Run tests	2026-06-22T17:43:05.9494414Z [0m[[0m[0minfo[0m] [0m[0m[32m- should pass through without context in standard validate[0m[0m
Test (ubuntu-latest, 21)	Run tests	2026-06-22T17:43:05.9496116Z [0m[[0m[0minfo[0m] [0m[0m[32mContextRelevanceGuardrail.strict[0m[0m
Test (ubuntu-latest, 21)	Run tests	2026-06-22T17:43:05.9497320Z [0m[[0m[0minfo[0m] [0m[0m[32m- should require high relevance[0m[0m
Test (ubuntu-latest, 21)	Run tests	2026-06-22T17:43:05.9498563Z [0m[[0m[0minfo[0m] [0m[0m[32mContextRelevanceGuardrail.monitoring[0m[0m
Test (ubuntu-latest, 21)	Run tests	2026-06-22T17:43:05.9499875Z [0m[[0m[0minfo[0m] [0m[0m[32m- should warn instead of blocking[0m[0m
Test (ubuntu-latest, 21)	Run tests	2026-06-22T17:43:05.9501099Z [0m[[0m[0minfo[0m] [0m[0m[32mContextRelevanceResult[0m[0m
Test (ubuntu-latest, 21)	Run tests	2026-06-22T17:43:05.9502355Z [0m[[0m[0minfo[0m] [0m[0m[32m- should identify relevant chunk indices[0m[0m
Test (ubuntu-latest, 21)	Run tests	2026-06-22T17:43:05.9503541Z [0m[[0m[0minfo[0m] [0m[0m[32mSourceAttributionGuardrail[0m[0m
Test (ubuntu-latest, 21)	Run tests	2026-06-22T17:43:05.9554456Z [0m[[0m[0minfo[0m] [0m[0m[32m- should pass when sources are cited[0m[0m
Test (ubuntu-latest, 21)	Run tests	2026-06-22T17:43:05.9558942Z [0m[[0m[0minfo[0m] [0m[0m[32m- should fail when sources are not cited[0m[0m
Test (ubuntu-latest, 21)	Run tests	2026-06-22T17:43:05.9560580Z [0m[[0m[0minfo[0m] [0m[0m[32m- should pass with empty chunks (no sources to attribute)[0m[0m
Test (ubuntu-latest, 21)	Run tests	2026-06-22T17:43:05.9562383Z [0m[[0m[0minfo[0m] [0m[0m[32m- should pass when attributions not required[0m[0m
Test (ubuntu-latest, 21)	Run tests	2026-06-22T17:43:05.9563571Z [0m[[0m[0minfo[0m] [0m[0m[32mSourceAttributionGuardrail.strict[0m[0m
Test (ubuntu-latest, 21)	Run tests	2026-06-22T17:43:05.9566950Z [0m[[0m[0minfo[0m] [0m[0m[32m- should require high-quality attributions[0m[0m
Test (ubuntu-latest, 21)	Run tests	2026-06-22T17:43:05.9582073Z [0m[[0m[0minfo[0m] [0m[0m[32mSourceAttributionGuardrail.optional[0m[0m
Test (ubuntu-latest, 21)	Run tests	2026-06-22T17:43:05.9583488Z [0m[[0m[0minfo[0m] [0m[0m[32m- should allow without citations[0m[0m
Test (ubuntu-latest, 21)	Run tests	2026-06-22T17:43:05.9584979Z [0m[[0m[0minfo[0m] [0m[0m[32mSourceAttributionResult[0m[0m
Test (ubuntu-latest, 21)	Run tests	2026-06-22T17:43:05.9586166Z [0m[[0m[0minfo[0m] [0m[0m[32m- should correctly represent citation state[0m[0m
Test (ubuntu-latest, 21)	Run tests	2026-06-22T17:43:05.9587377Z [0m[[0m[0minfo[0m] [0m[0m[32mTopicBoundaryGuardrail[0m[0m
Test (ubuntu-latest, 21)	Run tests	2026-06-22T17:43:05.9618312Z [0m[[0m[0minfo[0m] [0m[0m[32m- should pass when query is on topic[0m[0m
Test (ubuntu-latest, 21)	Run tests	2026-06-22T17:43:05.9620942Z [0m[[0m[0minfo[0m] [0m[0m[32m- should fail when query is off topic[0m[0m
Test (ubuntu-latest, 21)	Run tests	2026-06-22T17:43:05.9623119Z [0m[[0m[0minfo[0m] [0m[0m[32m- should pass with empty allowed topics (no restrictions)[0m[0m
Test (ubuntu-latest, 21)	Run tests	2026-06-22T17:43:05.9624340Z [0m[[0m[0minfo[0m] [0m[0m[32m- should allow in Warn mode when off-topic[0m[0m
Test (ubuntu-latest, 21)	Run tests	2026-06-22T17:43:05.9625700Z [0m[[0m[0minfo[0m] [0m[0m[32mTopicBoundaryGuardrail.strict[0m[0m
Test (ubuntu-latest, 21)	Run tests	2026-06-22T17:43:05.9627933Z [0m[[0m[0minfo[0m] [0m[0m[32m- should require high relevance[0m[0m
Test (ubuntu-latest, 21)	Run tests	2026-06-22T17:43:05.9629133Z [0m[[0m[0minfo[0m] [0m[0m[32mTopicBoundaryGuardrail.softwareDevelopment[0m[0m
Test (ubuntu-latest, 21)	Run tests	2026-06-22T17:43:05.9632012Z [0m[[0m[0minfo[0m] [0m[0m[32m- should cover common dev topics[0m[0m
Test (ubuntu-latest, 21)	Run tests	2026-06-22T17:43:05.9633010Z [0m[[0m[0minfo[0m] [0m[0m[32mTopicBoundaryResult[0m[0m
Test (ubuntu-latest, 21)	Run tests	2026-06-22T17:43:05.9634180Z [0m[[0m[0minfo[0m] [0m[0m[32m- should correctly represent topic match[0m[0m
Test (ubuntu-latest, 21)	Run tests	2026-06-22T17:43:05.9635386Z [0m[[0m[0minfo[0m] [0m[0m[32mRAGGuardrails.minimal[0m[0m
Test (ubuntu-latest, 21)	Run tests	2026-06-22T17:43:05.9709692Z [0m[[0m[0minfo[0m] [0m[0m[32m- should include basic guardrails without LLM[0m[0m
Test (ubuntu-latest, 21)	Run tests	2026-06-22T17:43:05.9714080Z [0m[[0m[0minfo[0m] [0m[0m[32mRAGGuardrails.standard[0m[0m
Test (ubuntu-latest, 21)	Run tests	2026-06-22T17:43:05.9715592Z [0m[[0m[0minfo[0m] [0m[0m[32m- should include balanced guardrails[0m[0m
Test (ubuntu-latest, 21)	Run tests	2026-06-22T17:43:05.9719297Z [0m[[0m[0minfo[0m] [0m[0m[32mRAGGuardrails.strict[0m[0m
Test (ubuntu-latest, 21)	Run tests	2026-06-22T17:43:05.9721029Z [0m[[0m[0minfo[0m] [0m[0m[32m- should include comprehensive guardrails[0m[0m
Test (ubuntu-latest, 21)	Run tests	2026-06-22T17:43:05.9722355Z [0m[[0m[0minfo[0m] [0m[0m[32mRAGGuardrails.monitoring[0m[0m
Test (ubuntu-latest, 21)	Run tests	2026-06-22T17:43:05.9723471Z [0m[[0m[0minfo[0m] [0m[0m[32m- should use warn mode[0m[0m
Test (ubuntu-latest, 21)	Run tests	2026-06-22T17:43:05.9724412Z [0m[[0m[0minfo[0m] [0m[0m[32mRAGGuardrails.custom[0m[0m
Test (ubuntu-latest, 21)	Run tests	2026-06-22T17:43:05.9728348Z [0m[[0m[0minfo[0m] [0m[0m[32m- should allow custom combinations[0m[0m
Test (ubuntu-latest, 21)	Run tests	2026-06-22T17:43:05.9730201Z [0m[[0m[0minfo[0m] [0m[0m[32mRAGGuardrails.allGuardrails[0m[0m
Test (ubuntu-latest, 21)	Run tests	2026-06-22T17:43:05.9731372Z [0m[[0m[0minfo[0m] [0m[0m[32m- should flatten all guardrails[0m[0m
Test (ubuntu-latest, 21)	Run tests	2026-06-22T17:43:05.9772741Z [0m[[0m[0minfo[0m] [0m[0m[32mConfigRedactionSpec:[0m[0m
Test (ubuntu-latest, 21)	Run tests	2026-06-22T17:43:05.9773760Z [0m[[0m[0minfo[0m] [0m[0m[32mProvider config toString[0m[0m
Test (ubuntu-latest, 21)	Run tests	2026-06-22T17:43:06.0407884Z [0m[[0m[0minfo[0m] [0m[0m[32m- should not leak apiKey values[0m[0m
Test (ubuntu-latest, 21)	Run tests	2026-06-22T17:43:06.0409550Z [0m[[0m[0minfo[0m] [0m[0m[32mLangfuseConfig toString[0m[0m
Test (ubuntu-latest, 21)	Run tests	2026-06-22T17:43:06.0417093Z [0m[[0m[0minfo[0m] [0m[0m[32m- should not leak keys[0m[0m
Test (ubuntu-latest, 21)	Run tests	2026-06-22T17:43:06.0420168Z [0m[[0m[0minfo[0m] [0m[0m[32m- should render missing keys as None[0m[0m
Test (ubuntu-latest, 21)	Run tests	2026-06-22T17:43:06.0422921Z [0m[[0m[0minfo[0m] [0m[0m[32mEmbeddingProviderConfig toString[0m[0m
Test (ubuntu-latest, 21)	Run tests	2026-06-22T17:43:06.0425126Z [0m[[0m[0minfo[0m] [0m[0m[32m- should not leak apiKey values[0m[0m
Test (ubuntu-latest, 21)	Run tests	2026-06-22T17:43:06.0457959Z [0m[[0m[0minfo[0m] [0m[0m[32mReliabilityConfigSpec:[0m[0m
Test (ubuntu-latest, 21)	Run tests	2026-06-22T17:43:06.0462659Z [0m[[0m[0minfo[0m] [0m[0m[32mReliabilityConfig.default[0m[0m
Test (ubuntu-latest, 21)	Run tests	2026-06-22T17:43:06.0478393Z [0m[[0m[0minfo[0m] [0m[0m[32m- should have sensible defaults[0m[0m
Test (ubuntu-latest, 21)	Run tests	2026-06-22T17:43:06.0492459Z [0m[[0m[0minfo[0m] [0m[0m[32mReliabilityConfig.conservative[0m[0m
Test (ubuntu-latest, 21)	Run tests	2026-06-22T17:43:06.0493965Z [0m[[0m[0minfo[0m] [0m[0m[32m- should have fewer retries and longer deadline[0m[0m
Test (ubuntu-latest, 21)	Run tests	2026-06-22T17:43:06.0500350Z [0m[[0m[0minfo[0m] [0m[0m[32mReliabilityConfig.aggressive[0m[0m
Test (ubuntu-latest, 21)	Run tests	2026-06-22T17:43:06.0508053Z [0m[[0m[0minfo[0m] [0m[0m[32m- should have more retries and shorter deadline[0m[0m
Test (ubuntu-latest, 21)	Run tests	2026-06-22T17:43:06.0509210Z [0m[[0m[0minfo[0m] [0m[0m[32mReliabilityConfig.disabled[0m[0m
Test (ubuntu-latest, 21)	Run tests	2026-06-22T17:43:06.0511924Z [0m[[0m[0minfo[0m] [0m[0m[32m- should have enabled = false[0m[0m
Test (ubuntu-latest, 21)	Run tests	2026-06-22T17:43:06.0513041Z [0m[[0m[0minfo[0m] [0m[0m[32mReliabilityConfig fluent API[0m[0m
Test (ubuntu-latest, 21)	Run tests	2026-06-22T17:43:06.0514094Z [0m[[0m[0minfo[0m] [0m[0m[32m- should support disabled[0m[0m
Test (ubuntu-latest, 21)	Run tests	2026-06-22T17:43:06.0515651Z [0m[[0m[0minfo[0m] [0m[0m[32m- should support withRetryPolicy[0m[0m
Test (ubuntu-latest, 21)	Run tests	2026-06-22T17:43:06.0516875Z [0m[[0m[0minfo[0m] [0m[0m[32m- should support withCircuitBreaker[0m[0m
Test (ubuntu-latest, 21)	Run tests	2026-06-22T17:43:06.0518048Z [0m[[0m[0minfo[0m] [0m[0m[32m- should support withDeadline[0m[0m
Test (ubuntu-latest, 21)	Run tests	2026-06-22T17:43:06.0519630Z [0m[[0m[0minfo[0m] [0m[0m[32m- should support withoutDeadline[0m[0m
Test (ubuntu-latest, 21)	Run tests	2026-06-22T17:43:06.0520856Z [0m[[0m[0minfo[0m] [0m[0m[32m- should support chaining[0m[0m
Test (ubuntu-latest, 21)	Run tests	2026-06-22T17:43:06.0522075Z [0m[[0m[0minfo[0m] [0m[0m[32m- should not mutate the original config[0m[0m
Test (ubuntu-latest, 21)	Run tests	2026-06-22T17:43:06.0523327Z [0m[[0m[0minfo[0m] [0m[0m[32mCircuitBreakerConfig.default[0m[0m
Test (ubuntu-latest, 21)	Run tests	2026-06-22T17:43:06.0524551Z [0m[[0m[0minfo[0m] [0m[0m[32m- should have sensible defaults[0m[0m
Test (ubuntu-latest, 21)	Run tests	2026-06-22T17:43:06.0526118Z [0m[[0m[0minfo[0m] [0m[0m[32mCircuitBreakerConfig.conservative[0m[0m
Test (ubuntu-latest, 21)	Run tests	2026-06-22T17:43:06.0527400Z [0m[[0m[0minfo[0m] [0m[0m[32m- should tolerate fewer failures[0m[0m
Test (ubuntu-latest, 21)	Run tests	2026-06-22T17:43:06.0528694Z [0m[[0m[0minfo[0m] [0m[0m[32mCircuitBreakerConfig.aggressive[0m[0m
Test (ubuntu-latest, 21)	Run tests	2026-06-22T17:43:06.0530094Z [0m[[0m[0minfo[0m] [0m[0m[32m- should tolerate more failures with faster recovery[0m[0m
Test (ubuntu-latest, 21)	Run tests	2026-06-22T17:43:06.0531474Z [0m[[0m[0minfo[0m] [0m[0m[32mCircuitBreakerConfig.disabled[0m[0m
Test (ubuntu-latest, 21)	Run tests	2026-06-22T17:43:06.0533015Z [0m[[0m[0minfo[0m] [0m[0m[32m- should never open circuit[0m[0m
Test (ubuntu-latest, 21)	Run tests	2026-06-22T17:43:06.0534217Z [0m[[0m[0minfo[0m] [0m[0m[32mCircuitBreakerConfig fluent API[0m[0m
Test (ubuntu-latest, 21)	Run tests	2026-06-22T17:43:06.0535770Z [0m[[0m[0minfo[0m] [0m[0m[32m- should support withFailureThreshold[0m[0m
Test (ubuntu-latest, 21)	Run tests	2026-06-22T17:43:06.0537065Z [0m[[0m[0minfo[0m] [0m[0m[32m- should support withRecoveryTimeout[0m[0m
Test (ubuntu-latest, 21)	Run tests	2026-06-22T17:43:06.0538360Z [0m[[0m[0minfo[0m] [0m[0m[32m- should support withSuccessThreshold[0m[0m
Test (ubuntu-latest, 21)	Run tests	2026-06-22T17:43:06.0539611Z [0m[[0m[0minfo[0m] [0m[0m[32m- should support chaining[0m[0m
Test (ubuntu-latest, 21)	Run tests	2026-06-22T17:43:06.0560828Z [0m[[0m[0minfo[0m] [0m[0m[32mSentenceChunkerSpec:[0m[0m
Test (ubuntu-latest, 21)	Run tests	2026-06-22T17:43:06.0565926Z [0m[[0m[0minfo[0m] [0m[0m[32mChunkingConfig[0m[0m
Test (ubuntu-latest, 21)	Run tests	2026-06-22T17:43:06.0566988Z [0m[[0m[0minfo[0m] [0m[0m[32m- should have sensible defaults[0m[0m
Test (ubuntu-latest, 21)	Run tests	2026-06-22T17:43:06.0567948Z [0m[[0m[0minfo[0m] [0m[0m[32m- should provide small config[0m[0m
Test (ubuntu-latest, 21)	Run tests	2026-06-22T17:43:06.0568767Z [0m[[0m[0minfo[0m] [0m[0m[32m- should provide large config[0m[0m
Test (ubuntu-latest, 21)	Run tests	2026-06-22T17:43:06.0573395Z [0m[[0m[0minfo[0m] [0m[0m[32m- should validate configuration[0m[0m
Test (ubuntu-latest, 21)	Run tests	2026-06-22T17:43:06.0576064Z [0m[[0m[0minfo[0m] [0m[0m[32mChunkMetadata[0m[0m
Test (ubuntu-latest, 21)	Run tests	2026-06-22T17:43:06.0577124Z [0m[[0m[0minfo[0m] [0m[0m[32m- should be empty by default[0m[0m
Test (ubuntu-latest, 21)	Run tests	2026-06-22T17:43:06.0579439Z [0m[[0m[0minfo[0m] [0m[0m[32m- should support fluent API[0m[0m
Test (ubuntu-latest, 21)	Run tests	2026-06-22T17:43:06.0581165Z [0m[[0m[0minfo[0m] [0m[0m[32m- should mark as code block[0m[0m
Test (ubuntu-latest, 21)	Run tests	2026-06-22T17:43:06.0582362Z [0m[[0m[0minfo[0m] [0m[0m[32mDocumentChunk[0m[0m
Test (ubuntu-latest, 21)	Run tests	2026-06-22T17:43:06.0583500Z [0m[[0m[0minfo[0m] [0m[0m[32m- should report length correctly[0m[0m
Test (ubuntu-latest, 21)	Run tests	2026-06-22T17:43:06.0585249Z [0m[[0m[0minfo[0m] [0m[0m[32m- should detect empty content[0m[0m
Test (ubuntu-latest, 21)	Run tests	2026-06-22T17:43:06.0586372Z [0m[[0m[0minfo[0m] [0m[0m[32mSentenceChunker[0m[0m
Test (ubuntu-latest, 21)	Run tests	2026-06-22T17:43:06.0587391Z [0m[[0m[0minfo[0m] [0m[0m[32m- should handle empty text[0m[0m
Test (ubuntu-latest, 21)	Run tests	2026-06-22T17:43:06.0588556Z [0m[[0m[0minfo[0m] [0m[0m[32m- should return single chunk for short text[0m[0m
Test (ubuntu-latest, 21)	Run tests	2026-06-22T17:43:06.0610254Z [0m[[0m[0minfo[0m] [0m[0m[32m- should split at sentence boundaries[0m[0m
Test (ubuntu-latest, 21)	Run tests	2026-06-22T17:43:06.0619418Z [0m[[0m[0minfo[0m] [0m[0m[32m- should preserve abbreviations[0m[0m
Test (ubuntu-latest, 21)	Run tests	2026-06-22T17:43:06.0629293Z [0m[[0m[0minfo[0m] [0m[0m[32m- should handle decimal numbers[0m[0m
Test (ubuntu-latest, 21)	Run tests	2026-06-22T17:43:06.0634305Z [0m[[0m[0minfo[0m] [0m[0m[32m- should respect target size[0m[0m
Test (ubuntu-latest, 21)	Run tests	2026-06-22T17:43:06.0658994Z [0m[[0m[0minfo[0m] [0m[0m[32m- should force split very long sentences[0m[0m
Test (ubuntu-latest, 21)	Run tests	2026-06-22T17:43:06.0665810Z [0m[[0m[0minfo[0m] [0m[0m[32m- should add source metadata with chunkWithSource[0m[0m
Test (ubuntu-latest, 21)	Run tests	2026-06-22T17:43:06.0670997Z [0m[[0m[0minfo[0m] [0m[0m[32m- should assign sequential indices[0m[0m
Test (ubuntu-latest, 21)	Run tests	2026-06-22T17:43:06.0675362Z [0m[[0m[0minfo[0m] [0m[0m[32mSimpleChunker[0m[0m
Test (ubuntu-latest, 21)	Run tests	2026-06-22T17:43:06.0683499Z [0m[[0m[0minfo[0m] [0m[0m[32m- should chunk at fixed size[0m[0m
Test (ubuntu-latest, 21)	Run tests	2026-06-22T17:43:06.0685216Z [0m[[0m[0minfo[0m] [0m[0m[32m- should apply overlap[0m[0m
Test (ubuntu-latest, 21)	Run tests	2026-06-22T17:43:06.0686338Z [0m[[0m[0minfo[0m] [0m[0m[32mChunkerFactory[0m[0m
Test (ubuntu-latest, 21)	Run tests	2026-06-22T17:43:06.0691198Z [0m[[0m[0minfo[0m] [0m[0m[32m- should create simple chunker[0m[0m
Test (ubuntu-latest, 21)	Run tests	2026-06-22T17:43:06.0697386Z [0m[[0m[0minfo[0m] [0m[0m[32m- should create sentence chunker[0m[0m
Test (ubuntu-latest, 21)	Run tests	2026-06-22T17:43:06.0701281Z [0m[[0m[0minfo[0m] [0m[0m[32m- should create chunker by name[0m[0m
Test (ubuntu-latest, 21)	Run tests	2026-06-22T17:43:06.0702546Z [0m[[0m[0minfo[0m] [0m[0m[32m- should parse strategy from string[0m[0m
Test (ubuntu-latest, 21)	Run tests	2026-06-22T17:43:06.0719163Z [0m[[0m[0minfo[0m] [0m[0m[32m- should auto-detect markdown content[0m[0m
Test (ubuntu-latest, 21)	Run tests	2026-06-22T17:43:06.0721815Z [0m[[0m[0minfo[0m] [0m[0m[32m- should have a default chunker[0m[0m
Test (ubuntu-latest, 21)	Run tests	2026-06-22T17:43:06.0738984Z [0m[[0m[0minfo[0m] [0m[0m[32mDefaultProviderIntegrationSpec:[0m[0m
Test (ubuntu-latest, 21)	Run tests	2026-06-22T17:43:06.0740089Z [0m[[0m[0minfo[0m] [0m[0m[32mLlm4sConfig.defaultProvider[0m[0m
Test (ubuntu-latest, 21)	Run tests	2026-06-22T17:43:06.1395661Z [0m[[0m[0minfo[0m] [0m[0m[32m- should load OpenAI config from named providers[0m[0m
Test (ubuntu-latest, 21)	Run tests	2026-06-22T17:43:06.1989939Z [0m[[0m[0minfo[0m] [0m[0m[32m- should load Mistral config from the configured default named provider[0m[0m
Test (ubuntu-latest, 21)	Run tests	2026-06-22T17:43:06.2047258Z [0m[[0m[0minfo[0m] [0m[0m[32mEmbeddingsConfigLoaderSpec:[0m[0m
Test (ubuntu-latest, 21)	Run tests	2026-06-22T17:43:06.2049952Z [0m[[0m[0minfo[0m] [0m[0m[32mEmbeddingsConfigLoader with unified model format[0m[0m
Test (ubuntu-latest, 21)	Run tests	2026-06-22T17:43:06.2143035Z [0m[[0m[0minfo[0m] [0m[0m[32m- should successfully load OpenAI embeddings via provider/model format[0m[0m
Test (ubuntu-latest, 21)	Run tests	2026-06-22T17:43:06.2169753Z [0m[[0m[0minfo[0m] [0m[0m[32m- should successfully load Voyage embeddings via provider/model format[0m[0m
Test (ubuntu-latest, 21)	Run tests	2026-06-22T17:43:06.2185827Z [0m[[0m[0minfo[0m] [0m[0m[32m- should successfully load Ollama embeddings via provider/model format[0m[0m
Test (ubuntu-latest, 21)	Run tests	2026-06-22T17:43:06.2200125Z [0m[[0m[0minfo[0m] [0m[0m[32m- should use custom baseUrl when provided for OpenAI embeddings[0m[0m
Test (ubuntu-latest, 21)	Run tests	2026-06-22T17:43:06.2205975Z [0m[[0m[0minfo[0m] [0m[0m[32m- should fail with clear error for invalid model format (missing slash)[0m[0m
Test (ubuntu-latest, 21)	Run tests	2026-06-22T17:43:06.2211431Z [0m[[0m[0minfo[0m] [0m[0m[32m- should fail with clear error for unknown embedding provider[0m[0m
Test (ubuntu-latest, 21)	Run tests	2026-06-22T17:43:06.2215674Z [0m[[0m[0minfo[0m] [0m[0m[32mEmbeddingsConfigLoader with legacy provider format[0m[0m
Test (ubuntu-latest, 21)	Run tests	2026-06-22T17:43:06.2221574Z [0m[[0m[0minfo[0m] [0m[0m[32m- should successfully load OpenAI embeddings via legacy provider setting[0m[0m
Test (ubuntu-latest, 21)	Run tests	2026-06-22T17:43:06.2228204Z [0m[[0m[0minfo[0m] [0m[0m[32m- should successfully load Voyage embeddings via legacy provider setting[0m[0m
Test (ubuntu-latest, 21)	Run tests	2026-06-22T17:43:06.2234030Z [0m[[0m[0minfo[0m] [0m[0m[32m- should successfully load Ollama embeddings via legacy provider setting[0m[0m
Test (ubuntu-latest, 21)	Run tests	2026-06-22T17:43:06.2238751Z [0m[[0m[0minfo[0m] [0m[0m[32m- should fail with clear error for unknown legacy provider[0m[0m
Test (ubuntu-latest, 21)	Run tests	2026-06-22T17:43:06.2243242Z [0m[[0m[0minfo[0m] [0m[0m[32m- should fail with clear error when neither model nor provider is set[0m[0m
Test (ubuntu-latest, 21)	Run tests	2026-06-22T17:43:06.2244221Z [0m[[0m[0minfo[0m] [0m[0m[32mEmbeddingsConfigLoader validation[0m[0m
Test (ubuntu-latest, 21)	Run tests	2026-06-22T17:43:06.2247776Z [0m[[0m[0minfo[0m] [0m[0m[32m- should fail with clear error when OpenAI API key is missing for embeddings[0m[0m
Test (ubuntu-latest, 21)	Run tests	2026-06-22T17:43:06.2255232Z [0m[[0m[0minfo[0m] [0m[0m[32m- should fail with clear error when OpenAI embeddings model is missing in legacy mode[0m[0m
Test (ubuntu-latest, 21)	Run tests	2026-06-22T17:43:06.2258575Z [0m[[0m[0minfo[0m] [0m[0m[32m- should fail with clear error when Voyage API key is missing[0m[0m
Test (ubuntu-latest, 21)	Run tests	2026-06-22T17:43:06.2266196Z [0m[[0m[0minfo[0m] [0m[0m[32m- should fail with clear error when Voyage model is missing in legacy mode[0m[0m
Test (ubuntu-latest, 21)	Run tests	2026-06-22T17:43:06.2267702Z [0m[[0m[0minfo[0m] [0m[0m[32mEmbeddingsConfigLoader default values[0m[0m
Test (ubuntu-latest, 21)	Run tests	2026-06-22T17:43:06.2268473Z [0m[[0m[0minfo[0m] [0m[0m[32m- should use default baseUrl for OpenAI when not specified[0m[0m
Test (ubuntu-latest, 21)	Run tests	2026-06-22T17:43:06.2274928Z [0m[[0m[0minfo[0m] [0m[0m[32m- should use default baseUrl for Voyage when not specified[0m[0m
Test (ubuntu-latest, 21)	Run tests	2026-06-22T17:43:06.2277925Z [0m[[0m[0minfo[0m] [0m[0m[32m- should use default baseUrl for Ollama when not specified[0m[0m
Test (ubuntu-latest, 21)	Run tests	2026-06-22T17:43:06.2287262Z [0m[[0m[0minfo[0m] [0m[0m[32m- should use default model for Ollama when not specified[0m[0m
Test (ubuntu-latest, 21)	Run tests	2026-06-22T17:43:06.2288985Z [0m[[0m[0minfo[0m] [0m[0m[32mEmbeddingsConfigLoader.loadLocalModels[0m[0m
Test (ubuntu-latest, 21)	Run tests	2026-06-22T17:43:06.2299460Z [0m[[0m[0minfo[0m] [0m[0m[32m- should successfully load local models configuration[0m[0m
Test (ubuntu-latest, 21)	Run tests	2026-06-22T17:43:06.2309367Z [0m[[0m[0minfo[0m] [0m[0m[32m- should fail with clear error when localModels section is missing required fields[0m[0m
Test (ubuntu-latest, 21)	Run tests	2026-06-22T17:43:06.2318144Z [0m[[0m[0minfo[0m] [0m[0m[32m- should fail with clear error when localModels section is completely missing[0m[0m
Test (ubuntu-latest, 21)	Run tests	2026-06-22T17:43:06.2319982Z [0m[[0m[0minfo[0m] [0m[0m[32mEmbeddingsConfigLoader precedence[0m[0m
Test (ubuntu-latest, 21)	Run tests	2026-06-22T17:43:06.2321355Z [0m[[0m[0minfo[0m] [0m[0m[32m- should prefer unified model format over legacy provider when both are set[0m[0m
Test (ubuntu-latest, 21)	Run tests	2026-06-22T17:43:06.2323301Z [0m[[0m[0minfo[0m] [0m[0m[32mEmbeddingsConfigLoader with malformed config[0m[0m
Test (ubuntu-latest, 21)	Run tests	2026-06-22T17:43:06.2324320Z [0m[[0m[0minfo[0m] [0m[0m[32m- should fail gracefully when llm4s root is missing[0m[0m
Test (ubuntu-latest, 21)	Run tests	2026-06-22T17:43:06.2330868Z [0m[[0m[0minfo[0m] [0m[0m[32m- should fail gracefully when embeddings section has wrong structure[0m[0m
Test (ubuntu-latest, 21)	Run tests	2026-06-22T17:43:06.2334643Z [0m[[0m[0minfo[0m] [0m[0m[32m- should preserve error context from PureConfig when parsing fails[0m[0m
Test (ubuntu-latest, 21)	Run tests	2026-06-22T17:43:06.2337230Z [0m[[0m[0minfo[0m] [0m[0m[32mEmbeddingsConfigLoader whitespace handling[0m[0m
Test (ubuntu-latest, 21)	Run tests	2026-06-22T17:43:06.2340891Z [0m[[0m[0minfo[0m] [0m[0m[32m- should trim whitespace from model specification[0m[0m
Test (ubuntu-latest, 21)	Run tests	2026-06-22T17:43:06.2344364Z [0m[[0m[0minfo[0m] [0m[0m[32m- should trim whitespace from API keys[0m[0m
Test (ubuntu-latest, 21)	Run tests	2026-06-22T17:43:06.2347729Z [0m[[0m[0minfo[0m] [0m[0m[32m- should treat empty model string as missing[0m[0m
Test (ubuntu-latest, 21)	Run tests	2026-06-22T17:43:06.2409250Z [0m[[0m[0minfo[0m] [0m[0m[32mPrometheusMetricsSpec:[0m[0m
Test (ubuntu-latest, 21)	Run tests	2026-06-22T17:43:06.2410292Z [0m[[0m[0minfo[0m] [0m[0m[32mPrometheusMetrics.create[0m[0m
Test (ubuntu-latest, 21)	Run tests	2026-06-22T17:43:06.2585754Z [0m[[0m[0minfo[0m] [0m[0m[32m- should create an instance without HTTP server[0m[0m
Test (ubuntu-latest, 21)	Run tests	2026-06-22T17:43:06.2604561Z [0m[[0m[0minfo[0m] [0m[0m[32m- should have a working registry[0m[0m
Test (ubuntu-latest, 21)	Run tests	2026-06-22T17:43:06.2606517Z [0m[[0m[0minfo[0m] [0m[0m[32mPrometheusEndpoint[0m[0m
Test (ubuntu-latest, 21)	Run tests	2026-06-22T17:43:06.2723020Z [0m[[0m[0minfo[0m] [0m[0m[32m- should start HTTP server on specified port[0m[0m
Test (ubuntu-latest, 21)	Run tests	2026-06-22T17:43:06.2736027Z [0m[[0m[0minfo[0m] [0m[0m[32m- should fail if port is already in use[0m[0m
Test (ubuntu-latest, 21)	Run tests	2026-06-22T17:43:06.2737736Z [0m[[0m[0minfo[0m] [0m[0m[32mMetricsCollector.observeRequest[0m[0m
Test (ubuntu-latest, 21)	Run tests	2026-06-22T17:43:06.2851758Z [0m[[0m[0minfo[0m] [0m[0m[32m- should increment requests counter with success status[0m[0m
Test (ubuntu-latest, 21)	Run tests	2026-06-22T17:43:06.2878814Z [0m[[0m[0minfo[0m] [0m[0m[32m- should record latency in histogram[0m[0m
Test (ubuntu-latest, 21)	Run tests	2026-06-22T17:43:06.2897232Z [0m[[0m[0minfo[0m] [0m[0m[32m- should record multiple requests[0m[0m
Test (ubuntu-latest, 21)	Run tests	2026-06-22T17:43:06.2908080Z [0m[[0m[0minfo[0m] [0m[0m[32m- should record errors with error kind[0m[0m
Test (ubuntu-latest, 21)	Run tests	2026-06-22T17:43:06.2930645Z [0m[[0m[0minfo[0m] [0m[0m[32m- should handle multiple error types[0m[0m
Test (ubuntu-latest, 21)	Run tests	2026-06-22T17:43:06.2931481Z [0m[[0m[0minfo[0m] [0m[0m[32mMetricsCollector.addTokens[0m[0m
Test (ubuntu-latest, 21)	Run tests	2026-06-22T17:43:06.2948206Z [0m[[0m[0minfo[0m] [0m[0m[32m- should record input and output tokens separately[0m[0m
Test (ubuntu-latest, 21)	Run tests	2026-06-22T17:43:06.2958296Z [0m[[0m[0minfo[0m] [0m[0m[32m- should accumulate tokens across multiple calls[0m[0m
Test (ubuntu-latest, 21)	Run tests	2026-06-22T17:43:06.2965710Z [0m[[0m[0minfo[0m] [0m[0m[32mPrometheusMetrics histogram buckets[0m[0m
Test (ubuntu-latest, 21)	Run tests	2026-06-22T17:43:06.2989372Z [0m[[0m[0minfo[0m] [0m[0m[32m- should correctly distribute latencies[0m[0m
Test (ubuntu-latest, 21)	Run tests	2026-06-22T17:43:06.2990517Z [0m[[0m[0minfo[0m] [0m[0m[32mMetricsCollector.recordCost[0m[0m
Test (ubuntu-latest, 21)	Run tests	2026-06-22T17:43:06.3009541Z [0m[[0m[0minfo[0m] [0m[0m[32m- should record cost in USD[0m[0m
Test (ubuntu-latest, 21)	Run tests	2026-06-22T17:43:06.3018337Z [0m[[0m[0minfo[0m] [0m[0m[32m- should accumulate costs[0m[0m
Test (ubuntu-latest, 21)	Run tests	2026-06-22T17:43:06.3019853Z [0m[[0m[0minfo[0m] [0m[0m[32mMetricsCollector.noop[0m[0m
Test (ubuntu-latest, 21)	Run tests	2026-06-22T17:43:06.3021403Z [0m[[0m[0minfo[0m] [0m[0m[32m- should not throw on any operation[0m[0m
Test (ubuntu-latest, 21)	Run tests	2026-06-22T17:43:06.3073368Z [0m[[0m[0minfo[0m] [0m[0m[32mSTTValidationSpec:[0m[0m
Test (ubuntu-latest, 21)	Run tests	2026-06-22T17:43:06.3082507Z [0m[[0m[0minfo[0m] [0m[0m[32mSTTOptions with confidence threshold[0m[0m
Test (ubuntu-latest, 21)	Run tests	2026-06-22T17:43:06.3083998Z [0m[[0m[0minfo[0m] [0m[0m[32m- should accept valid values[0m[0m
Test (ubuntu-latest, 21)	Run tests	2026-06-22T17:43:06.3088341Z [0m[[0m[0minfo[0m] [0m[0m[32m- should reject negative confidence threshold[0m[0m
Test (ubuntu-latest, 21)	Run tests	2026-06-22T17:43:06.3089957Z [0m[[0m[0minfo[0m] [0m[0m[32m- should reject confidence threshold above 1.0[0m[0m
Test (ubuntu-latest, 21)	Run tests	2026-06-22T17:43:06.3092014Z [0m[[0m[0minfo[0m] [0m[0m[32m- should reject very large confidence thresholds[0m[0m
Test (ubuntu-latest, 21)	Run tests	2026-06-22T17:43:06.3093533Z [0m[[0m[0minfo[0m] [0m[0m[32mSTTOptions with language[0m[0m
Test (ubuntu-latest, 21)	Run tests	2026-06-22T17:43:06.3094491Z [0m[[0m[0minfo[0m] [0m[0m[32m- should accept valid BCP 47 tags[0m[0m
Test (ubuntu-latest, 21)	Run tests	2026-06-22T17:43:06.3104953Z [0m[[0m[0minfo[0m] [0m[0m[32m- should reject invalid language tags[0m[0m
Test (ubuntu-latest, 21)	Run tests	2026-06-22T17:43:06.3108103Z [0m[[0m[0minfo[0m] [0m[0m[32m- should accept None for language (optional)[0m[0m
Test (ubuntu-latest, 21)	Run tests	2026-06-22T17:43:06.3109355Z [0m[[0m[0minfo[0m] [0m[0m[32mWordTimestamp with timestamps[0m[0m
Test (ubuntu-latest, 21)	Run tests	2026-06-22T17:43:06.3110482Z [0m[[0m[0minfo[0m] [0m[0m[32m- should accept valid time ranges[0m[0m
Test (ubuntu-latest, 21)	Run tests	2026-06-22T17:43:06.3112590Z [0m[[0m[0minfo[0m] [0m[0m[32m- should reject when endSec < startSec[0m[0m
Test (ubuntu-latest, 21)	Run tests	2026-06-22T17:43:06.3114951Z [0m[[0m[0minfo[0m] [0m[0m[32m- should reject negative start time[0m[0m
Test (ubuntu-latest, 21)	Run tests	2026-06-22T17:43:06.3117728Z [0m[[0m[0minfo[0m] [0m[0m[32m- should accept zero-duration words[0m[0m
Test (ubuntu-latest, 21)	Run tests	2026-06-22T17:43:06.3118814Z [0m[[0m[0minfo[0m] [0m[0m[32m- should accept very small durations[0m[0m
Test (ubuntu-latest, 21)	Run tests	2026-06-22T17:43:06.3123033Z [0m[[0m[0minfo[0m] [0m[0m[32m- should accept very large time values[0m[0m
Test (ubuntu-latest, 21)	Run tests	2026-06-22T17:43:06.3124082Z [0m[[0m[0minfo[0m] [0m[0m[32mTranscription.filterByConfidence[0m[0m
Test (ubuntu-latest, 21)	Run tests	2026-06-22T17:43:06.3128232Z [0m[[0m[0minfo[0m] [0m[0m[32m- should filter low confidence words[0m[0m
Test (ubuntu-latest, 21)	Run tests	2026-06-22T17:43:06.3129380Z [0m[[0m[0minfo[0m] [0m[0m[32m- should keep words at exactly threshold confidence[0m[0m
Test (ubuntu-latest, 21)	Run tests	2026-06-22T17:43:06.3131533Z [0m[[0m[0minfo[0m] [0m[0m[32m- should handle threshold at boundaries[0m[0m
Test (ubuntu-latest, 21)	Run tests	2026-06-22T17:43:06.3134623Z [0m[[0m[0minfo[0m] [0m[0m[32m- should exclude words without confidence scores[0m[0m
Test (ubuntu-latest, 21)	Run tests	2026-06-22T17:43:06.3137913Z [0m[[0m[0minfo[0m] [0m[0m[32m- should return empty list when threshold too high[0m[0m
Test (ubuntu-latest, 21)	Run tests	2026-06-22T17:43:06.3140569Z [0m[[0m[0minfo[0m] [0m[0m[32mTranscription.totalDuration[0m[0m
Test (ubuntu-latest, 21)	Run tests	2026-06-22T17:43:06.3143246Z [0m[[0m[0minfo[0m] [0m[0m[32m- should calculate correctly with multiple timestamps[0m[0m
Test (ubuntu-latest, 21)	Run tests	2026-06-22T17:43:06.3145251Z [0m[[0m[0minfo[0m] [0m[0m[32m- should handle unsorted timestamps (should use last endSec)[0m[0m
Test (ubuntu-latest, 21)	Run tests	2026-06-22T17:43:06.3146186Z [0m[[0m[0minfo[0m] [0m[0m[32m- should return None for empty timestamps[0m[0m
Test (ubuntu-latest, 21)	Run tests	2026-06-22T17:43:06.3146972Z [0m[[0m[0minfo[0m] [0m[0m[32m- should handle single timestamp[0m[0m
Test (ubuntu-latest, 21)	Run tests	2026-06-22T17:43:06.3148162Z [0m[[0m[0minfo[0m] [0m[0m[32m- should handle very long durations[0m[0m
Test (ubuntu-latest, 21)	Run tests	2026-06-22T17:43:06.3152340Z [0m[[0m[0minfo[0m] [0m[0m[32mTranscription.uniqueSpeakers[0m[0m
Test (ubuntu-latest, 21)	Run tests	2026-06-22T17:43:06.3153521Z [0m[[0m[0minfo[0m] [0m[0m[32m- should identify distinct speakers[0m[0m
Test (ubuntu-latest, 21)	Run tests	2026-06-22T17:43:06.3154361Z [0m[[0m[0minfo[0m] [0m[0m[32m- should return empty set when no speaker IDs[0m[0m
Test (ubuntu-latest, 21)	Run tests	2026-06-22T17:43:06.3155323Z [0m[[0m[0minfo[0m] [0m[0m[32m- should handle single speaker only[0m[0m
Test (ubuntu-latest, 21)	Run tests	2026-06-22T17:43:06.3156379Z [0m[[0m[0minfo[0m] [0m[0m[32m- should handle mixed speaker IDs and no IDs[0m[0m
Test (ubuntu-latest, 21)	Run tests	2026-06-22T17:43:06.3157396Z [0m[[0m[0minfo[0m] [0m[0m[32m- should handle many speakers[0m[0m
Test (ubuntu-latest, 21)	Run tests	2026-06-22T17:43:06.3158228Z [0m[[0m[0minfo[0m] [0m[0m[32mSTTOptions[0m[0m
Test (ubuntu-latest, 21)	Run tests	2026-06-22T17:43:06.3159164Z [0m[[0m[0minfo[0m] [0m[0m[32m- should preserve all field values when copied[0m[0m
Test (ubuntu-latest, 21)	Run tests	2026-06-22T17:43:06.3160147Z [0m[[0m[0minfo[0m] [0m[0m[32mTranscription[0m[0m
Test (ubuntu-latest, 21)	Run tests	2026-06-22T17:43:06.3161022Z [0m[[0m[0minfo[0m] [0m[0m[32m- should handle very long text[0m[0m
Test (ubuntu-latest, 21)	Run tests	2026-06-22T17:43:06.3162088Z [0m[[0m[0minfo[0m] [0m[0m[32m- should handle unicode in transcription text[0m[0m
Test (ubuntu-latest, 21)	Run tests	2026-06-22T17:43:06.3180925Z [0m[[0m[0minfo[0m] [0m[0m[32mGeminiClientClosedStateTest:[0m[0m
Test (ubuntu-latest, 21)	Run tests	2026-06-22T17:43:06.3182080Z [0m[[0m[0minfo[0m] [0m[0m[32mGeminiClient[0m[0m
Test (ubuntu-latest, 21)	Run tests	2026-06-22T17:43:06.3607558Z [0m[[0m[0minfo[0m] [0m[0m[32m- should return ConfigurationError when complete() is called after close()[0m[0m
Test (ubuntu-latest, 21)	Run tests	2026-06-22T17:43:06.3619811Z [0m[[0m[0minfo[0m] [0m[0m[32m- should return ConfigurationError when streamComplete() is called after close()[0m[0m
Test (ubuntu-latest, 21)	Run tests	2026-06-22T17:43:06.3627045Z [0m[[0m[0minfo[0m] [0m[0m[32m- should allow close() to be called multiple times (idempotent)[0m[0m
Test (ubuntu-latest, 21)	Run tests	2026-06-22T17:43:06.3646124Z [0m[[0m[0minfo[0m] [0m[0m[32m- should include model name in the closed error message[0m[0m
Test (ubuntu-latest, 21)	Run tests	2026-06-22T17:43:06.3668759Z [0m[[0m[0minfo[0m] [0m[0m[32mConversationTokenCounterSpec:[0m[0m
Test (ubuntu-latest, 21)	Run tests	2026-06-22T17:43:06.3671585Z [0m[[0m[0minfo[0m] [0m[0m[32mConversationTokenCounter.forModel[0m[0m
Test (ubuntu-latest, 21)	Run tests	2026-06-22T17:43:06.7707763Z [0m[[0m[0minfo[0m] [0m[0m[32m- should select correct tokenizer for GPT-4o models[0m[0m
Test (ubuntu-latest, 21)	Run tests	2026-06-22T17:43:06.7710364Z [0m[[0m[0minfo[0m] [0m[0m[32m- should select correct tokenizer for GPT-4 models[0m[0m
Test (ubuntu-latest, 21)	Run tests	2026-06-22T17:43:06.7713464Z [0m[[0m[0minfo[0m] [0m[0m[32m- should select correct tokenizer for Claude models[0m[0m
Test (ubuntu-latest, 21)	Run tests	2026-06-22T17:43:06.7720219Z [0m[[0m[0minfo[0m] [0m[0m[32m- should fallback gracefully for unknown models[0m[0m
Test (ubuntu-latest, 21)	Run tests	2026-06-22T17:43:06.7725404Z [0m[[0m[0minfo[0m] [0m[0m[32mConversationTokenCounter.openAI[0m[0m
Test (ubuntu-latest, 21)	Run tests	2026-06-22T17:43:06.7727744Z [0m[[0m[0minfo[0m] [0m[0m[32m- should create counter with cl100k_base tokenizer[0m[0m
Test (ubuntu-latest, 21)	Run tests	2026-06-22T17:43:06.7729292Z [0m[[0m[0minfo[0m] [0m[0m[32mConversationTokenCounter.openAI_o200k[0m[0m
Test (ubuntu-latest, 21)	Run tests	2026-06-22T17:43:06.7731090Z [0m[[0m[0minfo[0m] [0m[0m[32m- should create counter with o200k_base tokenizer[0m[0m
Test (ubuntu-latest, 21)	Run tests	2026-06-22T17:43:06.7732317Z [0m[[0m[0minfo[0m] [0m[0m[32mConversationTokenCounter.apply[0m[0m
Test (ubuntu-latest, 21)	Run tests	2026-06-22T17:43:06.7733502Z [0m[[0m[0minfo[0m] [0m[0m[32m- should accept valid tokenizer IDs[0m[0m
Test (ubuntu-latest, 21)	Run tests	2026-06-22T17:43:06.7737512Z [0m[[0m[0minfo[0m] [0m[0m[32m- should fail for invalid tokenizer IDs[0m[0m
Test (ubuntu-latest, 21)	Run tests	2026-06-22T17:43:06.7738710Z [0m[[0m[0minfo[0m] [0m[0m[32mConversationTokenCounter.countMessage[0m[0m
Test (ubuntu-latest, 21)	Run tests	2026-06-22T17:43:06.7774972Z [0m[[0m[0minfo[0m] [0m[0m[32m- should count user messages correctly[0m[0m
Test (ubuntu-latest, 21)	Run tests	2026-06-22T17:43:06.7782997Z [0m[[0m[0minfo[0m] [0m[0m[32m- should count assistant messages with tool calls[0m[0m
Test (ubuntu-latest, 21)	Run tests	2026-06-22T17:43:06.7786409Z [0m[[0m[0minfo[0m] [0m[0m[32m- should count tool messages correctly[0m[0m
Test (ubuntu-latest, 21)	Run tests	2026-06-22T17:43:06.7788693Z [0m[[0m[0minfo[0m] [0m[0m[32m- should count system messages correctly[0m[0m
Test (ubuntu-latest, 21)	Run tests	2026-06-22T17:43:06.7791607Z [0m[[0m[0minfo[0m] [0m[0m[32m- should include message overhead in count[0m[0m
Test (ubuntu-latest, 21)	Run tests	2026-06-22T17:43:06.7793415Z [0m[[0m[0minfo[0m] [0m[0m[32mConversationTokenCounter.countConversation[0m[0m
Test (ubuntu-latest, 21)	Run tests	2026-06-22T17:43:06.7800640Z [0m[[0m[0minfo[0m] [0m[0m[32m- should sum all message tokens plus overhead[0m[0m
Test (ubuntu-latest, 21)	Run tests	2026-06-22T17:43:06.7802614Z [0m[[0m[0minfo[0m] [0m[0m[32m- should return just overhead for empty conversation[0m[0m
Test (ubuntu-latest, 21)	Run tests	2026-06-22T17:43:06.7840216Z [0m[[0m[0minfo[0m] [0m[0m[32m- should scale with conversation size[0m[0m
Test (ubuntu-latest, 21)	Run tests	2026-06-22T17:43:06.7841974Z [0m[[0m[0minfo[0m] [0m[0m[32mConversationTokenCounter.getTokenBreakdown[0m[0m
Test (ubuntu-latest, 21)	Run tests	2026-06-22T17:43:06.7855634Z [0m[[0m[0minfo[0m] [0m[0m[32m- should return per-message counts[0m[0m
Test (ubuntu-latest, 21)	Run tests	2026-06-22T17:43:06.7858371Z [0m[[0m[0minfo[0m] [0m[0m[32m- should provide message role in breakdown[0m[0m
Test (ubuntu-latest, 21)	Run tests	2026-06-22T17:43:06.7875095Z [0m[[0m[0minfo[0m] [0m[0m[32m- should provide message preview in breakdown[0m[0m
Test (ubuntu-latest, 21)	Run tests	2026-06-22T17:43:06.7883343Z [0m[[0m[0minfo[0m] [0m[0m[32m- should produce readable prettyPrint output[0m[0m
Test (ubuntu-latest, 21)	Run tests	2026-06-22T17:43:06.7884479Z [0m[[0m[0minfo[0m] [0m[0m[32mConversationTokenCounter[0m[0m
Test (ubuntu-latest, 21)	Run tests	2026-06-22T17:43:06.7888388Z [0m[[0m[0minfo[0m] [0m[0m[32m- should produce consistent counts for same input[0m[0m
Test (ubuntu-latest, 21)	Run tests	2026-06-22T17:43:06.7891211Z [0m[[0m[0minfo[0m] [0m[0m[32m- should count differently sized messages proportionally[0m[0m
Test (ubuntu-latest, 21)	Run tests	2026-06-22T17:43:06.7914617Z [0m[[0m[0minfo[0m] [0m[0m[32mMetricsMiddlewareSpec:[0m[0m
Test (ubuntu-latest, 21)	Run tests	2026-06-22T17:43:06.7915867Z [0m[[0m[0minfo[0m] [0m[0m[32mMetricsMiddleware[0m[0m
Test (ubuntu-latest, 21)	Run tests	2026-06-22T17:43:06.7925282Z [0m[[0m[0minfo[0m] [0m[0m[32m- should record metrics on success[0m[0m
Test (ubuntu-latest, 21)	Run tests	2026-06-22T17:43:06.7937851Z [0m[[0m[0minfo[0m] [0m[0m[32m- should record metrics on failure[0m[0m
Test (ubuntu-latest, 21)	Run tests	2026-06-22T17:43:06.8010175Z [0m[[0m[0minfo[0m] [0m[0m[32mRAGWithMocksSpec:[0m[0m
Test (ubuntu-latest, 21)	Run tests	2026-06-22T17:43:06.8013119Z [0m[[0m[0minfo[0m] [0m[0m[32mRAG.build[0m[0m
Test (ubuntu-latest, 21)	Run tests	2026-06-22T17:43:06.8415574Z [0m[[0m[0minfo[0m] [0m[0m[32m- should create RAG with default configuration[0m[0m
Test (ubuntu-latest, 21)	Run tests	2026-06-22T17:43:06.8440647Z [0m[[0m[0minfo[0m] [0m[0m[32m- should create RAG with custom embedding provider[0m[0m
Test (ubuntu-latest, 21)	Run tests	2026-06-22T17:43:06.8461845Z [0m[[0m[0minfo[0m] [0m[0m[32m- should create RAG with LLM client[0m[0m
Test (ubuntu-latest, 21)	Run tests	2026-06-22T17:43:06.8506094Z [0m[[0m[0minfo[0m] [0m[0m[32m- should fail when LLM reranking requested without LLM client[0m[0m
Test (ubuntu-latest, 21)	Run tests	2026-06-22T17:43:06.8536203Z [0m[[0m[0minfo[0m] [0m[0m[32m- should fail when Cohere reranking requested without config[0m[0m
Test (ubuntu-latest, 21)	Run tests	2026-06-22T17:43:06.8538538Z [0m[[0m[0minfo[0m] [0m[0m[32mRAG.ingestText[0m[0m
Test (ubuntu-latest, 21)	Run tests	2026-06-22T17:43:06.8573226Z [0m[[0m[0minfo[0m] [0m[0m[32m- should ingest raw text content[0m[0m
Test (ubuntu-latest, 21)	Run tests	2026-06-22T17:43:06.8599845Z [0m[[0m[0minfo[0m] [0m[0m[32m- should attach metadata to chunks[0m[0m
Test (ubuntu-latest, 21)	Run tests	2026-06-22T17:43:06.8601211Z [0m[[0m[0minfo[0m] [0m[0m[32mRAG.ingestChunks[0m[0m
Test (ubuntu-latest, 21)	Run tests	2026-06-22T17:43:06.8633552Z [0m[[0m[0minfo[0m] [0m[0m[32m- should ingest pre-chunked content[0m[0m
Test (ubuntu-latest, 21)	Run tests	2026-06-22T17:43:06.8635373Z [0m[[0m[0minfo[0m] [0m[0m[32mRAG.ingest(path)[0m[0m
Test (ubuntu-latest, 21)	Run tests	2026-06-22T17:43:06.8705983Z [0m[[0m[0minfo[0m] [0m[0m[32m- should ingest a text file[0m[0m
Test (ubuntu-latest, 21)	Run tests	2026-06-22T17:43:06.9878868Z [0m[[0m[0minfo[0m] [0m[0m[32m- should ingest a directory of files[0m[0m
Test (ubuntu-latest, 21)	Run tests	2026-06-22T17:43:06.9882465Z [0m[[0m[0minfo[0m] [0m[0m[32mRAG.ingest(loader)[0m[0m
Test (ubuntu-latest, 21)	Run tests	2026-06-22T17:43:06.9923542Z [0m[[0m[0minfo[0m] [0m[0m[32m- should ingest from TextLoader[0m[0m
Test (ubuntu-latest, 21)	Run tests	2026-06-22T17:43:06.9960136Z [0m[[0m[0minfo[0m] [0m[0m[32m- should handle loader failures gracefully[0m[0m
Test (ubuntu-latest, 21)	Run tests	2026-06-22T17:43:06.9988061Z [0m[[0m[0minfo[0m] [0m[0m[32m- should skip empty documents when configured[0m[0m
Test (ubuntu-latest, 21)	Run tests	2026-06-22T17:43:07.0017321Z [0m[[0m[0minfo[0m] [0m[0m[32m- should fail fast when configured[0m[0m
Test (ubuntu-latest, 21)	Run tests	2026-06-22T17:43:07.0021469Z [0m[[0m[0minfo[0m] [0m[0m[32mRAG.query[0m[0m
Test (ubuntu-latest, 21)	Run tests	2026-06-22T17:43:07.0219192Z [0m[[0m[0minfo[0m] [0m[0m[32m- should search for relevant chunks[0m[0m
Test (ubuntu-latest, 21)	Run tests	2026-06-22T17:43:07.0309348Z [0m[[0m[0minfo[0m] [0m[0m[32m- should respect topK parameter[0m[0m
Test (ubuntu-latest, 21)	Run tests	2026-06-22T17:43:07.0310904Z [0m[[0m[0minfo[0m] [0m[0m[32mRAG.embedBatch[0m[0m
Test (ubuntu-latest, 21)	Run tests	2026-06-22T17:43:07.0337192Z [0m[[0m[0minfo[0m] [0m[0m[32m- should return EmbeddingError when provider returns empty embeddings list[0m[0m
Test (ubuntu-latest, 21)	Run tests	2026-06-22T17:43:07.0368745Z [0m[[0m[0minfo[0m] [0m[0m[32m- should return EmbeddingError when embeddings count doesn't match batch size[0m[0m
Test (ubuntu-latest, 21)	Run tests	2026-06-22T17:43:07.0398798Z [0m[[0m[0minfo[0m] [0m[0m[32m- should succeed when embeddings count matches batch size[0m[0m
Test (ubuntu-latest, 21)	Run tests	2026-06-22T17:43:07.0400414Z [0m[[0m[0minfo[0m] [0m[0m[32mRAG.queryWithAnswer[0m[0m
Test (ubuntu-latest, 21)	Run tests	2026-06-22T17:43:07.0423989Z [0m[[0m[0minfo[0m] [0m[0m[32m- should fail without LLM client[0m[0m
Test (ubuntu-latest, 21)	Run tests	2026-06-22T17:43:07.0468372Z [0m[[0m[0minfo[0m] [0m[0m[32m- should generate answer with LLM client[0m[0m
Test (ubuntu-latest, 21)	Run tests	2026-06-22T17:43:07.0469705Z [0m[[0m[0minfo[0m] [0m[0m[32mRAG.sync[0m[0m
Test (ubuntu-latest, 21)	Run tests	2026-06-22T17:43:07.0501432Z [0m[[0m[0minfo[0m] [0m[0m[32m- should add new documents[0m[0m
Test (ubuntu-latest, 21)	Run tests	2026-06-22T17:43:07.0527454Z [0m[[0m[0minfo[0m] [0m[0m[32m- should detect unchanged documents[0m[0m
Test (ubuntu-latest, 21)	Run tests	2026-06-22T17:43:07.0529077Z [0m[[0m[0minfo[0m] [0m[0m[32mRAG.needsUpdate[0m[0m
Test (ubuntu-latest, 21)	Run tests	2026-06-22T17:43:07.0549581Z [0m[[0m[0minfo[0m] [0m[0m[32m- should return true for new documents[0m[0m
Test (ubuntu-latest, 21)	Run tests	2026-06-22T17:43:07.0551322Z [0m[[0m[0minfo[0m] [0m[0m[32mRAG.deleteDocument[0m[0m
Test (ubuntu-latest, 21)	Run tests	2026-06-22T17:43:07.0579177Z [0m[[0m[0minfo[0m] [0m[0m[32m- should remove document from store[0m[0m
Test (ubuntu-latest, 21)	Run tests	2026-06-22T17:43:07.0580677Z [0m[[0m[0minfo[0m] [0m[0m[32mRAG.stats[0m[0m
Test (ubuntu-latest, 21)	Run tests	2026-06-22T17:43:07.0610485Z [0m[[0m[0minfo[0m] [0m[0m[32m- should return correct statistics[0m[0m
Test (ubuntu-latest, 21)	Run tests	2026-06-22T17:43:07.0612178Z [0m[[0m[0minfo[0m] [0m[0m[32mRAG.documentCount[0m[0m
Test (ubuntu-latest, 21)	Run tests	2026-06-22T17:43:07.0644429Z [0m[[0m[0minfo[0m] [0m[0m[32m- should track ingested documents[0m[0m
Test (ubuntu-latest, 21)	Run tests	2026-06-22T17:43:07.0646080Z [0m[[0m[0minfo[0m] [0m[0m[32mRAG.chunkCount[0m[0m
Test (ubuntu-latest, 21)	Run tests	2026-06-22T17:43:07.0667865Z [0m[[0m[0minfo[0m] [0m[0m[32m- should track indexed chunks[0m[0m
Test (ubuntu-latest, 21)	Run tests	2026-06-22T17:43:07.0669943Z [0m[[0m[0minfo[0m] [0m[0m[32mRAG.clear[0m[0m
Test (ubuntu-latest, 21)	Run tests	2026-06-22T17:43:07.0701656Z [0m[[0m[0minfo[0m] [0m[0m[32m- should remove all indexed data[0m[0m
Test (ubuntu-latest, 21)	Run tests	2026-06-22T17:43:07.0703261Z [0m[[0m[0minfo[0m] [0m[0m[32mRAG.close[0m[0m
Test (ubuntu-latest, 21)	Run tests	2026-06-22T17:43:07.0727969Z [0m[[0m[0minfo[0m] [0m[0m[32m- should not throw exception[0m[0m
Test (ubuntu-latest, 21)	Run tests	2026-06-22T17:43:07.0729300Z [0m[[0m[0minfo[0m] [0m[0m[32mRAG.hasPermissions[0m[0m
Test (ubuntu-latest, 21)	Run tests	2026-06-22T17:43:07.0755984Z [0m[[0m[0minfo[0m] [0m[0m[32m- should return false without SearchIndex[0m[0m
Test (ubuntu-latest, 21)	Run tests	2026-06-22T17:43:07.0757018Z [0m[[0m[0minfo[0m] [0m[0m[32mRAG.searchIndex[0m[0m
Test (ubuntu-latest, 21)	Run tests	2026-06-22T17:43:07.0764996Z [0m[[0m[0minfo[0m] [0m[0m[32m- should return None without SearchIndex[0m[0m
Test (ubuntu-latest, 21)	Run tests	2026-06-22T17:43:07.0767386Z [0m[[0m[0minfo[0m] [0m[0m[32mRAG.queryWithPermissions[0m[0m
Test (ubuntu-latest, 21)	Run tests	2026-06-22T17:43:07.0797675Z [0m[[0m[0minfo[0m] [0m[0m[32m- should fail without SearchIndex[0m[0m
Test (ubuntu-latest, 21)	Run tests	2026-06-22T17:43:07.0798947Z [0m[[0m[0minfo[0m] [0m[0m[32mRAG.ingestWithPermissions[0m[0m
Test (ubuntu-latest, 21)	Run tests	2026-06-22T17:43:07.0823050Z [0m[[0m[0minfo[0m] [0m[0m[32m- should fail without SearchIndex[0m[0m
Test (ubuntu-latest, 21)	Run tests	2026-06-22T17:43:07.0825414Z [0m[[0m[0minfo[0m] [0m[0m[32mRAG.deleteFromCollection[0m[0m
Test (ubuntu-latest, 21)	Run tests	2026-06-22T17:43:07.0849418Z [0m[[0m[0minfo[0m] [0m[0m[32m- should fail without SearchIndex[0m[0m
Test (ubuntu-latest, 21)	Run tests	2026-06-22T17:43:07.0850483Z [0m[[0m[0minfo[0m] [0m[0m[32mRAG.hasGraphRAG[0m[0m
Test (ubuntu-latest, 21)	Run tests	2026-06-22T17:43:07.0867614Z [0m[[0m[0minfo[0m] [0m[0m[32m- should return false when GraphStore is not configured[0m[0m
Test (ubuntu-latest, 21)	Run tests	2026-06-22T17:43:07.0868983Z [0m[[0m[0minfo[0m] [0m[0m[32mRAG.build[0m[0m
Test (ubuntu-latest, 21)	Run tests	2026-06-22T17:43:07.0903130Z [0m[[0m[0minfo[0m] [0m[0m[32m- should fail when GraphStore is configured without LLM client[0m[0m
Test (ubuntu-latest, 21)	Run tests	2026-06-22T17:43:07.0905464Z [0m[[0m[0minfo[0m] [0m[0m[32mRAG.queryWithGraphRAG[0m[0m
Test (ubuntu-latest, 21)	Run tests	2026-06-22T17:43:07.1146665Z [0m[[0m[0minfo[0m] [0m[0m[32m- should route through GraphRAG when configured[0m[0m
Test (ubuntu-latest, 21)	Run tests	2026-06-22T17:43:07.1209812Z [0m[[0m[0minfo[0m] [0m[0m[32m- should route first and avoid vector retrieval for global mode[0m[0m
Test (ubuntu-latest, 21)	Run tests	2026-06-22T17:43:07.1233458Z [0m[[0m[0minfo[0m] [0m[0m[32m- should fail when GraphRAG is not configured[0m[0m
Test (ubuntu-latest, 21)	Run tests	2026-06-22T17:43:07.1235683Z [0m[[0m[0minfo[0m] [0m[0m[32mRAG.queryWithGraphRAGMode[0m[0m
Test (ubuntu-latest, 21)	Run tests	2026-06-22T17:43:07.1253012Z [0m[[0m[0minfo[0m] [0m[0m[32m- should fail when GraphRAG is not configured[0m[0m
Test (ubuntu-latest, 21)	Run tests	2026-06-22T17:43:07.1376198Z [0m[[0m[0minfo[0m] [0m[0m[32m- should execute vector retrieval only for hybrid mode[0m[0m
Test (ubuntu-latest, 21)	Run tests	2026-06-22T17:43:07.1377696Z [0m[[0m[0minfo[0m] [0m[0m[32mRAG.config[0m[0m
Test (ubuntu-latest, 21)	Run tests	2026-06-22T17:43:07.1383439Z [0m[[0m[0minfo[0m] [0m[0m[32m- should expose the configuration[0m[0m
Test (ubuntu-latest, 21)	Run tests	2026-06-22T17:43:07.1385939Z [0m[[0m[0minfo[0m] [0m[0m[32mRAG.query[0m[0m
Test (ubuntu-latest, 21)	Run tests	2026-06-22T17:43:07.1412093Z [0m[[0m[0minfo[0m] [0m[0m[32m- should return EmbeddingError when the embedding provider returns an empty list[0m[0m
Test (ubuntu-latest, 21)	Run tests	2026-06-22T17:43:07.1413694Z [0m[[0m[0minfo[0m] [0m[0m[32mRAG.builder[0m[0m
Test (ubuntu-latest, 21)	Run tests	2026-06-22T17:43:07.1415658Z [0m[[0m[0minfo[0m] [0m[0m[32m- should return RAGConfig.default[0m[0m
Test (ubuntu-latest, 21)	Run tests	2026-06-22T17:43:07.1417132Z [0m[[0m[0minfo[0m] [0m[0m[32mRAGConfigOps.build[0m[0m
Test (ubuntu-latest, 21)	Run tests	2026-06-22T17:43:07.1423182Z [0m[[0m[0minfo[0m] [0m[0m[32m- should be accessible via implicit[0m[0m
Test (ubuntu-latest, 21)	Run tests	2026-06-22T17:43:07.1461434Z [0m[[0m[0minfo[0m] [0m[0m[32mAnthropicClientClosedStateTest:[0m[0m
Test (ubuntu-latest, 21)	Run tests	2026-06-22T17:43:07.1462193Z [0m[[0m[0minfo[0m] [0m[0m[32mAnthropicClient[0m[0m
Test (ubuntu-latest, 21)	Run tests	2026-06-22T17:43:07.1938955Z [0m[[0m[0minfo[0m] [0m[0m[32m- should return ConfigurationError when complete() is called after close()[0m[0m
Test (ubuntu-latest, 21)	Run tests	2026-06-22T17:43:07.1950964Z [0m[[0m[0minfo[0m] [0m[0m[32m- should return ConfigurationError when streamComplete() is called after close()[0m[0m
Test (ubuntu-latest, 21)	Run tests	2026-06-22T17:43:07.1962232Z [0m[[0m[0minfo[0m] [0m[0m[32m- should allow close() to be called multiple times (idempotent)[0m[0m
Test (ubuntu-latest, 21)	Run tests	2026-06-22T17:43:07.1979999Z [0m[[0m[0minfo[0m] [0m[0m[32m- should include model name in the closed error message[0m[0m
Test (ubuntu-latest, 21)	Run tests	2026-06-22T17:43:07.2013282Z [0m[[0m[0minfo[0m] [0m[0m[32mReDoSVulnerabilitySpec:[0m[0m
Test (ubuntu-latest, 21)	Run tests	2026-06-22T17:43:07.2014312Z [0m[[0m[0minfo[0m] [0m[0m[32mRegexSafetyManager[0m[0m
Test (ubuntu-latest, 21)	Run tests	2026-06-22T17:43:07.2030493Z [0m[[0m[0minfo[0m] [0m[0m[32m- should reject dangerous nested-quantifier patterns[0m[0m
Test (ubuntu-latest, 21)	Run tests	2026-06-22T17:43:07.2040140Z [0m[[0m[0minfo[0m] [0m[0m[32m- should reject blocklisted ReDoS patterns at validation time[0m[0m
Test (ubuntu-latest, 21)	Run tests	2026-06-22T17:43:07.4494264Z [0m[[0m[0minfo[0m] [0m[0m[32m- should bound matching for catastrophic patterns the blocklist does not catch[0m[0m
Test (ubuntu-latest, 21)	Run tests	2026-06-22T17:43:07.4507273Z [0m[[0m[0minfo[0m] [0m[0m[32m- should still allow normal regex usage[0m[0m
Test (ubuntu-latest, 21)	Run tests	2026-06-22T17:43:07.6780032Z [0m[[0m[0minfo[0m] [0m[0m[32m- should bound catastrophic patterns supplied to RegexValidator as a Regex[0m[0m
Test (ubuntu-latest, 21)	Run tests	2026-06-22T17:43:07.6795752Z [0m[[0m[0minfo[0m] [0m[0m[32m- should fall back safely when apply(String, String) receives an invalid pattern[0m[0m
Test (ubuntu-latest, 21)	Run tests	2026-06-22T17:43:07.6798436Z [0m[[0m[0minfo[0m] [0m[0m[32m- should reject null, empty and oversized patterns[0m[0m
Test (ubuntu-latest, 21)	Run tests	2026-06-22T17:43:07.6800693Z [0m[[0m[0minfo[0m] [0m[0m[32m- should report syntax errors for invalid regex patterns[0m[0m
Test (ubuntu-latest, 21)	Run tests	2026-06-22T17:43:07.6819827Z [0m[[0m[0minfo[0m] [0m[0m[32m- should reject null and oversized inputs for safe find/matches[0m[0m
Test (ubuntu-latest, 21)	Run tests	2026-06-22T17:43:07.6826784Z [0m[[0m[0minfo[0m] [0m[0m[32m- should support safeMatches for positive and negative cases[0m[0m
Test (ubuntu-latest, 21)	Run tests	2026-06-22T17:43:07.6828975Z [0m[[0m[0minfo[0m] [0m[0m[32m- should compile case-insensitive literal patterns[0m[0m
Test (ubuntu-latest, 21)	Run tests	2026-06-22T17:43:07.6833645Z [0m[[0m[0minfo[0m] [0m[0m[32m- should perform literal replacement with escaped replacement text[0m[0m
Test (ubuntu-latest, 21)	Run tests	2026-06-22T17:43:07.6855571Z [0m[[0m[0minfo[0m] [0m[0m[32mDeepSeekClientClosedStateTest:[0m[0m
Test (ubuntu-latest, 21)	Run tests	2026-06-22T17:43:07.6858733Z [0m[[0m[0minfo[0m] [0m[0m[32mDeepSeekClient[0m[0m
Test (ubuntu-latest, 21)	Run tests	2026-06-22T17:43:07.7250646Z [0m[[0m[0minfo[0m] [0m[0m[32m- should return ConfigurationError when complete() is called after close()[0m[0m
Test (ubuntu-latest, 21)	Run tests	2026-06-22T17:43:07.7261474Z [0m[[0m[0minfo[0m] [0m[0m[32m- should return ConfigurationError when streamComplete() is called after close()[0m[0m
Test (ubuntu-latest, 21)	Run tests	2026-06-22T17:43:07.7270109Z [0m[[0m[0minfo[0m] [0m[0m[32m- should allow close() to be called multiple times (idempotent)[0m[0m
Test (ubuntu-latest, 21)	Run tests	2026-06-22T17:43:07.7275486Z [0m[[0m[0minfo[0m] [0m[0m[32m- should include model name in the closed error message[0m[0m
Test (ubuntu-latest, 21)	Run tests	2026-06-22T17:43:07.7323505Z [0m[[0m[0minfo[0m] [0m[0m[32mRequestTransformerSpec:[0m[0m
Test (ubuntu-latest, 21)	Run tests	2026-06-22T17:43:07.7719780Z [0m[[0m[0minfo[0m] [0m[0m[32m- O-series models should reject non-1.0 temperature when dropUnsupported=false[0m[0m
Test (ubuntu-latest, 21)	Run tests	2026-06-22T17:43:07.8083281Z [0m[[0m[0minfo[0m] [0m[0m[32m- O-series models should adjust temperature to 1.0 when dropUnsupported=true[0m[0m
Test (ubuntu-latest, 21)	Run tests	2026-06-22T17:43:07.8445996Z [0m[[0m[0minfo[0m] [0m[0m[32m- O-series models should allow temperature=1.0[0m[0m
Test (ubuntu-latest, 21)	Run tests	2026-06-22T17:43:07.8808666Z [0m[[0m[0minfo[0m] [0m[0m[32m- O-series models should reject top_p when dropUnsupported=false[0m[0m
Test (ubuntu-latest, 21)	Run tests	2026-06-22T17:43:07.9178856Z [0m[[0m[0minfo[0m] [0m[0m[32m- O-series models should drop top_p when dropUnsupported=true[0m[0m
Test (ubuntu-latest, 21)	Run tests	2026-06-22T17:43:07.9541635Z [0m[[0m[0minfo[0m] [0m[0m[32m- O-series models should reject presence_penalty when dropUnsupported=false[0m[0m
Test (ubuntu-latest, 21)	Run tests	2026-06-22T17:43:07.9906305Z [0m[[0m[0minfo[0m] [0m[0m[32m- O-series models should drop presence_penalty when dropUnsupported=true[0m[0m
Test (ubuntu-latest, 21)	Run tests	2026-06-22T17:43:08.0269054Z [0m[[0m[0minfo[0m] [0m[0m[32m- O-series models should reject frequency_penalty when dropUnsupported=false[0m[0m
Test (ubuntu-latest, 21)	Run tests	2026-06-22T17:43:08.0638424Z [0m[[0m[0minfo[0m] [0m[0m[32m- O-series models should drop frequency_penalty when dropUnsupported=true[0m[0m
Test (ubuntu-latest, 21)	Run tests	2026-06-22T17:43:08.0992610Z [0m[[0m[0minfo[0m] [0m[0m[32m- O-series models should report all violations when dropUnsupported=false[0m[0m
Test (ubuntu-latest, 21)	Run tests	2026-06-22T17:43:08.1334512Z [0m[[0m[0minfo[0m] [0m[0m[32m- O-series models should fix all violations when dropUnsupported=true[0m[0m
Test (ubuntu-latest, 21)	Run tests	2026-06-22T17:43:08.1688116Z [0m[[0m[0minfo[0m] [0m[0m[32m- O-series models should convert system messages to user messages[0m[0m
Test (ubuntu-latest, 21)	Run tests	2026-06-22T17:43:08.2089472Z [0m[[0m[0minfo[0m] [0m[0m[32m- Models that support system messages should not transform them[0m[0m
Test (ubuntu-latest, 21)	Run tests	2026-06-22T17:43:08.2467495Z [0m[[0m[0minfo[0m] [0m[0m[32m- O-series models should require fake streaming[0m[0m
Test (ubuntu-latest, 21)	Run tests	2026-06-22T17:43:08.2815078Z [0m[[0m[0minfo[0m] [0m[0m[32m- Standard models should not require fake streaming[0m[0m
Test (ubuntu-latest, 21)	Run tests	2026-06-22T17:43:08.3208842Z [0m[[0m[0minfo[0m] [0m[0m[32m- should detect O-series models by name pattern[0m[0m
Test (ubuntu-latest, 21)	Run tests	2026-06-22T17:43:08.3560925Z [0m[[0m[0minfo[0m] [0m[0m[32m- O-series models should return disallowed params set[0m[0m
Test (ubuntu-latest, 21)	Run tests	2026-06-22T17:43:08.3910100Z [0m[[0m[0minfo[0m] [0m[0m[32m- Standard models should return empty disallowed params set[0m[0m
Test (ubuntu-latest, 21)	Run tests	2026-06-22T17:43:08.4258158Z [0m[[0m[0minfo[0m] [0m[0m[32m- should drop Json responseFormat when supportsResponseSchema=false and dropUnsupported=true[0m[0m
Test (ubuntu-latest, 21)	Run tests	2026-06-22T17:43:08.4604449Z [0m[[0m[0minfo[0m] [0m[0m[32m- should keep Json responseFormat when supportsResponseSchema=false and dropUnsupported=false[0m[0m
Test (ubuntu-latest, 21)	Run tests	2026-06-22T17:43:08.4955811Z [0m[[0m[0minfo[0m] [0m[0m[32m- should return error for JsonSchema responseFormat when supportsResponseSchema=false and dropUnsupported=false[0m[0m
Test (ubuntu-latest, 21)	Run tests	2026-06-22T17:43:08.5312586Z [0m[[0m[0minfo[0m] [0m[0m[32m- should drop JsonSchema when supportsResponseSchema=false and dropUnsupported=true[0m[0m
Test (ubuntu-latest, 21)	Run tests	2026-06-22T17:43:08.5670554Z [0m[[0m[0minfo[0m] [0m[0m[32m- should preserve responseFormat when supportsResponseSchema=true[0m[0m
Test (ubuntu-latest, 21)	Run tests	2026-06-22T17:43:08.6051332Z [0m[[0m[0minfo[0m] [0m[0m[32m- should preserve responseFormat when supportsResponseSchema=None (unknown)[0m[0m
Test (ubuntu-latest, 21)	Run tests	2026-06-22T17:43:08.6407962Z [0m[[0m[0minfo[0m] [0m[0m[32m- custom overrides should take precedence over registry[0m[0m
Test (ubuntu-latest, 21)	Run tests	2026-06-22T17:43:08.6755171Z [0m[[0m[0minfo[0m] [0m[0m[32m- TransformationResult.transform should transform both options and messages[0m[0m
Test (ubuntu-latest, 21)	Run tests	2026-06-22T17:43:08.7112841Z [0m[[0m[0minfo[0m] [0m[0m[32m- TransformationResult.transform should fail if dropUnsupported=false and violations exist[0m[0m
Test (ubuntu-latest, 21)	Run tests	2026-06-22T17:43:08.7550476Z [0m[[0m[0minfo[0m] [0m[0m[32m- requiresMaxCompletionTokens should correctly identify models requiring max_completion_tokens[0m[0m
Test (ubuntu-latest, 21)	Run tests	2026-06-22T17:43:08.7590475Z [0m[[0m[0minfo[0m] [0m[0m[32mChunkingUtilsSpec:[0m[0m
Test (ubuntu-latest, 21)	Run tests	2026-06-22T17:43:08.7618050Z [0m[[0m[0minfo[0m] [0m[0m[32m- chunkText should split text into chunks of specified size[0m[0m
Test (ubuntu-latest, 21)	Run tests	2026-06-22T17:43:08.7620307Z [0m[[0m[0minfo[0m] [0m[0m[32m- chunkText should handle overlap correctly[0m[0m
Test (ubuntu-latest, 21)	Run tests	2026-06-22T17:43:08.7625441Z [0m[[0m[0minfo[0m] [0m[0m[32m- chunkText should return single chunk for text smaller than size[0m[0m
Test (ubuntu-latest, 21)	Run tests	2026-06-22T17:43:08.7627084Z [0m[[0m[0minfo[0m] [0m[0m[32m- chunkText should handle empty text[0m[0m
Test (ubuntu-latest, 21)	Run tests	2026-06-22T17:43:08.7628707Z [0m[[0m[0minfo[0m] [0m[0m[32m- chunkText should handle text exactly equal to chunk size[0m[0m
Test (ubuntu-latest, 21)	Run tests	2026-06-22T17:43:08.7630351Z [0m[[0m[0minfo[0m] [0m[0m[32m- chunkText should throw for invalid size[0m[0m
Test (ubuntu-latest, 21)	Run tests	2026-06-22T17:43:08.7631884Z [0m[[0m[0minfo[0m] [0m[0m[32m- chunkText should throw for overlap >= size[0m[0m
Test (ubuntu-latest, 21)	Run tests	2026-06-22T17:43:08.7633558Z [0m[[0m[0minfo[0m] [0m[0m[32m- chunkText should throw for negative overlap[0m[0m
Test (ubuntu-latest, 21)	Run tests	2026-06-22T17:43:08.7635544Z [0m[[0m[0minfo[0m] [0m[0m[32m- chunkAudio should window audio samples correctly[0m[0m
Test (ubuntu-latest, 21)	Run tests	2026-06-22T17:43:08.7637186Z [0m[[0m[0minfo[0m] [0m[0m[32m- chunkAudio should pad final window when requested[0m[0m
Test (ubuntu-latest, 21)	Run tests	2026-06-22T17:43:08.7639116Z [0m[[0m[0minfo[0m] [0m[0m[32m- chunkAudio should handle overlap correctly[0m[0m
Test (ubuntu-latest, 21)	Run tests	2026-06-22T17:43:08.7640612Z [0m[[0m[0minfo[0m] [0m[0m[32m- chunkAudio should throw for invalid sample rate[0m[0m
Test (ubuntu-latest, 21)	Run tests	2026-06-22T17:43:08.7642747Z [0m[[0m[0minfo[0m] [0m[0m[32m- chunkAudio should throw for invalid window seconds[0m[0m
Test (ubuntu-latest, 21)	Run tests	2026-06-22T17:43:08.7646145Z [0m[[0m[0minfo[0m] [0m[0m[32m- chunkAudio should throw for invalid overlap ratio[0m[0m
Test (ubuntu-latest, 21)	Run tests	2026-06-22T17:43:08.7652903Z [0m[[0m[0minfo[0m] [0m[0m[32m- chunkVideo should split frames into clips[0m[0m
Test (ubuntu-latest, 21)	Run tests	2026-06-22T17:43:08.7654244Z [0m[[0m[0minfo[0m] [0m[0m[32m- chunkVideo should handle overlap correctly[0m[0m
Test (ubuntu-latest, 21)	Run tests	2026-06-22T17:43:08.7656418Z [0m[[0m[0minfo[0m] [0m[0m[32m- chunkVideo should handle fewer frames than clip size[0m[0m
Test (ubuntu-latest, 21)	Run tests	2026-06-22T17:43:08.7659090Z [0m[[0m[0minfo[0m] [0m[0m[32m- chunkVideo should throw for invalid fps[0m[0m
Test (ubuntu-latest, 21)	Run tests	2026-06-22T17:43:08.7662353Z [0m[[0m[0minfo[0m] [0m[0m[32m- chunkVideo should throw for invalid clip seconds[0m[0m
Test (ubuntu-latest, 21)	Run tests	2026-06-22T17:43:08.7676953Z [0m[[0m[0minfo[0m] [0m[0m[32m- chunkVideo handles generic types[0m[0m
Test (ubuntu-latest, 21)	Run tests	2026-06-22T17:43:08.7698706Z [0m[[0m[0minfo[0m] [0m[0m[32mOpenAIRequestBodySpec:[0m[0m
Test (ubuntu-latest, 21)	Run tests	2026-06-22T17:43:08.7700928Z [0m[[0m[0minfo[0m] [0m[0m[32mOpenAIRequestBody[0m[0m
Test (ubuntu-latest, 21)	Run tests	2026-06-22T17:43:08.7742262Z [0m[[0m[0minfo[0m] [0m[0m[32m- should correctly serialize request with prompt and JPEG image data[0m[0m
Test (ubuntu-latest, 21)	Run tests	2026-06-22T17:43:08.7748227Z [0m[[0m[0minfo[0m] [0m[0m[32m- should correctly serialize with PNG media type[0m[0m
Test (ubuntu-latest, 21)	Run tests	2026-06-22T17:43:08.7755419Z [0m[[0m[0minfo[0m] [0m[0m[32m- should correctly serialize with WebP media type[0m[0m
Test (ubuntu-latest, 21)	Run tests	2026-06-22T17:43:08.7759294Z [0m[[0m[0minfo[0m] [0m[0m[32m- should correctly serialize with GIF media type[0m[0m
Test (ubuntu-latest, 21)	Run tests	2026-06-22T17:43:08.7775962Z [0m[[0m[0minfo[0m] [0m[0m[32m- should be serializable and deserializable[0m[0m
Test (ubuntu-latest, 21)	Run tests	2026-06-22T17:43:08.7783361Z [0m[[0m[0minfo[0m] [0m[0m[32m- should produce valid JSON structure for API consumption[0m[0m
Test (ubuntu-latest, 21)	Run tests	2026-06-22T17:43:08.7797357Z [0m[[0m[0minfo[0m] [0m[0m[32m- should handle all supported media types correctly[0m[0m
Test (ubuntu-latest, 21)	Run tests	2026-06-22T17:43:08.7833294Z [0m[[0m[0minfo[0m] [0m[0m[32mAsyncKeywordIndexSpec:[0m[0m
Test (ubuntu-latest, 21)	Run tests	2026-06-22T17:43:08.7836035Z [0m[[0m[0minfo[0m] [0m[0m[32mAsyncKeywordIndexWrapper[0m[0m
Test (ubuntu-latest, 21)	Run tests	2026-06-22T17:43:08.7873670Z [0m[[0m[0minfo[0m] [0m[0m[32m- should delegate index to sync store[0m[0m
Test (ubuntu-latest, 21)	Run tests	2026-06-22T17:43:08.7891155Z [0m[[0m[0minfo[0m] [0m[0m[32m- should delegate indexBatch to sync store[0m[0m
Test (ubuntu-latest, 21)	Run tests	2026-06-22T17:43:08.7922296Z [0m[[0m[0minfo[0m] [0m[0m[32m- should delegate search to sync store[0m[0m
Test (ubuntu-latest, 21)	Run tests	2026-06-22T17:43:08.7953803Z [0m[[0m[0minfo[0m] [0m[0m[32m- should delegate searchWithHighlights to sync store[0m[0m
Test (ubuntu-latest, 21)	Run tests	2026-06-22T17:43:08.7969130Z [0m[[0m[0minfo[0m] [0m[0m[32m- should delegate get to sync store[0m[0m
Test (ubuntu-latest, 21)	Run tests	2026-06-22T17:43:08.7980115Z [0m[[0m[0minfo[0m] [0m[0m[32m- should delegate get returns None for missing document[0m[0m
Test (ubuntu-latest, 21)	Run tests	2026-06-22T17:43:08.8000926Z [0m[[0m[0minfo[0m] [0m[0m[32m- should delegate delete to sync store[0m[0m
Test (ubuntu-latest, 21)	Run tests	2026-06-22T17:43:08.8021798Z [0m[[0m[0minfo[0m] [0m[0m[32m- should delegate deleteBatch to sync store[0m[0m
Test (ubuntu-latest, 21)	Run tests	2026-06-22T17:43:08.8035623Z [0m[[0m[0minfo[0m] [0m[0m[32m- should delegate count to sync store[0m[0m
Test (ubuntu-latest, 21)	Run tests	2026-06-22T17:43:08.8049887Z [0m[[0m[0minfo[0m] [0m[0m[32m- should delegate clear to sync store[0m[0m
Test (ubuntu-latest, 21)	Run tests	2026-06-22T17:43:08.8080447Z [0m[[0m[0minfo[0m] [0m[0m[32m- should delegate stats to sync store[0m[0m
Test (ubuntu-latest, 21)	Run tests	2026-06-22T17:43:08.8103472Z [0m[[0m[0minfo[0m] [0m[0m[32m- should implement update as delete + re-index[0m[0m
Test (ubuntu-latest, 21)	Run tests	2026-06-22T17:43:08.8117541Z [0m[[0m[0minfo[0m] [0m[0m[32m- should return empty search results for non-matching query[0m[0m
Test (ubuntu-latest, 21)	Run tests	2026-06-22T17:43:08.8120445Z [0m[[0m[0minfo[0m] [0m[0m[32mAsyncKeywordIndex companion[0m[0m
Test (ubuntu-latest, 21)	Run tests	2026-06-22T17:43:08.8129821Z [0m[[0m[0minfo[0m] [0m[0m[32m- should create wrapper via apply factory[0m[0m
Test (ubuntu-latest, 21)	Run tests	2026-06-22T17:43:08.8147000Z [0m[[0m[0minfo[0m] [0m[0m[32m- should create in-memory instance via inMemory factory[0m[0m
Test (ubuntu-latest, 21)	Run tests	2026-06-22T17:43:08.8172466Z [0m[[0m[0minfo[0m] [0m[0m[32mLangfuseBatchSenderSpec:[0m[0m
Test (ubuntu-latest, 21)	Run tests	2026-06-22T17:43:08.8174266Z [0m[[0m[0minfo[0m] [0m[0m[32mDefaultLangfuseBatchSender[0m[0m
Test (ubuntu-latest, 21)	Run tests	2026-06-22T17:43:08.8205445Z [0m[[0m[0minfo[0m] [0m[0m[32m- should send correct URL, headers, and body on success[0m[0m
Test (ubuntu-latest, 21)	Run tests	2026-06-22T17:43:08.8210430Z [0m[[0m[0minfo[0m] [0m[0m[32m- should handle 207 partial success without throwing[0m[0m
Test (ubuntu-latest, 21)	Run tests	2026-06-22T17:43:08.8217329Z [0m[[0m[0minfo[0m] [0m[0m[32m- should handle non-2xx error response without throwing[0m[0m
Test (ubuntu-latest, 21)	Run tests	2026-06-22T17:43:08.8224028Z [0m[[0m[0minfo[0m] [0m[0m[32m- should handle 401 unauthorized without throwing[0m[0m
Test (ubuntu-latest, 21)	Run tests	2026-06-22T17:43:08.8231287Z [0m[[0m[0minfo[0m] [0m[0m[32m- should skip export when public key is empty[0m[0m
Test (ubuntu-latest, 21)	Run tests	2026-06-22T17:43:08.8235783Z [0m[[0m[0minfo[0m] [0m[0m[32m- should skip export when secret key is empty[0m[0m
Test (ubuntu-latest, 21)	Run tests	2026-06-22T17:43:08.8241248Z [0m[[0m[0minfo[0m] [0m[0m[32m- should call restoreInterrupt on InterruptedException[0m[0m
Test (ubuntu-latest, 21)	Run tests	2026-06-22T17:43:08.8250426Z [0m[[0m[0minfo[0m] [0m[0m[32m- should handle generic exceptions without throwing[0m[0m
Test (ubuntu-latest, 21)	Run tests	2026-06-22T17:43:08.8261442Z [0m[[0m[0minfo[0m] [0m[0m[32m- should handle multiple events in batch payload[0m[0m
Test (ubuntu-latest, 21)	Run tests	2026-06-22T17:43:08.8268292Z [0m[[0m[0minfo[0m] [0m[0m[32m- should encode credentials correctly in Base64[0m[0m
Test (ubuntu-latest, 21)	Run tests	2026-06-22T17:43:08.8286133Z [0m[[0m[0minfo[0m] [0m[0m[32mIntegrationSpec:[0m[0m
Test (ubuntu-latest, 21)	Run tests	2026-06-22T17:43:08.8287295Z [0m[[0m[0minfo[0m] [0m[0m[32mLLMClientPipeline Integration[0m[0m
Test (ubuntu-latest, 21)	Run tests	2026-06-22T17:43:08.8353442Z [0m[[0m[0minfo[0m] [0m[0m[32m- should apply multiple middleware correctly[0m[0m
Test (ubuntu-latest, 21)	Run tests	2026-06-22T17:43:08.8390859Z [0m[[0m[0minfo[0m] [0m[0m[32mGameToolsIntegrationTest:[0m[0m
Test (ubuntu-latest, 21)	Run tests	2026-06-22T17:43:08.8392663Z [0m[[0m[0minfo[0m] [0m[0m[32mlist_inventory tool schema[0m[0m
Test (ubuntu-latest, 21)	Run tests	2026-06-22T17:43:08.8435614Z [0m[[0m[0minfo[0m] [0m[0m[32m- should have no required parameters[0m[0m
Test (ubuntu-latest, 21)	Run tests	2026-06-22T17:43:08.8437895Z [0m[[0m[0minfo[0m] [0m[0m[32madd_inventory_item tool schema[0m[0m
Test (ubuntu-latest, 21)	Run tests	2026-06-22T17:43:08.8442910Z [0m[[0m[0minfo[0m] [0m[0m[32m- should have 'item' as required parameter[0m[0m
Test (ubuntu-latest, 21)	Run tests	2026-06-22T17:43:08.8445396Z [0m[[0m[0minfo[0m] [0m[0m[32mremove_inventory_item tool schema[0m[0m
Test (ubuntu-latest, 21)	Run tests	2026-06-22T17:43:08.8451853Z [0m[[0m[0minfo[0m] [0m[0m[32m- should have 'item' as required parameter[0m[0m
Test (ubuntu-latest, 21)	Run tests	2026-06-22T17:43:08.8453297Z [0m[[0m[0minfo[0m] [0m[0m[32mlist_inventory OpenAI schema[0m[0m
Test (ubuntu-latest, 21)	Run tests	2026-06-22T17:43:08.8459378Z [0m[[0m[0minfo[0m] [0m[0m[32m- should have empty required array[0m[0m
Test (ubuntu-latest, 21)	Run tests	2026-06-22T17:43:08.8460639Z [0m[[0m[0minfo[0m] [0m[0m[32madd_inventory_item OpenAI schema[0m[0m
Test (ubuntu-latest, 21)	Run tests	2026-06-22T17:43:08.8466945Z [0m[[0m[0minfo[0m] [0m[0m[32m- should have 'item' in required array[0m[0m
Test (ubuntu-latest, 21)	Run tests	2026-06-22T17:43:08.8468251Z [0m[[0m[0minfo[0m] [0m[0m[32mremove_inventory_item OpenAI schema[0m[0m
Test (ubuntu-latest, 21)	Run tests	2026-06-22T17:43:08.8471294Z [0m[[0m[0minfo[0m] [0m[0m[32m- should have 'item' in required array[0m[0m
Test (ubuntu-latest, 21)	Run tests	2026-06-22T17:43:08.8472507Z [0m[[0m[0minfo[0m] [0m[0m[32mlist_inventory[0m[0m
Test (ubuntu-latest, 21)	Run tests	2026-06-22T17:43:08.8482830Z [0m[[0m[0minfo[0m] [0m[0m[32m- should accept null arguments (zero-parameter tool)[0m[0m
Test (ubuntu-latest, 21)	Run tests	2026-06-22T17:43:08.8487321Z [0m[[0m[0minfo[0m] [0m[0m[32mlist_inventory[0m[0m
Test (ubuntu-latest, 21)	Run tests	2026-06-22T17:43:08.8492035Z [0m[[0m[0minfo[0m] [0m[0m[32m- should accept empty object arguments[0m[0m
Test (ubuntu-latest, 21)	Run tests	2026-06-22T17:43:08.8496498Z [0m[[0m[0minfo[0m] [0m[0m[32madd_inventory_item[0m[0m
Test (ubuntu-latest, 21)	Run tests	2026-06-22T17:43:08.8501240Z [0m[[0m[0minfo[0m] [0m[0m[32m- should reject null arguments[0m[0m
Test (ubuntu-latest, 21)	Run tests	2026-06-22T17:43:08.8505658Z [0m[[0m[0minfo[0m] [0m[0m[32madd_inventory_item[0m[0m
Test (ubuntu-latest, 21)	Run tests	2026-06-22T17:43:08.8512648Z [0m[[0m[0minfo[0m] [0m[0m[32m- should reject empty object (missing required 'item')[0m[0m
Test (ubuntu-latest, 21)	Run tests	2026-06-22T17:43:08.8526948Z [0m[[0m[0minfo[0m] [0m[0m[32mremove_inventory_item[0m[0m
Test (ubuntu-latest, 21)	Run tests	2026-06-22T17:43:08.8537792Z [0m[[0m[0minfo[0m] [0m[0m[32m- should reject null arguments[0m[0m
Test (ubuntu-latest, 21)	Run tests	2026-06-22T17:43:08.8538942Z [0m[[0m[0minfo[0m] [0m[0m[32mremove_inventory_item[0m[0m
Test (ubuntu-latest, 21)	Run tests	2026-06-22T17:43:08.8540223Z [0m[[0m[0minfo[0m] [0m[0m[32m- should reject empty object (missing required 'item')[0m[0m
Test (ubuntu-latest, 21)	Run tests	2026-06-22T17:43:08.8541563Z [0m[[0m[0minfo[0m] [0m[0m[32madd_inventory_item[0m[0m
Test (ubuntu-latest, 21)	Run tests	2026-06-22T17:43:08.8548784Z [0m[[0m[0minfo[0m] [0m[0m[32m- should successfully add an item with proper arguments[0m[0m
Test (ubuntu-latest, 21)	Run tests	2026-06-22T17:43:08.8550386Z [0m[[0m[0minfo[0m] [0m[0m[32madd_inventory_item[0m[0m
Test (ubuntu-latest, 21)	Run tests	2026-06-22T17:43:08.8560282Z [0m[[0m[0minfo[0m] [0m[0m[32m- should detect duplicate items[0m[0m
Test (ubuntu-latest, 21)	Run tests	2026-06-22T17:43:08.8562561Z [0m[[0m[0minfo[0m] [0m[0m[32mremove_inventory_item[0m[0m
Test (ubuntu-latest, 21)	Run tests	2026-06-22T17:43:08.8571027Z [0m[[0m[0minfo[0m] [0m[0m[32m- should successfully remove an item[0m[0m
Test (ubuntu-latest, 21)	Run tests	2026-06-22T17:43:08.8573609Z [0m[[0m[0minfo[0m] [0m[0m[32mremove_inventory_item[0m[0m
Test (ubuntu-latest, 21)	Run tests	2026-06-22T17:43:08.8581571Z [0m[[0m[0minfo[0m] [0m[0m[32m- should fail gracefully when item not in inventory[0m[0m
Test (ubuntu-latest, 21)	Run tests	2026-06-22T17:43:08.8584048Z [0m[[0m[0minfo[0m] [0m[0m[32mlist_inventory[0m[0m
Test (ubuntu-latest, 21)	Run tests	2026-06-22T17:43:08.8593531Z [0m[[0m[0minfo[0m] [0m[0m[32m- should return current inventory state[0m[0m
Test (ubuntu-latest, 21)	Run tests	2026-06-22T17:43:08.8596364Z [0m[[0m[0minfo[0m] [0m[0m[32mGame tools[0m[0m
Test (ubuntu-latest, 21)	Run tests	2026-06-22T17:43:08.8624189Z [0m[[0m[0minfo[0m] [0m[0m[32m- should work together in a complete workflow[0m[0m
Test (ubuntu-latest, 21)	Run tests	2026-06-22T17:43:08.8626072Z [0m[[0m[0minfo[0m] [0m[0m[32mToolRegistry with game tools[0m[0m
Test (ubuntu-latest, 21)	Run tests	2026-06-22T17:43:08.8642400Z [0m[[0m[0minfo[0m] [0m[0m[32m- should execute tools correctly[0m[0m
Test (ubuntu-latest, 21)	Run tests	2026-06-22T17:43:08.8643489Z [0m[[0m[0minfo[0m] [0m[0m[32mToolRegistry with game tools[0m[0m
Test (ubuntu-latest, 21)	Run tests	2026-06-22T17:43:08.8651039Z [0m[[0m[0minfo[0m] [0m[0m[32m- should return proper errors for unknown tools[0m[0m
Test (ubuntu-latest, 21)	Run tests	2026-06-22T17:43:08.8653071Z [0m[[0m[0minfo[0m] [0m[0m[32mToolRegistry with game tools[0m[0m
Test (ubuntu-latest, 21)	Run tests	2026-06-22T17:43:08.8658797Z [0m[[0m[0minfo[0m] [0m[0m[32m- should provide all tools in OpenAI format[0m[0m
Test (ubuntu-latest, 21)	Run tests	2026-06-22T17:43:08.8678311Z [0m[[0m[0minfo[0m] [0m[0m[32mProvidersConfigLoaderSpec:[0m[0m
Test (ubuntu-latest, 21)	Run tests	2026-06-22T17:43:08.8680506Z [0m[[0m[0minfo[0m] [0m[0m[32mProvidersConfigLoader[0m[0m
Test (ubuntu-latest, 21)	Run tests	2026-06-22T17:43:08.8699898Z [0m[[0m[0minfo[0m] [0m[0m[32m- should load and validate the full providers config from llm4s.providers[0m[0m
Test (ubuntu-latest, 21)	Run tests	2026-06-22T17:43:08.8713403Z [0m[[0m[0minfo[0m] [0m[0m[32m- should make the selected provider resolvable from the loaded providers config[0m[0m
Test (ubuntu-latest, 21)	Run tests	2026-06-22T17:43:08.8717962Z [0m[[0m[0minfo[0m] [0m[0m[32m- should fail clearly when the configured selected provider does not exist[0m[0m
Test (ubuntu-latest, 21)	Run tests	2026-06-22T17:43:08.8726161Z [0m[[0m[0minfo[0m] [0m[0m[32m- should allow providers config to load when no selected provider is configured[0m[0m
Test (ubuntu-latest, 21)	Run tests	2026-06-22T17:43:08.8731105Z [0m[[0m[0minfo[0m] [0m[0m[32m- should fail the whole providers config when one named provider is invalid[0m[0m
Test (ubuntu-latest, 21)	Run tests	2026-06-22T17:43:08.8753139Z [0m[[0m[0minfo[0m] [0m[0m[32mSSEParserTest:[0m[0m
Test (ubuntu-latest, 21)	Run tests	2026-06-22T17:43:08.8756940Z [0m[[0m[0minfo[0m] [0m[0m[32m- parseEvent should parse simple SSE event[0m[0m
Test (ubuntu-latest, 21)	Run tests	2026-06-22T17:43:08.8765344Z [0m[[0m[0minfo[0m] [0m[0m[32m- parseEvent should parse event with multiple fields[0m[0m
Test (ubuntu-latest, 21)	Run tests	2026-06-22T17:43:08.8766546Z [0m[[0m[0minfo[0m] [0m[0m[32m- parseEvent should handle comments[0m[0m
Test (ubuntu-latest, 21)	Run tests	2026-06-22T17:43:08.8767353Z [0m[[0m[0minfo[0m] [0m[0m[32m- parseEvent should handle multi-line data with newline joins[0m[0m
Test (ubuntu-latest, 21)	Run tests	2026-06-22T17:43:08.8772130Z [0m[[0m[0minfo[0m] [0m[0m[32m- parseStream should parse multiple events[0m[0m
Test (ubuntu-latest, 21)	Run tests	2026-06-22T17:43:08.8774146Z [0m[[0m[0minfo[0m] [0m[0m[32m- StreamingParser should accumulate chunks[0m[0m
Test (ubuntu-latest, 21)	Run tests	2026-06-22T17:43:08.8776673Z [0m[[0m[0minfo[0m] [0m[0m[32m- StreamingParser should handle incomplete events[0m[0m
Test (ubuntu-latest, 21)	Run tests	2026-06-22T17:43:08.8779603Z [0m[[0m[0minfo[0m] [0m[0m[32m- StreamingParser should handle OpenAI [DONE] message[0m[0m
Test (ubuntu-latest, 21)	Run tests	2026-06-22T17:43:08.8780908Z [0m[[0m[0minfo[0m] [0m[0m[32m- StreamingParser should flush remaining data[0m[0m
Test (ubuntu-latest, 21)	Run tests	2026-06-22T17:43:08.8822604Z [0m[[0m[0minfo[0m] [0m[0m[32mAgentToolCallingMultiProviderTest:[0m[0m
Test (ubuntu-latest, 21)	Run tests	2026-06-22T17:43:08.8824955Z [0m[[0m[0minfo[0m] [0m[0m[32mAgent with Anthropic-style provider[0m[0m
Test (ubuntu-latest, 21)	Run tests	2026-06-22T17:43:08.8969068Z [0m[[0m[0minfo[0m] [0m[0m[32m- should handle complete tool calling flow[0m[0m
Test (ubuntu-latest, 21)	Run tests	2026-06-22T17:43:08.8972050Z [0m[[0m[0minfo[0m] [0m[0m[32mAgent with OpenAI-style provider[0m[0m
Test (ubuntu-latest, 21)	Run tests	2026-06-22T17:43:08.8984587Z [0m[[0m[0minfo[0m] [0m[0m[32m- should handle complete tool calling flow[0m[0m
Test (ubuntu-latest, 21)	Run tests	2026-06-22T17:43:08.8987834Z [0m[[0m[0minfo[0m] [0m[0m[32mAgent with Anthropic-style provider[0m[0m
Test (ubuntu-latest, 21)	Run tests	2026-06-22T17:43:08.9011512Z [0m[[0m[0minfo[0m] [0m[0m[32m- should handle multiple tool calls[0m[0m
Test (ubuntu-latest, 21)	Run tests	2026-06-22T17:43:08.9015071Z [0m[[0m[0minfo[0m] [0m[0m[32mAgent with OpenAI-style provider[0m[0m
Test (ubuntu-latest, 21)	Run tests	2026-06-22T17:43:08.9022924Z [0m[[0m[0minfo[0m] [0m[0m[32m- should handle multiple tool calls[0m[0m
Test (ubuntu-latest, 21)	Run tests	2026-06-22T17:43:08.9052732Z [0m[[0m[0minfo[0m] [0m[0m[32mRAGTypesSpec:[0m[0m
Test (ubuntu-latest, 21)	Run tests	2026-06-22T17:43:08.9054229Z [0m[[0m[0minfo[0m] [0m[0m[32mEmbeddingProvider[0m[0m
Test (ubuntu-latest, 21)	Run tests	2026-06-22T17:43:08.9060373Z [0m[[0m[0minfo[0m] [0m[0m[32m- should have correct names[0m[0m
Test (ubuntu-latest, 21)	Run tests	2026-06-22T17:43:08.9064609Z [0m[[0m[0minfo[0m] [0m[0m[32m- should parse from string correctly[0m[0m
Test (ubuntu-latest, 21)	Run tests	2026-06-22T17:43:08.9069646Z [0m[[0m[0minfo[0m] [0m[0m[32m- should return None for unknown provider[0m[0m
Test (ubuntu-latest, 21)	Run tests	2026-06-22T17:43:08.9071771Z [0m[[0m[0minfo[0m] [0m[0m[32m- should have all values in values sequence[0m[0m
Test (ubuntu-latest, 21)	Run tests	2026-06-22T17:43:08.9073391Z [0m[[0m[0minfo[0m] [0m[0m[32mRerankingStrategy.None[0m[0m
Test (ubuntu-latest, 21)	Run tests	2026-06-22T17:43:08.9075065Z [0m[[0m[0minfo[0m] [0m[0m[32m- should be a singleton[0m[0m
Test (ubuntu-latest, 21)	Run tests	2026-06-22T17:43:08.9076543Z [0m[[0m[0minfo[0m] [0m[0m[32mRerankingStrategy.Cohere[0m[0m
Test (ubuntu-latest, 21)	Run tests	2026-06-22T17:43:08.9078035Z [0m[[0m[0minfo[0m] [0m[0m[32m- should have default model[0m[0m
Test (ubuntu-latest, 21)	Run tests	2026-06-22T17:43:08.9079361Z [0m[[0m[0minfo[0m] [0m[0m[32m- should accept custom model[0m[0m
Test (ubuntu-latest, 21)	Run tests	2026-06-22T17:43:08.9080474Z [0m[[0m[0minfo[0m] [0m[0m[32mRerankingStrategy.LLM[0m[0m
Test (ubuntu-latest, 21)	Run tests	2026-06-22T17:43:08.9081577Z [0m[[0m[0minfo[0m] [0m[0m[32m- should be a singleton[0m[0m
Test (ubuntu-latest, 21)	Run tests	2026-06-22T17:43:08.9082654Z [0m[[0m[0minfo[0m] [0m[0m[32mRAGSearchResult[0m[0m
Test (ubuntu-latest, 21)	Run tests	2026-06-22T17:43:08.9087660Z [0m[[0m[0minfo[0m] [0m[0m[32m- should store all fields[0m[0m
Test (ubuntu-latest, 21)	Run tests	2026-06-22T17:43:08.9104349Z [0m[[0m[0minfo[0m] [0m[0m[32m- should have default empty metadata[0m[0m
Test (ubuntu-latest, 21)	Run tests	2026-06-22T17:43:08.9106448Z [0m[[0m[0minfo[0m] [0m[0m[32m- should have default None for scores[0m[0m
Test (ubuntu-latest, 21)	Run tests	2026-06-22T17:43:08.9108201Z [0m[[0m[0minfo[0m] [0m[0m[32m- should support equality[0m[0m
Test (ubuntu-latest, 21)	Run tests	2026-06-22T17:43:08.9109200Z [0m[[0m[0minfo[0m] [0m[0m[32mRAGAnswerResult[0m[0m
Test (ubuntu-latest, 21)	Run tests	2026-06-22T17:43:08.9110150Z [0m[[0m[0minfo[0m] [0m[0m[32m- should store all fields[0m[0m
Test (ubuntu-latest, 21)	Run tests	2026-06-22T17:43:08.9111134Z [0m[[0m[0minfo[0m] [0m[0m[32m- should have default None for usage[0m[0m
Test (ubuntu-latest, 21)	Run tests	2026-06-22T17:43:08.9112079Z [0m[[0m[0minfo[0m] [0m[0m[32mRAGStats[0m[0m
Test (ubuntu-latest, 21)	Run tests	2026-06-22T17:43:08.9112937Z [0m[[0m[0minfo[0m] [0m[0m[32m- should store statistics[0m[0m
Test (ubuntu-latest, 21)	Run tests	2026-06-22T17:43:08.9113899Z [0m[[0m[0minfo[0m] [0m[0m[32m- should support equality[0m[0m
Test (ubuntu-latest, 21)	Run tests	2026-06-22T17:43:08.9116773Z [0m[[0m[0minfo[0m] [0m[0m[32mAudioPreprocessingSpec:[0m[0m
Test (ubuntu-latest, 21)	Run tests	2026-06-22T17:43:08.9117757Z [0m[[0m[0minfo[0m] [0m[0m[32mtrimSilence[0m[0m
Test (ubuntu-latest, 21)	Run tests	2026-06-22T17:43:08.9166925Z [0m[[0m[0minfo[0m] [0m[0m[32m- should preserve loud audio[0m[0m
Test (ubuntu-latest, 21)	Run tests	2026-06-22T17:43:08.9169675Z [0m[[0m[0minfo[0m] [0m[0m[32m- should trim leading silence[0m[0m
Test (ubuntu-latest, 21)	Run tests	2026-06-22T17:43:08.9170780Z [0m[[0m[0minfo[0m] [0m[0m[32m- should trim trailing silence[0m[0m
Test (ubuntu-latest, 21)	Run tests	2026-06-22T17:43:08.9171942Z [0m[[0m[0minfo[0m] [0m[0m[32m- should return empty array for all-silent audio[0m[0m
Test (ubuntu-latest, 21)	Run tests	2026-06-22T17:43:08.9173114Z [0m[[0m[0minfo[0m] [0m[0m[32m- should handle empty input[0m[0m
Test (ubuntu-latest, 21)	Run tests	2026-06-22T17:43:08.9179610Z [0m[[0m[0minfo[0m] [0m[0m[32m- should respect custom threshold[0m[0m
Test (ubuntu-latest, 21)	Run tests	2026-06-22T17:43:08.9181068Z [0m[[0m[0minfo[0m] [0m[0m[32m- should handle stereo audio[0m[0m
Test (ubuntu-latest, 21)	Run tests	2026-06-22T17:43:08.9182363Z [0m[[0m[0minfo[0m] [0m[0m[32m- should pass through mono audio unchanged[0m[0m
Test (ubuntu-latest, 21)	Run tests	2026-06-22T17:43:08.9183553Z [0m[[0m[0minfo[0m] [0m[0m[32mwrap[0m[0m
Test (ubuntu-latest, 21)	Run tests	2026-06-22T17:43:08.9192125Z [0m[[0m[0minfo[0m] [0m[0m[32m- should create GeneratedAudio with WavPcm16 format by default[0m[0m
Test (ubuntu-latest, 21)	Run tests	2026-06-22T17:43:08.9193526Z [0m[[0m[0minfo[0m] [0m[0m[32m- should create GeneratedAudio with specified format[0m[0m
Test (ubuntu-latest, 21)	Run tests	2026-06-22T17:43:08.9196220Z [0m[[0m[0minfo[0m] [0m[0m[32mresamplePcm16[0m[0m
Test (ubuntu-latest, 21)	Run tests	2026-06-22T17:43:09.0574050Z [0m[[0m[0minfo[0m] [0m[0m[32m- should resample mono audio[0m[0m
Test (ubuntu-latest, 21)	Run tests	2026-06-22T17:43:09.0575931Z [0m[[0m[0minfo[0m] [0m[0m[32mstandardizeForSTT[0m[0m
Test (ubuntu-latest, 21)	Run tests	2026-06-22T17:43:09.0594364Z [0m[[0m[0minfo[0m] [0m[0m[32m- should compose mono, resample, and trim[0m[0m
Test (ubuntu-latest, 21)	Run tests	2026-06-22T17:43:09.0621242Z [0m[[0m[0minfo[0m] [0m[0m[32mOpenAIImageClientGenerationValidationTest:[0m[0m
Test (ubuntu-latest, 21)	Run tests	2026-06-22T17:43:09.0623710Z [0m[[0m[0minfo[0m] [0m[0m[32mgenerateImages[0m[0m
Test (ubuntu-latest, 21)	Run tests	2026-06-22T17:43:09.0630266Z 17:43:09.062 [pool-1-thread-1-ScalaTest-running-OpenAIImageClientGenerationValidationTest] WARN  o.l.i.provider.OpenAIImageClient - dall-e-3 is deprecated and scheduled for removal on 2026-05-12. Migrate to gpt-image-1, gpt-image-1-mini, gpt-image-1.5. See https://platform.openai.com/docs/deprecations.
Test (ubuntu-latest, 21)	Run tests	2026-06-22T17:43:09.0636703Z [0m[[0m[0minfo[0m] [0m[0m[32m- should reject counts above 1 for dall-e-3 before any remote call[0m[0m
Test (ubuntu-latest, 21)	Run tests	2026-06-22T17:43:09.0644628Z [0m[[0m[0minfo[0m] [0m[0m[32m- should reject empty prompts before any remote call[0m[0m
Test (ubuntu-latest, 21)	Run tests	2026-06-22T17:43:09.0649000Z 17:43:09.063 [pool-1-thread-1-ScalaTest-running-OpenAIImageClientGenerationValidationTest] WARN  o.l.i.provider.OpenAIImageClient - dall-e-2 is deprecated and scheduled for removal on 2026-05-12. Migrate to gpt-image-1, gpt-image-1-mini, gpt-image-1.5. See https://platform.openai.com/docs/deprecations.
Test (ubuntu-latest, 21)	Run tests	2026-06-22T17:43:09.0657956Z 17:43:09.063 [pool-1-thread-1-ScalaTest-running-OpenAIImageClientGenerationValidationTest] WARN  o.l.i.provider.OpenAIImageClient - dall-e-2 is deprecated and scheduled for removal on 2026-05-12. Migrate to gpt-image-1, gpt-image-1-mini, gpt-image-1.5. See https://platform.openai.com/docs/deprecations.
Test (ubuntu-latest, 21)	Run tests	2026-06-22T17:43:09.0661552Z [0m[[0m[0minfo[0m] [0m[0m[32m- should enforce 1000-char prompt limit for dall-e-2[0m[0m
Test (ubuntu-latest, 21)	Run tests	2026-06-22T17:43:09.0663127Z [0m[[0m[0minfo[0m] [0m[0m[32m- should enforce 32000-char prompt limit for gpt-image models[0m[0m
Test (ubuntu-latest, 21)	Run tests	2026-06-22T17:43:09.0665737Z [0m[[0m[0minfo[0m] [0m[0m[32m- should reject unsupported generation response format before any remote call[0m[0m
Test (ubuntu-latest, 21)	Run tests	2026-06-22T17:43:09.0671978Z [0m[[0m[0minfo[0m] [0m[0m[32m- should reject out-of-range output compression before any remote call[0m[0m
Test (ubuntu-latest, 21)	Run tests	2026-06-22T17:43:09.0706972Z [0m[[0m[0minfo[0m] [0m[0m[32m- should not send response_format when caller does not set it[0m[0m
Test (ubuntu-latest, 21)	Run tests	2026-06-22T17:43:09.0709973Z 17:43:09.070 [pool-1-thread-1-ScalaTest-running-OpenAIImageClientGenerationValidationTest] WARN  o.l.i.provider.OpenAIImageClient - dall-e-3 is deprecated and scheduled for removal on 2026-05-12. Migrate to gpt-image-1, gpt-image-1-mini, gpt-image-1.5. See https://platform.openai.com/docs/deprecations.
Test (ubuntu-latest, 21)	Run tests	2026-06-22T17:43:09.0717850Z [0m[[0m[0minfo[0m] [0m[0m[32m- should apply dall-e-3 default quality and size mapping[0m[0m
Test (ubuntu-latest, 21)	Run tests	2026-06-22T17:43:09.0722402Z [0m[[0m[0minfo[0m] [0m[0m[32m- should derive image format from requested output_format when response is url[0m[0m
Test (ubuntu-latest, 21)	Run tests	2026-06-22T17:43:09.0728884Z [0m[[0m[0minfo[0m] [0m[0m[32m- should surface api 400 error message from provider payload[0m[0m
Test (ubuntu-latest, 21)	Run tests	2026-06-22T17:43:09.0732235Z [0m[[0m[0minfo[0m] [0m[0m[32m- should map malformed response body to UnknownError[0m[0m
Test (ubuntu-latest, 21)	Run tests	2026-06-22T17:43:09.0765929Z [0m[[0m[0minfo[0m] [0m[0m[32mReliableClientEdgeCasesSpec:[0m[0m
Test (ubuntu-latest, 21)	Run tests	2026-06-22T17:43:09.0767324Z [0m[[0m[0minfo[0m] [0m[0m[32mReliableClient.streamComplete[0m[0m
Test (ubuntu-latest, 21)	Run tests	2026-06-22T17:43:09.0789761Z [0m[[0m[0minfo[0m] [0m[0m[32m- should apply reliability to streaming[0m[0m
Test (ubuntu-latest, 21)	Run tests	2026-06-22T17:43:09.0903062Z [0m[[0m[0minfo[0m] [0m[0m[32m- should retry streaming on retryable error[0m[0m
Test (ubuntu-latest, 21)	Run tests	2026-06-22T17:43:09.0908888Z [0m[[0m[0minfo[0m] [0m[0m[32m- should pass through directly when disabled[0m[0m
Test (ubuntu-latest, 21)	Run tests	2026-06-22T17:43:09.0911183Z [0m[[0m[0minfo[0m] [0m[0m[32mReliableClient.validate[0m[0m
Test (ubuntu-latest, 21)	Run tests	2026-06-22T17:43:09.0913346Z [0m[[0m[0minfo[0m] [0m[0m[32m- should delegate to underlying[0m[0m
Test (ubuntu-latest, 21)	Run tests	2026-06-22T17:43:09.0915663Z [0m[[0m[0minfo[0m] [0m[0m[32mReliableClient.close[0m[0m
Test (ubuntu-latest, 21)	Run tests	2026-06-22T17:43:09.0919829Z [0m[[0m[0minfo[0m] [0m[0m[32m- should delegate to underlying[0m[0m
Test (ubuntu-latest, 21)	Run tests	2026-06-22T17:43:09.0930422Z [0m[[0m[0minfo[0m] [0m[0m[32mReliableClient.getContextWindow[0m[0m
Test (ubuntu-latest, 21)	Run tests	2026-06-22T17:43:09.0931971Z [0m[[0m[0minfo[0m] [0m[0m[32m- should delegate to underlying[0m[0m
Test (ubuntu-latest, 21)	Run tests	2026-06-22T17:43:09.0933301Z [0m[[0m[0minfo[0m] [0m[0m[32mReliableClient.getReserveCompletion[0m[0m
Test (ubuntu-latest, 21)	Run tests	2026-06-22T17:43:09.0934999Z [0m[[0m[0minfo[0m] [0m[0m[32m- should delegate to underlying[0m[0m
Test (ubuntu-latest, 21)	Run tests	2026-06-22T17:43:09.0936363Z [0m[[0m[0minfo[0m] [0m[0m[32mCircuit breaker[0m[0m
Test (ubuntu-latest, 21)	Run tests	2026-06-22T17:43:09.0951531Z [0m[[0m[0minfo[0m] [0m[0m[32m- should return to open on failure in half-open state[0m[0m
Test (ubuntu-latest, 21)	Run tests	2026-06-22T17:43:09.0956928Z [0m[[0m[0minfo[0m] [0m[0m[32m- should block concurrent probes in half-open state[0m[0m
Test (ubuntu-latest, 21)	Run tests	2026-06-22T17:43:09.0958257Z [0m[[0m[0minfo[0m] [0m[0m[32mDeadline enforcement[0m[0m
Test (ubuntu-latest, 21)	Run tests	2026-06-22T17:43:09.0968051Z [0m[[0m[0minfo[0m] [0m[0m[32m- should stop retries when not enough time for delay[0m[0m
Test (ubuntu-latest, 21)	Run tests	2026-06-22T17:43:09.0970771Z [0m[[0m[0minfo[0m] [0m[0m[32mReliableClient without deadline[0m[0m
Test (ubuntu-latest, 21)	Run tests	2026-06-22T17:43:09.1000602Z [0m[[0m[0minfo[0m] [0m[0m[32m- should exhaust all retry attempts[0m[0m
Test (ubuntu-latest, 21)	Run tests	2026-06-22T17:43:09.1109702Z [0m[[0m[0minfo[0m] [0m[0m[32m- should record error kind after exhausting retries[0m[0m
Test (ubuntu-latest, 21)	Run tests	2026-06-22T17:43:09.1111605Z [0m[[0m[0minfo[0m] [0m[0m[32mCircuit breaker[0m[0m
Test (ubuntu-latest, 21)	Run tests	2026-06-22T17:43:09.1118229Z [0m[[0m[0minfo[0m] [0m[0m[32m- should record error when rejecting due to open state[0m[0m
Test (ubuntu-latest, 21)	Run tests	2026-06-22T17:43:09.1120394Z [0m[[0m[0minfo[0m] [0m[0m[32mRetry with deadline[0m[0m
Test (ubuntu-latest, 21)	Run tests	2026-06-22T17:43:09.2130494Z [0m[[0m[0minfo[0m] [0m[0m[32m- should use server-provided Retry-After delay[0m[0m
Test (ubuntu-latest, 21)	Run tests	2026-06-22T17:43:09.2134596Z [0m[[0m[0minfo[0m] [0m[0m[32mCircuit breaker in closed state[0m[0m
Test (ubuntu-latest, 21)	Run tests	2026-06-22T17:43:09.2143166Z [0m[[0m[0minfo[0m] [0m[0m[32m- should reset failure count on success[0m[0m
Test (ubuntu-latest, 21)	Run tests	2026-06-22T17:43:09.2145232Z [0m[[0m[0minfo[0m] [0m[0m[32mCircuitState[0m[0m
Test (ubuntu-latest, 21)	Run tests	2026-06-22T17:43:09.2146740Z [0m[[0m[0minfo[0m] [0m[0m[32m- should have three states[0m[0m
Test (ubuntu-latest, 21)	Run tests	2026-06-22T17:43:09.2188087Z [0m[[0m[0minfo[0m] [0m[0m[32mMemorySpec:[0m[0m
Test (ubuntu-latest, 21)	Run tests	2026-06-22T17:43:09.2192377Z [0m[[0m[0minfo[0m] [0m[0m[32mMemoryId[0m[0m
Test (ubuntu-latest, 21)	Run tests	2026-06-22T17:43:09.2194091Z [0m[[0m[0minfo[0m] [0m[0m[32m- should generate unique IDs[0m[0m
Test (ubuntu-latest, 21)	Run tests	2026-06-22T17:43:09.2197619Z [0m[[0m[0minfo[0m] [0m[0m[32m- should have string representation equal to value[0m[0m
Test (ubuntu-latest, 21)	Run tests	2026-06-22T17:43:09.2200523Z [0m[[0m[0minfo[0m] [0m[0m[32mEntityId[0m[0m
Test (ubuntu-latest, 21)	Run tests	2026-06-22T17:43:09.2204462Z [0m[[0m[0minfo[0m] [0m[0m[32m- should generate unique IDs[0m[0m
Test (ubuntu-latest, 21)	Run tests	2026-06-22T17:43:09.2230505Z [0m[[0m[0minfo[0m] [0m[0m[32m- should normalize names correctly[0m[0m
Test (ubuntu-latest, 21)	Run tests	2026-06-22T17:43:09.2231558Z [0m[[0m[0minfo[0m] [0m[0m[32mMemoryType[0m[0m
Test (ubuntu-latest, 21)	Run tests	2026-06-22T17:43:09.2232650Z [0m[[0m[0minfo[0m] [0m[0m[32m- should parse built-in types from string[0m[0m
Test (ubuntu-latest, 21)	Run tests	2026-06-22T17:43:09.2233921Z [0m[[0m[0minfo[0m] [0m[0m[32m- should handle case-insensitive parsing[0m[0m
Test (ubuntu-latest, 21)	Run tests	2026-06-22T17:43:09.2235469Z [0m[[0m[0minfo[0m] [0m[0m[32m- should create custom types for unknown strings[0m[0m
Test (ubuntu-latest, 21)	Run tests	2026-06-22T17:43:09.2236542Z [0m[[0m[0minfo[0m] [0m[0m[32mMemory[0m[0m
Test (ubuntu-latest, 21)	Run tests	2026-06-22T17:43:09.2237507Z [0m[[0m[0minfo[0m] [0m[0m[32m- should be created with required fields[0m[0m
Test (ubuntu-latest, 21)	Run tests	2026-06-22T17:43:09.2238609Z [0m[[0m[0minfo[0m] [0m[0m[32m- should support metadata operations[0m[0m
Test (ubuntu-latest, 21)	Run tests	2026-06-22T17:43:09.2239845Z [0m[[0m[0minfo[0m] [0m[0m[32m- should clamp importance scores to [0.0, 1.0][0m[0m
Test (ubuntu-latest, 21)	Run tests	2026-06-22T17:43:09.2240975Z [0m[[0m[0minfo[0m] [0m[0m[32m- should track embedding status[0m[0m
Test (ubuntu-latest, 21)	Run tests	2026-06-22T17:43:09.2241860Z [0m[[0m[0minfo[0m] [0m[0m[32mMemory factory methods[0m[0m
Test (ubuntu-latest, 21)	Run tests	2026-06-22T17:43:09.2242895Z [0m[[0m[0minfo[0m] [0m[0m[32m- should create conversation memory[0m[0m
Test (ubuntu-latest, 21)	Run tests	2026-06-22T17:43:09.2243998Z [0m[[0m[0minfo[0m] [0m[0m[32m- should create entity memory[0m[0m
Test (ubuntu-latest, 21)	Run tests	2026-06-22T17:43:09.2245329Z [0m[[0m[0minfo[0m] [0m[0m[32m- should create knowledge memory[0m[0m
Test (ubuntu-latest, 21)	Run tests	2026-06-22T17:43:09.2246448Z [0m[[0m[0minfo[0m] [0m[0m[32m- should create user fact memory[0m[0m
Test (ubuntu-latest, 21)	Run tests	2026-06-22T17:43:09.2247449Z [0m[[0m[0minfo[0m] [0m[0m[32m- should create task memory[0m[0m
Test (ubuntu-latest, 21)	Run tests	2026-06-22T17:43:09.2299979Z [0m[[0m[0minfo[0m] [0m[0m[32mRAGAsyncWithMocksSpec:[0m[0m
Test (ubuntu-latest, 21)	Run tests	2026-06-22T17:43:09.2301117Z [0m[[0m[0minfo[0m] [0m[0m[32mRAG.ingest(path: Path)[0m[0m
Test (ubuntu-latest, 21)	Run tests	2026-06-22T17:43:09.2977406Z [0m[[0m[0minfo[0m] [0m[0m[32m- should ingest a text file via Path[0m[0m
Test (ubuntu-latest, 21)	Run tests	2026-06-22T17:43:09.3059493Z [0m[[0m[0minfo[0m] [0m[0m[32m- should ingest a directory via Path[0m[0m
Test (ubuntu-latest, 21)	Run tests	2026-06-22T17:43:09.3060698Z [0m[[0m[0minfo[0m] [0m[0m[32mRAG.ingestPath[0m[0m
Test (ubuntu-latest, 21)	Run tests	2026-06-22T17:43:09.3101754Z [0m[[0m[0minfo[0m] [0m[0m[32m- should ingest with metadata[0m[0m
Test (ubuntu-latest, 21)	Run tests	2026-06-22T17:43:09.3110342Z [0m[[0m[0minfo[0m] [0m[0m[32mRAG.ingestAsync[0m[0m
Test (ubuntu-latest, 21)	Run tests	2026-06-22T17:43:09.3155910Z [0m[[0m[0minfo[0m] [0m[0m[32m- should process documents asynchronously[0m[0m
Test (ubuntu-latest, 21)	Run tests	2026-06-22T17:43:09.3176103Z [0m[[0m[0minfo[0m] [0m[0m[32m- should handle loader failures asynchronously[0m[0m
Test (ubuntu-latest, 21)	Run tests	2026-06-22T17:43:09.3225073Z [0m[[0m[0minfo[0m] [0m[0m[32m- should report correct total for multiple documents[0m[0m
Test (ubuntu-latest, 21)	Run tests	2026-06-22T17:43:09.3250950Z [0m[[0m[0minfo[0m] [0m[0m[32m- should skip empty documents when configured[0m[0m
Test (ubuntu-latest, 21)	Run tests	2026-06-22T17:43:09.3281488Z [0m[[0m[0minfo[0m] [0m[0m[32m- should handle skipped results[0m[0m
Test (ubuntu-latest, 21)	Run tests	2026-06-22T17:43:09.3312185Z [0m[[0m[0minfo[0m] [0m[0m[32m- should fail fast when configured and errors present[0m[0m
Test (ubuntu-latest, 21)	Run tests	2026-06-22T17:43:09.3332272Z [0m[[0m[0minfo[0m] [0m[0m[32m- should handle empty loader[0m[0m
Test (ubuntu-latest, 21)	Run tests	2026-06-22T17:43:09.3334570Z [0m[[0m[0minfo[0m] [0m[0m[32mRAG.syncAsync[0m[0m
Test (ubuntu-latest, 21)	Run tests	2026-06-22T17:43:09.3390012Z [0m[[0m[0minfo[0m] [0m[0m[32m- should add new documents asynchronously[0m[0m
Test (ubuntu-latest, 21)	Run tests	2026-06-22T17:43:09.3429794Z [0m[[0m[0minfo[0m] [0m[0m[32m- should detect unchanged documents on second sync[0m[0m
Test (ubuntu-latest, 21)	Run tests	2026-06-22T17:43:09.3468890Z [0m[[0m[0minfo[0m] [0m[0m[32m- should detect changed documents[0m[0m
Test (ubuntu-latest, 21)	Run tests	2026-06-22T17:43:09.3517245Z [0m[[0m[0minfo[0m] [0m[0m[32m- should detect deleted documents[0m[0m
Test (ubuntu-latest, 21)	Run tests	2026-06-22T17:43:09.3544152Z [0m[[0m[0minfo[0m] [0m[0m[32m- should skip empty documents when configured[0m[0m
Test (ubuntu-latest, 21)	Run tests	2026-06-22T17:43:09.3546912Z [0m[[0m[0minfo[0m] [0m[0m[32mRAG.refreshAsync[0m[0m
Test (ubuntu-latest, 21)	Run tests	2026-06-22T17:43:09.3583907Z [0m[[0m[0minfo[0m] [0m[0m[32m- should clear and re-ingest all documents[0m[0m
Test (ubuntu-latest, 21)	Run tests	2026-06-22T17:43:09.3620218Z [0m[[0m[0minfo[0m] [0m[0m[32mSearchIndexPgConfigEdgeCasesSpec:[0m[0m
Test (ubuntu-latest, 21)	Run tests	2026-06-22T17:43:09.3622760Z [0m[[0m[0minfo[0m] [0m[0m[32mSearchIndex.PgConfig[0m[0m
Test (ubuntu-latest, 21)	Run tests	2026-06-22T17:43:09.3626412Z [0m[[0m[0minfo[0m] [0m[0m[32m- should generate JDBC URL with special characters in database name[0m[0m
Test (ubuntu-latest, 21)	Run tests	2026-06-22T17:43:09.3628931Z [0m[[0m[0minfo[0m] [0m[0m[32m- should generate JDBC URL with IPv6 host[0m[0m
Test (ubuntu-latest, 21)	Run tests	2026-06-22T17:43:09.3631803Z [0m[[0m[0minfo[0m] [0m[0m[32m- should generate JDBC URL with non-standard port[0m[0m
Test (ubuntu-latest, 21)	Run tests	2026-06-22T17:43:09.3634071Z [0m[[0m[0minfo[0m] [0m[0m[32m- should handle empty password[0m[0m
Test (ubuntu-latest, 21)	Run tests	2026-06-22T17:43:09.3637431Z [0m[[0m[0minfo[0m] [0m[0m[32m- should handle non-default table names[0m[0m
Test (ubuntu-latest, 21)	Run tests	2026-06-22T17:43:09.3640525Z [0m[[0m[0minfo[0m] [0m[0m[32m- should support hashCode consistency with equals[0m[0m
Test (ubuntu-latest, 21)	Run tests	2026-06-22T17:43:09.3641936Z [0m[[0m[0minfo[0m] [0m[0m[32m- should produce different hash codes for different configs[0m[0m
Test (ubuntu-latest, 21)	Run tests	2026-06-22T17:43:09.3643132Z [0m[[0m[0minfo[0m] [0m[0m[32m- should generate meaningful toString[0m[0m
Test (ubuntu-latest, 21)	Run tests	2026-06-22T17:43:09.3644363Z [0m[[0m[0minfo[0m] [0m[0m[32m- should support copy with maxPoolSize change[0m[0m
Test (ubuntu-latest, 21)	Run tests	2026-06-22T17:43:09.3646750Z [0m[[0m[0minfo[0m] [0m[0m[32mSearchIndex[0m[0m
Test (ubuntu-latest, 21)	Run tests	2026-06-22T17:43:09.3661948Z [0m[[0m[0minfo[0m] [0m[0m[32m- should have pgConfig default as None[0m[0m
Test (ubuntu-latest, 21)	Run tests	2026-06-22T17:43:09.3713152Z [0m[[0m[0minfo[0m] [0m[0m[32mHttpClientSpec:[0m[0m
Test (ubuntu-latest, 21)	Run tests	2026-06-22T17:43:09.3715380Z [0m[[0m[0minfo[0m] [0m[0m[32mHttpClient factory[0m[0m
Test (ubuntu-latest, 21)	Run tests	2026-06-22T17:43:09.3723630Z [0m[[0m[0minfo[0m] [0m[0m[32m- should create() should return SimpleHttpClient instance[0m[0m
Test (ubuntu-latest, 21)	Run tests	2026-06-22T17:43:09.3845883Z [0m[[0m[0minfo[0m] [0m[0m[32m- should apply() should return SimpleHttpClient instance[0m[0m
Test (ubuntu-latest, 21)	Run tests	2026-06-22T17:43:09.3875590Z [0m[[0m[0minfo[0m] [0m[0m[32m- should create() should return working client[0m[0m
Test (ubuntu-latest, 21)	Run tests	2026-06-22T17:43:09.3876542Z [0m[[0m[0minfo[0m] [0m[0m[32m- should apply() should delegate to create()[0m[0m
Test (ubuntu-latest, 21)	Run tests	2026-06-22T17:43:09.3877102Z [0m[[0m[0minfo[0m] [0m[0m[32mSimpleHttpClient.post()[0m[0m
Test (ubuntu-latest, 21)	Run tests	2026-06-22T17:43:09.3905947Z [0m[[0m[0minfo[0m] [0m[0m[32m- should delegate to Llm4sHttpClient with correct parameters[0m[0m
Test (ubuntu-latest, 21)	Run tests	2026-06-22T17:43:09.3935874Z [0m[[0m[0minfo[0m] [0m[0m[32m- should return Success with HttpResponse on successful request[0m[0m
Test (ubuntu-latest, 21)	Run tests	2026-06-22T17:43:09.3937411Z [0m[[0m[0minfo[0m] [0m[0m[32m- should return Success even with non-200 status code[0m[0m
Test (ubuntu-latest, 21)	Run tests	2026-06-22T17:43:09.3954679Z [0m[[0m[0minfo[0m] [0m[0m[32m- should return Failure on network timeout[0m[0m
Test (ubuntu-latest, 21)	Run tests	2026-06-22T17:43:09.3956253Z [0m[[0m[0minfo[0m] [0m[0m[32m- should return Failure on connection exception[0m[0m
Test (ubuntu-latest, 21)	Run tests	2026-06-22T17:43:09.3957699Z [0m[[0m[0minfo[0m] [0m[0m[32m- should return Failure on unknown host[0m[0m
Test (ubuntu-latest, 21)	Run tests	2026-06-22T17:43:09.3959396Z [0m[[0m[0minfo[0m] [0m[0m[32m- should handle empty headers[0m[0m
Test (ubuntu-latest, 21)	Run tests	2026-06-22T17:43:09.3960595Z [0m[[0m[0minfo[0m] [0m[0m[32m- should handle empty data[0m[0m
Test (ubuntu-latest, 21)	Run tests	2026-06-22T17:43:09.3966672Z [0m[[0m[0minfo[0m] [0m[0m[32mSimpleHttpClient.postBytes()[0m[0m
Test (ubuntu-latest, 21)	Run tests	2026-06-22T17:43:09.3972662Z [0m[[0m[0minfo[0m] [0m[0m[32m- should delegate to Llm4sHttpClient with byte array[0m[0m
Test (ubuntu-latest, 21)	Run tests	2026-06-22T17:43:09.3980098Z [0m[[0m[0minfo[0m] [0m[0m[32m- should return Success with HttpResponse on successful request[0m[0m
Test (ubuntu-latest, 21)	Run tests	2026-06-22T17:43:09.3992338Z [0m[[0m[0minfo[0m] [0m[0m[32m- should handle empty byte array[0m[0m
Test (ubuntu-latest, 21)	Run tests	2026-06-22T17:43:09.3999974Z [0m[[0m[0minfo[0m] [0m[0m[32m- should handle large byte array[0m[0m
Test (ubuntu-latest, 21)	Run tests	2026-06-22T17:43:09.4013503Z [0m[[0m[0minfo[0m] [0m[0m[32m- should return Failure on exception[0m[0m
Test (ubuntu-latest, 21)	Run tests	2026-06-22T17:43:09.4015014Z [0m[[0m[0minfo[0m] [0m[0m[32mSimpleHttpClient.postMultipart()[0m[0m
Test (ubuntu-latest, 21)	Run tests	2026-06-22T17:43:09.4024276Z [0m[[0m[0minfo[0m] [0m[0m[32m- should delegate to Llm4sHttpClient with multipart parts[0m[0m
Test (ubuntu-latest, 21)	Run tests	2026-06-22T17:43:09.4033453Z [0m[[0m[0minfo[0m] [0m[0m[32m- should return Success with HttpResponse on successful request[0m[0m
Test (ubuntu-latest, 21)	Run tests	2026-06-22T17:43:09.4043118Z [0m[[0m[0minfo[0m] [0m[0m[32m- should handle empty parts sequence[0m[0m
Test (ubuntu-latest, 21)	Run tests	2026-06-22T17:43:09.4051222Z [0m[[0m[0minfo[0m] [0m[0m[32m- should handle multiple text fields[0m[0m
Test (ubuntu-latest, 21)	Run tests	2026-06-22T17:43:09.4060790Z [0m[[0m[0minfo[0m] [0m[0m[32m- should handle mixed text and file parts[0m[0m
Test (ubuntu-latest, 21)	Run tests	2026-06-22T17:43:09.4079463Z [0m[[0m[0minfo[0m] [0m[0m[32m- should return Failure on exception[0m[0m
Test (ubuntu-latest, 21)	Run tests	2026-06-22T17:43:09.4080388Z [0m[[0m[0minfo[0m] [0m[0m[32mSimpleHttpClient.get()[0m[0m
Test (ubuntu-latest, 21)	Run tests	2026-06-22T17:43:09.4081594Z [0m[[0m[0minfo[0m] [0m[0m[32m- should delegate to Llm4sHttpClient with correct parameters[0m[0m
Test (ubuntu-latest, 21)	Run tests	2026-06-22T17:43:09.4089957Z [0m[[0m[0minfo[0m] [0m[0m[32m- should return Success with HttpResponse on successful request[0m[0m
Test (ubuntu-latest, 21)	Run tests	2026-06-22T17:43:09.4098292Z [0m[[0m[0minfo[0m] [0m[0m[32m- should handle empty headers[0m[0m
Test (ubuntu-latest, 21)	Run tests	2026-06-22T17:43:09.4108020Z [0m[[0m[0minfo[0m] [0m[0m[32m- should return Failure on network exception[0m[0m
Test (ubuntu-latest, 21)	Run tests	2026-06-22T17:43:09.4110408Z [0m[[0m[0minfo[0m] [0m[0m[32mSimpleHttpClient error handling[0m[0m
Test (ubuntu-latest, 21)	Run tests	2026-06-22T17:43:09.4118422Z [0m[[0m[0minfo[0m] [0m[0m[32m- should wrap all exceptions in Try[0m[0m
Test (ubuntu-latest, 21)	Run tests	2026-06-22T17:43:09.4129276Z [0m[[0m[0minfo[0m] [0m[0m[32m- should not throw exceptions directly[0m[0m
Test (ubuntu-latest, 21)	Run tests	2026-06-22T17:43:09.4138627Z [0m[[0m[0minfo[0m] [0m[0m[32m- should preserve exception types in Failure[0m[0m
Test (ubuntu-latest, 21)	Run tests	2026-06-22T17:43:09.4141171Z [0m[[0m[0minfo[0m] [0m[0m[32mSimpleHttpClient integration[0m[0m
Test (ubuntu-latest, 21)	Run tests	2026-06-22T17:43:09.4151355Z [0m[[0m[0minfo[0m] [0m[0m[32m- should work with all HTTP methods in sequence[0m[0m
Test (ubuntu-latest, 21)	Run tests	2026-06-22T17:43:09.4208849Z [0m[[0m[0minfo[0m] [0m[0m[32mConsoleInterfaceMethodsSpec:[0m[0m
Test (ubuntu-latest, 21)	Run tests	2026-06-22T17:43:09.4212504Z [0m[[0m[0minfo[0m] [0m[0m[32mConsoleInterface.formatSessionList[0m[0m
Test (ubuntu-latest, 21)	Run tests	2026-06-22T17:43:09.4219085Z [0m[[0m[0minfo[0m] [0m[0m[32m- should show message when no sessions[0m[0m
Test (ubuntu-latest, 21)	Run tests	2026-06-22T17:43:09.4226338Z [0m[[0m[0minfo[0m] [0m[0m[32m- should list sessions when present[0m[0m
Test (ubuntu-latest, 21)	Run tests	2026-06-22T17:43:09.4236841Z [0m[[0m[0minfo[0m] [0m[0m[32m- should list a single session[0m[0m
Test (ubuntu-latest, 21)	Run tests	2026-06-22T17:43:09.4238870Z [0m[[0m[0minfo[0m] [0m[0m[32mConsoleInterface.showHelp[0m[0m
Test (ubuntu-latest, 21)	Run tests	2026-06-22T17:43:09.4241346Z [0m[[0m[0minfo[0m] [0m[0m[32m- should return non-empty help text[0m[0m
Test (ubuntu-latest, 21)	Run tests	2026-06-22T17:43:09.4243788Z [0m[[0m[0minfo[0m] [0m[0m[32m- should show Available Tools section even with no tools[0m[0m
Test (ubuntu-latest, 21)	Run tests	2026-06-22T17:43:09.4247536Z [0m[[0m[0minfo[0m] [0m[0m[32m- should show tips section[0m[0m
Test (ubuntu-latest, 21)	Run tests	2026-06-22T17:43:09.4248824Z [0m[[0m[0minfo[0m] [0m[0m[32mConsoleInterface.displayMessage[0m[0m
Test (ubuntu-latest, 21)	Run tests	2026-06-22T17:43:09.4250735Z test info
Test (ubuntu-latest, 21)	Run tests	2026-06-22T17:43:09.4258554Z [0m[[0m[0minfo[0m] [0m[0m[32m- should succeed for Info messages[0m[0m
Test (ubuntu-latest, 21)	Run tests	2026-06-22T17:43:09.4261058Z [32msuccess![39m
Test (ubuntu-latest, 21)	Run tests	2026-06-22T17:43:09.4263350Z [0m[[0m[0minfo[0m] [0m[0m[32m- should succeed for Success messages[0m[0m
Test (ubuntu-latest, 21)	Run tests	2026-06-22T17:43:09.4265391Z [0m[[0m[0minfo[0m] [0m[0m[32m- should succeed for Warning messages[0m[0m
Test (ubuntu-latest, 21)	Run tests	2026-06-22T17:43:09.4267796Z [33mwarning![39m
Test (ubuntu-latest, 21)	Run tests	2026-06-22T17:43:09.4270159Z [31merror![39m
Test (ubuntu-latest, 21)	Run tests	2026-06-22T17:43:09.4271411Z [0m[[0m[0minfo[0m] [0m[0m[32m- should succeed for Error messages[0m[0m
Test (ubuntu-latest, 21)	Run tests	2026-06-22T17:43:09.4274686Z [0m[[0m[0minfo[0m] [0m[0m[32m- should succeed for AssistantResponse messages[0m[0m
Test (ubuntu-latest, 21)	Run tests	2026-06-22T17:43:09.4277760Z 
Test (ubuntu-latest, 21)	Run tests	2026-06-22T17:43:09.4278437Z [35mAssistant> [39m response text
Test (ubuntu-latest, 21)	Run tests	2026-06-22T17:43:09.4279842Z [0m[[0m[0minfo[0m] [0m[0m[32mConsoleInterface.displayError[0m[0m
Test (ubuntu-latest, 21)	Run tests	2026-06-22T17:43:09.4281000Z [31mError: something went wrong[39m
Test (ubuntu-latest, 21)	Run tests	2026-06-22T17:43:09.4281995Z [0m[[0m[0minfo[0m] [0m[0m[32m- should succeed[0m[0m
Test (ubuntu-latest, 21)	Run tests	2026-06-22T17:43:09.4283134Z [0m[[0m[0minfo[0m] [0m[0m[32mConsoleInterface.displaySuccess[0m[0m
Test (ubuntu-latest, 21)	Run tests	2026-06-22T17:43:09.4286335Z [32moperation completed[39m
Test (ubuntu-latest, 21)	Run tests	2026-06-22T17:43:09.4287418Z [0m[[0m[0minfo[0m] [0m[0m[32m- should succeed[0m[0m
Test (ubuntu-latest, 21)	Run tests	2026-06-22T17:43:09.4289006Z [0m[[0m[0minfo[0m] [0m[0m[32mConsoleInterface.displayLLMError[0m[0m
Test (ubuntu-latest, 21)	Run tests	2026-06-22T17:43:09.4290335Z [31mLLM Error: SimpleError: Model not found[][39m
Test (ubuntu-latest, 21)	Run tests	2026-06-22T17:43:09.4291937Z [0m[[0m[0minfo[0m] [0m[0m[32m- should format and display LLM errors[0m[0m
Test (ubuntu-latest, 21)	Run tests	2026-06-22T17:43:09.4293161Z [0m[[0m[0minfo[0m] [0m[0m[32mConsoleInterface.showWelcome[0m[0m
Test (ubuntu-latest, 21)	Run tests	2026-06-22T17:43:09.4311655Z 
Test (ubuntu-latest, 21)	Run tests	2026-06-22T17:43:09.4312851Z [36m[1mΓò¡ΓöÇΓöÇΓöÇΓöÇΓöÇΓöÇΓöÇΓöÇΓöÇΓöÇΓöÇΓöÇΓöÇΓöÇΓöÇΓöÇΓöÇΓöÇΓöÇΓöÇΓöÇΓöÇΓöÇΓöÇΓöÇΓöÇΓöÇΓöÇΓöÇΓöÇΓöÇΓöÇΓöÇΓöÇΓöÇΓöÇΓöÇΓöÇΓöÇΓöÇΓöÇΓöÇΓöÇΓöÇΓöÇΓò«[0m
Test (ubuntu-latest, 21)	Run tests	2026-06-22T17:43:09.4315336Z [36m[1mΓöé           ≡ƒñû LLM4S Assistant Agent          Γöé[0m
Test (ubuntu-latest, 21)	Run tests	2026-06-22T17:43:09.4316720Z [36m[1mΓò░ΓöÇΓöÇΓöÇΓöÇΓöÇΓöÇΓöÇΓöÇΓöÇΓöÇΓöÇΓöÇΓöÇΓöÇΓöÇΓöÇΓöÇΓöÇΓöÇΓöÇΓöÇΓöÇΓöÇΓöÇΓöÇΓöÇΓöÇΓöÇΓöÇΓöÇΓöÇΓöÇΓöÇΓöÇΓöÇΓöÇΓöÇΓöÇΓöÇΓöÇΓöÇΓöÇΓöÇΓöÇΓöÇΓò»[0m
Test (ubuntu-latest, 21)	Run tests	2026-06-22T17:43:09.4317417Z 
Test (ubuntu-latest, 21)	Run tests	2026-06-22T17:43:09.4317842Z [1mAvailable Tools:[0m
Test (ubuntu-latest, 21)	Run tests	2026-06-22T17:43:09.4318326Z 
Test (ubuntu-latest, 21)	Run tests	2026-06-22T17:43:09.4318475Z 
Test (ubuntu-latest, 21)	Run tests	2026-06-22T17:43:09.4318877Z [1mCommands:[0m
Test (ubuntu-latest, 21)	Run tests	2026-06-22T17:43:09.4319722Z   ΓÇó [33m/load "Session Name"[39m - Continue a previous session
Test (ubuntu-latest, 21)	Run tests	2026-06-22T17:43:09.4338685Z   ΓÇó [33m/help[39m - Show this help message
Test (ubuntu-latest, 21)	Run tests	2026-06-22T17:43:09.4339746Z   ΓÇó [33m/new[39m - Start a new conversation
Test (ubuntu-latest, 21)	Run tests	2026-06-22T17:43:09.4340767Z   ΓÇó [33m/save [title][39m - Save current session
Test (ubuntu-latest, 21)	Run tests	2026-06-22T17:43:09.4341795Z   ΓÇó [33m/sessions[39m - List recent sessions
Test (ubuntu-latest, 21)	Run tests	2026-06-22T17:43:09.4342733Z   ΓÇó [33m/quit[39m - Save and exit
Test (ubuntu-latest, 21)	Run tests	2026-06-22T17:43:09.4343329Z 
Test (ubuntu-latest, 21)	Run tests	2026-06-22T17:43:09.4344021Z [32mJust type your message to start chatting or load a session![39m
Test (ubuntu-latest, 21)	Run tests	2026-06-22T17:43:09.4345181Z 
Test (ubuntu-latest, 21)	Run tests	2026-06-22T17:43:09.4345937Z [0m[[0m[0minfo[0m] [0m[0m[32m- should succeed without errors[0m[0m
Test (ubuntu-latest, 21)	Run tests	2026-06-22T17:43:09.4375399Z [0m[[0m[0minfo[0m] [0m[0m[32mPromptInjectionSpec:[0m[0m
Test (ubuntu-latest, 21)	Run tests	2026-06-22T17:43:09.4378228Z [0m[[0m[0minfo[0m] [0m[0m[32mPromptInjectionDetector[0m[0m
Test (ubuntu-latest, 21)	Run tests	2026-06-22T17:43:09.4394105Z [0m[[0m[0minfo[0m] [0m[0m[32m- should detect 'ignore previous instructions'[0m[0m
Test (ubuntu-latest, 21)	Run tests	2026-06-22T17:43:09.4398498Z [0m[[0m[0minfo[0m] [0m[0m[32m- should detect 'forget instructions'[0m[0m
Test (ubuntu-latest, 21)	Run tests	2026-06-22T17:43:09.4401426Z [0m[[0m[0minfo[0m] [0m[0m[32m- should detect 'disregard' patterns[0m[0m
Test (ubuntu-latest, 21)	Run tests	2026-06-22T17:43:09.4413345Z [0m[[0m[0minfo[0m] [0m[0m[32m- should detect 'new instructions' patterns[0m[0m
Test (ubuntu-latest, 21)	Run tests	2026-06-22T17:43:09.4415032Z [0m[[0m[0minfo[0m] [0m[0m[32m- should detect DAN jailbreak attempts[0m[0m
Test (ubuntu-latest, 21)	Run tests	2026-06-22T17:43:09.4417253Z [0m[[0m[0minfo[0m] [0m[0m[32m- should detect evil roleplay requests[0m[0m
Test (ubuntu-latest, 21)	Run tests	2026-06-22T17:43:09.4419384Z [0m[[0m[0minfo[0m] [0m[0m[32m- should detect 'no restrictions' patterns[0m[0m
Test (ubuntu-latest, 21)	Run tests	2026-06-22T17:43:09.4420787Z [0m[[0m[0minfo[0m] [0m[0m[32m- should detect developer/admin mode attempts[0m[0m
Test (ubuntu-latest, 21)	Run tests	2026-06-22T17:43:09.4422994Z [0m[[0m[0minfo[0m] [0m[0m[32m- should detect system prompt extraction attempts[0m[0m
Test (ubuntu-latest, 21)	Run tests	2026-06-22T17:43:09.4426053Z [0m[[0m[0minfo[0m] [0m[0m[32m- should detect 'beginning text' extraction[0m[0m
Test (ubuntu-latest, 21)	Run tests	2026-06-22T17:43:09.4428473Z [0m[[0m[0minfo[0m] [0m[0m[32m- should detect hypothetical scenario jailbreaks[0m[0m
Test (ubuntu-latest, 21)	Run tests	2026-06-22T17:43:09.4431686Z [0m[[0m[0minfo[0m] [0m[0m[32m- should detect dangerous creative writing requests[0m[0m
Test (ubuntu-latest, 21)	Run tests	2026-06-22T17:43:09.4434519Z [0m[[0m[0minfo[0m] [0m[0m[32m- should detect SQL injection patterns[0m[0m
Test (ubuntu-latest, 21)	Run tests	2026-06-22T17:43:09.4437346Z [0m[[0m[0minfo[0m] [0m[0m[32m- should detect shell injection patterns[0m[0m
Test (ubuntu-latest, 21)	Run tests	2026-06-22T17:43:09.4440137Z [0m[[0m[0minfo[0m] [0m[0m[32m- should detect script injection patterns[0m[0m
Test (ubuntu-latest, 21)	Run tests	2026-06-22T17:43:09.4475716Z [0m[[0m[0minfo[0m] [0m[0m[32m- should respect sensitivity levels[0m[0m
Test (ubuntu-latest, 21)	Run tests	2026-06-22T17:43:09.4494086Z [0m[[0m[0minfo[0m] [0m[0m[32m- should filter low severity patterns at low sensitivity[0m[0m
Test (ubuntu-latest, 21)	Run tests	2026-06-22T17:43:09.4495787Z [0m[[0m[0minfo[0m] [0m[0m[32m- should block by default when injection detected[0m[0m
Test (ubuntu-latest, 21)	Run tests	2026-06-22T17:43:09.4497004Z [0m[[0m[0minfo[0m] [0m[0m[32m- should warn but allow in warn mode[0m[0m
Test (ubuntu-latest, 21)	Run tests	2026-06-22T17:43:09.4498382Z [0m[[0m[0minfo[0m] [0m[0m[32m- should block even in fix mode (no safe fix for injection)[0m[0m
Test (ubuntu-latest, 21)	Run tests	2026-06-22T17:43:09.4499631Z [0m[[0m[0minfo[0m] [0m[0m[32m- should pass clean input through[0m[0m
Test (ubuntu-latest, 21)	Run tests	2026-06-22T17:43:09.4500942Z [0m[[0m[0minfo[0m] [0m[0m[32m- should not flag legitimate requests mentioning instructions[0m[0m
Test (ubuntu-latest, 21)	Run tests	2026-06-22T17:43:09.4502204Z [0m[[0m[0minfo[0m] [0m[0m[32m- should work with strict preset[0m[0m
Test (ubuntu-latest, 21)	Run tests	2026-06-22T17:43:09.4503288Z [0m[[0m[0minfo[0m] [0m[0m[32m- should work with balanced preset[0m[0m
Test (ubuntu-latest, 21)	Run tests	2026-06-22T17:43:09.4504375Z [0m[[0m[0minfo[0m] [0m[0m[32m- should work with monitoring preset[0m[0m
Test (ubuntu-latest, 21)	Run tests	2026-06-22T17:43:09.4505820Z [0m[[0m[0minfo[0m] [0m[0m[32m- should work with instructionOverrideOnly preset[0m[0m
Test (ubuntu-latest, 21)	Run tests	2026-06-22T17:43:09.4529356Z [0m[[0m[0minfo[0m] [0m[0m[32m- should work with jailbreakOnly preset[0m[0m
Test (ubuntu-latest, 21)	Run tests	2026-06-22T17:43:09.4530374Z [0m[[0m[0minfo[0m] [0m[0m[32mInjectionPattern[0m[0m
Test (ubuntu-latest, 21)	Run tests	2026-06-22T17:43:09.4531370Z [0m[[0m[0minfo[0m] [0m[0m[32m- should have all categories covered in default[0m[0m
Test (ubuntu-latest, 21)	Run tests	2026-06-22T17:43:09.4532357Z [0m[[0m[0minfo[0m] [0m[0m[32mInjectionSensitivity[0m[0m
Test (ubuntu-latest, 21)	Run tests	2026-06-22T17:43:09.4533288Z [0m[[0m[0minfo[0m] [0m[0m[32m- should have correct thresholds[0m[0m
Test (ubuntu-latest, 21)	Run tests	2026-06-22T17:43:09.4534221Z [0m[[0m[0minfo[0m] [0m[0m[32mPromptInjectionDetector[0m[0m
Test (ubuntu-latest, 21)	Run tests	2026-06-22T17:43:09.4535622Z [0m[[0m[0minfo[0m] [0m[0m[32m- should work with CompositeGuardrail.all[0m[0m
Test (ubuntu-latest, 21)	Run tests	2026-06-22T17:43:09.4550248Z [0m[[0m[0minfo[0m] [0m[0m[32m- should work with PIIDetector in a chain[0m[0m
Test (ubuntu-latest, 21)	Run tests	2026-06-22T17:43:09.4585840Z [0m[[0m[0minfo[0m] [0m[0m[32mGraphQAPipelineTest:[0m[0m
Test (ubuntu-latest, 21)	Run tests	2026-06-22T17:43:09.4756686Z [0m[[0m[0minfo[0m] [0m[0m[32m- ask should produce an answer with citations[0m[0m
Test (ubuntu-latest, 21)	Run tests	2026-06-22T17:43:09.4796716Z [0m[[0m[0minfo[0m] [0m[0m[32m- askWithQuery should use provided query instead of translating[0m[0m
Test (ubuntu-latest, 21)	Run tests	2026-06-22T17:43:09.4812960Z [0m[[0m[0minfo[0m] [0m[0m[32m- ask should handle entity identification failure gracefully[0m[0m
Test (ubuntu-latest, 21)	Run tests	2026-06-22T17:43:09.4828622Z [0m[[0m[0minfo[0m] [0m[0m[32m- ask should propagate LLM errors during query translation[0m[0m
Test (ubuntu-latest, 21)	Run tests	2026-06-22T17:43:09.4834948Z [0m[[0m[0minfo[0m] [0m[0m[32m- buildContext should format nodes and edges correctly[0m[0m
Test (ubuntu-latest, 21)	Run tests	2026-06-22T17:43:09.4844160Z [0m[[0m[0minfo[0m] [0m[0m[32m- buildContext should include paths when present[0m[0m
Test (ubuntu-latest, 21)	Run tests	2026-06-22T17:43:09.4912596Z [0m[[0m[0minfo[0m] [0m[0m[32m- ask with ranking should limit context nodes[0m[0m
Test (ubuntu-latest, 21)	Run tests	2026-06-22T17:43:09.4923526Z [0m[[0m[0minfo[0m] [0m[0m[32m- identifyEntities should resolve mentions to graph nodes[0m[0m
Test (ubuntu-latest, 21)	Run tests	2026-06-22T17:43:09.4945941Z [0m[[0m[0minfo[0m] [0m[0m[32mDeepSeekClientToolMessageTest:[0m[0m
Test (ubuntu-latest, 21)	Run tests	2026-06-22T17:43:09.4947023Z [0m[[0m[0minfo[0m] [0m[0m[32mDeepSeekClient[0m[0m
Test (ubuntu-latest, 21)	Run tests	2026-06-22T17:43:09.5357842Z [0m[[0m[0minfo[0m] [0m[0m[32m- should encode ToolMessage with correct field order[0m[0m
Test (ubuntu-latest, 21)	Run tests	2026-06-22T17:43:09.5365547Z [0m[[0m[0minfo[0m] [0m[0m[32m- should handle multiple ToolMessages correctly[0m[0m
Test (ubuntu-latest, 21)	Run tests	2026-06-22T17:43:09.5368242Z [0m[[0m[0minfo[0m] [0m[0m[32m- should include response_format when ResponseFormat.Json is set[0m[0m
Test (ubuntu-latest, 21)	Run tests	2026-06-22T17:43:09.5372797Z [0m[[0m[0minfo[0m] [0m[0m[32m- should omit response_format when responseFormat is not set[0m[0m
Test (ubuntu-latest, 21)	Run tests	2026-06-22T17:43:09.5394810Z [0m[[0m[0minfo[0m] [0m[0m[32mRAGASEvaluatorSpec:[0m[0m
Test (ubuntu-latest, 21)	Run tests	2026-06-22T17:43:09.5396764Z [0m[[0m[0minfo[0m] [0m[0m[32mRAGASEvaluator[0m[0m
Test (ubuntu-latest, 21)	Run tests	2026-06-22T17:43:09.5904100Z [0m[[0m[0minfo[0m] [0m[0m[32m- should evaluate a sample with all metrics[0m[0m
Test (ubuntu-latest, 21)	Run tests	2026-06-22T17:43:09.5909675Z [0m[[0m[0minfo[0m] [0m[0m[32m- should evaluate sample without ground truth (only basic metrics)[0m[0m
Test (ubuntu-latest, 21)	Run tests	2026-06-22T17:43:09.5937039Z [0m[[0m[0minfo[0m] [0m[0m[32m- should evaluate a batch of samples[0m[0m
Test (ubuntu-latest, 21)	Run tests	2026-06-22T17:43:09.5939785Z [0m[[0m[0minfo[0m] [0m[0m[32m- should return empty summary for empty batch[0m[0m
Test (ubuntu-latest, 21)	Run tests	2026-06-22T17:43:09.5945520Z [0m[[0m[0minfo[0m] [0m[0m[32m- should create evaluator with only specific metrics[0m[0m
Test (ubuntu-latest, 21)	Run tests	2026-06-22T17:43:09.5950735Z [0m[[0m[0minfo[0m] [0m[0m[32m- should evaluate a single metric[0m[0m
Test (ubuntu-latest, 21)	Run tests	2026-06-22T17:43:09.5957963Z [0m[[0m[0minfo[0m] [0m[0m[32m- should fail for unknown metric[0m[0m
Test (ubuntu-latest, 21)	Run tests	2026-06-22T17:43:09.5965872Z [0m[[0m[0minfo[0m] [0m[0m[32m- should provide basic evaluator without ground truth metrics[0m[0m
Test (ubuntu-latest, 21)	Run tests	2026-06-22T17:43:09.5968367Z [0m[[0m[0minfo[0m] [0m[0m[32m- should have correct metric constants[0m[0m
Test (ubuntu-latest, 21)	Run tests	2026-06-22T17:43:09.5983821Z [0m[[0m[0minfo[0m] [0m[0m[32m- should evaluate dataset[0m[0m
Test (ubuntu-latest, 21)	Run tests	2026-06-22T17:43:09.6038670Z [0m[[0m[0minfo[0m] [0m[0m[32mInMemoryTraceStorePropertySpec:[0m[0m
Test (ubuntu-latest, 21)	Run tests	2026-06-22T17:43:09.6040010Z [0m[[0m[0minfo[0m] [0m[0m[32mInMemoryTraceStore.saveTrace / getTrace[0m[0m
Test (ubuntu-latest, 21)	Run tests	2026-06-22T17:43:09.6068193Z [0m[[0m[0minfo[0m] [0m[0m[32m- should retrieve exactly what was saved[0m[0m
Test (ubuntu-latest, 21)	Run tests	2026-06-22T17:43:09.6073385Z [0m[[0m[0minfo[0m] [0m[0m[32m- should return None for an unknown traceId[0m[0m
Test (ubuntu-latest, 21)	Run tests	2026-06-22T17:43:09.6087815Z [0m[[0m[0minfo[0m] [0m[0m[32m- should overwrite on duplicate traceId[0m[0m
Test (ubuntu-latest, 21)	Run tests	2026-06-22T17:43:09.6089379Z [0m[[0m[0minfo[0m] [0m[0m[32mInMemoryTraceStore.saveSpan / getSpans[0m[0m
Test (ubuntu-latest, 21)	Run tests	2026-06-22T17:43:09.6180248Z [0m[[0m[0minfo[0m] [0m[0m[32m- should retrieve all saved spans for a trace[0m[0m
Test (ubuntu-latest, 21)	Run tests	2026-06-22T17:43:09.6189519Z [0m[[0m[0minfo[0m] [0m[0m[32m- should return empty list for a trace with no spans[0m[0m
Test (ubuntu-latest, 21)	Run tests	2026-06-22T17:43:09.6190999Z [0m[[0m[0minfo[0m] [0m[0m[32mInMemoryTraceStore[0m[0m
Test (ubuntu-latest, 21)	Run tests	2026-06-22T17:43:09.6224500Z [0m[[0m[0minfo[0m] [0m[0m[32m- should not mix spans between different traces[0m[0m
Test (ubuntu-latest, 21)	Run tests	2026-06-22T17:43:09.6226296Z [0m[[0m[0minfo[0m] [0m[0m[32mInMemoryTraceStore.deleteTrace[0m[0m
Test (ubuntu-latest, 21)	Run tests	2026-06-22T17:43:09.6241549Z [0m[[0m[0minfo[0m] [0m[0m[32m- should remove the trace and its spans[0m[0m
Test (ubuntu-latest, 21)	Run tests	2026-06-22T17:43:09.6250743Z [0m[[0m[0minfo[0m] [0m[0m[32m- should return false for a non-existent traceId[0m[0m
Test (ubuntu-latest, 21)	Run tests	2026-06-22T17:43:09.6252195Z [0m[[0m[0minfo[0m] [0m[0m[32mInMemoryTraceStore.queryTraces[0m[0m
Test (ubuntu-latest, 21)	Run tests	2026-06-22T17:43:09.6417973Z [0m[[0m[0minfo[0m] [0m[0m[32m- should return only traces with the queried status[0m[0m
Test (ubuntu-latest, 21)	Run tests	2026-06-22T17:43:09.6515837Z [0m[[0m[0minfo[0m] [0m[0m[32m- should return only traces whose startTime is within [from, to][0m[0m
Test (ubuntu-latest, 21)	Run tests	2026-06-22T17:43:09.6662197Z [0m[[0m[0minfo[0m] [0m[0m[32m- should never return more traces than the requested limit[0m[0m
Test (ubuntu-latest, 21)	Run tests	2026-06-22T17:43:09.7102903Z [0m[[0m[0minfo[0m] [0m[0m[32m- should cover all saved traces across pages with no duplicates[0m[0m
Test (ubuntu-latest, 21)	Run tests	2026-06-22T17:43:09.7105367Z [0m[[0m[0minfo[0m] [0m[0m[32mInMemoryTraceStore.searchByMetadata[0m[0m
Test (ubuntu-latest, 21)	Run tests	2026-06-22T17:43:09.7255024Z [0m[[0m[0minfo[0m] [0m[0m[32m- should return only traceIds that have the given key=value[0m[0m
Test (ubuntu-latest, 21)	Run tests	2026-06-22T17:43:09.7272025Z [0m[[0m[0minfo[0m] [0m[0m[32m- should return empty list when no trace has the given key=value[0m[0m
Test (ubuntu-latest, 21)	Run tests	2026-06-22T17:43:09.7274492Z [0m[[0m[0minfo[0m] [0m[0m[32mInMemoryTraceStore.clear[0m[0m
Test (ubuntu-latest, 21)	Run tests	2026-06-22T17:43:09.7375296Z [0m[[0m[0minfo[0m] [0m[0m[32m- should remove all traces and spans[0m[0m
Test (ubuntu-latest, 21)	Run tests	2026-06-22T17:43:09.7415510Z [0m[[0m[0minfo[0m] [0m[0m[32mBenchmarkConfigSpec:[0m[0m
Test (ubuntu-latest, 21)	Run tests	2026-06-22T17:43:09.7416864Z [0m[[0m[0minfo[0m] [0m[0m[32mEmbeddingConfig[0m[0m
Test (ubuntu-latest, 21)	Run tests	2026-06-22T17:43:09.7418253Z [0m[[0m[0minfo[0m] [0m[0m[32m- should have correct provider names[0m[0m
Test (ubuntu-latest, 21)	Run tests	2026-06-22T17:43:09.7419857Z [0m[[0m[0minfo[0m] [0m[0m[32m- should have sensible default dimensions[0m[0m
Test (ubuntu-latest, 21)	Run tests	2026-06-22T17:43:09.7422167Z [0m[[0m[0minfo[0m] [0m[0m[32m- should provide pre-configured variants[0m[0m
Test (ubuntu-latest, 21)	Run tests	2026-06-22T17:43:09.7423642Z [0m[[0m[0minfo[0m] [0m[0m[32mRAGExperimentConfig[0m[0m
Test (ubuntu-latest, 21)	Run tests	2026-06-22T17:43:09.7424631Z [0m[[0m[0minfo[0m] [0m[0m[32m- should have a default configuration[0m[0m
Test (ubuntu-latest, 21)	Run tests	2026-06-22T17:43:09.7427100Z [0m[[0m[0minfo[0m] [0m[0m[32m- should require a non-empty name[0m[0m
Test (ubuntu-latest, 21)	Run tests	2026-06-22T17:43:09.7430333Z [0m[[0m[0minfo[0m] [0m[0m[32m- should require positive topK[0m[0m
Test (ubuntu-latest, 21)	Run tests	2026-06-22T17:43:09.7433237Z [0m[[0m[0minfo[0m] [0m[0m[32m- should require rerankTopK >= topK[0m[0m
Test (ubuntu-latest, 21)	Run tests	2026-06-22T17:43:09.7434478Z [0m[[0m[0minfo[0m] [0m[0m[32m- should create config for chunking strategy[0m[0m
Test (ubuntu-latest, 21)	Run tests	2026-06-22T17:43:09.7436220Z [0m[[0m[0minfo[0m] [0m[0m[32m- should create config for embedding provider[0m[0m
Test (ubuntu-latest, 21)	Run tests	2026-06-22T17:43:09.7437950Z [0m[[0m[0minfo[0m] [0m[0m[32m- should create config for fusion strategy[0m[0m
Test (ubuntu-latest, 21)	Run tests	2026-06-22T17:43:09.7441326Z [0m[[0m[0minfo[0m] [0m[0m[32m- should generate full description[0m[0m
Test (ubuntu-latest, 21)	Run tests	2026-06-22T17:43:09.7442269Z [0m[[0m[0minfo[0m] [0m[0m[32mBenchmarkSuite[0m[0m
Test (ubuntu-latest, 21)	Run tests	2026-06-22T17:43:09.7443752Z [0m[[0m[0minfo[0m] [0m[0m[32m- should require at least one experiment[0m[0m
Test (ubuntu-latest, 21)	Run tests	2026-06-22T17:43:09.7448302Z [0m[[0m[0minfo[0m] [0m[0m[32m- should provide chunking suite[0m[0m
Test (ubuntu-latest, 21)	Run tests	2026-06-22T17:43:09.7458674Z [0m[[0m[0minfo[0m] [0m[0m[32m- should provide fusion suite[0m[0m
Test (ubuntu-latest, 21)	Run tests	2026-06-22T17:43:09.7459689Z [0m[[0m[0minfo[0m] [0m[0m[32m- should provide embedding suite[0m[0m
Test (ubuntu-latest, 21)	Run tests	2026-06-22T17:43:09.7461272Z [0m[[0m[0minfo[0m] [0m[0m[32m- should provide quick suite[0m[0m
Test (ubuntu-latest, 21)	Run tests	2026-06-22T17:43:09.7462879Z [0m[[0m[0minfo[0m] [0m[0m[32m- should create quick version of a suite[0m[0m
Test (ubuntu-latest, 21)	Run tests	2026-06-22T17:43:09.7467769Z [0m[[0m[0minfo[0m] [0m[0m[32m- should get experiment by name[0m[0m
Test (ubuntu-latest, 21)	Run tests	2026-06-22T17:43:09.7499171Z [0m[[0m[0minfo[0m] [0m[0m[32mCompletionSpec:[0m[0m
Test (ubuntu-latest, 21)	Run tests	2026-06-22T17:43:09.7501728Z [0m[[0m[0minfo[0m] [0m[0m[32m- Completion.asText returns content[0m[0m
Test (ubuntu-latest, 21)	Run tests	2026-06-22T17:43:09.7508383Z [0m[[0m[0minfo[0m] [0m[0m[32m- Completion.hasToolCalls returns true when tool calls present[0m[0m
Test (ubuntu-latest, 21)	Run tests	2026-06-22T17:43:09.7509900Z [0m[[0m[0minfo[0m] [0m[0m[32m- Completion.hasToolCalls returns false when no tool calls[0m[0m
Test (ubuntu-latest, 21)	Run tests	2026-06-22T17:43:09.7511951Z [0m[[0m[0minfo[0m] [0m[0m[32m- Completion.hasThinking returns true when thinking content present[0m[0m
Test (ubuntu-latest, 21)	Run tests	2026-06-22T17:43:09.7513874Z [0m[[0m[0minfo[0m] [0m[0m[32m- Completion.hasThinking returns false when thinking is empty[0m[0m
Test (ubuntu-latest, 21)	Run tests	2026-06-22T17:43:09.7515970Z [0m[[0m[0minfo[0m] [0m[0m[32m- Completion.fullContent includes thinking when present[0m[0m
Test (ubuntu-latest, 21)	Run tests	2026-06-22T17:43:09.7517429Z [0m[[0m[0minfo[0m] [0m[0m[32m- Completion.fullContent returns only content when no thinking[0m[0m
Test (ubuntu-latest, 21)	Run tests	2026-06-22T17:43:09.7526229Z [0m[[0m[0minfo[0m] [0m[0m[32m- TokenUsage.totalOutputTokens includes thinking tokens[0m[0m
Test (ubuntu-latest, 21)	Run tests	2026-06-22T17:43:09.7528276Z [0m[[0m[0minfo[0m] [0m[0m[32m- TokenUsage.totalOutputTokens returns completionTokens when no thinking[0m[0m
Test (ubuntu-latest, 21)	Run tests	2026-06-22T17:43:09.7532072Z [0m[[0m[0minfo[0m] [0m[0m[32m- TokenUsage.hasThinkingTokens returns true when thinking tokens present[0m[0m
Test (ubuntu-latest, 21)	Run tests	2026-06-22T17:43:09.7534598Z [0m[[0m[0minfo[0m] [0m[0m[32m- TokenUsage.hasThinkingTokens returns false when thinking tokens is zero[0m[0m
Test (ubuntu-latest, 21)	Run tests	2026-06-22T17:43:09.7536706Z [0m[[0m[0minfo[0m] [0m[0m[32m- StreamedChunk.hasThinking returns true when thinking delta present[0m[0m
Test (ubuntu-latest, 21)	Run tests	2026-06-22T17:43:09.7538323Z [0m[[0m[0minfo[0m] [0m[0m[32m- StreamedChunk.hasContent returns true when content present[0m[0m
Test (ubuntu-latest, 21)	Run tests	2026-06-22T17:43:09.7539896Z [0m[[0m[0minfo[0m] [0m[0m[32m- StreamedChunk.hasContent returns false when content is empty[0m[0m
Test (ubuntu-latest, 21)	Run tests	2026-06-22T17:43:09.7546538Z [0m[[0m[0minfo[0m] [0m[0m[32m- CompletionChunk.isComplete returns true when finishReason is set[0m[0m
Test (ubuntu-latest, 21)	Run tests	2026-06-22T17:43:09.7549599Z [0m[[0m[0minfo[0m] [0m[0m[32m- CompletionChunk.isComplete returns false when finishReason is None[0m[0m
Test (ubuntu-latest, 21)	Run tests	2026-06-22T17:43:09.7552515Z [0m[[0m[0minfo[0m] [0m[0m[32m- CompletionChunk.asText returns content or empty string[0m[0m
Test (ubuntu-latest, 21)	Run tests	2026-06-22T17:43:09.7570733Z [0m[[0m[0minfo[0m] [0m[0m[32m- ChunkDelta.empty creates empty delta[0m[0m
Test (ubuntu-latest, 21)	Run tests	2026-06-22T17:43:09.7596110Z [0m[[0m[0minfo[0m] [0m[0m[32mMCPToolRegistryCacheSpec:[0m[0m
Test (ubuntu-latest, 21)	Run tests	2026-06-22T17:43:09.7598136Z [0m[[0m[0minfo[0m] [0m[0m[32mMCPToolRegistry[0m[0m
Test (ubuntu-latest, 21)	Run tests	2026-06-22T17:43:09.7618606Z [0m[[0m[0minfo[0m] [0m[0m[32m- should include local tools in tools list[0m[0m
Test (ubuntu-latest, 21)	Run tests	2026-06-22T17:43:09.7630167Z [0m[[0m[0minfo[0m] [0m[0m[32m- should execute local tools successfully[0m[0m
Test (ubuntu-latest, 21)	Run tests	2026-06-22T17:43:09.7638327Z 17:43:09.763 [pool-1-thread-1-ScalaTest-running-MCPToolRegistryCacheSpec] WARN  org.llm4s.mcp.MCPToolRegistry - Tool nonexistent_tool not found in any registry (local or MCP)
Test (ubuntu-latest, 21)	Run tests	2026-06-22T17:43:09.7646523Z [0m[[0m[0minfo[0m] [0m[0m[32m- should return error for unknown tool[0m[0m
Test (ubuntu-latest, 21)	Run tests	2026-06-22T17:43:09.7648260Z [0m[[0m[0minfo[0m] [0m[0m[32mMCPToolRegistry.clearCache[0m[0m
Test (ubuntu-latest, 21)	Run tests	2026-06-22T17:43:09.7651490Z [0m[[0m[0minfo[0m] [0m[0m[32m- should clear all cached tools[0m[0m
Test (ubuntu-latest, 21)	Run tests	2026-06-22T17:43:09.7652445Z [0m[[0m[0minfo[0m] [0m[0m[32mMCPToolRegistry.refreshCache[0m[0m
Test (ubuntu-latest, 21)	Run tests	2026-06-22T17:43:09.7656741Z [0m[[0m[0minfo[0m] [0m[0m[32m- should refresh cache for all servers[0m[0m
Test (ubuntu-latest, 21)	Run tests	2026-06-22T17:43:09.7659165Z [0m[[0m[0minfo[0m] [0m[0m[32mMCPToolRegistry.getOpenAITools[0m[0m
Test (ubuntu-latest, 21)	Run tests	2026-06-22T17:43:09.7665463Z [0m[[0m[0minfo[0m] [0m[0m[32m- should return tools in OpenAI format[0m[0m
Test (ubuntu-latest, 21)	Run tests	2026-06-22T17:43:09.7668443Z [0m[[0m[0minfo[0m] [0m[0m[32m- should return empty array when no tools[0m[0m
Test (ubuntu-latest, 21)	Run tests	2026-06-22T17:43:09.7669780Z [0m[[0m[0minfo[0m] [0m[0m[32mMCPToolRegistry.close[0m[0m
Test (ubuntu-latest, 21)	Run tests	2026-06-22T17:43:09.7683523Z [0m[[0m[0minfo[0m] [0m[0m[32m- should close all MCP clients[0m[0m
Test (ubuntu-latest, 21)	Run tests	2026-06-22T17:43:09.7686347Z [0m[[0m[0minfo[0m] [0m[0m[32mMCPToolRegistry.closeMCPClients[0m[0m
Test (ubuntu-latest, 21)	Run tests	2026-06-22T17:43:09.7689181Z [0m[[0m[0minfo[0m] [0m[0m[32m- should be idempotent[0m[0m
Test (ubuntu-latest, 21)	Run tests	2026-06-22T17:43:09.7690928Z [0m[[0m[0minfo[0m] [0m[0m[32mMCPToolRegistry.getAllTools[0m[0m
Test (ubuntu-latest, 21)	Run tests	2026-06-22T17:43:09.7696369Z [0m[[0m[0minfo[0m] [0m[0m[32m- should combine local and MCP tools[0m[0m
Test (ubuntu-latest, 21)	Run tests	2026-06-22T17:43:09.7697866Z [0m[[0m[0minfo[0m] [0m[0m[32m- should return empty when no tools configured[0m[0m
Test (ubuntu-latest, 21)	Run tests	2026-06-22T17:43:09.7699229Z [0m[[0m[0minfo[0m] [0m[0m[32mMCPToolRegistry[0m[0m
Test (ubuntu-latest, 21)	Run tests	2026-06-22T17:43:09.7707598Z [0m[[0m[0minfo[0m] [0m[0m[32m- should respect initializeOnStartup=false[0m[0m
Test (ubuntu-latest, 21)	Run tests	2026-06-22T17:43:09.7722770Z [0m[[0m[0minfo[0m] [0m[0m[32m- should support custom cache TTL[0m[0m
Test (ubuntu-latest, 21)	Run tests	2026-06-22T17:43:09.7723318Z [0m[[0m[0minfo[0m] [0m[0m[32mCachedTools[0m[0m
Test (ubuntu-latest, 21)	Run tests	2026-06-22T17:43:09.7826549Z [0m[[0m[0minfo[0m] [0m[0m[32m- should detect expiration correctly[0m[0m
Test (ubuntu-latest, 21)	Run tests	2026-06-22T17:43:09.7846828Z [0m[[0m[0minfo[0m] [0m[0m[32mCachingLLMClientTest:[0m[0m
Test (ubuntu-latest, 21)	Run tests	2026-06-22T17:43:09.8311853Z [0m[[0m[0minfo[0m] [0m[0m[32m- Cache miss calls base client, caches result, and logs TraceEvent with correct reason[0m[0m
Test (ubuntu-latest, 21)	Run tests	2026-06-22T17:43:09.8322433Z [0m[[0m[0minfo[0m] [0m[0m[32m- Cache miss on options mismatch logs OptionsMismatch[0m[0m
Test (ubuntu-latest, 21)	Run tests	2026-06-22T17:43:09.8326104Z [0m[[0m[0minfo[0m] [0m[0m[32m- TTL expiration logs TtlExpired[0m[0m
Test (ubuntu-latest, 21)	Run tests	2026-06-22T17:43:09.8328075Z [0m[[0m[0minfo[0m] [0m[0m[32m- Config validation returns Result[0m[0m
Test (ubuntu-latest, 21)	Run tests	2026-06-22T17:43:09.8334316Z [0m[[0m[0minfo[0m] [0m[0m[32m- Security: Prompt text excludes sensitive tool outputs[0m[0m
Test (ubuntu-latest, 21)	Run tests	2026-06-22T17:43:09.8352160Z [0m[[0m[0minfo[0m] [0m[0m[32mStableDiffusionClientEditTest:[0m[0m
Test (ubuntu-latest, 21)	Run tests	2026-06-22T17:43:09.8354582Z [0m[[0m[0minfo[0m] [0m[0m[32meditImage[0m[0m
Test (ubuntu-latest, 21)	Run tests	2026-06-22T17:43:09.8365316Z [0m[[0m[0minfo[0m] [0m[0m[32m- should fail when source image does not exist[0m[0m
Test (ubuntu-latest, 21)	Run tests	2026-06-22T17:43:09.8411455Z [0m[[0m[0minfo[0m] [0m[0m[32m- should fail when mask dimensions do not match source image dimensions[0m[0m
Test (ubuntu-latest, 21)	Run tests	2026-06-22T17:43:09.8434274Z [0m[[0m[0minfo[0m] [0m[0m[32m- should fail when denoising strength is out of range[0m[0m
Test (ubuntu-latest, 21)	Run tests	2026-06-22T17:43:09.8442834Z [0m[[0m[0minfo[0m] [0m[0m[32m- should fail when provider options are for another provider[0m[0m
Test (ubuntu-latest, 21)	Run tests	2026-06-22T17:43:09.8489351Z [0m[[0m[0minfo[0m] [0m[0m[32mToolCallErrorJsonSpec:[0m[0m
Test (ubuntu-latest, 21)	Run tests	2026-06-22T17:43:09.8490352Z [0m[[0m[0minfo[0m] [0m[0m[32mToolParameterError.MultipleErrors[0m[0m
Test (ubuntu-latest, 21)	Run tests	2026-06-22T17:43:09.8496524Z [0m[[0m[0minfo[0m] [0m[0m[32m- should delegate getMessage to single error when list has one element[0m[0m
Test (ubuntu-latest, 21)	Run tests	2026-06-22T17:43:09.8502125Z [0m[[0m[0minfo[0m] [0m[0m[32m- should produce a combined message for multiple errors[0m[0m
Test (ubuntu-latest, 21)	Run tests	2026-06-22T17:43:09.8503550Z [0m[[0m[0minfo[0m] [0m[0m[32m- should report all parameter names joined[0m[0m
Test (ubuntu-latest, 21)	Run tests	2026-06-22T17:43:09.8505033Z [0m[[0m[0minfo[0m] [0m[0m[32mToolCallError.isRetryable[0m[0m
Test (ubuntu-latest, 21)	Run tests	2026-06-22T17:43:09.8506118Z [0m[[0m[0minfo[0m] [0m[0m[32m- should return false for UnknownFunction[0m[0m
Test (ubuntu-latest, 21)	Run tests	2026-06-22T17:43:09.8507210Z [0m[[0m[0minfo[0m] [0m[0m[32m- should return false for NullArguments[0m[0m
Test (ubuntu-latest, 21)	Run tests	2026-06-22T17:43:09.8508278Z [0m[[0m[0minfo[0m] [0m[0m[32m- should return false for InvalidArguments[0m[0m
Test (ubuntu-latest, 21)	Run tests	2026-06-22T17:43:09.8520354Z [0m[[0m[0minfo[0m] [0m[0m[32m- should return false for HandlerError[0m[0m
Test (ubuntu-latest, 21)	Run tests	2026-06-22T17:43:09.8521506Z [0m[[0m[0minfo[0m] [0m[0m[32m- should return true for Timeout[0m[0m
Test (ubuntu-latest, 21)	Run tests	2026-06-22T17:43:09.8522700Z [0m[[0m[0minfo[0m] [0m[0m[32m- should return true for ExecutionError caused by IOException[0m[0m
Test (ubuntu-latest, 21)	Run tests	2026-06-22T17:43:09.8523793Z [0m[[0m[0minfo[0m] [0m[0m[32m- should return true for ExecutionError caused by TimeoutException[0m[0m
Test (ubuntu-latest, 21)	Run tests	2026-06-22T17:43:09.8525230Z [0m[[0m[0minfo[0m] [0m[0m[32m- should return false for ExecutionError caused by a non-transient exception[0m[0m
Test (ubuntu-latest, 21)	Run tests	2026-06-22T17:43:09.8525982Z [0m[[0m[0minfo[0m] [0m[0m[32mToolCallError.Timeout[0m[0m
Test (ubuntu-latest, 21)	Run tests	2026-06-22T17:43:09.8526562Z [0m[[0m[0minfo[0m] [0m[0m[32m- should include duration in its message[0m[0m
Test (ubuntu-latest, 21)	Run tests	2026-06-22T17:43:09.8527171Z [0m[[0m[0minfo[0m] [0m[0m[32mToolCallErrorJson.flattenErrors[0m[0m
Test (ubuntu-latest, 21)	Run tests	2026-06-22T17:43:09.8527782Z [0m[[0m[0minfo[0m] [0m[0m[32m- should pass through a flat list unchanged[0m[0m
Test (ubuntu-latest, 21)	Run tests	2026-06-22T17:43:09.8528413Z [0m[[0m[0minfo[0m] [0m[0m[32m- should inline nested MultipleErrors[0m[0m
Test (ubuntu-latest, 21)	Run tests	2026-06-22T17:43:09.8529105Z [0m[[0m[0minfo[0m] [0m[0m[32m- should recursively flatten deeply nested MultipleErrors[0m[0m
Test (ubuntu-latest, 21)	Run tests	2026-06-22T17:43:09.8532546Z [0m[[0m[0minfo[0m] [0m[0m[32mToolCallErrorJson.parameterErrorToJson[0m[0m
Test (ubuntu-latest, 21)	Run tests	2026-06-22T17:43:09.8533402Z [0m[[0m[0minfo[0m] [0m[0m[32m- should serialize MissingParameter with availableParameters[0m[0m
Test (ubuntu-latest, 21)	Run tests	2026-06-22T17:43:09.8534967Z [0m[[0m[0minfo[0m] [0m[0m[32m- should serialize MissingParameter without availableParameters when list is empty[0m[0m
Test (ubuntu-latest, 21)	Run tests	2026-06-22T17:43:09.8536544Z [0m[[0m[0minfo[0m] [0m[0m[32m- should serialize NullParameter[0m[0m
Test (ubuntu-latest, 21)	Run tests	2026-06-22T17:43:09.8538773Z [0m[[0m[0minfo[0m] [0m[0m[32m- should serialize TypeMismatch[0m[0m
Test (ubuntu-latest, 21)	Run tests	2026-06-22T17:43:09.8541849Z [0m[[0m[0minfo[0m] [0m[0m[32m- should serialize InvalidNesting[0m[0m
Test (ubuntu-latest, 21)	Run tests	2026-06-22T17:43:09.8548013Z [0m[[0m[0minfo[0m] [0m[0m[32m- should serialize MultipleErrors gracefully[0m[0m
Test (ubuntu-latest, 21)	Run tests	2026-06-22T17:43:09.8549196Z [0m[[0m[0minfo[0m] [0m[0m[32mToolCallErrorJson.toJson[0m[0m
Test (ubuntu-latest, 21)	Run tests	2026-06-22T17:43:09.8555999Z [0m[[0m[0minfo[0m] [0m[0m[32m- should include isError=true and toolName for all error types[0m[0m
Test (ubuntu-latest, 21)	Run tests	2026-06-22T17:43:09.8557483Z [0m[[0m[0minfo[0m] [0m[0m[32m- should set errorType=unknown_function for UnknownFunction[0m[0m
Test (ubuntu-latest, 21)	Run tests	2026-06-22T17:43:09.8559419Z [0m[[0m[0minfo[0m] [0m[0m[32m- should set errorType=null_arguments for NullArguments[0m[0m
Test (ubuntu-latest, 21)	Run tests	2026-06-22T17:43:09.8563666Z [0m[[0m[0minfo[0m] [0m[0m[32m- should set errorType=invalid_arguments and populate parameterErrors[0m[0m
Test (ubuntu-latest, 21)	Run tests	2026-06-22T17:43:09.8569724Z [0m[[0m[0minfo[0m] [0m[0m[32m- should set errorType=handler_error for HandlerError[0m[0m
Test (ubuntu-latest, 21)	Run tests	2026-06-22T17:43:09.8571111Z [0m[[0m[0minfo[0m] [0m[0m[32m- should set errorType=execution_error and include exceptionType[0m[0m
Test (ubuntu-latest, 21)	Run tests	2026-06-22T17:43:09.8572549Z [0m[[0m[0minfo[0m] [0m[0m[32m- should set errorType=timeout and include duration for Timeout[0m[0m
Test (ubuntu-latest, 21)	Run tests	2026-06-22T17:43:09.8573802Z [0m[[0m[0minfo[0m] [0m[0m[32m- should always include legacy error field[0m[0m
Test (ubuntu-latest, 21)	Run tests	2026-06-22T17:43:09.8605595Z [0m[[0m[0minfo[0m] [0m[0m[32mEmbeddingsConfigSpec:[0m[0m
Test (ubuntu-latest, 21)	Run tests	2026-06-22T17:43:09.8615800Z [0m[[0m[0minfo[0m] [0m[0m[32mLlm4sConfig.embeddings[0m[0m
Test (ubuntu-latest, 21)	Run tests	2026-06-22T17:43:09.8676865Z [0m[[0m[0minfo[0m] [0m[0m[32m- should load OpenAI embeddings config via llm4s.*[0m[0m
Test (ubuntu-latest, 21)	Run tests	2026-06-22T17:43:09.8719445Z [0m[[0m[0minfo[0m] [0m[0m[32m- should load VoyageAI embeddings config via llm4s.*[0m[0m
Test (ubuntu-latest, 21)	Run tests	2026-06-22T17:43:09.8761812Z [0m[[0m[0minfo[0m] [0m[0m[32m- should load Ollama embeddings config via llm4s.*[0m[0m
Test (ubuntu-latest, 21)	Run tests	2026-06-22T17:43:09.8800642Z [0m[[0m[0minfo[0m] [0m[0m[32m- should load Ollama embeddings config with defaults[0m[0m
Test (ubuntu-latest, 21)	Run tests	2026-06-22T17:43:09.8817448Z [0m[[0m[0minfo[0m] [0m[0m[32mImageProcessingConfigTest:[0m[0m
Test (ubuntu-latest, 21)	Run tests	2026-06-22T17:43:09.8818796Z [0m[[0m[0minfo[0m] [0m[0m[32mOpenAIVisionConfig[0m[0m
Test (ubuntu-latest, 21)	Run tests	2026-06-22T17:43:09.8827005Z [0m[[0m[0minfo[0m] [0m[0m[32m- should have default timeout values[0m[0m
Test (ubuntu-latest, 21)	Run tests	2026-06-22T17:43:09.8829479Z [0m[[0m[0minfo[0m] [0m[0m[32m- should accept custom timeout values[0m[0m
Test (ubuntu-latest, 21)	Run tests	2026-06-22T17:43:09.8830367Z [0m[[0m[0minfo[0m] [0m[0m[32mAnthropicVisionConfig[0m[0m
Test (ubuntu-latest, 21)	Run tests	2026-06-22T17:43:09.8835236Z [0m[[0m[0minfo[0m] [0m[0m[32m- should have default timeout values[0m[0m
Test (ubuntu-latest, 21)	Run tests	2026-06-22T17:43:09.8838152Z [0m[[0m[0minfo[0m] [0m[0m[32m- should accept custom timeout values[0m[0m
Test (ubuntu-latest, 21)	Run tests	2026-06-22T17:43:09.8908642Z [0m[[0m[0minfo[0m] [0m[0m[32mAgentSpec:[0m[0m
Test (ubuntu-latest, 21)	Run tests	2026-06-22T17:43:09.8909985Z [0m[[0m[0minfo[0m] [0m[0m[32mAgent.initialize[0m[0m
Test (ubuntu-latest, 21)	Run tests	2026-06-22T17:43:09.8923018Z [0m[[0m[0minfo[0m] [0m[0m[32m- should create initial state with query[0m[0m
Test (ubuntu-latest, 21)	Run tests	2026-06-22T17:43:09.8929751Z [0m[[0m[0minfo[0m] [0m[0m[32m- should include system message[0m[0m
Test (ubuntu-latest, 21)	Run tests	2026-06-22T17:43:09.8936096Z [0m[[0m[0minfo[0m] [0m[0m[32m- should append system prompt addition[0m[0m
Test (ubuntu-latest, 21)	Run tests	2026-06-22T17:43:09.8944378Z [0m[[0m[0minfo[0m] [0m[0m[32m- should include tools in state[0m[0m
Test (ubuntu-latest, 21)	Run tests	2026-06-22T17:43:09.8951416Z [0m[[0m[0minfo[0m] [0m[0m[32m- should include handoff tools when handoffs are provided[0m[0m
Test (ubuntu-latest, 21)	Run tests	2026-06-22T17:43:09.8959092Z [0m[[0m[0minfo[0m] [0m[0m[32m- should store completion options[0m[0m
Test (ubuntu-latest, 21)	Run tests	2026-06-22T17:43:09.8960263Z [0m[[0m[0minfo[0m] [0m[0m[32mAgent.runStep[0m[0m
Test (ubuntu-latest, 21)	Run tests	2026-06-22T17:43:09.8971149Z [0m[[0m[0minfo[0m] [0m[0m[32m- should transition InProgress to Complete when no tool calls[0m[0m
Test (ubuntu-latest, 21)	Run tests	2026-06-22T17:43:09.8981950Z [0m[[0m[0minfo[0m] [0m[0m[32m- should transition InProgress to WaitingForTools when tool calls present[0m[0m
Test (ubuntu-latest, 21)	Run tests	2026-06-22T17:43:09.9001221Z [0m[[0m[0minfo[0m] [0m[0m[32m- should return error on LLM failure[0m[0m
Test (ubuntu-latest, 21)	Run tests	2026-06-22T17:43:09.9009245Z [0m[[0m[0minfo[0m] [0m[0m[32m- should pass tools to LLM via completion options[0m[0m
Test (ubuntu-latest, 21)	Run tests	2026-06-22T17:43:09.9012552Z [0m[[0m[0minfo[0m] [0m[0m[32mAgent.runStep (WaitingForTools)[0m[0m
Test (ubuntu-latest, 21)	Run tests	2026-06-22T17:43:09.9043389Z [0m[[0m[0minfo[0m] [0m[0m[32m- should execute tools and transition to InProgress[0m[0m
Test (ubuntu-latest, 21)	Run tests	2026-06-22T17:43:09.9054270Z 17:43:09.904 [pool-1-thread-1-ScalaTest-running-AgentSpec] WARN  org.llm4s.agent.ToolProcessor$ - Tool nonexistent_tool failed in 0ms with error: Tool call 'nonexistent_tool' is not a recognized tool. Available tools: [calculator]. Check the tool name matches exactly (case-sensitive).
Test (ubuntu-latest, 21)	Run tests	2026-06-22T17:43:09.9058837Z [0m[[0m[0minfo[0m] [0m[0m[32m- should handle tool execution errors gracefully[0m[0m
Test (ubuntu-latest, 21)	Run tests	2026-06-22T17:43:09.9060659Z [0m[[0m[0minfo[0m] [0m[0m[32mAgent.runStep (Complete)[0m[0m
Test (ubuntu-latest, 21)	Run tests	2026-06-22T17:43:09.9070773Z [0m[[0m[0minfo[0m] [0m[0m[32m- should remain in Complete state[0m[0m
Test (ubuntu-latest, 21)	Run tests	2026-06-22T17:43:09.9072211Z [0m[[0m[0minfo[0m] [0m[0m[32mAgent.runStep (Failed)[0m[0m
Test (ubuntu-latest, 21)	Run tests	2026-06-22T17:43:09.9078950Z [0m[[0m[0minfo[0m] [0m[0m[32m- should remain in Failed state[0m[0m
Test (ubuntu-latest, 21)	Run tests	2026-06-22T17:43:09.9081064Z [0m[[0m[0minfo[0m] [0m[0m[32mAgent.run[0m[0m
Test (ubuntu-latest, 21)	Run tests	2026-06-22T17:43:09.9088472Z [0m[[0m[0minfo[0m] [0m[0m[32m- should execute until completion[0m[0m
Test (ubuntu-latest, 21)	Run tests	2026-06-22T17:43:09.9099448Z [0m[[0m[0minfo[0m] [0m[0m[32m- should execute tools and continue to completion[0m[0m
Test (ubuntu-latest, 21)	Run tests	2026-06-22T17:43:09.9109003Z [0m[[0m[0minfo[0m] [0m[0m[32m- should respect maxSteps limit[0m[0m
Test (ubuntu-latest, 21)	Run tests	2026-06-22T17:43:09.9119242Z [0m[[0m[0minfo[0m] [0m[0m[32m- should validate input with guardrails[0m[0m
Test (ubuntu-latest, 21)	Run tests	2026-06-22T17:43:09.9135852Z [0m[[0m[0minfo[0m] [0m[0m[32m- should validate output with guardrails[0m[0m
Test (ubuntu-latest, 21)	Run tests	2026-06-22T17:43:09.9137826Z [0m[[0m[0minfo[0m] [0m[0m[32mAgent.continueConversation[0m[0m
Test (ubuntu-latest, 21)	Run tests	2026-06-22T17:43:09.9152902Z [0m[[0m[0minfo[0m] [0m[0m[32m- should continue from a completed state[0m[0m
Test (ubuntu-latest, 21)	Run tests	2026-06-22T17:43:09.9163083Z [0m[[0m[0minfo[0m] [0m[0m[32m- should reject continuation from incomplete state[0m[0m
Test (ubuntu-latest, 21)	Run tests	2026-06-22T17:43:09.9173791Z [0m[[0m[0minfo[0m] [0m[0m[32m- should allow continuation from failed state[0m[0m
Test (ubuntu-latest, 21)	Run tests	2026-06-22T17:43:09.9175634Z [0m[[0m[0minfo[0m] [0m[0m[32mAgent.runMultiTurn[0m[0m
Test (ubuntu-latest, 21)	Run tests	2026-06-22T17:43:09.9191507Z [0m[[0m[0minfo[0m] [0m[0m[32m- should execute multiple turns sequentially[0m[0m
Test (ubuntu-latest, 21)	Run tests	2026-06-22T17:43:09.9197217Z [0m[[0m[0minfo[0m] [0m[0m[32m- should stop on first error[0m[0m
Test (ubuntu-latest, 21)	Run tests	2026-06-22T17:43:09.9199005Z [0m[[0m[0minfo[0m] [0m[0m[32mAgent.runWithEvents[0m[0m
Test (ubuntu-latest, 21)	Run tests	2026-06-22T17:43:09.9217622Z [0m[[0m[0minfo[0m] [0m[0m[32m- should emit events during execution[0m[0m
Test (ubuntu-latest, 21)	Run tests	2026-06-22T17:43:09.9229860Z [0m[[0m[0minfo[0m] [0m[0m[32m- should emit tool events when tools are called[0m[0m
Test (ubuntu-latest, 21)	Run tests	2026-06-22T17:43:09.9230989Z [0m[[0m[0minfo[0m] [0m[0m[32mAgent.runCollectingEvents[0m[0m
Test (ubuntu-latest, 21)	Run tests	2026-06-22T17:43:09.9244148Z [0m[[0m[0minfo[0m] [0m[0m[32m- should return state and all events[0m[0m
Test (ubuntu-latest, 21)	Run tests	2026-06-22T17:43:09.9246188Z [0m[[0m[0minfo[0m] [0m[0m[32mAgent.formatStateAsMarkdown[0m[0m
Test (ubuntu-latest, 21)	Run tests	2026-06-22T17:43:09.9265169Z [0m[[0m[0minfo[0m] [0m[0m[32m- should format state as markdown[0m[0m
Test (ubuntu-latest, 21)	Run tests	2026-06-22T17:43:09.9279045Z [0m[[0m[0minfo[0m] [0m[0m[32m- should include tool calls in markdown[0m[0m
Test (ubuntu-latest, 21)	Run tests	2026-06-22T17:43:09.9281271Z [0m[[0m[0minfo[0m] [0m[0m[32mAgent debug mode[0m[0m
Test (ubuntu-latest, 21)	Run tests	2026-06-22T17:43:09.9288043Z [0m[[0m[0minfo[0m] [0m[0m[32m- should execute successfully with debug=true[0m[0m
Test (ubuntu-latest, 21)	Run tests	2026-06-22T17:43:09.9289772Z [0m[[0m[0minfo[0m] [0m[0m[32mAgent with handoffs[0m[0m
Test (ubuntu-latest, 21)	Run tests	2026-06-22T17:43:09.9302206Z [0m[[0m[0minfo[0m] [0m[0m[32m- should detect handoff tool calls[0m[0m
Test (ubuntu-latest, 21)	Run tests	2026-06-22T17:43:09.9303687Z [0m[[0m[0minfo[0m] [0m[0m[32mMockLLMClient[0m[0m
Test (ubuntu-latest, 21)	Run tests	2026-06-22T17:43:09.9309228Z [0m[[0m[0minfo[0m] [0m[0m[32m- should return configured context window[0m[0m
Test (ubuntu-latest, 21)	Run tests	2026-06-22T17:43:09.9311097Z [0m[[0m[0minfo[0m] [0m[0m[32m- should calculate context budget correctly[0m[0m
Test (ubuntu-latest, 21)	Run tests	2026-06-22T17:43:09.9312684Z [0m[[0m[0minfo[0m] [0m[0m[32mAgent step limit[0m[0m
Test (ubuntu-latest, 21)	Run tests	2026-06-22T17:43:09.9319446Z [0m[[0m[0minfo[0m] [0m[0m[32m- should fail with AgentStatus.Failed when maxSteps is exhausted[0m[0m
Test (ubuntu-latest, 21)	Run tests	2026-06-22T17:43:09.9326875Z [0m[[0m[0minfo[0m] [0m[0m[32m- should complete successfully when exactly maxSteps are used[0m[0m
Test (ubuntu-latest, 21)	Run tests	2026-06-22T17:43:09.9328436Z [0m[[0m[0minfo[0m] [0m[0m[32mAgent LLM error handling[0m[0m
Test (ubuntu-latest, 21)	Run tests	2026-06-22T17:43:09.9334266Z [0m[[0m[0minfo[0m] [0m[0m[32m- should return Left when LLM call fails on first step[0m[0m
Test (ubuntu-latest, 21)	Run tests	2026-06-22T17:43:09.9340989Z [0m[[0m[0minfo[0m] [0m[0m[32m- should return Left when LLM call fails mid-run after successful steps[0m[0m
Test (ubuntu-latest, 21)	Run tests	2026-06-22T17:43:09.9343423Z [0m[[0m[0minfo[0m] [0m[0m[32mAgent streaming error events[0m[0m
Test (ubuntu-latest, 21)	Run tests	2026-06-22T17:43:09.9350352Z [0m[[0m[0minfo[0m] [0m[0m[32m- should emit AgentFailed event when LLM returns Left[0m[0m
Test (ubuntu-latest, 21)	Run tests	2026-06-22T17:43:09.9365632Z [0m[[0m[0minfo[0m] [0m[0m[32m- should emit ToolCallFailed event when tool execution errors[0m[0m
Test (ubuntu-latest, 21)	Run tests	2026-06-22T17:43:09.9408262Z [0m[[0m[0minfo[0m] [0m[0m[32mRAGSpec:[0m[0m
Test (ubuntu-latest, 21)	Run tests	2026-06-22T17:43:09.9410755Z [0m[[0m[0minfo[0m] [0m[0m[32mEmbeddingProvider[0m[0m
Test (ubuntu-latest, 21)	Run tests	2026-06-22T17:43:09.9411822Z [0m[[0m[0minfo[0m] [0m[0m[32m- should parse from string correctly[0m[0m
Test (ubuntu-latest, 21)	Run tests	2026-06-22T17:43:09.9414964Z [0m[[0m[0minfo[0m] [0m[0m[32m- should have correct names[0m[0m
Test (ubuntu-latest, 21)	Run tests	2026-06-22T17:43:09.9416813Z [0m[[0m[0minfo[0m] [0m[0m[32m- should list all values[0m[0m
Test (ubuntu-latest, 21)	Run tests	2026-06-22T17:43:09.9417847Z [0m[[0m[0minfo[0m] [0m[0m[32mRerankingStrategy[0m[0m
Test (ubuntu-latest, 21)	Run tests	2026-06-22T17:43:09.9421134Z [0m[[0m[0minfo[0m] [0m[0m[32m- should have correct case objects[0m[0m
Test (ubuntu-latest, 21)	Run tests	2026-06-22T17:43:09.9422755Z [0m[[0m[0minfo[0m] [0m[0m[32m- should have default Cohere model[0m[0m
Test (ubuntu-latest, 21)	Run tests	2026-06-22T17:43:09.9423642Z [0m[[0m[0minfo[0m] [0m[0m[32mRAGSearchResult[0m[0m
Test (ubuntu-latest, 21)	Run tests	2026-06-22T17:43:09.9424529Z [0m[[0m[0minfo[0m] [0m[0m[32m- should create with required fields[0m[0m
Test (ubuntu-latest, 21)	Run tests	2026-06-22T17:43:09.9425883Z [0m[[0m[0minfo[0m] [0m[0m[32m- should create with optional fields[0m[0m
Test (ubuntu-latest, 21)	Run tests	2026-06-22T17:43:09.9429847Z [0m[[0m[0minfo[0m] [0m[0m[32mRAGAnswerResult[0m[0m
Test (ubuntu-latest, 21)	Run tests	2026-06-22T17:43:09.9430733Z [0m[[0m[0minfo[0m] [0m[0m[32m- should create with all fields[0m[0m
Test (ubuntu-latest, 21)	Run tests	2026-06-22T17:43:09.9431549Z [0m[[0m[0minfo[0m] [0m[0m[32mRAGStats[0m[0m
Test (ubuntu-latest, 21)	Run tests	2026-06-22T17:43:09.9432387Z [0m[[0m[0minfo[0m] [0m[0m[32m- should create with counts[0m[0m
Test (ubuntu-latest, 21)	Run tests	2026-06-22T17:43:09.9433573Z [0m[[0m[0minfo[0m] [0m[0m[32mRAGConfig[0m[0m
Test (ubuntu-latest, 21)	Run tests	2026-06-22T17:43:09.9434372Z [0m[[0m[0minfo[0m] [0m[0m[32m- should have sensible defaults[0m[0m
Test (ubuntu-latest, 21)	Run tests	2026-06-22T17:43:09.9435653Z [0m[[0m[0minfo[0m] [0m[0m[32m- should support fluent embedding configuration[0m[0m
Test (ubuntu-latest, 21)	Run tests	2026-06-22T17:43:09.9438308Z [0m[[0m[0minfo[0m] [0m[0m[32m- should support fluent chunking configuration[0m[0m
Test (ubuntu-latest, 21)	Run tests	2026-06-22T17:43:09.9439385Z [0m[[0m[0minfo[0m] [0m[0m[32m- should support fluent fusion configuration[0m[0m
Test (ubuntu-latest, 21)	Run tests	2026-06-22T17:43:09.9443160Z [0m[[0m[0minfo[0m] [0m[0m[32m- should support fluent reranking configuration[0m[0m
Test (ubuntu-latest, 21)	Run tests	2026-06-22T17:43:09.9449686Z [0m[[0m[0minfo[0m] [0m[0m[32m- should support fluent storage configuration[0m[0m
Test (ubuntu-latest, 21)	Run tests	2026-06-22T17:43:09.9452496Z [0m[[0m[0minfo[0m] [0m[0m[32m- should support fluent answer generation configuration[0m[0m
Test (ubuntu-latest, 21)	Run tests	2026-06-22T17:43:09.9455052Z [0m[[0m[0minfo[0m] [0m[0m[32m- should support GraphRAG configuration[0m[0m
Test (ubuntu-latest, 21)	Run tests	2026-06-22T17:43:09.9456055Z [0m[[0m[0minfo[0m] [0m[0m[32m- should report GraphRAG disabled by default[0m[0m
Test (ubuntu-latest, 21)	Run tests	2026-06-22T17:43:09.9457205Z [0m[[0m[0minfo[0m] [0m[0m[32mRAGConfig.default[0m[0m
Test (ubuntu-latest, 21)	Run tests	2026-06-22T17:43:09.9457956Z [0m[[0m[0minfo[0m] [0m[0m[32m- should equal empty RAGConfig[0m[0m
Test (ubuntu-latest, 21)	Run tests	2026-06-22T17:43:09.9458849Z [0m[[0m[0minfo[0m] [0m[0m[32mRAGConfig.production[0m[0m
Test (ubuntu-latest, 21)	Run tests	2026-06-22T17:43:09.9459782Z [0m[[0m[0minfo[0m] [0m[0m[32m- should configure persistent storage[0m[0m
Test (ubuntu-latest, 21)	Run tests	2026-06-22T17:43:09.9460695Z [0m[[0m[0minfo[0m] [0m[0m[32mRAGConfig.development[0m[0m
Test (ubuntu-latest, 21)	Run tests	2026-06-22T17:43:09.9461565Z [0m[[0m[0minfo[0m] [0m[0m[32m- should configure for testing[0m[0m
Test (ubuntu-latest, 21)	Run tests	2026-06-22T17:43:09.9462365Z [0m[[0m[0minfo[0m] [0m[0m[32mRAG.builder[0m[0m
Test (ubuntu-latest, 21)	Run tests	2026-06-22T17:43:09.9463167Z [0m[[0m[0minfo[0m] [0m[0m[32m- should return default config[0m[0m
Test (ubuntu-latest, 21)	Run tests	2026-06-22T17:43:09.9463995Z [0m[[0m[0minfo[0m] [0m[0m[32mRAGConfigOps.build[0m[0m
Test (ubuntu-latest, 21)	Run tests	2026-06-22T17:43:09.9465125Z [0m[[0m[0minfo[0m] [0m[0m[32m- should be accessible via implicit[0m[0m
Test (ubuntu-latest, 21)	Run tests	2026-06-22T17:43:09.9518805Z [0m[[0m[0minfo[0m] [0m[0m[32mInMemoryStoreSpec:[0m[0m
Test (ubuntu-latest, 21)	Run tests	2026-06-22T17:43:09.9519686Z [0m[[0m[0minfo[0m] [0m[0m[32mInMemoryStore[0m[0m
Test (ubuntu-latest, 21)	Run tests	2026-06-22T17:43:09.9520552Z [0m[[0m[0minfo[0m] [0m[0m[32m- should start empty[0m[0m
Test (ubuntu-latest, 21)	Run tests	2026-06-22T17:43:09.9530422Z [0m[[0m[0minfo[0m] [0m[0m[32m- should store and retrieve a memory by ID[0m[0m
Test (ubuntu-latest, 21)	Run tests	2026-06-22T17:43:09.9531654Z [0m[[0m[0minfo[0m] [0m[0m[32m- should return None for non-existent memory ID[0m[0m
Test (ubuntu-latest, 21)	Run tests	2026-06-22T17:43:09.9536413Z [0m[[0m[0minfo[0m] [0m[0m[32m- should store multiple memories[0m[0m
Test (ubuntu-latest, 21)	Run tests	2026-06-22T17:43:09.9548762Z [0m[[0m[0minfo[0m] [0m[0m[32m- should recall memories with filter[0m[0m
Test (ubuntu-latest, 21)	Run tests	2026-06-22T17:43:09.9560274Z [0m[[0m[0minfo[0m] [0m[0m[32m- should respect limit in recall[0m[0m
Test (ubuntu-latest, 21)	Run tests	2026-06-22T17:43:09.9566196Z [0m[[0m[0minfo[0m] [0m[0m[32m- should delete a memory by ID[0m[0m
Test (ubuntu-latest, 21)	Run tests	2026-06-22T17:43:09.9575311Z [0m[[0m[0minfo[0m] [0m[0m[32m- should delete memories matching a filter[0m[0m
Test (ubuntu-latest, 21)	Run tests	2026-06-22T17:43:09.9583305Z [0m[[0m[0minfo[0m] [0m[0m[32m- should update a memory[0m[0m
Test (ubuntu-latest, 21)	Run tests	2026-06-22T17:43:09.9591435Z [0m[[0m[0minfo[0m] [0m[0m[32m- should return error when updating non-existent memory[0m[0m
Test (ubuntu-latest, 21)	Run tests	2026-06-22T17:43:09.9599391Z [0m[[0m[0minfo[0m] [0m[0m[32m- should search memories by keyword[0m[0m
Test (ubuntu-latest, 21)	Run tests	2026-06-22T17:43:09.9604458Z [0m[[0m[0minfo[0m] [0m[0m[32m- should return empty results for blank search queries[0m[0m
Test (ubuntu-latest, 21)	Run tests	2026-06-22T17:43:09.9613084Z [0m[[0m[0minfo[0m] [0m[0m[32m- should rank memories by cosine similarity using direct search with query embedding[0m[0m
Test (ubuntu-latest, 21)	Run tests	2026-06-22T17:43:09.9620040Z [0m[[0m[0minfo[0m] [0m[0m[32m- should fallback to keyword search on dimension mismatch in direct search[0m[0m
Test (ubuntu-latest, 21)	Run tests	2026-06-22T17:43:09.9632995Z [0m[[0m[0minfo[0m] [0m[0m[32m- should fallback to keyword search if vectors contain non-finite values in direct search[0m[0m
Test (ubuntu-latest, 21)	Run tests	2026-06-22T17:43:09.9638013Z [0m[[0m[0minfo[0m] [0m[0m[32m- should return empty results when direct search called with empty embedding array[0m[0m
Test (ubuntu-latest, 21)	Run tests	2026-06-22T17:43:09.9644199Z [0m[[0m[0minfo[0m] [0m[0m[32m- should only rank embedded memories when performing direct vector search[0m[0m
Test (ubuntu-latest, 21)	Run tests	2026-06-22T17:43:09.9656601Z [0m[[0m[0minfo[0m] [0m[0m[32m- should use embedding similarity search when embeddings and embedding service are available[0m[0m
Test (ubuntu-latest, 21)	Run tests	2026-06-22T17:43:09.9663517Z [0m[[0m[0minfo[0m] [0m[0m[32m- should return recent memories in descending order[0m[0m
Test (ubuntu-latest, 21)	Run tests	2026-06-22T17:43:09.9677153Z [0m[[0m[0minfo[0m] [0m[0m[32m- should get entity memories[0m[0m
Test (ubuntu-latest, 21)	Run tests	2026-06-22T17:43:09.9690459Z [0m[[0m[0minfo[0m] [0m[0m[32m- should get conversation history in chronological order[0m[0m
Test (ubuntu-latest, 21)	Run tests	2026-06-22T17:43:09.9697763Z [0m[[0m[0minfo[0m] [0m[0m[32m- should clear all memories[0m[0m
Test (ubuntu-latest, 21)	Run tests	2026-06-22T17:43:09.9705910Z [0m[[0m[0minfo[0m] [0m[0m[32m- should check if memory exists[0m[0m
Test (ubuntu-latest, 21)	Run tests	2026-06-22T17:43:09.9723935Z [0m[[0m[0minfo[0m] [0m[0m[32m- should enforce max memories limit[0m[0m
Test (ubuntu-latest, 21)	Run tests	2026-06-22T17:43:09.9730708Z [0m[[0m[0minfo[0m] [0m[0m[32m- should get important memories[0m[0m
Test (ubuntu-latest, 21)	Run tests	2026-06-22T17:43:09.9737998Z [0m[[0m[0minfo[0m] [0m[0m[32m- should reject ID changes in update function[0m[0m
Test (ubuntu-latest, 21)	Run tests	2026-06-22T17:43:09.9750094Z [0m[[0m[0minfo[0m] [0m[0m[32m- should handle NaN embeddings without throwing[0m[0m
Test (ubuntu-latest, 21)	Run tests	2026-06-22T17:43:09.9759688Z [0m[[0m[0minfo[0m] [0m[0m[32m- should handle Infinity embeddings without throwing[0m[0m
Test (ubuntu-latest, 21)	Run tests	2026-06-22T17:43:09.9768210Z [0m[[0m[0minfo[0m] [0m[0m[32m- should fall back to keyword search when embedding fails[0m[0m
Test (ubuntu-latest, 21)	Run tests	2026-06-22T17:43:09.9792635Z [0m[[0m[0minfo[0m] [0m[0m[32mJSONValidatorSpec:[0m[0m
Test (ubuntu-latest, 21)	Run tests	2026-06-22T17:43:09.9809325Z [0m[[0m[0minfo[0m] [0m[0m[32m- valid JSON without schema passes[0m[0m
Test (ubuntu-latest, 21)	Run tests	2026-06-22T17:43:09.9811364Z [0m[[0m[0minfo[0m] [0m[0m[32m- invalid JSON string fails[0m[0m
Test (ubuntu-latest, 21)	Run tests	2026-06-22T17:43:09.9817710Z [0m[[0m[0minfo[0m] [0m[0m[32m- valid JSON satisfies required fields[0m[0m
Test (ubuntu-latest, 21)	Run tests	2026-06-22T17:43:09.9820681Z [0m[[0m[0minfo[0m] [0m[0m[32m- missing fields fails validation[0m[0m
Test (ubuntu-latest, 21)	Run tests	2026-06-22T17:43:09.9825762Z [0m[[0m[0minfo[0m] [0m[0m[32m- required field check fails if root is not an object[0m[0m
Test (ubuntu-latest, 21)	Run tests	2026-06-22T17:43:09.9827068Z [0m[[0m[0minfo[0m] [0m[0m[32m- empty required array passes any object[0m[0m
Test (ubuntu-latest, 21)	Run tests	2026-06-22T17:43:09.9830314Z [0m[[0m[0minfo[0m] [0m[0m[32m- schema without required field passes any valid JSON[0m[0m
Test (ubuntu-latest, 21)	Run tests	2026-06-22T17:43:09.9883069Z [0m[[0m[0minfo[0m] [0m[0m[32mDatasetModelPropertySpec:[0m[0m
Test (ubuntu-latest, 21)	Run tests	2026-06-22T17:43:09.9884283Z [0m[[0m[0minfo[0m] [0m[0m[32mDatasetId[0m[0m
Test (ubuntu-latest, 21)	Run tests	2026-06-22T17:43:09.9896640Z [0m[[0m[0minfo[0m] [0m[0m[32m- should preserve any wrapped string value exactly[0m[0m
Test (ubuntu-latest, 21)	Run tests	2026-06-22T17:43:09.9904253Z [0m[[0m[0minfo[0m] [0m[0m[32m- should return the wrapped value from toString[0m[0m
Test (ubuntu-latest, 21)	Run tests	2026-06-22T17:43:09.9909057Z [0m[[0m[0minfo[0m] [0m[0m[32mExampleId[0m[0m
Test (ubuntu-latest, 21)	Run tests	2026-06-22T17:43:09.9914457Z [0m[[0m[0minfo[0m] [0m[0m[32m- should preserve any wrapped string value exactly[0m[0m
Test (ubuntu-latest, 21)	Run tests	2026-06-22T17:43:09.9922365Z [0m[[0m[0minfo[0m] [0m[0m[32m- should return the wrapped value from toString[0m[0m
Test (ubuntu-latest, 21)	Run tests	2026-06-22T17:43:09.9923618Z [0m[[0m[0minfo[0m] [0m[0m[32mSnapshotId[0m[0m
Test (ubuntu-latest, 21)	Run tests	2026-06-22T17:43:09.9931847Z [0m[[0m[0minfo[0m] [0m[0m[32m- should preserve any wrapped string value exactly[0m[0m
Test (ubuntu-latest, 21)	Run tests	2026-06-22T17:43:09.9940628Z [0m[[0m[0minfo[0m] [0m[0m[32m- should return the wrapped value from toString[0m[0m
Test (ubuntu-latest, 21)	Run tests	2026-06-22T17:43:09.9941944Z [0m[[0m[0minfo[0m] [0m[0m[32mDatasetId.generate()[0m[0m
Test (ubuntu-latest, 21)	Run tests	2026-06-22T17:43:09.9963568Z [0m[[0m[0minfo[0m] [0m[0m[32m- should produce distinct values across N calls[0m[0m
Test (ubuntu-latest, 21)	Run tests	2026-06-22T17:43:09.9964945Z [0m[[0m[0minfo[0m] [0m[0m[32mExampleId.generate()[0m[0m
Test (ubuntu-latest, 21)	Run tests	2026-06-22T17:43:09.9985280Z [0m[[0m[0minfo[0m] [0m[0m[32m- should produce distinct values across N calls[0m[0m
Test (ubuntu-latest, 21)	Run tests	2026-06-22T17:43:09.9986655Z [0m[[0m[0minfo[0m] [0m[0m[32mSnapshotId.generate()[0m[0m
Test (ubuntu-latest, 21)	Run tests	2026-06-22T17:43:10.0006160Z [0m[[0m[0minfo[0m] [0m[0m[32m- should produce distinct values across N calls[0m[0m
Test (ubuntu-latest, 21)	Run tests	2026-06-22T17:43:10.0007397Z [0m[[0m[0minfo[0m] [0m[0m[32mExample[0m[0m
Test (ubuntu-latest, 21)	Run tests	2026-06-22T17:43:10.0332146Z [0m[[0m[0minfo[0m] [0m[0m[32m- should preserve all fields through copy()[0m[0m
Test (ubuntu-latest, 21)	Run tests	2026-06-22T17:43:10.0346585Z [0m[[0m[0minfo[0m] [0m[0m[32m- should default to empty tags and metadata[0m[0m
Test (ubuntu-latest, 21)	Run tests	2026-06-22T17:43:10.0348482Z [0m[[0m[0minfo[0m] [0m[0m[32mDataset[0m[0m
Test (ubuntu-latest, 21)	Run tests	2026-06-22T17:43:10.0373360Z [0m[[0m[0minfo[0m] [0m[0m[32m- should default to an empty examples list[0m[0m
Test (ubuntu-latest, 21)	Run tests	2026-06-22T17:43:10.0391093Z [0m[[0m[0minfo[0m] [0m[0m[32m- should default to no input or output schema[0m[0m
Test (ubuntu-latest, 21)	Run tests	2026-06-22T17:43:10.0393062Z [0m[[0m[0minfo[0m] [0m[0m[32mDatasetSnapshot[0m[0m
Test (ubuntu-latest, 21)	Run tests	2026-06-22T17:43:10.8027399Z [0m[[0m[0minfo[0m] [0m[0m[32m- should store exactly the examples provided at construction[0m[0m
Test (ubuntu-latest, 21)	Run tests	2026-06-22T17:43:11.7016670Z [0m[[0m[0minfo[0m] [0m[0m[32m- should never mutate after construction regardless of what happens to the original list[0m[0m
Test (ubuntu-latest, 21)	Run tests	2026-06-22T17:43:11.7018261Z [0m[[0m[0minfo[0m] [0m[0m[32mExampleSelector.ByTags[0m[0m
Test (ubuntu-latest, 21)	Run tests	2026-06-22T17:43:11.7142616Z [0m[[0m[0minfo[0m] [0m[0m[32m- should hold the exact tag set provided[0m[0m
Test (ubuntu-latest, 21)	Run tests	2026-06-22T17:43:11.7143663Z [0m[[0m[0minfo[0m] [0m[0m[32mExampleSelector.ByIds[0m[0m
Test (ubuntu-latest, 21)	Run tests	2026-06-22T17:43:11.7272711Z [0m[[0m[0minfo[0m] [0m[0m[32m- should hold the exact ID set provided[0m[0m
Test (ubuntu-latest, 21)	Run tests	2026-06-22T17:43:11.7274504Z [0m[[0m[0minfo[0m] [0m[0m[32mExampleSelector[0m[0m
Test (ubuntu-latest, 21)	Run tests	2026-06-22T17:43:11.7288873Z [0m[[0m[0minfo[0m] [0m[0m[32m- should cover all three cases via pattern matching without gaps[0m[0m
Test (ubuntu-latest, 21)	Run tests	2026-06-22T17:43:11.7315135Z [0m[[0m[0minfo[0m] [0m[0m[32mCacheKeyGeneratorSpec:[0m[0m
Test (ubuntu-latest, 21)	Run tests	2026-06-22T17:43:11.7318380Z [0m[[0m[0minfo[0m] [0m[0m[32mCacheKeyGenerator.sha256[0m[0m
Test (ubuntu-latest, 21)	Run tests	2026-06-22T17:43:11.7331799Z [0m[[0m[0minfo[0m] [0m[0m[32m- should generate consistent keys[0m[0m
Test (ubuntu-latest, 21)	Run tests	2026-06-22T17:43:11.7338373Z [0m[[0m[0minfo[0m] [0m[0m[32m- should generate different keys for different inputs[0m[0m
Test (ubuntu-latest, 21)	Run tests	2026-06-22T17:43:11.7350622Z [0m[[0m[0minfo[0m] [0m[0m[32m- should produce 64-character hex strings[0m[0m
Test (ubuntu-latest, 21)	Run tests	2026-06-22T17:43:11.7353526Z [0m[[0m[0minfo[0m] [0m[0m[32m- should handle unicode characters safely[0m[0m
Test (ubuntu-latest, 21)	Run tests	2026-06-22T17:43:11.7381857Z [0m[[0m[0minfo[0m] [0m[0m[32mBenchmarkReportSpec:[0m[0m
Test (ubuntu-latest, 21)	Run tests	2026-06-22T17:43:11.7386370Z [0m[[0m[0minfo[0m] [0m[0m[32mBenchmarkReport.console[0m[0m
Test (ubuntu-latest, 21)	Run tests	2026-06-22T17:43:11.7419374Z [0m[[0m[0minfo[0m] [0m[0m[32m- should produce readable output[0m[0m
Test (ubuntu-latest, 21)	Run tests	2026-06-22T17:43:11.7422232Z [0m[[0m[0minfo[0m] [0m[0m[32m- should show winner announcement[0m[0m
Test (ubuntu-latest, 21)	Run tests	2026-06-22T17:43:11.7433676Z [0m[[0m[0minfo[0m] [0m[0m[32m- should handle failed experiments[0m[0m
Test (ubuntu-latest, 21)	Run tests	2026-06-22T17:43:11.7435121Z [0m[[0m[0minfo[0m] [0m[0m[32mBenchmarkReport.consoleDetailed[0m[0m
Test (ubuntu-latest, 21)	Run tests	2026-06-22T17:43:11.7445342Z [0m[[0m[0minfo[0m] [0m[0m[32m- should include timing information[0m[0m
Test (ubuntu-latest, 21)	Run tests	2026-06-22T17:43:11.7446412Z [0m[[0m[0minfo[0m] [0m[0m[32mBenchmarkReport.json[0m[0m
Test (ubuntu-latest, 21)	Run tests	2026-06-22T17:43:11.7482106Z [0m[[0m[0minfo[0m] [0m[0m[32m- should produce valid JSON[0m[0m
Test (ubuntu-latest, 21)	Run tests	2026-06-22T17:43:11.7496076Z [0m[[0m[0minfo[0m] [0m[0m[32m- should include all experiment details[0m[0m
Test (ubuntu-latest, 21)	Run tests	2026-06-22T17:43:11.7497693Z [0m[[0m[0minfo[0m] [0m[0m[32m- should handle compact format[0m[0m
Test (ubuntu-latest, 21)	Run tests	2026-06-22T17:43:11.7499233Z [0m[[0m[0minfo[0m] [0m[0m[32mBenchmarkReport.markdown[0m[0m
Test (ubuntu-latest, 21)	Run tests	2026-06-22T17:43:11.7513215Z [0m[[0m[0minfo[0m] [0m[0m[32m- should produce valid markdown[0m[0m
Test (ubuntu-latest, 21)	Run tests	2026-06-22T17:43:11.7518428Z [0m[[0m[0minfo[0m] [0m[0m[32m- should format winner in summary table[0m[0m
Test (ubuntu-latest, 21)	Run tests	2026-06-22T17:43:11.7520436Z [0m[[0m[0minfo[0m] [0m[0m[32mBenchmarkReport.comparison[0m[0m
Test (ubuntu-latest, 21)	Run tests	2026-06-22T17:43:11.7524561Z [0m[[0m[0minfo[0m] [0m[0m[32m- should show comparison details[0m[0m
Test (ubuntu-latest, 21)	Run tests	2026-06-22T17:43:11.7675222Z [0m[[0m[0minfo[0m] [0m[0m[32mPIIPatternsSpec:[0m[0m
Test (ubuntu-latest, 21)	Run tests	2026-06-22T17:43:11.7682231Z [0m[[0m[0minfo[0m] [0m[0m[32mSSN pattern[0m[0m
Test (ubuntu-latest, 21)	Run tests	2026-06-22T17:43:11.7692805Z [0m[[0m[0minfo[0m] [0m[0m[32m- should detect SSN with dashes[0m[0m
Test (ubuntu-latest, 21)	Run tests	2026-06-22T17:43:11.7702827Z [0m[[0m[0minfo[0m] [0m[0m[32m- should detect SSN with spaces[0m[0m
Test (ubuntu-latest, 21)	Run tests	2026-06-22T17:43:11.7718442Z [0m[[0m[0minfo[0m] [0m[0m[32m- should detect SSN with no separators[0m[0m
Test (ubuntu-latest, 21)	Run tests	2026-06-22T17:43:11.7725239Z [0m[[0m[0minfo[0m] [0m[0m[32m- should detect SSN embedded in text[0m[0m
Test (ubuntu-latest, 21)	Run tests	2026-06-22T17:43:11.7738823Z [0m[[0m[0minfo[0m] [0m[0m[32m- should detect SSN with mixed separators[0m[0m
Test (ubuntu-latest, 21)	Run tests	2026-06-22T17:43:11.7751193Z [0m[[0m[0minfo[0m] [0m[0m[32m- should detect SSN at start of text[0m[0m
Test (ubuntu-latest, 21)	Run tests	2026-06-22T17:43:11.7761725Z [0m[[0m[0minfo[0m] [0m[0m[32m- should detect SSN at end of text[0m[0m
Test (ubuntu-latest, 21)	Run tests	2026-06-22T17:43:11.7815291Z [0m[[0m[0minfo[0m] [0m[0m[32m- should reject SSN with 000 prefix[0m[0m
Test (ubuntu-latest, 21)	Run tests	2026-06-22T17:43:11.7816700Z [0m[[0m[0minfo[0m] [0m[0m[32m- should reject SSN with 666 prefix[0m[0m
Test (ubuntu-latest, 21)	Run tests	2026-06-22T17:43:11.7817962Z [0m[[0m[0minfo[0m] [0m[0m[32m- should reject SSN with 9xx prefix[0m[0m
Test (ubuntu-latest, 21)	Run tests	2026-06-22T17:43:11.7819203Z [0m[[0m[0minfo[0m] [0m[0m[32m- should reject SSN with 00 group number[0m[0m
Test (ubuntu-latest, 21)	Run tests	2026-06-22T17:43:11.7820674Z [0m[[0m[0minfo[0m] [0m[0m[32m- should reject SSN with 0000 serial number[0m[0m
Test (ubuntu-latest, 21)	Run tests	2026-06-22T17:43:11.7821874Z [0m[[0m[0minfo[0m] [0m[0m[32mCreditCard pattern[0m[0m
Test (ubuntu-latest, 21)	Run tests	2026-06-22T17:43:11.7846258Z [0m[[0m[0minfo[0m] [0m[0m[32m- should detect Visa with no separators[0m[0m
Test (ubuntu-latest, 21)	Run tests	2026-06-22T17:43:11.7872583Z [0m[[0m[0minfo[0m] [0m[0m[32m- should detect Visa with dashes[0m[0m
Test (ubuntu-latest, 21)	Run tests	2026-06-22T17:43:11.7896264Z [0m[[0m[0minfo[0m] [0m[0m[32m- should detect Visa with spaces[0m[0m
Test (ubuntu-latest, 21)	Run tests	2026-06-22T17:43:11.7926327Z [0m[[0m[0minfo[0m] [0m[0m[32m- should detect MasterCard 51-55 range[0m[0m
Test (ubuntu-latest, 21)	Run tests	2026-06-22T17:43:11.7949253Z [0m[[0m[0minfo[0m] [0m[0m[32m- should detect MasterCard 2-series range[0m[0m
Test (ubuntu-latest, 21)	Run tests	2026-06-22T17:43:11.7983358Z [0m[[0m[0minfo[0m] [0m[0m[32m- should detect Discover 6011 prefix[0m[0m
Test (ubuntu-latest, 21)	Run tests	2026-06-22T17:43:11.7995991Z [0m[[0m[0minfo[0m] [0m[0m[32m- should detect Discover 65 prefix[0m[0m
Test (ubuntu-latest, 21)	Run tests	2026-06-22T17:43:11.7997159Z [0m[[0m[0minfo[0m] [0m[0m[32m- should reject card with invalid 1xxx prefix[0m[0m
Test (ubuntu-latest, 21)	Run tests	2026-06-22T17:43:11.7998222Z [0m[[0m[0minfo[0m] [0m[0m[32m- should reject card with invalid 8xxx prefix[0m[0m
Test (ubuntu-latest, 21)	Run tests	2026-06-22T17:43:11.7999152Z [0m[[0m[0minfo[0m] [0m[0m[32m- should reject card with invalid 0xxx prefix[0m[0m
Test (ubuntu-latest, 21)	Run tests	2026-06-22T17:43:11.8000094Z [0m[[0m[0minfo[0m] [0m[0m[32m- should reject card number that is too short[0m[0m
Test (ubuntu-latest, 21)	Run tests	2026-06-22T17:43:11.8001053Z [0m[[0m[0minfo[0m] [0m[0m[32m- should reject card number that is too long[0m[0m
Test (ubuntu-latest, 21)	Run tests	2026-06-22T17:43:11.8002221Z [0m[[0m[0minfo[0m] [0m[0m[32m- should reject card number embedded in longer digit sequence[0m[0m
Test (ubuntu-latest, 21)	Run tests	2026-06-22T17:43:11.8003337Z [0m[[0m[0minfo[0m] [0m[0m[32m- should not match Amex 15-digit format (known limitation)[0m[0m
Test (ubuntu-latest, 21)	Run tests	2026-06-22T17:43:11.8004289Z [0m[[0m[0minfo[0m] [0m[0m[32mEmail pattern[0m[0m
Test (ubuntu-latest, 21)	Run tests	2026-06-22T17:43:11.8005214Z [0m[[0m[0minfo[0m] [0m[0m[32m- should detect simple email[0m[0m
Test (ubuntu-latest, 21)	Run tests	2026-06-22T17:43:11.8005790Z [0m[[0m[0minfo[0m] [0m[0m[32m- should detect plus-addressing[0m[0m
Test (ubuntu-latest, 21)	Run tests	2026-06-22T17:43:11.8006352Z [0m[[0m[0minfo[0m] [0m[0m[32m- should detect subdomain email[0m[0m
Test (ubuntu-latest, 21)	Run tests	2026-06-22T17:43:11.8006886Z [0m[[0m[0minfo[0m] [0m[0m[32m- should detect long TLD[0m[0m
Test (ubuntu-latest, 21)	Run tests	2026-06-22T17:43:11.8007430Z [0m[[0m[0minfo[0m] [0m[0m[32m- should detect dots in local part[0m[0m
Test (ubuntu-latest, 21)	Run tests	2026-06-22T17:43:11.8007998Z [0m[[0m[0minfo[0m] [0m[0m[32m- should detect hyphen in domain[0m[0m
Test (ubuntu-latest, 21)	Run tests	2026-06-22T17:43:11.8008854Z [0m[[0m[0minfo[0m] [0m[0m[32m- should reject string without @[0m[0m
Test (ubuntu-latest, 21)	Run tests	2026-06-22T17:43:11.8009428Z [0m[[0m[0minfo[0m] [0m[0m[32m- should reject @ without domain[0m[0m
Test (ubuntu-latest, 21)	Run tests	2026-06-22T17:43:11.8009994Z [0m[[0m[0minfo[0m] [0m[0m[32m- should reject @ without local part[0m[0m
Test (ubuntu-latest, 21)	Run tests	2026-06-22T17:43:11.8010563Z [0m[[0m[0minfo[0m] [0m[0m[32m- should reject email with spaces[0m[0m
Test (ubuntu-latest, 21)	Run tests	2026-06-22T17:43:11.8011145Z [0m[[0m[0minfo[0m] [0m[0m[32m- should reject domain without TLD dot[0m[0m
Test (ubuntu-latest, 21)	Run tests	2026-06-22T17:43:11.8011715Z [0m[[0m[0minfo[0m] [0m[0m[32m- should reject single-char TLD[0m[0m
Test (ubuntu-latest, 21)	Run tests	2026-06-22T17:43:11.8012208Z [0m[[0m[0minfo[0m] [0m[0m[32mPhone pattern[0m[0m
Test (ubuntu-latest, 21)	Run tests	2026-06-22T17:43:11.8012743Z [0m[[0m[0minfo[0m] [0m[0m[32m- should detect parenthesized area code[0m[0m
Test (ubuntu-latest, 21)	Run tests	2026-06-22T17:43:11.8013312Z [0m[[0m[0minfo[0m] [0m[0m[32m- should detect dashes format[0m[0m
Test (ubuntu-latest, 21)	Run tests	2026-06-22T17:43:11.8013848Z [0m[[0m[0minfo[0m] [0m[0m[32m- should detect dots format[0m[0m
Test (ubuntu-latest, 21)	Run tests	2026-06-22T17:43:11.8014546Z [0m[[0m[0minfo[0m] [0m[0m[32m- should detect +1 prefix[0m[0m
Test (ubuntu-latest, 21)	Run tests	2026-06-22T17:43:11.8015658Z [0m[[0m[0minfo[0m] [0m[0m[32m- should detect +1 with dot separator[0m[0m
Test (ubuntu-latest, 21)	Run tests	2026-06-22T17:43:11.8016333Z [0m[[0m[0minfo[0m] [0m[0m[32m- should detect no separators[0m[0m
Test (ubuntu-latest, 21)	Run tests	2026-06-22T17:43:11.8016875Z [0m[[0m[0minfo[0m] [0m[0m[32m- should reject too few digits[0m[0m
Test (ubuntu-latest, 21)	Run tests	2026-06-22T17:43:11.8017414Z [0m[[0m[0minfo[0m] [0m[0m[32m- should reject too many digits[0m[0m
Test (ubuntu-latest, 21)	Run tests	2026-06-22T17:43:11.8018173Z [0m[[0m[0minfo[0m] [0m[0m[32m- should reject partial number[0m[0m
Test (ubuntu-latest, 21)	Run tests	2026-06-22T17:43:11.8018833Z [0m[[0m[0minfo[0m] [0m[0m[32m- should reject phone embedded in longer digit sequence[0m[0m
Test (ubuntu-latest, 21)	Run tests	2026-06-22T17:43:11.8019471Z [0m[[0m[0minfo[0m] [0m[0m[32m- should reject short number[0m[0m
Test (ubuntu-latest, 21)	Run tests	2026-06-22T17:43:11.8020006Z [0m[[0m[0minfo[0m] [0m[0m[32m- should reject letters mixed in[0m[0m
Test (ubuntu-latest, 21)	Run tests	2026-06-22T17:43:11.8020531Z [0m[[0m[0minfo[0m] [0m[0m[32mIPAddress pattern[0m[0m
Test (ubuntu-latest, 21)	Run tests	2026-06-22T17:43:11.8021064Z [0m[[0m[0minfo[0m] [0m[0m[32m- should detect private 192.168.x.x[0m[0m
Test (ubuntu-latest, 21)	Run tests	2026-06-22T17:43:11.8021600Z [0m[[0m[0minfo[0m] [0m[0m[32m- should detect loopback[0m[0m
Test (ubuntu-latest, 21)	Run tests	2026-06-22T17:43:11.8022105Z [0m[[0m[0minfo[0m] [0m[0m[32m- should detect 0.0.0.0[0m[0m
Test (ubuntu-latest, 21)	Run tests	2026-06-22T17:43:11.8022611Z [0m[[0m[0minfo[0m] [0m[0m[32m- should detect 255.255.255.255[0m[0m
Test (ubuntu-latest, 21)	Run tests	2026-06-22T17:43:11.8023141Z [0m[[0m[0minfo[0m] [0m[0m[32m- should detect class A address[0m[0m
Test (ubuntu-latest, 21)	Run tests	2026-06-22T17:43:11.8023696Z [0m[[0m[0minfo[0m] [0m[0m[32m- should detect single-digit octets[0m[0m
Test (ubuntu-latest, 21)	Run tests	2026-06-22T17:43:11.8024280Z [0m[[0m[0minfo[0m] [0m[0m[32m- should reject octet over 255 (first)[0m[0m
Test (ubuntu-latest, 21)	Run tests	2026-06-22T17:43:11.8027003Z [0m[[0m[0minfo[0m] [0m[0m[32m- should reject octet over 255 (last)[0m[0m
Test (ubuntu-latest, 21)	Run tests	2026-06-22T17:43:11.8028053Z [0m[[0m[0minfo[0m] [0m[0m[32m- should reject missing octet[0m[0m
Test (ubuntu-latest, 21)	Run tests	2026-06-22T17:43:11.8029278Z [0m[[0m[0minfo[0m] [0m[0m[32m- should still find a valid IP within too-many-octet string (known limitation)[0m[0m
Test (ubuntu-latest, 21)	Run tests	2026-06-22T17:43:11.8030630Z [0m[[0m[0minfo[0m] [0m[0m[32m- should reject IP embedded in longer digit sequence[0m[0m
Test (ubuntu-latest, 21)	Run tests	2026-06-22T17:43:11.8031875Z [0m[[0m[0minfo[0m] [0m[0m[32m- should match version-number-like strings (known limitation)[0m[0m
Test (ubuntu-latest, 21)	Run tests	2026-06-22T17:43:11.8032839Z [0m[[0m[0minfo[0m] [0m[0m[32mPassport pattern[0m[0m
Test (ubuntu-latest, 21)	Run tests	2026-06-22T17:43:11.8033643Z [0m[[0m[0minfo[0m] [0m[0m[32m- should detect 9-digit number[0m[0m
Test (ubuntu-latest, 21)	Run tests	2026-06-22T17:43:11.8034369Z [0m[[0m[0minfo[0m] [0m[0m[32m- should detect 8-digit number[0m[0m
Test (ubuntu-latest, 21)	Run tests	2026-06-22T17:43:11.8035460Z [0m[[0m[0minfo[0m] [0m[0m[32m- should detect letter prefix with 8 digits[0m[0m
Test (ubuntu-latest, 21)	Run tests	2026-06-22T17:43:11.8036321Z [0m[[0m[0minfo[0m] [0m[0m[32m- should detect passport embedded in text[0m[0m
Test (ubuntu-latest, 21)	Run tests	2026-06-22T17:43:11.8037193Z [0m[[0m[0minfo[0m] [0m[0m[32m- should detect letter prefix with 9 digits[0m[0m
Test (ubuntu-latest, 21)	Run tests	2026-06-22T17:43:11.8038310Z [0m[[0m[0minfo[0m] [0m[0m[32m- should reject 7 digits[0m[0m
Test (ubuntu-latest, 21)	Run tests	2026-06-22T17:43:11.8039178Z [0m[[0m[0minfo[0m] [0m[0m[32m- should reject number embedded in alphanumeric string[0m[0m
Test (ubuntu-latest, 21)	Run tests	2026-06-22T17:43:11.8040062Z [0m[[0m[0minfo[0m] [0m[0m[32m- should reject lowercase prefix[0m[0m
Test (ubuntu-latest, 21)	Run tests	2026-06-22T17:43:11.8040941Z [0m[[0m[0minfo[0m] [0m[0m[32m- should reject multiple letter prefix[0m[0m
Test (ubuntu-latest, 21)	Run tests	2026-06-22T17:43:11.8041962Z [0m[[0m[0minfo[0m] [0m[0m[32m- should reject 10+ digit number[0m[0m
Test (ubuntu-latest, 21)	Run tests	2026-06-22T17:43:11.8042914Z [0m[[0m[0minfo[0m] [0m[0m[32mDateOfBirth pattern[0m[0m
Test (ubuntu-latest, 21)	Run tests	2026-06-22T17:43:11.8043741Z [0m[[0m[0minfo[0m] [0m[0m[32m- should detect MM/DD/YYYY[0m[0m
Test (ubuntu-latest, 21)	Run tests	2026-06-22T17:43:11.8044562Z [0m[[0m[0minfo[0m] [0m[0m[32m- should detect M/D/YYYY[0m[0m
Test (ubuntu-latest, 21)	Run tests	2026-06-22T17:43:11.8045719Z [0m[[0m[0minfo[0m] [0m[0m[32m- should detect YYYY-MM-DD[0m[0m
Test (ubuntu-latest, 21)	Run tests	2026-06-22T17:43:11.8046631Z [0m[[0m[0minfo[0m] [0m[0m[32m- should detect MM-DD-YYYY[0m[0m
Test (ubuntu-latest, 21)	Run tests	2026-06-22T17:43:11.8048330Z [0m[[0m[0minfo[0m] [0m[0m[32m- should detect 20xx year[0m[0m
Test (ubuntu-latest, 21)	Run tests	2026-06-22T17:43:11.8049535Z [0m[[0m[0minfo[0m] [0m[0m[32m- should detect date embedded in text[0m[0m
Test (ubuntu-latest, 21)	Run tests	2026-06-22T17:43:11.8050475Z [0m[[0m[0minfo[0m] [0m[0m[32m- should reject month over 12[0m[0m
Test (ubuntu-latest, 21)	Run tests	2026-06-22T17:43:11.8051429Z [0m[[0m[0minfo[0m] [0m[0m[32m- should reject day over 31[0m[0m
Test (ubuntu-latest, 21)	Run tests	2026-06-22T17:43:11.8052344Z [0m[[0m[0minfo[0m] [0m[0m[32m- should reject year before 1900[0m[0m
Test (ubuntu-latest, 21)	Run tests	2026-06-22T17:43:11.8053652Z [0m[[0m[0minfo[0m] [0m[0m[32m- should reject year after 2099[0m[0m
Test (ubuntu-latest, 21)	Run tests	2026-06-22T17:43:11.8054580Z [0m[[0m[0minfo[0m] [0m[0m[32m- should reject partial date[0m[0m
Test (ubuntu-latest, 21)	Run tests	2026-06-22T17:43:11.8056214Z [0m[[0m[0minfo[0m] [0m[0m[32m- should reject date embedded in longer digit sequence[0m[0m
Test (ubuntu-latest, 21)	Run tests	2026-06-22T17:43:11.8057801Z [0m[[0m[0minfo[0m] [0m[0m[32mBankAccount pattern[0m[0m
Test (ubuntu-latest, 21)	Run tests	2026-06-22T17:43:11.8058778Z [0m[[0m[0minfo[0m] [0m[0m[32m- should detect 8-digit number[0m[0m
Test (ubuntu-latest, 21)	Run tests	2026-06-22T17:43:11.8059773Z [0m[[0m[0minfo[0m] [0m[0m[32m- should detect 10-digit number[0m[0m
Test (ubuntu-latest, 21)	Run tests	2026-06-22T17:43:11.8060767Z [0m[[0m[0minfo[0m] [0m[0m[32m- should detect 12-digit number[0m[0m
Test (ubuntu-latest, 21)	Run tests	2026-06-22T17:43:11.8061763Z [0m[[0m[0minfo[0m] [0m[0m[32m- should detect 17-digit number[0m[0m
Test (ubuntu-latest, 21)	Run tests	2026-06-22T17:43:11.8062804Z [0m[[0m[0minfo[0m] [0m[0m[32m- should detect account embedded in text[0m[0m
Test (ubuntu-latest, 21)	Run tests	2026-06-22T17:43:11.8063835Z [0m[[0m[0minfo[0m] [0m[0m[32m- should reject 7-digit number[0m[0m
Test (ubuntu-latest, 21)	Run tests	2026-06-22T17:43:11.8065561Z [0m[[0m[0minfo[0m] [0m[0m[32m- should reject 18-digit number[0m[0m
Test (ubuntu-latest, 21)	Run tests	2026-06-22T17:43:11.8066881Z [0m[[0m[0minfo[0m] [0m[0m[32m- should reject number embedded in longer digits[0m[0m
Test (ubuntu-latest, 21)	Run tests	2026-06-22T17:43:11.8068433Z [0m[[0m[0minfo[0m] [0m[0m[32m- should not be in default types[0m[0m
Test (ubuntu-latest, 21)	Run tests	2026-06-22T17:43:11.8069664Z [0m[[0m[0minfo[0m] [0m[0m[32m- should be in sensitive types[0m[0m
Test (ubuntu-latest, 21)	Run tests	2026-06-22T17:43:11.8071077Z [0m[[0m[0minfo[0m] [0m[0m[32mPIIPatterns.detect[0m[0m
Test (ubuntu-latest, 21)	Run tests	2026-06-22T17:43:11.8072255Z [0m[[0m[0minfo[0m] [0m[0m[32m- should find multiple PII types in one text[0m[0m
Test (ubuntu-latest, 21)	Run tests	2026-06-22T17:43:11.8073725Z [0m[[0m[0minfo[0m] [0m[0m[32m- should find adjacent PII[0m[0m
Test (ubuntu-latest, 21)	Run tests	2026-06-22T17:43:11.8075143Z [0m[[0m[0minfo[0m] [0m[0m[32m- should find PII in parentheses[0m[0m
Test (ubuntu-latest, 21)	Run tests	2026-06-22T17:43:11.8076531Z [0m[[0m[0minfo[0m] [0m[0m[32m- should find PII in quotes[0m[0m
Test (ubuntu-latest, 21)	Run tests	2026-06-22T17:43:11.8077785Z [0m[[0m[0minfo[0m] [0m[0m[32m- should return empty for empty string[0m[0m
Test (ubuntu-latest, 21)	Run tests	2026-06-22T17:43:11.8079080Z [0m[[0m[0minfo[0m] [0m[0m[32m- should return empty for whitespace[0m[0m
Test (ubuntu-latest, 21)	Run tests	2026-06-22T17:43:11.8080145Z [0m[[0m[0minfo[0m] [0m[0m[32m- should populate PIIMatch fields correctly[0m[0m
Test (ubuntu-latest, 21)	Run tests	2026-06-22T17:43:11.8081193Z [0m[[0m[0minfo[0m] [0m[0m[32mPIIPatterns (false positives)[0m[0m
Test (ubuntu-latest, 21)	Run tests	2026-06-22T17:43:11.8082541Z [0m[[0m[0minfo[0m] [0m[0m[32m- should match ZIP+4 as SSN (known limitation)[0m[0m
Test (ubuntu-latest, 21)	Run tests	2026-06-22T17:43:11.8083770Z [0m[[0m[0minfo[0m] [0m[0m[32m- should match version number as IP (known limitation)[0m[0m
Test (ubuntu-latest, 21)	Run tests	2026-06-22T17:43:11.8085331Z [0m[[0m[0minfo[0m] [0m[0m[32m- should match invalid calendar date as DOB (known limitation)[0m[0m
Test (ubuntu-latest, 21)	Run tests	2026-06-22T17:43:11.8086593Z [0m[[0m[0minfo[0m] [0m[0m[32m- should match order number as BankAccount (known limitation)[0m[0m
Test (ubuntu-latest, 21)	Run tests	2026-06-22T17:43:11.8087637Z [0m[[0m[0minfo[0m] [0m[0m[32mPIIType.default[0m[0m
Test (ubuntu-latest, 21)	Run tests	2026-06-22T17:43:11.8088478Z [0m[[0m[0minfo[0m] [0m[0m[32m- should contain SSN, CreditCard, Email, Phone[0m[0m
Test (ubuntu-latest, 21)	Run tests	2026-06-22T17:43:11.8089390Z [0m[[0m[0minfo[0m] [0m[0m[32mPIIType.all[0m[0m
Test (ubuntu-latest, 21)	Run tests	2026-06-22T17:43:11.8090440Z [0m[[0m[0minfo[0m] [0m[0m[32m- should contain 7 types (excluding BankAccount from val)[0m[0m
Test (ubuntu-latest, 21)	Run tests	2026-06-22T17:43:11.8091494Z [0m[[0m[0minfo[0m] [0m[0m[32mPIIType.sensitive[0m[0m
Test (ubuntu-latest, 21)	Run tests	2026-06-22T17:43:11.8092519Z [0m[[0m[0minfo[0m] [0m[0m[32m- should contain SSN, CreditCard, Email, Phone, BankAccount[0m[0m
Test (ubuntu-latest, 21)	Run tests	2026-06-22T17:43:11.8093894Z [0m[[0m[0minfo[0m] [0m[0m[32mPIIType name properties[0m[0m
Test (ubuntu-latest, 21)	Run tests	2026-06-22T17:43:11.8095272Z [0m[[0m[0minfo[0m] [0m[0m[32m- should be defined for all types[0m[0m
Test (ubuntu-latest, 21)	Run tests	2026-06-22T17:43:11.8096519Z [0m[[0m[0minfo[0m] [0m[0m[32mPIIPatterns.maskAll[0m[0m
Test (ubuntu-latest, 21)	Run tests	2026-06-22T17:43:11.8097926Z [0m[[0m[0minfo[0m] [0m[0m[32m- should mask multiple PII types[0m[0m
Test (ubuntu-latest, 21)	Run tests	2026-06-22T17:43:11.8099209Z [0m[[0m[0minfo[0m] [0m[0m[32m- should mask adjacent PII correctly[0m[0m
Test (ubuntu-latest, 21)	Run tests	2026-06-22T17:43:11.8100635Z [0m[[0m[0minfo[0m] [0m[0m[32mPIIPatterns.summarize[0m[0m
Test (ubuntu-latest, 21)	Run tests	2026-06-22T17:43:11.8101747Z [0m[[0m[0minfo[0m] [0m[0m[32m- should count multiple matches per type[0m[0m
Test (ubuntu-latest, 21)	Run tests	2026-06-22T17:43:11.8103194Z [0m[[0m[0minfo[0m] [0m[0m[32m- should return empty map for clean text[0m[0m
Test (ubuntu-latest, 21)	Run tests	2026-06-22T17:43:11.8104501Z [0m[[0m[0minfo[0m] [0m[0m[32mVoskSpeechToTextMockSpec:[0m[0m
Test (ubuntu-latest, 21)	Run tests	2026-06-22T17:43:11.8105616Z [0m[[0m[0minfo[0m] [0m[0m[32mVoskSpeechToText[0m[0m
Test (ubuntu-latest, 21)	Run tests	2026-06-22T17:43:11.8106610Z [0m[[0m[0minfo[0m] [0m[0m[32m- should have correct name identifier[0m[0m
Test (ubuntu-latest, 21)	Run tests	2026-06-22T17:43:11.8107644Z [0m[[0m[0minfo[0m] [0m[0m[32m- should support WAV and PCM formats[0m[0m
Test (ubuntu-latest, 21)	Run tests	2026-06-22T17:43:11.8108672Z [0m[[0m[0minfo[0m] [0m[0m[32m- should have default configuration[0m[0m
Test (ubuntu-latest, 21)	Run tests	2026-06-22T17:43:11.8109662Z [0m[[0m[0minfo[0m] [0m[0m[32m- should allow custom model path[0m[0m
Test (ubuntu-latest, 21)	Run tests	2026-06-22T17:43:11.8110668Z [0m[[0m[0minfo[0m] [0m[0m[32m- should allow custom sample rate[0m[0m
Test (ubuntu-latest, 21)	Run tests	2026-06-22T17:43:11.8111659Z [0m[[0m[0minfo[0m] [0m[0m[32m- should allow custom buffer size[0m[0m
Test (ubuntu-latest, 21)	Run tests	2026-06-22T17:43:11.8112649Z [0m[[0m[0minfo[0m] [0m[0m[32mVoskSpeechToText initialization[0m[0m
Test (ubuntu-latest, 21)	Run tests	2026-06-22T17:43:11.8113648Z [0m[[0m[0minfo[0m] [0m[0m[32m- should accept default parameters[0m[0m
Test (ubuntu-latest, 21)	Run tests	2026-06-22T17:43:11.8115134Z [0m[[0m[0minfo[0m] [0m[0m[32m- should accept explicit model path[0m[0m
Test (ubuntu-latest, 21)	Run tests	2026-06-22T17:43:11.8116655Z [0m[[0m[0minfo[0m] [0m[0m[32m- should accept high sample rate (48000)[0m[0m
Test (ubuntu-latest, 21)	Run tests	2026-06-22T17:43:11.8118179Z [0m[[0m[0minfo[0m] [0m[0m[32m- should accept low sample rate (8000)[0m[0m
Test (ubuntu-latest, 21)	Run tests	2026-06-22T17:43:11.8119488Z [0m[[0m[0minfo[0m] [0m[0m[32m- should accept small buffer size (1024)[0m[0m
Test (ubuntu-latest, 21)	Run tests	2026-06-22T17:43:11.8120731Z [0m[[0m[0minfo[0m] [0m[0m[32m- should accept large buffer size (65536)[0m[0m
Test (ubuntu-latest, 21)	Run tests	2026-06-22T17:43:11.8121834Z [0m[[0m[0minfo[0m] [0m[0m[32mSTTOptions support[0m[0m
Test (ubuntu-latest, 21)	Run tests	2026-06-22T17:43:11.8123070Z [0m[[0m[0minfo[0m] [0m[0m[32m- should allow language configuration[0m[0m
Test (ubuntu-latest, 21)	Run tests	2026-06-22T17:43:11.8124200Z [0m[[0m[0minfo[0m] [0m[0m[32m- should allow timestamps configuration[0m[0m
Test (ubuntu-latest, 21)	Run tests	2026-06-22T17:43:11.8125388Z [0m[[0m[0minfo[0m] [0m[0m[32m- should allow prompt configuration[0m[0m
Test (ubuntu-latest, 21)	Run tests	2026-06-22T17:43:11.8126403Z [0m[[0m[0minfo[0m] [0m[0m[32m- should allow confidence threshold configuration[0m[0m
Test (ubuntu-latest, 21)	Run tests	2026-06-22T17:43:11.8127614Z [0m[[0m[0minfo[0m] [0m[0m[32mFormat support[0m[0m
Test (ubuntu-latest, 21)	Run tests	2026-06-22T17:43:11.8128355Z [0m[[0m[0minfo[0m] [0m[0m[32m- should include WAV[0m[0m
Test (ubuntu-latest, 21)	Run tests	2026-06-22T17:43:11.8129070Z [0m[[0m[0minfo[0m] [0m[0m[32m- should include PCM[0m[0m
Test (ubuntu-latest, 21)	Run tests	2026-06-22T17:43:11.8130445Z [0m[[0m[0minfo[0m] [0m[0m[32m- should not include unsupported formats[0m[0m
Test (ubuntu-latest, 21)	Run tests	2026-06-22T17:43:11.8131484Z [0m[[0m[0minfo[0m] [0m[0m[32mError handling[0m[0m
Test (ubuntu-latest, 21)	Run tests	2026-06-22T17:43:11.8132548Z [0m[[0m[0minfo[0m] [0m[0m[32m- should handle invalid input gracefully[0m[0m
Test (ubuntu-latest, 21)	Run tests	2026-06-22T17:43:11.8133714Z [0m[[0m[0minfo[0m] [0m[0m[32mVoskSpeechToText state[0m[0m
Test (ubuntu-latest, 21)	Run tests	2026-06-22T17:43:11.8135153Z [0m[[0m[0minfo[0m] [0m[0m[32m- should be reusable across calls[0m[0m
Test (ubuntu-latest, 21)	Run tests	2026-06-22T17:43:11.8136516Z [0m[[0m[0minfo[0m] [0m[0m[32m- should maintain configuration across multiple accesses[0m[0m
Test (ubuntu-latest, 21)	Run tests	2026-06-22T17:43:11.8137963Z [0m[[0m[0minfo[0m] [0m[0m[32mVoskSpeechToText companion object[0m[0m
Test (ubuntu-latest, 21)	Run tests	2026-06-22T17:43:11.8139390Z [0m[[0m[0minfo[0m] [0m[0m[32m- should define DEFAULT_MODEL_PATH[0m[0m
Test (ubuntu-latest, 21)	Run tests	2026-06-22T17:43:11.8140742Z [0m[[0m[0minfo[0m] [0m[0m[32m- should define DEFAULT_SAMPLE_RATE as 16000[0m[0m
Test (ubuntu-latest, 21)	Run tests	2026-06-22T17:43:11.8141981Z [0m[[0m[0minfo[0m] [0m[0m[32m- should define DEFAULT_BUFFER_SIZE as 4096[0m[0m
Test (ubuntu-latest, 21)	Run tests	2026-06-22T17:43:11.8143227Z [0m[[0m[0minfo[0m] [0m[0m[32mAudio input handling[0m[0m
Test (ubuntu-latest, 21)	Run tests	2026-06-22T17:43:11.8144237Z [0m[[0m[0minfo[0m] [0m[0m[32m- should accept BytesAudio[0m[0m
Test (ubuntu-latest, 21)	Run tests	2026-06-22T17:43:11.8145590Z [0m[[0m[0minfo[0m] [0m[0m[32m- should accept StreamAudio[0m[0m
Test (ubuntu-latest, 21)	Run tests	2026-06-22T17:43:11.8146619Z [0m[[0m[0minfo[0m] [0m[0m[32mMetadata handling[0m[0m
Test (ubuntu-latest, 21)	Run tests	2026-06-22T17:43:11.8147619Z [0m[[0m[0minfo[0m] [0m[0m[32m- should support mono audio[0m[0m
Test (ubuntu-latest, 21)	Run tests	2026-06-22T17:43:11.8148815Z [0m[[0m[0minfo[0m] [0m[0m[32m- should support stereo audio[0m[0m
Test (ubuntu-latest, 21)	Run tests	2026-06-22T17:43:11.8149960Z [0m[[0m[0minfo[0m] [0m[0m[32m- should support various sample rates[0m[0m
Test (ubuntu-latest, 21)	Run tests	2026-06-22T17:43:11.8151045Z [0m[[0m[0minfo[0m] [0m[0m[32mSTTOptions defaults[0m[0m
Test (ubuntu-latest, 21)	Run tests	2026-06-22T17:43:11.8152254Z [0m[[0m[0minfo[0m] [0m[0m[32m- should have language None by default[0m[0m
Test (ubuntu-latest, 21)	Run tests	2026-06-22T17:43:11.8153510Z [0m[[0m[0minfo[0m] [0m[0m[32m- should have enableTimestamps false by default[0m[0m
Test (ubuntu-latest, 21)	Run tests	2026-06-22T17:43:11.8155132Z [0m[[0m[0minfo[0m] [0m[0m[32m- should have diarization false by default[0m[0m
Test (ubuntu-latest, 21)	Run tests	2026-06-22T17:43:11.8156518Z [0m[[0m[0minfo[0m] [0m[0m[32m- should have prompt None by default[0m[0m
Test (ubuntu-latest, 21)	Run tests	2026-06-22T17:43:11.8157644Z [0m[[0m[0minfo[0m] [0m[0m[32mConfiguration combinations[0m[0m
Test (ubuntu-latest, 21)	Run tests	2026-06-22T17:43:11.8158803Z [0m[[0m[0minfo[0m] [0m[0m[32m- should support all options simultaneously[0m[0m
Test (ubuntu-latest, 21)	Run tests	2026-06-22T17:43:11.8160208Z [0m[[0m[0minfo[0m] [0m[0m[32m- should support partial options[0m[0m
Test (ubuntu-latest, 21)	Run tests	2026-06-22T17:43:11.8178968Z [0m[[0m[0minfo[0m] [0m[0m[32mVoskSpeechToText class[0m[0m
Test (ubuntu-latest, 21)	Run tests	2026-06-22T17:43:11.8180265Z [0m[[0m[0minfo[0m] [0m[0m[32m- should extend SpeechToText[0m[0m
Test (ubuntu-latest, 21)	Run tests	2026-06-22T17:43:11.8181580Z [0m[[0m[0minfo[0m] [0m[0m[32m- should be final (not extensible)[0m[0m
Test (ubuntu-latest, 21)	Run tests	2026-06-22T17:43:11.8182860Z [0m[[0m[0minfo[0m] [0m[0m[32mEdge case configurations[0m[0m
Test (ubuntu-latest, 21)	Run tests	2026-06-22T17:43:11.8184280Z [0m[[0m[0minfo[0m] [0m[0m[32m- should handle zero channels gracefully (construction)[0m[0m
Test (ubuntu-latest, 21)	Run tests	2026-06-22T17:43:11.8186107Z [0m[[0m[0minfo[0m] [0m[0m[32m- should handle extreme sample rates (construction)[0m[0m
Test (ubuntu-latest, 21)	Run tests	2026-06-22T17:43:11.8187521Z [0m[[0m[0minfo[0m] [0m[0m[32m- should handle very large buffers[0m[0m
Test (ubuntu-latest, 21)	Run tests	2026-06-22T17:43:11.8188798Z [0m[[0m[0minfo[0m] [0m[0m[32m- should handle very small buffers[0m[0m
Test (ubuntu-latest, 21)	Run tests	2026-06-22T17:43:11.8545406Z [0m[[0m[0minfo[0m] [0m[0m[32mOllamaRoutingTest:[0m[0m
Test (ubuntu-latest, 21)	Run tests	2026-06-22T17:43:11.8569511Z [0m[[0m[0minfo[0m] [0m[0m[32m- provider-based getClientResult returns OllamaClient[0m[0m
Test (ubuntu-latest, 21)	Run tests	2026-06-22T17:43:11.8631403Z [0m[[0m[0minfo[0m] [0m[0m[32m- OllamaConfig.from(reader) uses provided base URL[0m[0m
Test (ubuntu-latest, 21)	Run tests	2026-06-22T17:43:11.8703922Z [0m[[0m[0minfo[0m] [0m[0m[32mWhisperSpeechToTextValidationSpec:[0m[0m
Test (ubuntu-latest, 21)	Run tests	2026-06-22T17:43:11.8705718Z [0m[[0m[0minfo[0m] [0m[0m[32mWhisperSpeechToText[0m[0m
Test (ubuntu-latest, 21)	Run tests	2026-06-22T17:43:11.8707092Z [0m[[0m[0minfo[0m] [0m[0m[32m- should have correct name identifier[0m[0m
Test (ubuntu-latest, 21)	Run tests	2026-06-22T17:43:11.8708529Z [0m[[0m[0minfo[0m] [0m[0m[32m- should support multiple audio formats[0m[0m
Test (ubuntu-latest, 21)	Run tests	2026-06-22T17:43:11.8709975Z [0m[[0m[0minfo[0m] [0m[0m[32m- should have 5 supported formats[0m[0m
Test (ubuntu-latest, 21)	Run tests	2026-06-22T17:43:11.8711330Z [0m[[0m[0minfo[0m] [0m[0m[32m- should use default command[0m[0m
Test (ubuntu-latest, 21)	Run tests	2026-06-22T17:43:11.8712649Z [0m[[0m[0minfo[0m] [0m[0m[32mWhisperSpeechToText defaults[0m[0m
Test (ubuntu-latest, 21)	Run tests	2026-06-22T17:43:11.8714065Z [0m[[0m[0minfo[0m] [0m[0m[32m- should use 'whisper' command by default[0m[0m
Test (ubuntu-latest, 21)	Run tests	2026-06-22T17:43:11.8715758Z [0m[[0m[0minfo[0m] [0m[0m[32m- should use 'base' model by default[0m[0m
Test (ubuntu-latest, 21)	Run tests	2026-06-22T17:43:11.8717574Z [0m[[0m[0minfo[0m] [0m[0m[32m- should use 'txt' output format by default[0m[0m
Test (ubuntu-latest, 21)	Run tests	2026-06-22T17:43:11.8719171Z [0m[[0m[0minfo[0m] [0m[0m[32mCustom configuration[0m[0m
Test (ubuntu-latest, 21)	Run tests	2026-06-22T17:43:11.8720660Z [0m[[0m[0minfo[0m] [0m[0m[32m- should allow custom command[0m[0m
Test (ubuntu-latest, 21)	Run tests	2026-06-22T17:43:11.8722188Z [0m[[0m[0minfo[0m] [0m[0m[32m- should allow custom model[0m[0m
Test (ubuntu-latest, 21)	Run tests	2026-06-22T17:43:11.8723430Z [0m[[0m[0minfo[0m] [0m[0m[32m- should allow custom output format[0m[0m
Test (ubuntu-latest, 21)	Run tests	2026-06-22T17:43:11.8725138Z [0m[[0m[0minfo[0m] [0m[0m[32m- should allow all custom parameters simultaneously[0m[0m
Test (ubuntu-latest, 21)	Run tests	2026-06-22T17:43:11.8726487Z [0m[[0m[0minfo[0m] [0m[0m[32mAudio format support[0m[0m
Test (ubuntu-latest, 21)	Run tests	2026-06-22T17:43:11.8727662Z [0m[[0m[0minfo[0m] [0m[0m[32m- should include WAV[0m[0m
Test (ubuntu-latest, 21)	Run tests	2026-06-22T17:43:11.8728801Z [0m[[0m[0minfo[0m] [0m[0m[32m- should include MP3[0m[0m
Test (ubuntu-latest, 21)	Run tests	2026-06-22T17:43:11.8729937Z [0m[[0m[0minfo[0m] [0m[0m[32m- should include M4A[0m[0m
Test (ubuntu-latest, 21)	Run tests	2026-06-22T17:43:11.8731093Z [0m[[0m[0minfo[0m] [0m[0m[32m- should include FLAC[0m[0m
Test (ubuntu-latest, 21)	Run tests	2026-06-22T17:43:11.8732247Z [0m[[0m[0minfo[0m] [0m[0m[32m- should include OGG[0m[0m
Test (ubuntu-latest, 21)	Run tests	2026-06-22T17:43:11.8733586Z [0m[[0m[0minfo[0m] [0m[0m[32m- should not include unsupported formats like AIFF[0m[0m
Test (ubuntu-latest, 21)	Run tests	2026-06-22T17:43:11.8735245Z [0m[[0m[0minfo[0m] [0m[0m[32m- should not include video formats[0m[0m
Test (ubuntu-latest, 21)	Run tests	2026-06-22T17:43:11.8736490Z [0m[[0m[0minfo[0m] [0m[0m[32mInstance behavior[0m[0m
Test (ubuntu-latest, 21)	Run tests	2026-06-22T17:43:11.8737746Z [0m[[0m[0minfo[0m] [0m[0m[32m- should maintain name across accesses[0m[0m
Test (ubuntu-latest, 21)	Run tests	2026-06-22T17:43:11.8739142Z [0m[[0m[0minfo[0m] [0m[0m[32m- should maintain formats across accesses[0m[0m
Test (ubuntu-latest, 21)	Run tests	2026-06-22T17:43:11.8740437Z [0m[[0m[0minfo[0m] [0m[0m[32mSTT options handling[0m[0m
Test (ubuntu-latest, 21)	Run tests	2026-06-22T17:43:11.8741700Z [0m[[0m[0minfo[0m] [0m[0m[32m- should support language configuration[0m[0m
Test (ubuntu-latest, 21)	Run tests	2026-06-22T17:43:11.8743073Z [0m[[0m[0minfo[0m] [0m[0m[32m- should support prompt configuration[0m[0m
Test (ubuntu-latest, 21)	Run tests	2026-06-22T17:43:11.8744508Z [0m[[0m[0minfo[0m] [0m[0m[32m- should support timestamps configuration[0m[0m
Test (ubuntu-latest, 21)	Run tests	2026-06-22T17:43:11.8746286Z [0m[[0m[0minfo[0m] [0m[0m[32m- should have confidence threshold with default value[0m[0m
Test (ubuntu-latest, 21)	Run tests	2026-06-22T17:43:11.8747758Z [0m[[0m[0minfo[0m] [0m[0m[32m- should support diarization configuration[0m[0m
Test (ubuntu-latest, 21)	Run tests	2026-06-22T17:43:11.8749059Z [0m[[0m[0minfo[0m] [0m[0m[32mTranscription results[0m[0m
Test (ubuntu-latest, 21)	Run tests	2026-06-22T17:43:11.8750274Z [0m[[0m[0minfo[0m] [0m[0m[32m- should have text field[0m[0m
Test (ubuntu-latest, 21)	Run tests	2026-06-22T17:43:11.8751852Z [0m[[0m[0minfo[0m] [0m[0m[32m- should support optional language[0m[0m
Test (ubuntu-latest, 21)	Run tests	2026-06-22T17:43:11.8753129Z [0m[[0m[0minfo[0m] [0m[0m[32m- should support optional confidence[0m[0m
Test (ubuntu-latest, 21)	Run tests	2026-06-22T17:43:11.8754363Z [0m[[0m[0minfo[0m] [0m[0m[32m- should support timestamps[0m[0m
Test (ubuntu-latest, 21)	Run tests	2026-06-22T17:43:11.8755857Z [0m[[0m[0minfo[0m] [0m[0m[32mWhisperSpeechToText class[0m[0m
Test (ubuntu-latest, 21)	Run tests	2026-06-22T17:43:11.8757420Z [0m[[0m[0minfo[0m] [0m[0m[32m- should extend SpeechToText[0m[0m
Test (ubuntu-latest, 21)	Run tests	2026-06-22T17:43:11.8758503Z [0m[[0m[0minfo[0m] [0m[0m[32m- should be final[0m[0m
Test (ubuntu-latest, 21)	Run tests	2026-06-22T17:43:11.8760552Z [0m[[0m[0minfo[0m] [0m[0m[32mModel selection[0m[0m
Test (ubuntu-latest, 21)	Run tests	2026-06-22T17:43:11.8761595Z [0m[[0m[0minfo[0m] [0m[0m[32m- should support tiny model[0m[0m
Test (ubuntu-latest, 21)	Run tests	2026-06-22T17:43:11.8762638Z [0m[[0m[0minfo[0m] [0m[0m[32m- should support base model[0m[0m
Test (ubuntu-latest, 21)	Run tests	2026-06-22T17:43:11.8763688Z [0m[[0m[0minfo[0m] [0m[0m[32m- should support small model[0m[0m
Test (ubuntu-latest, 21)	Run tests	2026-06-22T17:43:11.8764981Z [0m[[0m[0minfo[0m] [0m[0m[32m- should support medium model[0m[0m
Test (ubuntu-latest, 21)	Run tests	2026-06-22T17:43:11.8766087Z [0m[[0m[0minfo[0m] [0m[0m[32m- should support large model[0m[0m
Test (ubuntu-latest, 21)	Run tests	2026-06-22T17:43:11.8767193Z [0m[[0m[0minfo[0m] [0m[0m[32mOutput format selection[0m[0m
Test (ubuntu-latest, 21)	Run tests	2026-06-22T17:43:11.8768417Z [0m[[0m[0minfo[0m] [0m[0m[32m- should support json format[0m[0m
Test (ubuntu-latest, 21)	Run tests	2026-06-22T17:43:11.8769687Z [0m[[0m[0minfo[0m] [0m[0m[32m- should support vtt format[0m[0m
Test (ubuntu-latest, 21)	Run tests	2026-06-22T17:43:11.8771226Z [0m[[0m[0minfo[0m] [0m[0m[32m- should support srt format[0m[0m
Test (ubuntu-latest, 21)	Run tests	2026-06-22T17:43:11.8772475Z [0m[[0m[0minfo[0m] [0m[0m[32m- should support txt format[0m[0m
Test (ubuntu-latest, 21)	Run tests	2026-06-22T17:43:11.8773585Z [0m[[0m[0minfo[0m] [0m[0m[32mAudio input types[0m[0m
Test (ubuntu-latest, 21)	Run tests	2026-06-22T17:43:11.8774586Z [0m[[0m[0minfo[0m] [0m[0m[32m- should support BytesAudio[0m[0m
Test (ubuntu-latest, 21)	Run tests	2026-06-22T17:43:11.8776068Z [0m[[0m[0minfo[0m] [0m[0m[32m- should support StreamAudio[0m[0m
Test (ubuntu-latest, 21)	Run tests	2026-06-22T17:43:11.8776863Z [0m[[0m[0minfo[0m] [0m[0m[32mEdge cases[0m[0m
Test (ubuntu-latest, 21)	Run tests	2026-06-22T17:43:11.8777841Z [0m[[0m[0minfo[0m] [0m[0m[32m- should handle empty command sequence gracefully (construction)[0m[0m
Test (ubuntu-latest, 21)	Run tests	2026-06-22T17:43:11.8778915Z [0m[[0m[0minfo[0m] [0m[0m[32m- should handle very long model names[0m[0m
Test (ubuntu-latest, 21)	Run tests	2026-06-22T17:43:11.8779703Z [0m[[0m[0minfo[0m] [0m[0m[32m- should handle special characters in output format[0m[0m
Test (ubuntu-latest, 21)	Run tests	2026-06-22T17:43:11.8780275Z [0m[[0m[0minfo[0m] [0m[0m[32mMetadata handling[0m[0m
Test (ubuntu-latest, 21)	Run tests	2026-06-22T17:43:11.8780789Z [0m[[0m[0minfo[0m] [0m[0m[32m- should support standard metadata[0m[0m
Test (ubuntu-latest, 21)	Run tests	2026-06-22T17:43:11.8781345Z [0m[[0m[0minfo[0m] [0m[0m[32m- should support various sample rates[0m[0m
Test (ubuntu-latest, 21)	Run tests	2026-06-22T17:43:11.8781884Z [0m[[0m[0minfo[0m] [0m[0m[32m- should support mono and stereo[0m[0m
Test (ubuntu-latest, 21)	Run tests	2026-06-22T17:43:11.8825614Z [0m[[0m[0minfo[0m] [0m[0m[32mOllamaClientSpec:[0m[0m
Test (ubuntu-latest, 21)	Run tests	2026-06-22T17:43:11.9213473Z [0m[[0m[0minfo[0m] [0m[0m[32m- ollama chat request sends assistant content as a plain string[0m[0m
Test (ubuntu-latest, 21)	Run tests	2026-06-22T17:43:11.9572262Z [0m[[0m[0minfo[0m] [0m[0m[32m- ollama client accepts custom metrics collector[0m[0m
Test (ubuntu-latest, 21)	Run tests	2026-06-22T17:43:11.9578014Z [0m[[0m[0minfo[0m] [0m[0m[32m- ollama client uses noop metrics by default[0m[0m
Test (ubuntu-latest, 21)	Run tests	2026-06-22T17:43:11.9607142Z [0m[[0m[0minfo[0m] [0m[0m[32mLangfuseTracingSpec:[0m[0m
Test (ubuntu-latest, 21)	Run tests	2026-06-22T17:43:11.9608121Z [0m[[0m[0minfo[0m] [0m[0m[32mLangfuseTracing[0m[0m
Test (ubuntu-latest, 21)	Run tests	2026-06-22T17:43:11.9651291Z [0m[[0m[0minfo[0m] [0m[0m[32m- should send correct URL, headers, and batch body on 200[0m[0m
Test (ubuntu-latest, 21)	Run tests	2026-06-22T17:43:11.9655322Z [0m[[0m[0minfo[0m] [0m[0m[32m- should not append /api/public/ingestion if URL already has it[0m[0m
Test (ubuntu-latest, 21)	Run tests	2026-06-22T17:43:11.9658936Z [0m[[0m[0minfo[0m] [0m[0m[32m- should strip trailing slash before appending ingestion path[0m[0m
Test (ubuntu-latest, 21)	Run tests	2026-06-22T17:43:11.9660290Z [0m[[0m[0minfo[0m] [0m[0m[32m- should return Right on 207 partial success[0m[0m
Test (ubuntu-latest, 21)	Run tests	2026-06-22T17:43:11.9668300Z [0m[[0m[0minfo[0m] [0m[0m[32m- should return Left on non-2xx response[0m[0m
Test (ubuntu-latest, 21)	Run tests	2026-06-22T17:43:11.9675599Z [0m[[0m[0minfo[0m] [0m[0m[32m- should return Left on 401 unauthorized[0m[0m
Test (ubuntu-latest, 21)	Run tests	2026-06-22T17:43:11.9679375Z [0m[[0m[0minfo[0m] [0m[0m[32m- should skip export and return Right when public key is empty[0m[0m
Test (ubuntu-latest, 21)	Run tests	2026-06-22T17:43:11.9682916Z [0m[[0m[0minfo[0m] [0m[0m[32m- should skip export and return Right when secret key is empty[0m[0m
Test (ubuntu-latest, 21)	Run tests	2026-06-22T17:43:11.9691013Z [0m[[0m[0minfo[0m] [0m[0m[32m- should call restoreInterrupt and return Left on InterruptedException[0m[0m
Test (ubuntu-latest, 21)	Run tests	2026-06-22T17:43:11.9697712Z [0m[[0m[0minfo[0m] [0m[0m[32m- should return Left on generic exception[0m[0m
Test (ubuntu-latest, 21)	Run tests	2026-06-22T17:43:11.9703778Z [0m[[0m[0minfo[0m] [0m[0m[32m- should encode credentials correctly in Base64[0m[0m
Test (ubuntu-latest, 21)	Run tests	2026-06-22T17:43:11.9714460Z [0m[[0m[0minfo[0m] [0m[0m[32m- should handle TokenUsageRecorded event correctly[0m[0m
Test (ubuntu-latest, 21)	Run tests	2026-06-22T17:43:11.9720137Z [0m[[0m[0minfo[0m] [0m[0m[32m- should handle traceToolCall correctly[0m[0m
Test (ubuntu-latest, 21)	Run tests	2026-06-22T17:43:11.9730829Z [0m[[0m[0minfo[0m] [0m[0m[32m- should handle traceError correctly[0m[0m
Test (ubuntu-latest, 21)	Run tests	2026-06-22T17:43:11.9846339Z [0m[[0m[0minfo[0m] [0m[0m[32mPermissionTypesSpec:[0m[0m
Test (ubuntu-latest, 21)	Run tests	2026-06-22T17:43:11.9852181Z [0m[[0m[0minfo[0m] [0m[0m[32mPrincipalId[0m[0m
Test (ubuntu-latest, 21)	Run tests	2026-06-22T17:43:11.9853681Z [0m[[0m[0minfo[0m] [0m[0m[32m- should identify users with positive IDs[0m[0m
Test (ubuntu-latest, 21)	Run tests	2026-06-22T17:43:11.9856149Z [0m[[0m[0minfo[0m] [0m[0m[32m- should identify groups with negative IDs[0m[0m
Test (ubuntu-latest, 21)	Run tests	2026-06-22T17:43:11.9861473Z [0m[[0m[0minfo[0m] [0m[0m[32m- should create users via factory method[0m[0m
Test (ubuntu-latest, 21)	Run tests	2026-06-22T17:43:11.9871290Z [0m[[0m[0minfo[0m] [0m[0m[32m- should create groups with negative IDs via factory method[0m[0m
Test (ubuntu-latest, 21)	Run tests	2026-06-22T17:43:11.9872948Z [0m[[0m[0minfo[0m] [0m[0m[32m- should reject zero in fromRaw[0m[0m
Test (ubuntu-latest, 21)	Run tests	2026-06-22T17:43:11.9874188Z [0m[[0m[0minfo[0m] [0m[0m[32mExternalPrincipal[0m[0m
Test (ubuntu-latest, 21)	Run tests	2026-06-22T17:43:11.9876781Z [0m[[0m[0minfo[0m] [0m[0m[32m- should parse user identifiers[0m[0m
Test (ubuntu-latest, 21)	Run tests	2026-06-22T17:43:11.9882636Z [0m[[0m[0minfo[0m] [0m[0m[32m- should parse group identifiers[0m[0m
Test (ubuntu-latest, 21)	Run tests	2026-06-22T17:43:11.9885964Z [0m[[0m[0minfo[0m] [0m[0m[32m- should generate correct external IDs[0m[0m
Test (ubuntu-latest, 21)	Run tests	2026-06-22T17:43:11.9887269Z [0m[[0m[0minfo[0m] [0m[0m[32m- should reject invalid format[0m[0m
Test (ubuntu-latest, 21)	Run tests	2026-06-22T17:43:11.9889281Z [0m[[0m[0minfo[0m] [0m[0m[32mCollectionPath[0m[0m
Test (ubuntu-latest, 21)	Run tests	2026-06-22T17:43:11.9893953Z [0m[[0m[0minfo[0m] [0m[0m[32m- should create valid paths[0m[0m
Test (ubuntu-latest, 21)	Run tests	2026-06-22T17:43:11.9897560Z [0m[[0m[0minfo[0m] [0m[0m[32m- should create root paths[0m[0m
Test (ubuntu-latest, 21)	Run tests	2026-06-22T17:43:11.9904163Z [0m[[0m[0minfo[0m] [0m[0m[32m- should compute parent paths[0m[0m
Test (ubuntu-latest, 21)	Run tests	2026-06-22T17:43:11.9906581Z [0m[[0m[0minfo[0m] [0m[0m[32m- should compute depth correctly[0m[0m
Test (ubuntu-latest, 21)	Run tests	2026-06-22T17:43:11.9908737Z [0m[[0m[0minfo[0m] [0m[0m[32m- should reject empty paths[0m[0m
Test (ubuntu-latest, 21)	Run tests	2026-06-22T17:43:11.9910784Z [0m[[0m[0minfo[0m] [0m[0m[32m- should reject invalid characters[0m[0m
Test (ubuntu-latest, 21)	Run tests	2026-06-22T17:43:11.9912941Z [0m[[0m[0minfo[0m] [0m[0m[32m- should detect child relationships[0m[0m
Test (ubuntu-latest, 21)	Run tests	2026-06-22T17:43:11.9915260Z [0m[[0m[0minfo[0m] [0m[0m[32m- should detect descendant relationships[0m[0m
Test (ubuntu-latest, 21)	Run tests	2026-06-22T17:43:11.9918579Z [0m[[0m[0minfo[0m] [0m[0m[32mCollectionPattern.All[0m[0m
Test (ubuntu-latest, 21)	Run tests	2026-06-22T17:43:11.9919867Z [0m[[0m[0minfo[0m] [0m[0m[32m- should match all collections[0m[0m
Test (ubuntu-latest, 21)	Run tests	2026-06-22T17:43:11.9921135Z [0m[[0m[0minfo[0m] [0m[0m[32mCollectionPattern.Exact[0m[0m
Test (ubuntu-latest, 21)	Run tests	2026-06-22T17:43:11.9926216Z [0m[[0m[0minfo[0m] [0m[0m[32m- should match exact paths only[0m[0m
Test (ubuntu-latest, 21)	Run tests	2026-06-22T17:43:11.9927738Z [0m[[0m[0minfo[0m] [0m[0m[32mCollectionPattern.ImmediateChildren[0m[0m
Test (ubuntu-latest, 21)	Run tests	2026-06-22T17:43:11.9933082Z [0m[[0m[0minfo[0m] [0m[0m[32m- should match only direct children[0m[0m
Test (ubuntu-latest, 21)	Run tests	2026-06-22T17:43:11.9934488Z [0m[[0m[0minfo[0m] [0m[0m[32mCollectionPattern.AllDescendants[0m[0m
Test (ubuntu-latest, 21)	Run tests	2026-06-22T17:43:11.9940694Z [0m[[0m[0minfo[0m] [0m[0m[32m- should match the prefix and all descendants[0m[0m
Test (ubuntu-latest, 21)	Run tests	2026-06-22T17:43:11.9941962Z [0m[[0m[0minfo[0m] [0m[0m[32mCollectionPattern.parse[0m[0m
Test (ubuntu-latest, 21)	Run tests	2026-06-22T17:43:11.9945095Z [0m[[0m[0minfo[0m] [0m[0m[32m- should parse * as All[0m[0m
Test (ubuntu-latest, 21)	Run tests	2026-06-22T17:43:11.9950867Z [0m[[0m[0minfo[0m] [0m[0m[32m- should parse path/* as ImmediateChildren[0m[0m
Test (ubuntu-latest, 21)	Run tests	2026-06-22T17:43:11.9956497Z [0m[[0m[0minfo[0m] [0m[0m[32m- should parse path/** as AllDescendants[0m[0m
Test (ubuntu-latest, 21)	Run tests	2026-06-22T17:43:11.9961954Z [0m[[0m[0minfo[0m] [0m[0m[32m- should parse plain path as Exact[0m[0m
Test (ubuntu-latest, 21)	Run tests	2026-06-22T17:43:11.9963138Z [0m[[0m[0minfo[0m] [0m[0m[32mUserAuthorization[0m[0m
Test (ubuntu-latest, 21)	Run tests	2026-06-22T17:43:11.9966777Z [0m[[0m[0minfo[0m] [0m[0m[32m- should check principal inclusion[0m[0m
Test (ubuntu-latest, 21)	Run tests	2026-06-22T17:43:11.9972045Z [0m[[0m[0minfo[0m] [0m[0m[32m- should convert to array for SQL[0m[0m
Test (ubuntu-latest, 21)	Run tests	2026-06-22T17:43:11.9973347Z [0m[[0m[0minfo[0m] [0m[0m[32mUserAuthorization.forUser[0m[0m
Test (ubuntu-latest, 21)	Run tests	2026-06-22T17:43:11.9979822Z [0m[[0m[0minfo[0m] [0m[0m[32m- should create authorization with user and groups[0m[0m
Test (ubuntu-latest, 21)	Run tests	2026-06-22T17:43:11.9983530Z [0m[[0m[0minfo[0m] [0m[0m[32mUserAuthorization.Anonymous[0m[0m
Test (ubuntu-latest, 21)	Run tests	2026-06-22T17:43:11.9984938Z [0m[[0m[0minfo[0m] [0m[0m[32m- should have no principals[0m[0m
Test (ubuntu-latest, 21)	Run tests	2026-06-22T17:43:11.9986142Z [0m[[0m[0minfo[0m] [0m[0m[32mUserAuthorization.Admin[0m[0m
Test (ubuntu-latest, 21)	Run tests	2026-06-22T17:43:11.9987424Z [0m[[0m[0minfo[0m] [0m[0m[32m- should be an admin[0m[0m
Test (ubuntu-latest, 21)	Run tests	2026-06-22T17:43:11.9988516Z [0m[[0m[0minfo[0m] [0m[0m[32mChunkWithEmbedding[0m[0m
Test (ubuntu-latest, 21)	Run tests	2026-06-22T17:43:11.9990819Z [0m[[0m[0minfo[0m] [0m[0m[32m- should compute dimensions[0m[0m
Test (ubuntu-latest, 21)	Run tests	2026-06-22T17:43:11.9993034Z [0m[[0m[0minfo[0m] [0m[0m[32m- should implement equals correctly[0m[0m
Test (ubuntu-latest, 21)	Run tests	2026-06-22T17:43:11.9999480Z [0m[[0m[0minfo[0m] [0m[0m[32m- should implement hashCode correctly[0m[0m
Test (ubuntu-latest, 21)	Run tests	2026-06-22T17:43:12.0002655Z [0m[[0m[0minfo[0m] [0m[0m[32m- should not equal non-ChunkWithEmbedding objects[0m[0m
Test (ubuntu-latest, 21)	Run tests	2026-06-22T17:43:12.0006406Z [0m[[0m[0minfo[0m] [0m[0m[32m- should support metadata[0m[0m
Test (ubuntu-latest, 21)	Run tests	2026-06-22T17:43:12.0008957Z [0m[[0m[0minfo[0m] [0m[0m[32mPrincipalId.toString[0m[0m
Test (ubuntu-latest, 21)	Run tests	2026-06-22T17:43:12.0010186Z [0m[[0m[0minfo[0m] [0m[0m[32m- should format user IDs correctly[0m[0m
Test (ubuntu-latest, 21)	Run tests	2026-06-22T17:43:12.0011493Z [0m[[0m[0minfo[0m] [0m[0m[32m- should format group IDs correctly[0m[0m
Test (ubuntu-latest, 21)	Run tests	2026-06-22T17:43:12.0012835Z [0m[[0m[0minfo[0m] [0m[0m[32m- should format zero ID correctly[0m[0m
Test (ubuntu-latest, 21)	Run tests	2026-06-22T17:43:12.0015654Z [0m[[0m[0minfo[0m] [0m[0m[32mPrincipalId.user[0m[0m
Test (ubuntu-latest, 21)	Run tests	2026-06-22T17:43:12.0016878Z [0m[[0m[0minfo[0m] [0m[0m[32m- should reject non-positive IDs[0m[0m
Test (ubuntu-latest, 21)	Run tests	2026-06-22T17:43:12.0018106Z [0m[[0m[0minfo[0m] [0m[0m[32mPrincipalId.group[0m[0m
Test (ubuntu-latest, 21)	Run tests	2026-06-22T17:43:12.0020728Z [0m[[0m[0minfo[0m] [0m[0m[32m- should reject non-positive IDs[0m[0m
Test (ubuntu-latest, 21)	Run tests	2026-06-22T17:43:12.0021990Z [0m[[0m[0minfo[0m] [0m[0m[32mPrincipalId.fromRaw[0m[0m
Test (ubuntu-latest, 21)	Run tests	2026-06-22T17:43:12.0024140Z [0m[[0m[0minfo[0m] [0m[0m[32m- should accept positive values as users[0m[0m
Test (ubuntu-latest, 21)	Run tests	2026-06-22T17:43:12.0029882Z [0m[[0m[0minfo[0m] [0m[0m[32m- should accept negative values as groups[0m[0m
Test (ubuntu-latest, 21)	Run tests	2026-06-22T17:43:12.0049360Z [0m[[0m[0minfo[0m] [0m[0m[32mExternalPrincipal.User[0m[0m
Test (ubuntu-latest, 21)	Run tests	2026-06-22T17:43:12.0057872Z [0m[[0m[0minfo[0m] [0m[0m[32m- should expose value correctly[0m[0m
Test (ubuntu-latest, 21)	Run tests	2026-06-22T17:43:12.0059015Z [0m[[0m[0minfo[0m] [0m[0m[32mExternalPrincipal.Group[0m[0m
Test (ubuntu-latest, 21)	Run tests	2026-06-22T17:43:12.0060132Z [0m[[0m[0minfo[0m] [0m[0m[32m- should expose value correctly[0m[0m
Test (ubuntu-latest, 21)	Run tests	2026-06-22T17:43:12.0061152Z [0m[[0m[0minfo[0m] [0m[0m[32mCollectionPath.name[0m[0m
Test (ubuntu-latest, 21)	Run tests	2026-06-22T17:43:12.0062177Z [0m[[0m[0minfo[0m] [0m[0m[32m- should return the last segment[0m[0m
Test (ubuntu-latest, 21)	Run tests	2026-06-22T17:43:12.0063208Z [0m[[0m[0minfo[0m] [0m[0m[32mCollectionPath.child[0m[0m
Test (ubuntu-latest, 21)	Run tests	2026-06-22T17:43:12.0064257Z [0m[[0m[0minfo[0m] [0m[0m[32m- should create a valid child path[0m[0m
Test (ubuntu-latest, 21)	Run tests	2026-06-22T17:43:12.0065632Z [0m[[0m[0minfo[0m] [0m[0m[32m- should reject invalid child names[0m[0m
Test (ubuntu-latest, 21)	Run tests	2026-06-22T17:43:12.0066670Z [0m[[0m[0minfo[0m] [0m[0m[32mCollectionPath.root[0m[0m
Test (ubuntu-latest, 21)	Run tests	2026-06-22T17:43:12.0067647Z [0m[[0m[0minfo[0m] [0m[0m[32m- should create a root collection[0m[0m
Test (ubuntu-latest, 21)	Run tests	2026-06-22T17:43:12.0068799Z [0m[[0m[0minfo[0m] [0m[0m[32m- should reject invalid root names[0m[0m
Test (ubuntu-latest, 21)	Run tests	2026-06-22T17:43:12.0069397Z [0m[[0m[0minfo[0m] [0m[0m[32mCollectionPath.value[0m[0m
Test (ubuntu-latest, 21)	Run tests	2026-06-22T17:43:12.0069993Z [0m[[0m[0minfo[0m] [0m[0m[32m- should return the full path string[0m[0m
Test (ubuntu-latest, 21)	Run tests	2026-06-22T17:43:12.0070667Z [0m[[0m[0minfo[0m] [0m[0m[32mUserAuthorization.asSeq[0m[0m
Test (ubuntu-latest, 21)	Run tests	2026-06-22T17:43:12.0071600Z [0m[[0m[0minfo[0m] [0m[0m[32m- should return principal IDs as sequence[0m[0m
Test (ubuntu-latest, 21)	Run tests	2026-06-22T17:43:12.0072289Z [0m[[0m[0minfo[0m] [0m[0m[32mUserAuthorization.withPrincipal[0m[0m
Test (ubuntu-latest, 21)	Run tests	2026-06-22T17:43:12.0072890Z [0m[[0m[0minfo[0m] [0m[0m[32m- should add a principal[0m[0m
Test (ubuntu-latest, 21)	Run tests	2026-06-22T17:43:12.0073490Z [0m[[0m[0minfo[0m] [0m[0m[32mUserAuthorization.withPrincipals[0m[0m
Test (ubuntu-latest, 21)	Run tests	2026-06-22T17:43:12.0074104Z [0m[[0m[0minfo[0m] [0m[0m[32m- should add multiple principals[0m[0m
Test (ubuntu-latest, 21)	Run tests	2026-06-22T17:43:12.0075159Z [0m[[0m[0minfo[0m] [0m[0m[32mUserAuthorization.fromRawIds[0m[0m
Test (ubuntu-latest, 21)	Run tests	2026-06-22T17:43:12.0075991Z [0m[[0m[0minfo[0m] [0m[0m[32m- should create authorization from valid IDs[0m[0m
Test (ubuntu-latest, 21)	Run tests	2026-06-22T17:43:12.0077366Z [0m[[0m[0minfo[0m] [0m[0m[32m- should fail if any ID is zero[0m[0m
Test (ubuntu-latest, 21)	Run tests	2026-06-22T17:43:12.0078366Z [0m[[0m[0minfo[0m] [0m[0m[32m- should handle empty sequence[0m[0m
Test (ubuntu-latest, 21)	Run tests	2026-06-22T17:43:12.0079321Z [0m[[0m[0minfo[0m] [0m[0m[32mUserAuthorization.forUser[0m[0m
Test (ubuntu-latest, 21)	Run tests	2026-06-22T17:43:12.0080330Z [0m[[0m[0minfo[0m] [0m[0m[32m- should reject group IDs as user ID[0m[0m
Test (ubuntu-latest, 21)	Run tests	2026-06-22T17:43:12.0081379Z [0m[[0m[0minfo[0m] [0m[0m[32m- should reject user IDs in groups set[0m[0m
Test (ubuntu-latest, 21)	Run tests	2026-06-22T17:43:12.0082316Z [0m[[0m[0minfo[0m] [0m[0m[32mCollectionStats[0m[0m
Test (ubuntu-latest, 21)	Run tests	2026-06-22T17:43:12.0085041Z [0m[[0m[0minfo[0m] [0m[0m[32m- should report isEmpty correctly[0m[0m
Test (ubuntu-latest, 21)	Run tests	2026-06-22T17:43:12.0086295Z [0m[[0m[0minfo[0m] [0m[0m[32mCollectionPattern.All.patternString[0m[0m
Test (ubuntu-latest, 21)	Run tests	2026-06-22T17:43:12.0087531Z [0m[[0m[0minfo[0m] [0m[0m[32m- should return *[0m[0m
Test (ubuntu-latest, 21)	Run tests	2026-06-22T17:43:12.0088635Z [0m[[0m[0minfo[0m] [0m[0m[32mCollectionPattern.Exact.patternString[0m[0m
Test (ubuntu-latest, 21)	Run tests	2026-06-22T17:43:12.0093236Z [0m[[0m[0minfo[0m] [0m[0m[32m- should return the path[0m[0m
Test (ubuntu-latest, 21)	Run tests	2026-06-22T17:43:12.0095095Z [0m[[0m[0minfo[0m] [0m[0m[32mCollectionPattern.ImmediateChildren.patternString[0m[0m
Test (ubuntu-latest, 21)	Run tests	2026-06-22T17:43:12.0096644Z [0m[[0m[0minfo[0m] [0m[0m[32m- should return path/*[0m[0m
Test (ubuntu-latest, 21)	Run tests	2026-06-22T17:43:12.0097918Z [0m[[0m[0minfo[0m] [0m[0m[32mCollectionPattern.AllDescendants.patternString[0m[0m
Test (ubuntu-latest, 21)	Run tests	2026-06-22T17:43:12.0099318Z [0m[[0m[0minfo[0m] [0m[0m[32m- should return path/**[0m[0m
Test (ubuntu-latest, 21)	Run tests	2026-06-22T17:43:12.0100356Z [0m[[0m[0minfo[0m] [0m[0m[32mCollection[0m[0m
Test (ubuntu-latest, 21)	Run tests	2026-06-22T17:43:12.0102540Z [0m[[0m[0minfo[0m] [0m[0m[32m- should report isPublic correctly[0m[0m
Test (ubuntu-latest, 21)	Run tests	2026-06-22T17:43:12.0104652Z [0m[[0m[0minfo[0m] [0m[0m[32m- should report isRoot correctly[0m[0m
Test (ubuntu-latest, 21)	Run tests	2026-06-22T17:43:12.0106598Z [0m[[0m[0minfo[0m] [0m[0m[32m- should return correct name[0m[0m
Test (ubuntu-latest, 21)	Run tests	2026-06-22T17:43:12.0108394Z [0m[[0m[0minfo[0m] [0m[0m[32m- should return correct depth[0m[0m
Test (ubuntu-latest, 21)	Run tests	2026-06-22T17:43:12.0109771Z [0m[[0m[0minfo[0m] [0m[0m[32m- should allow query for public collections[0m[0m
Test (ubuntu-latest, 21)	Run tests	2026-06-22T17:43:12.0111303Z [0m[[0m[0minfo[0m] [0m[0m[32m- should allow query for admin on restricted collections[0m[0m
Test (ubuntu-latest, 21)	Run tests	2026-06-22T17:43:12.0115891Z [0m[[0m[0minfo[0m] [0m[0m[32m- should allow query for authorized users on restricted collections[0m[0m
Test (ubuntu-latest, 21)	Run tests	2026-06-22T17:43:12.0117680Z [0m[[0m[0minfo[0m] [0m[0m[32m- should deny query for unauthorized users on restricted collections[0m[0m
Test (ubuntu-latest, 21)	Run tests	2026-06-22T17:43:12.0120358Z [0m[[0m[0minfo[0m] [0m[0m[32m- should support metadata[0m[0m
Test (ubuntu-latest, 21)	Run tests	2026-06-22T17:43:12.0121394Z [0m[[0m[0minfo[0m] [0m[0m[32mCollectionConfig[0m[0m
Test (ubuntu-latest, 21)	Run tests	2026-06-22T17:43:12.0129375Z [0m[[0m[0minfo[0m] [0m[0m[32m- should report isPublic correctly[0m[0m
Test (ubuntu-latest, 21)	Run tests	2026-06-22T17:43:12.0130726Z [0m[[0m[0minfo[0m] [0m[0m[32m- should compute parentPath correctly[0m[0m
Test (ubuntu-latest, 21)	Run tests	2026-06-22T17:43:12.0132466Z [0m[[0m[0minfo[0m] [0m[0m[32m- should add single principal with withQueryableBy[0m[0m
Test (ubuntu-latest, 21)	Run tests	2026-06-22T17:43:12.0134168Z [0m[[0m[0minfo[0m] [0m[0m[32m- should add multiple principals with withQueryableBy[0m[0m
Test (ubuntu-latest, 21)	Run tests	2026-06-22T17:43:12.0136103Z [0m[[0m[0minfo[0m] [0m[0m[32m- should accumulate principals across multiple withQueryableBy calls[0m[0m
Test (ubuntu-latest, 21)	Run tests	2026-06-22T17:43:12.0137684Z [0m[[0m[0minfo[0m] [0m[0m[32m- should convert to leaf with asLeaf[0m[0m
Test (ubuntu-latest, 21)	Run tests	2026-06-22T17:43:12.0139033Z [0m[[0m[0minfo[0m] [0m[0m[32m- should convert to parent with asParent[0m[0m
Test (ubuntu-latest, 21)	Run tests	2026-06-22T17:43:12.0140978Z [0m[[0m[0minfo[0m] [0m[0m[32m- should add single metadata entry with withMetadata[0m[0m
Test (ubuntu-latest, 21)	Run tests	2026-06-22T17:43:12.0142561Z [0m[[0m[0minfo[0m] [0m[0m[32m- should add multiple metadata entries with withMetadata[0m[0m
Test (ubuntu-latest, 21)	Run tests	2026-06-22T17:43:12.0144260Z [0m[[0m[0minfo[0m] [0m[0m[32m- should accumulate metadata across multiple withMetadata calls[0m[0m
Test (ubuntu-latest, 21)	Run tests	2026-06-22T17:43:12.0147356Z [0m[[0m[0minfo[0m] [0m[0m[32mCollectionConfig.publicLeaf[0m[0m
Test (ubuntu-latest, 21)	Run tests	2026-06-22T17:43:12.0148611Z [0m[[0m[0minfo[0m] [0m[0m[32m- should create a public leaf collection[0m[0m
Test (ubuntu-latest, 21)	Run tests	2026-06-22T17:43:12.0149914Z [0m[[0m[0minfo[0m] [0m[0m[32mCollectionConfig.restrictedLeaf[0m[0m
Test (ubuntu-latest, 21)	Run tests	2026-06-22T17:43:12.0151214Z [0m[[0m[0minfo[0m] [0m[0m[32m- should create a restricted leaf collection[0m[0m
Test (ubuntu-latest, 21)	Run tests	2026-06-22T17:43:12.0152439Z [0m[[0m[0minfo[0m] [0m[0m[32mCollectionConfig.publicParent[0m[0m
Test (ubuntu-latest, 21)	Run tests	2026-06-22T17:43:12.0153629Z [0m[[0m[0minfo[0m] [0m[0m[32m- should create a public parent collection[0m[0m
Test (ubuntu-latest, 21)	Run tests	2026-06-22T17:43:12.0155208Z [0m[[0m[0minfo[0m] [0m[0m[32mCollectionConfig.restrictedParent[0m[0m
Test (ubuntu-latest, 21)	Run tests	2026-06-22T17:43:12.0156437Z [0m[[0m[0minfo[0m] [0m[0m[32m- should create a restricted parent collection[0m[0m
Test (ubuntu-latest, 21)	Run tests	2026-06-22T17:43:12.0203945Z [0m[[0m[0minfo[0m] [0m[0m[32mDocumentChunkSpec:[0m[0m
Test (ubuntu-latest, 21)	Run tests	2026-06-22T17:43:12.0205367Z [0m[[0m[0minfo[0m] [0m[0m[32mDocumentChunk[0m[0m
Test (ubuntu-latest, 21)	Run tests	2026-06-22T17:43:12.0208112Z [0m[[0m[0minfo[0m] [0m[0m[32m- should create with minimal parameters[0m[0m
Test (ubuntu-latest, 21)	Run tests	2026-06-22T17:43:12.0209950Z [0m[[0m[0minfo[0m] [0m[0m[32m- should create with custom metadata[0m[0m
Test (ubuntu-latest, 21)	Run tests	2026-06-22T17:43:12.0212335Z [0m[[0m[0minfo[0m] [0m[0m[32m- should calculate length correctly[0m[0m
Test (ubuntu-latest, 21)	Run tests	2026-06-22T17:43:12.0214191Z [0m[[0m[0minfo[0m] [0m[0m[32m- should calculate length for unicode content[0m[0m
Test (ubuntu-latest, 21)	Run tests	2026-06-22T17:43:12.0215569Z [0m[[0m[0minfo[0m] [0m[0m[32m- should detect empty content[0m[0m
Test (ubuntu-latest, 21)	Run tests	2026-06-22T17:43:12.0216679Z [0m[[0m[0minfo[0m] [0m[0m[32m- should detect non-empty content[0m[0m
Test (ubuntu-latest, 21)	Run tests	2026-06-22T17:43:12.0218657Z [0m[[0m[0minfo[0m] [0m[0m[32m- should preserve sequential index[0m[0m
Test (ubuntu-latest, 21)	Run tests	2026-06-22T17:43:12.0235195Z [0m[[0m[0minfo[0m] [0m[0m[32m- should handle large content[0m[0m
Test (ubuntu-latest, 21)	Run tests	2026-06-22T17:43:12.0238927Z [0m[[0m[0minfo[0m] [0m[0m[32mChunkMetadata[0m[0m
Test (ubuntu-latest, 21)	Run tests	2026-06-22T17:43:12.0243067Z [0m[[0m[0minfo[0m] [0m[0m[32m- should initialize as empty[0m[0m
Test (ubuntu-latest, 21)	Run tests	2026-06-22T17:43:12.0248000Z [0m[[0m[0minfo[0m] [0m[0m[32m- should support builder pattern for headings[0m[0m
Test (ubuntu-latest, 21)	Run tests	2026-06-22T17:43:12.0249172Z [0m[[0m[0minfo[0m] [0m[0m[32m- should maintain heading order[0m[0m
Test (ubuntu-latest, 21)	Run tests	2026-06-22T17:43:12.0250333Z [0m[[0m[0minfo[0m] [0m[0m[32m- should support builder pattern for source file[0m[0m
Test (ubuntu-latest, 21)	Run tests	2026-06-22T17:43:12.0251532Z [0m[[0m[0minfo[0m] [0m[0m[32m- should support builder pattern for offsets[0m[0m
Test (ubuntu-latest, 21)	Run tests	2026-06-22T17:43:12.0252780Z [0m[[0m[0minfo[0m] [0m[0m[32m- should support builder pattern for code block marking[0m[0m
Test (ubuntu-latest, 21)	Run tests	2026-06-22T17:43:12.0253930Z [0m[[0m[0minfo[0m] [0m[0m[32m- should mark code block without language[0m[0m
Test (ubuntu-latest, 21)	Run tests	2026-06-22T17:43:12.0255093Z [0m[[0m[0minfo[0m] [0m[0m[32m- should support chainable builder calls[0m[0m
Test (ubuntu-latest, 21)	Run tests	2026-06-22T17:43:12.0256330Z [0m[[0m[0minfo[0m] [0m[0m[32m- should handle multiple heading additions without duplication[0m[0m
Test (ubuntu-latest, 21)	Run tests	2026-06-22T17:43:12.0257659Z [0m[[0m[0minfo[0m] [0m[0m[32m- should create case class copy with updated fields[0m[0m
Test (ubuntu-latest, 21)	Run tests	2026-06-22T17:43:12.0258502Z [0m[[0m[0minfo[0m] [0m[0m[32m- should handle edge case offsets[0m[0m
Test (ubuntu-latest, 21)	Run tests	2026-06-22T17:43:12.0259290Z [0m[[0m[0minfo[0m] [0m[0m[32m- should handle empty heading sequences[0m[0m
Test (ubuntu-latest, 21)	Run tests	2026-06-22T17:43:12.0271750Z [0m[[0m[0minfo[0m] [0m[0m[32m- should support query of heading hierarchy[0m[0m
Test (ubuntu-latest, 21)	Run tests	2026-06-22T17:43:12.0310192Z [0m[[0m[0minfo[0m] [0m[0m[32mChunkMetadata default field values[0m[0m
Test (ubuntu-latest, 21)	Run tests	2026-06-22T17:43:12.0315916Z [0m[[0m[0minfo[0m] [0m[0m[32m- should be sensible[0m[0m
Test (ubuntu-latest, 21)	Run tests	2026-06-22T17:43:12.0317268Z [0m[[0m[0minfo[0m] [0m[0m[32m- should support constructor with all parameters[0m[0m
Test (ubuntu-latest, 21)	Run tests	2026-06-22T17:43:12.0318583Z [0m[[0m[0minfo[0m] [0m[0m[32mDocumentChunk with metadata[0m[0m
Test (ubuntu-latest, 21)	Run tests	2026-06-22T17:43:12.0319902Z [0m[[0m[0minfo[0m] [0m[0m[32m- should preserve all metadata fields[0m[0m
Test (ubuntu-latest, 21)	Run tests	2026-06-22T17:43:12.0321024Z [0m[[0m[0minfo[0m] [0m[0m[32m- should handle chunks with identical metadata[0m[0m
Test (ubuntu-latest, 21)	Run tests	2026-06-22T17:43:12.0322752Z [0m[[0m[0minfo[0m] [0m[0m[32mChunkMetadata immutability patterns[0m[0m
Test (ubuntu-latest, 21)	Run tests	2026-06-22T17:43:12.0323899Z [0m[[0m[0minfo[0m] [0m[0m[32m- should maintain immutability[0m[0m
Test (ubuntu-latest, 21)	Run tests	2026-06-22T17:43:12.0325384Z [0m[[0m[0minfo[0m] [0m[0m[32m- should prevent mutable operations on headings[0m[0m
Test (ubuntu-latest, 21)	Run tests	2026-06-22T17:43:12.0456581Z [0m[[0m[0minfo[0m] [0m[0m[32mPostgresMemoryStoreUnitSpec:[0m[0m
Test (ubuntu-latest, 21)	Run tests	2026-06-22T17:43:12.0457844Z [0m[[0m[0minfo[0m] [0m[0m[32mPostgresMemoryStore helper methods[0m[0m
Test (ubuntu-latest, 21)	Run tests	2026-06-22T17:43:12.0475900Z [0m[[0m[0minfo[0m] [0m[0m[32m- should safely round-trip metadata map including special characters[0m[0m
Test (ubuntu-latest, 21)	Run tests	2026-06-22T17:43:12.0481309Z [0m[[0m[0minfo[0m] [0m[0m[32m- should handle empty metadata map[0m[0m
Test (ubuntu-latest, 21)	Run tests	2026-06-22T17:43:12.0485577Z [0m[[0m[0minfo[0m] [0m[0m[32m- should parse JSON string back to metadata map[0m[0m
Test (ubuntu-latest, 21)	Run tests	2026-06-22T17:43:12.0488146Z [0m[[0m[0minfo[0m] [0m[0m[32m- should handle empty or null JSON[0m[0m
Test (ubuntu-latest, 21)	Run tests	2026-06-22T17:43:12.0489659Z [0m[[0m[0minfo[0m] [0m[0m[32m- should stringify non-string JSON values instead of throwing[0m[0m
Test (ubuntu-latest, 21)	Run tests	2026-06-22T17:43:12.0497378Z [0m[[0m[0minfo[0m] [0m[0m[32m- should reject invalid table names in Config[0m[0m
Test (ubuntu-latest, 21)	Run tests	2026-06-22T17:43:12.0502448Z [0m[[0m[0minfo[0m] [0m[0m[32m- should accept valid table names[0m[0m
Test (ubuntu-latest, 21)	Run tests	2026-06-22T17:43:12.0513065Z [0m[[0m[0minfo[0m] [0m[0m[32m- should generate SQL for ByType filter[0m[0m
Test (ubuntu-latest, 21)	Run tests	2026-06-22T17:43:12.0527353Z [0m[[0m[0minfo[0m] [0m[0m[32m- should generate SQL for ByTypes filter with deterministic order[0m[0m
Test (ubuntu-latest, 21)	Run tests	2026-06-22T17:43:12.0536759Z [0m[[0m[0minfo[0m] [0m[0m[32m- should generate safe interpolated SQL for ByMetadata filter[0m[0m
Test (ubuntu-latest, 21)	Run tests	2026-06-22T17:43:12.0539360Z [0m[[0m[0minfo[0m] [0m[0m[32m- should reject invalid keys in ByMetadata filter[0m[0m
Test (ubuntu-latest, 21)	Run tests	2026-06-22T17:43:12.0548037Z [0m[[0m[0minfo[0m] [0m[0m[32m- should generate SQL for MinImportance filter[0m[0m
Test (ubuntu-latest, 21)	Run tests	2026-06-22T17:43:12.0554428Z [0m[[0m[0minfo[0m] [0m[0m[32m- should convert embedding array to vector string[0m[0m
Test (ubuntu-latest, 21)	Run tests	2026-06-22T17:43:12.0563374Z [0m[[0m[0minfo[0m] [0m[0m[32m- should parse vector string back to array[0m[0m
Test (ubuntu-latest, 21)	Run tests	2026-06-22T17:43:12.0573748Z [0m[[0m[0minfo[0m] [0m[0m[32m- should handle empty embedding string[0m[0m
Test (ubuntu-latest, 21)	Run tests	2026-06-22T17:43:12.0577361Z [0m[[0m[0minfo[0m] [0m[0m[32m- should handle malformed embedding string gracefully[0m[0m
Test (ubuntu-latest, 21)	Run tests	2026-06-22T17:43:12.0582421Z [0m[[0m[0minfo[0m] [0m[0m[32m- should generate SQL for None filter[0m[0m
Test (ubuntu-latest, 21)	Run tests	2026-06-22T17:43:12.0588651Z [0m[[0m[0minfo[0m] [0m[0m[32m- should generate SQL for And filter[0m[0m
Test (ubuntu-latest, 21)	Run tests	2026-06-22T17:43:12.0591176Z [0m[[0m[0minfo[0m] [0m[0m[32m- should generate SQL for Or filter[0m[0m
Test (ubuntu-latest, 21)	Run tests	2026-06-22T17:43:12.0599780Z [0m[[0m[0minfo[0m] [0m[0m[32m- should generate SQL for Not filter[0m[0m
Test (ubuntu-latest, 21)	Run tests	2026-06-22T17:43:12.0601632Z [0m[[0m[0minfo[0m] [0m[0m[32m- should generate SQL for nested compound filters[0m[0m
Test (ubuntu-latest, 21)	Run tests	2026-06-22T17:43:12.0603394Z [0m[[0m[0minfo[0m] [0m[0m[32m- should propagate errors from nested compound filters[0m[0m
Test (ubuntu-latest, 21)	Run tests	2026-06-22T17:43:12.0604820Z [0m[[0m[0minfo[0m] [0m[0m[32mPostgresMemoryStore class execution[0m[0m
Test (ubuntu-latest, 21)	Run tests	2026-06-22T17:43:12.0684277Z [0m[[0m[0minfo[0m] [0m[0m[32m- should store a memory successfully[0m[0m
Test (ubuntu-latest, 21)	Run tests	2026-06-22T17:43:12.0726188Z [0m[[0m[0minfo[0m] [0m[0m[32m- should retrieve a memory successfully[0m[0m
Test (ubuntu-latest, 21)	Run tests	2026-06-22T17:43:12.0733664Z [0m[[0m[0minfo[0m] [0m[0m[32m- should execute store() logic and handle DB failure[0m[0m
Test (ubuntu-latest, 21)	Run tests	2026-06-22T17:43:12.0741258Z [0m[[0m[0minfo[0m] [0m[0m[32m- should execute get() logic and handle DB failure[0m[0m
Test (ubuntu-latest, 21)	Run tests	2026-06-22T17:43:12.0766900Z [0m[[0m[0minfo[0m] [0m[0m[32m- should execute recall() logic and handle DB failure[0m[0m
Test (ubuntu-latest, 21)	Run tests	2026-06-22T17:43:12.0777385Z [0m[[0m[0minfo[0m] [0m[0m[32m- should execute delete() logic and handle DB failure[0m[0m
Test (ubuntu-latest, 21)	Run tests	2026-06-22T17:43:12.0793029Z [0m[[0m[0minfo[0m] [0m[0m[32m- should execute count() logic and handle DB failure[0m[0m
Test (ubuntu-latest, 21)	Run tests	2026-06-22T17:43:12.0803369Z [0m[[0m[0minfo[0m] [0m[0m[32m- should execute clear() logic and handle DB failure[0m[0m
Test (ubuntu-latest, 21)	Run tests	2026-06-22T17:43:12.0811923Z [0m[[0m[0minfo[0m] [0m[0m[32m- should handle schema initialization failure in factory[0m[0m
Test (ubuntu-latest, 21)	Run tests	2026-06-22T17:43:12.0831711Z [0m[[0m[0minfo[0m] [0m[0m[32m- should return NotFoundError when updating non-existent memory[0m[0m
Test (ubuntu-latest, 21)	Run tests	2026-06-22T17:43:12.0865531Z [0m[[0m[0minfo[0m] [0m[0m[32m- should perform a versioned update successfully when no concurrent modification occurred[0m[0m
Test (ubuntu-latest, 21)	Run tests	2026-06-22T17:43:12.0897211Z [0m[[0m[0minfo[0m] [0m[0m[32m- should return OptimisticLockFailure when a concurrent modification is detected[0m[0m
Test (ubuntu-latest, 21)	Run tests	2026-06-22T17:43:12.0921578Z [0m[[0m[0minfo[0m] [0m[0m[32mAgentEventSpec:[0m[0m
Test (ubuntu-latest, 21)	Run tests	2026-06-22T17:43:12.0922537Z [0m[[0m[0minfo[0m] [0m[0m[32mAgentEvent.TextDelta[0m[0m
Test (ubuntu-latest, 21)	Run tests	2026-06-22T17:43:12.0925551Z [0m[[0m[0minfo[0m] [0m[0m[32m- should be created with factory method[0m[0m
Test (ubuntu-latest, 21)	Run tests	2026-06-22T17:43:12.0926678Z [0m[[0m[0minfo[0m] [0m[0m[32mAgentEvent.TextComplete[0m[0m
Test (ubuntu-latest, 21)	Run tests	2026-06-22T17:43:12.0927780Z [0m[[0m[0minfo[0m] [0m[0m[32m- should be created with factory method[0m[0m
Test (ubuntu-latest, 21)	Run tests	2026-06-22T17:43:12.0928961Z [0m[[0m[0minfo[0m] [0m[0m[32mAgentEvent.ToolCallStarted[0m[0m
Test (ubuntu-latest, 21)	Run tests	2026-06-22T17:43:12.0930139Z [0m[[0m[0minfo[0m] [0m[0m[32m- should be created with factory method[0m[0m
Test (ubuntu-latest, 21)	Run tests	2026-06-22T17:43:12.0931308Z [0m[[0m[0minfo[0m] [0m[0m[32mAgentEvent.ToolCallCompleted[0m[0m
Test (ubuntu-latest, 21)	Run tests	2026-06-22T17:43:12.0932495Z [0m[[0m[0minfo[0m] [0m[0m[32m- should be created with factory method[0m[0m
Test (ubuntu-latest, 21)	Run tests	2026-06-22T17:43:12.0933664Z [0m[[0m[0minfo[0m] [0m[0m[32mAgentEvent.ToolCallFailed[0m[0m
Test (ubuntu-latest, 21)	Run tests	2026-06-22T17:43:12.0935068Z [0m[[0m[0minfo[0m] [0m[0m[32m- should capture error information[0m[0m
Test (ubuntu-latest, 21)	Run tests	2026-06-22T17:43:12.0936225Z [0m[[0m[0minfo[0m] [0m[0m[32mAgentEvent.AgentStarted[0m[0m
Test (ubuntu-latest, 21)	Run tests	2026-06-22T17:43:12.0937368Z [0m[[0m[0minfo[0m] [0m[0m[32m- should be created with factory method[0m[0m
Test (ubuntu-latest, 21)	Run tests	2026-06-22T17:43:12.0938481Z [0m[[0m[0minfo[0m] [0m[0m[32mAgentEvent.StepStarted[0m[0m
Test (ubuntu-latest, 21)	Run tests	2026-06-22T17:43:12.0939534Z [0m[[0m[0minfo[0m] [0m[0m[32m- should be created with factory method[0m[0m
Test (ubuntu-latest, 21)	Run tests	2026-06-22T17:43:12.0940821Z [0m[[0m[0minfo[0m] [0m[0m[32mAgentEvent.StepCompleted[0m[0m
Test (ubuntu-latest, 21)	Run tests	2026-06-22T17:43:12.0941935Z [0m[[0m[0minfo[0m] [0m[0m[32m- should be created with factory method[0m[0m
Test (ubuntu-latest, 21)	Run tests	2026-06-22T17:43:12.0943239Z [0m[[0m[0minfo[0m] [0m[0m[32mAgentEvent.AgentFailed[0m[0m
Test (ubuntu-latest, 21)	Run tests	2026-06-22T17:43:12.0944223Z [0m[[0m[0minfo[0m] [0m[0m[32m- should be created with factory method[0m[0m
Test (ubuntu-latest, 21)	Run tests	2026-06-22T17:43:12.0945534Z [0m[[0m[0minfo[0m] [0m[0m[32m- should accept None for stepNumber[0m[0m
Test (ubuntu-latest, 21)	Run tests	2026-06-22T17:43:12.0946499Z [0m[[0m[0minfo[0m] [0m[0m[32mAgentEvent.HandoffStarted[0m[0m
Test (ubuntu-latest, 21)	Run tests	2026-06-22T17:43:12.0947763Z [0m[[0m[0minfo[0m] [0m[0m[32m- should capture handoff information[0m[0m
Test (ubuntu-latest, 21)	Run tests	2026-06-22T17:43:12.0948729Z [0m[[0m[0minfo[0m] [0m[0m[32mAgentEvent.HandoffCompleted[0m[0m
Test (ubuntu-latest, 21)	Run tests	2026-06-22T17:43:12.0949663Z [0m[[0m[0minfo[0m] [0m[0m[32m- should indicate success status[0m[0m
Test (ubuntu-latest, 21)	Run tests	2026-06-22T17:43:12.0950679Z [0m[[0m[0minfo[0m] [0m[0m[32mAgentEvent.InputGuardrailStarted[0m[0m
Test (ubuntu-latest, 21)	Run tests	2026-06-22T17:43:12.0953117Z [0m[[0m[0minfo[0m] [0m[0m[32m- should capture guardrail name[0m[0m
Test (ubuntu-latest, 21)	Run tests	2026-06-22T17:43:12.0957737Z [0m[[0m[0minfo[0m] [0m[0m[32mAgentEvent.InputGuardrailCompleted[0m[0m
Test (ubuntu-latest, 21)	Run tests	2026-06-22T17:43:12.0959916Z [0m[[0m[0minfo[0m] [0m[0m[32m- should indicate pass/fail[0m[0m
Test (ubuntu-latest, 21)	Run tests	2026-06-22T17:43:12.0966316Z [0m[[0m[0minfo[0m] [0m[0m[32mAgentEvent.OutputGuardrailStarted[0m[0m
Test (ubuntu-latest, 21)	Run tests	2026-06-22T17:43:12.0967328Z [0m[[0m[0minfo[0m] [0m[0m[32m- should capture guardrail name[0m[0m
Test (ubuntu-latest, 21)	Run tests	2026-06-22T17:43:12.0968566Z [0m[[0m[0minfo[0m] [0m[0m[32mAgentEvent.OutputGuardrailCompleted[0m[0m
Test (ubuntu-latest, 21)	Run tests	2026-06-22T17:43:12.0971923Z [0m[[0m[0minfo[0m] [0m[0m[32m- should indicate pass/fail[0m[0m
Test (ubuntu-latest, 21)	Run tests	2026-06-22T17:43:12.0973049Z [0m[[0m[0minfo[0m] [0m[0m[32mAll AgentEvent types[0m[0m
Test (ubuntu-latest, 21)	Run tests	2026-06-22T17:43:12.0977385Z [0m[[0m[0minfo[0m] [0m[0m[32m- should have timestamps[0m[0m
Test (ubuntu-latest, 21)	Run tests	2026-06-22T17:43:12.0978403Z [0m[[0m[0minfo[0m] [0m[0m[32mEvent timestamps[0m[0m
Test (ubuntu-latest, 21)	Run tests	2026-06-22T17:43:12.1001750Z [0m[[0m[0minfo[0m] [0m[0m[32m- should be ordered when created sequentially[0m[0m
Test (ubuntu-latest, 21)	Run tests	2026-06-22T17:43:12.1056695Z [0m[[0m[0minfo[0m] [0m[0m[32mWebCrawlerLoaderSpec:[0m[0m
Test (ubuntu-latest, 21)	Run tests	2026-06-22T17:43:12.1057961Z [0m[[0m[0minfo[0m] [0m[0m[32mWebCrawlerLoader[0m[0m
Test (ubuntu-latest, 21)	Run tests	2026-06-22T17:43:12.1069152Z [0m[[0m[0minfo[0m] [0m[0m[32m- should be created with a single seed URL[0m[0m
Test (ubuntu-latest, 21)	Run tests	2026-06-22T17:43:12.1085371Z [0m[[0m[0minfo[0m] [0m[0m[32m- should be created with multiple seed URLs[0m[0m
Test (ubuntu-latest, 21)	Run tests	2026-06-22T17:43:12.1087579Z [0m[[0m[0minfo[0m] [0m[0m[32m- should support fluent configuration[0m[0m
Test (ubuntu-latest, 21)	Run tests	2026-06-22T17:43:12.1095712Z [0m[[0m[0minfo[0m] [0m[0m[32m- should add metadata to documents[0m[0m
Test (ubuntu-latest, 21)	Run tests	2026-06-22T17:43:12.1097780Z [0m[[0m[0minfo[0m] [0m[0m[32m- should add seed URLs with withSeed[0m[0m
Test (ubuntu-latest, 21)	Run tests	2026-06-22T17:43:12.1099432Z [0m[[0m[0minfo[0m] [0m[0m[32m- should set timeout[0m[0m
Test (ubuntu-latest, 21)	Run tests	2026-06-22T17:43:12.1100632Z [0m[[0m[0minfo[0m] [0m[0m[32m- should set query params inclusion[0m[0m
Test (ubuntu-latest, 21)	Run tests	2026-06-22T17:43:12.1101843Z [0m[[0m[0minfo[0m] [0m[0m[32m- should set max queue size[0m[0m
Test (ubuntu-latest, 21)	Run tests	2026-06-22T17:43:12.1103096Z [0m[[0m[0minfo[0m] [0m[0m[32m- should report estimatedCount as None[0m[0m
Test (ubuntu-latest, 21)	Run tests	2026-06-22T17:43:12.1104179Z [0m[[0m[0minfo[0m] [0m[0m[32m- should have a descriptive description[0m[0m
Test (ubuntu-latest, 21)	Run tests	2026-06-22T17:43:12.1105147Z [0m[[0m[0minfo[0m] [0m[0m[32mWebCrawlerLoader.forDocs[0m[0m
Test (ubuntu-latest, 21)	Run tests	2026-06-22T17:43:12.1105873Z [0m[[0m[0minfo[0m] [0m[0m[32m- should use polite configuration[0m[0m
Test (ubuntu-latest, 21)	Run tests	2026-06-22T17:43:12.1106617Z [0m[[0m[0minfo[0m] [0m[0m[32mWebCrawlerLoader.singlePage[0m[0m
Test (ubuntu-latest, 21)	Run tests	2026-06-22T17:43:12.1107327Z [0m[[0m[0minfo[0m] [0m[0m[32m- should not follow links[0m[0m
Test (ubuntu-latest, 21)	Run tests	2026-06-22T17:43:12.1107966Z [0m[[0m[0minfo[0m] [0m[0m[32mWebCrawlerLoader[0m[0m
Test (ubuntu-latest, 21)	Run tests	2026-06-22T17:43:12.1119555Z [0m[[0m[0minfo[0m] [0m[0m[32m- should be combinable with other loaders[0m[0m
Test (ubuntu-latest, 21)	Run tests	2026-06-22T17:43:12.1120756Z [0m[[0m[0minfo[0m] [0m[0m[32m- should support DocumentLoader trait methods[0m[0m
Test (ubuntu-latest, 21)	Run tests	2026-06-22T17:43:12.1175733Z [0m[[0m[0minfo[0m] [0m[0m[32m- should reject blocked URLs before making requests[0m[0m
Test (ubuntu-latest, 21)	Run tests	2026-06-22T17:43:12.1177298Z [0m[[0m[0minfo[0m] [0m[0m[32mCrawlerConfig.default[0m[0m
Test (ubuntu-latest, 21)	Run tests	2026-06-22T17:43:12.1178622Z [0m[[0m[0minfo[0m] [0m[0m[32m- should have standard defaults[0m[0m
Test (ubuntu-latest, 21)	Run tests	2026-06-22T17:43:12.1179894Z [0m[[0m[0minfo[0m] [0m[0m[32mCrawlerConfig.fast[0m[0m
Test (ubuntu-latest, 21)	Run tests	2026-06-22T17:43:12.1181180Z [0m[[0m[0minfo[0m] [0m[0m[32m- should use aggressive settings[0m[0m
Test (ubuntu-latest, 21)	Run tests	2026-06-22T17:43:12.1182732Z [0m[[0m[0minfo[0m] [0m[0m[32mCrawlerConfig[0m[0m
Test (ubuntu-latest, 21)	Run tests	2026-06-22T17:43:12.1184174Z [0m[[0m[0minfo[0m] [0m[0m[32m- should support fluent user agent configuration[0m[0m
Test (ubuntu-latest, 21)	Run tests	2026-06-22T17:43:12.1186110Z [0m[[0m[0minfo[0m] [0m[0m[32m- should support fluent content types configuration[0m[0m
Test (ubuntu-latest, 21)	Run tests	2026-06-22T17:43:12.1188136Z [0m[[0m[0minfo[0m] [0m[0m[32m- should produce an empty result iterator when no seed URLs are provided[0m[0m
Test (ubuntu-latest, 21)	Run tests	2026-06-22T17:43:12.1215985Z [0m[[0m[0minfo[0m] [0m[0m[32mContextRecallSpec:[0m[0m
Test (ubuntu-latest, 21)	Run tests	2026-06-22T17:43:12.1218318Z [0m[[0m[0minfo[0m] [0m[0m[32mContextRecall[0m[0m
Test (ubuntu-latest, 21)	Run tests	2026-06-22T17:43:12.1220377Z [0m[[0m[0minfo[0m] [0m[0m[32m- should have correct metadata[0m[0m
Test (ubuntu-latest, 21)	Run tests	2026-06-22T17:43:12.1225669Z [0m[[0m[0minfo[0m] [0m[0m[32m- should return score 1.0 when all facts are covered[0m[0m
Test (ubuntu-latest, 21)	Run tests	2026-06-22T17:43:12.1229210Z [0m[[0m[0minfo[0m] [0m[0m[32m- should return score 0.5 when half the facts are covered[0m[0m
Test (ubuntu-latest, 21)	Run tests	2026-06-22T17:43:12.1231922Z [0m[[0m[0minfo[0m] [0m[0m[32m- should return score 0.0 when no facts are covered[0m[0m
Test (ubuntu-latest, 21)	Run tests	2026-06-22T17:43:12.1235914Z [0m[[0m[0minfo[0m] [0m[0m[32m- should return score 1.0 when no facts in ground truth[0m[0m
Test (ubuntu-latest, 21)	Run tests	2026-06-22T17:43:12.1238380Z [0m[[0m[0minfo[0m] [0m[0m[32m- should fail when ground truth is missing[0m[0m
Test (ubuntu-latest, 21)	Run tests	2026-06-22T17:43:12.1240920Z [0m[[0m[0minfo[0m] [0m[0m[32m- should return score 1.0 when ground truth is empty[0m[0m
Test (ubuntu-latest, 21)	Run tests	2026-06-22T17:43:12.1242545Z [0m[[0m[0minfo[0m] [0m[0m[32m- should return score 0.0 when no contexts provided[0m[0m
Test (ubuntu-latest, 21)	Run tests	2026-06-22T17:43:12.1245877Z [0m[[0m[0minfo[0m] [0m[0m[32m- should handle JSON response wrapped in markdown code blocks[0m[0m
Test (ubuntu-latest, 21)	Run tests	2026-06-22T17:43:12.1250960Z [0m[[0m[0minfo[0m] [0m[0m[32m- should include details about facts in result[0m[0m
Test (ubuntu-latest, 21)	Run tests	2026-06-22T17:43:12.1253211Z [0m[[0m[0minfo[0m] [0m[0m[32m- should propagate LLM client errors[0m[0m
Test (ubuntu-latest, 21)	Run tests	2026-06-22T17:43:12.1257192Z [0m[[0m[0minfo[0m] [0m[0m[32m- should return error on malformed JSON response[0m[0m
Test (ubuntu-latest, 21)	Run tests	2026-06-22T17:43:12.1259570Z [0m[[0m[0minfo[0m] [0m[0m[32m- should treat whitespace-only contexts as empty[0m[0m
Test (ubuntu-latest, 21)	Run tests	2026-06-22T17:43:12.1299144Z [0m[[0m[0minfo[0m] [0m[0m[32mMistralClientSpec:[0m[0m
Test (ubuntu-latest, 21)	Run tests	2026-06-22T17:43:12.1301195Z [0m[[0m[0minfo[0m] [0m[0m[32mMistralClient.complete[0m[0m
Test (ubuntu-latest, 21)	Run tests	2026-06-22T17:43:12.1850510Z [0m[[0m[0minfo[0m] [0m[0m[32m- should parse a successful OpenAI-compatible response[0m[0m
Test (ubuntu-latest, 21)	Run tests	2026-06-22T17:43:12.1922938Z [0m[[0m[0minfo[0m] [0m[0m[32m- should handle response with whitespace in content[0m[0m
Test (ubuntu-latest, 21)	Run tests	2026-06-22T17:43:12.1975941Z [0m[[0m[0minfo[0m] [0m[0m[32m- should fail with ValidationError when required text is missing[0m[0m
Test (ubuntu-latest, 21)	Run tests	2026-06-22T17:43:12.2025968Z [0m[[0m[0minfo[0m] [0m[0m[32m- should map HTTP 401 to AuthenticationError[0m[0m
Test (ubuntu-latest, 21)	Run tests	2026-06-22T17:43:12.2072512Z [0m[[0m[0minfo[0m] [0m[0m[32m- should map HTTP 429 to RateLimitError[0m[0m
Test (ubuntu-latest, 21)	Run tests	2026-06-22T17:43:12.2119252Z [0m[[0m[0minfo[0m] [0m[0m[32m- should map HTTP 5xx to ServiceError[0m[0m
Test (ubuntu-latest, 21)	Run tests	2026-06-22T17:43:12.2169010Z [0m[[0m[0minfo[0m] [0m[0m[32m- should parse nested error.message format[0m[0m
Test (ubuntu-latest, 21)	Run tests	2026-06-22T17:43:12.2186475Z [0m[[0m[0minfo[0m] [0m[0m[32m- should fail with ValidationError for an empty conversation[0m[0m
Test (ubuntu-latest, 21)	Run tests	2026-06-22T17:43:12.2273686Z [0m[[0m[0minfo[0m] [0m[0m[32m- should handle multi-turn conversation with system and assistant messages[0m[0m
Test (ubuntu-latest, 21)	Run tests	2026-06-22T17:43:12.2335050Z [0m[[0m[0minfo[0m] [0m[0m[32m- should generate a fallback UUID when response has no id[0m[0m
Test (ubuntu-latest, 21)	Run tests	2026-06-22T17:43:12.2400022Z [0m[[0m[0minfo[0m] [0m[0m[32m- should use current time when response has no created field[0m[0m
Test (ubuntu-latest, 21)	Run tests	2026-06-22T17:43:12.2457950Z [0m[[0m[0minfo[0m] [0m[0m[32m- should handle response with missing token usage gracefully[0m[0m
Test (ubuntu-latest, 21)	Run tests	2026-06-22T17:43:12.2513864Z [0m[[0m[0minfo[0m] [0m[0m[32m- should map HTTP 403 to AuthenticationError[0m[0m
Test (ubuntu-latest, 21)	Run tests	2026-06-22T17:43:12.2567125Z [0m[[0m[0minfo[0m] [0m[0m[32m- should sanitize non-JSON error body instead of leaking raw response[0m[0m
Test (ubuntu-latest, 21)	Run tests	2026-06-22T17:43:12.2615896Z [0m[[0m[0minfo[0m] [0m[0m[32m- should truncate excessively long error messages[0m[0m
Test (ubuntu-latest, 21)	Run tests	2026-06-22T17:43:12.2686224Z [0m[[0m[0minfo[0m] [0m[0m[32m- should forward maxTokens option when specified[0m[0m
Test (ubuntu-latest, 21)	Run tests	2026-06-22T17:43:12.2687471Z [0m[[0m[0minfo[0m] [0m[0m[32mMistralClient[0m[0m
Test (ubuntu-latest, 21)	Run tests	2026-06-22T17:43:12.2692405Z [0m[[0m[0minfo[0m] [0m[0m[32m- should return correct context window from config[0m[0m
Test (ubuntu-latest, 21)	Run tests	2026-06-22T17:43:12.2697008Z [0m[[0m[0minfo[0m] [0m[0m[32m- should return correct reserve completion from config[0m[0m
Test (ubuntu-latest, 21)	Run tests	2026-06-22T17:43:12.2765548Z [0m[[0m[0minfo[0m] [0m[0m[32m- should handle assistant message with empty content by skipping it[0m[0m
Test (ubuntu-latest, 21)	Run tests	2026-06-22T17:43:12.2812975Z [0m[[0m[0minfo[0m] [0m[0m[32m- should handle other HTTP status codes as ServiceError[0m[0m
Test (ubuntu-latest, 21)	Run tests	2026-06-22T17:43:12.2856311Z [0m[[0m[0minfo[0m] [0m[0m[32m- should record provider exchanges when logging is enabled[0m[0m
Test (ubuntu-latest, 21)	Run tests	2026-06-22T17:43:12.2873376Z [0m[[0m[0minfo[0m] [0m[0m[32m- should fail fast with ValidationError for unsupported message types[0m[0m
Test (ubuntu-latest, 21)	Run tests	2026-06-22T17:43:12.2903404Z [0m[[0m[0minfo[0m] [0m[0m[32mAnswerRelevancySpec:[0m[0m
Test (ubuntu-latest, 21)	Run tests	2026-06-22T17:43:12.2907074Z [0m[[0m[0minfo[0m] [0m[0m[32mAnswerRelevancy[0m[0m
Test (ubuntu-latest, 21)	Run tests	2026-06-22T17:43:12.3304639Z [0m[[0m[0minfo[0m] [0m[0m[32m- should have correct metadata[0m[0m
Test (ubuntu-latest, 21)	Run tests	2026-06-22T17:43:12.3314612Z [0m[[0m[0minfo[0m] [0m[0m[32m- should return high score when generated questions are similar to original[0m[0m
Test (ubuntu-latest, 21)	Run tests	2026-06-22T17:43:12.3322891Z [0m[[0m[0minfo[0m] [0m[0m[32m- should return lower score when generated questions are dissimilar[0m[0m
Test (ubuntu-latest, 21)	Run tests	2026-06-22T17:43:12.3325116Z [0m[[0m[0minfo[0m] [0m[0m[32m- should return score 0.0 for empty answer[0m[0m
Test (ubuntu-latest, 21)	Run tests	2026-06-22T17:43:12.3326586Z [0m[[0m[0minfo[0m] [0m[0m[32m- should return score 0.0 for empty question[0m[0m
Test (ubuntu-latest, 21)	Run tests	2026-06-22T17:43:12.3337057Z [0m[[0m[0minfo[0m] [0m[0m[32m- should handle JSON response wrapped in markdown code blocks[0m[0m
Test (ubuntu-latest, 21)	Run tests	2026-06-22T17:43:12.3342636Z [0m[[0m[0minfo[0m] [0m[0m[32m- should include details about generated questions in result[0m[0m
Test (ubuntu-latest, 21)	Run tests	2026-06-22T17:43:12.3348995Z [0m[[0m[0minfo[0m] [0m[0m[32m- should reject invalid number of generated questions[0m[0m
Test (ubuntu-latest, 21)	Run tests	2026-06-22T17:43:12.3352243Z [0m[[0m[0minfo[0m] [0m[0m[32m- should use default number of questions[0m[0m
Test (ubuntu-latest, 21)	Run tests	2026-06-22T17:43:12.3355740Z [0m[[0m[0minfo[0m] [0m[0m[32m- should propagate LLM client errors[0m[0m
Test (ubuntu-latest, 21)	Run tests	2026-06-22T17:43:12.3358737Z [0m[[0m[0minfo[0m] [0m[0m[32m- should return error on malformed JSON response[0m[0m
Test (ubuntu-latest, 21)	Run tests	2026-06-22T17:43:12.3385727Z [0m[[0m[0minfo[0m] [0m[0m[32mLLMQueryRewriterSpec:[0m[0m
Test (ubuntu-latest, 21)	Run tests	2026-06-22T17:43:12.3387319Z [0m[[0m[0minfo[0m] [0m[0m[32mLLMQueryRewriter[0m[0m
Test (ubuntu-latest, 21)	Run tests	2026-06-22T17:43:12.3398219Z [0m[[0m[0minfo[0m] [0m[0m[32m- should have correct name[0m[0m
Test (ubuntu-latest, 21)	Run tests	2026-06-22T17:43:12.3404113Z [0m[[0m[0minfo[0m] [0m[0m[32m- should use default system prompt[0m[0m
Test (ubuntu-latest, 21)	Run tests	2026-06-22T17:43:12.3409267Z [0m[[0m[0minfo[0m] [0m[0m[32m- should accept custom system prompt[0m[0m
Test (ubuntu-latest, 21)	Run tests	2026-06-22T17:43:12.3410805Z [0m[[0m[0minfo[0m] [0m[0m[32m- should return rewritten query on success[0m[0m
Test (ubuntu-latest, 21)	Run tests	2026-06-22T17:43:12.3412406Z [0m[[0m[0minfo[0m] [0m[0m[32m- should trim whitespace from LLM response[0m[0m
Test (ubuntu-latest, 21)	Run tests	2026-06-22T17:43:12.3413902Z [0m[[0m[0minfo[0m] [0m[0m[32m- should send user query as user message[0m[0m
Test (ubuntu-latest, 21)	Run tests	2026-06-22T17:43:12.3415743Z [0m[[0m[0minfo[0m] [0m[0m[32m- should use temperature 0 for deterministic rewriting[0m[0m
Test (ubuntu-latest, 21)	Run tests	2026-06-22T17:43:12.3426895Z [0m[[0m[0minfo[0m] [0m[0m[32m- should return ProcessingError when LLM fails[0m[0m
Test (ubuntu-latest, 21)	Run tests	2026-06-22T17:43:12.3428642Z [0m[[0m[0minfo[0m] [0m[0m[32mLLMQueryRewriter.apply[0m[0m
Test (ubuntu-latest, 21)	Run tests	2026-06-22T17:43:12.3429774Z [0m[[0m[0minfo[0m] [0m[0m[32m- should create with default prompt[0m[0m
Test (ubuntu-latest, 21)	Run tests	2026-06-22T17:43:12.3431425Z [0m[[0m[0minfo[0m] [0m[0m[32m- should create with custom prompt[0m[0m
Test (ubuntu-latest, 21)	Run tests	2026-06-22T17:43:12.3432613Z [0m[[0m[0minfo[0m] [0m[0m[32mLLMQueryRewriter.DefaultSystemPrompt[0m[0m
Test (ubuntu-latest, 21)	Run tests	2026-06-22T17:43:12.3434966Z [0m[[0m[0minfo[0m] [0m[0m[32m- should not be empty[0m[0m
Test (ubuntu-latest, 21)	Run tests	2026-06-22T17:43:12.3444030Z [0m[[0m[0minfo[0m] [0m[0m[32m- should contain key instructions[0m[0m
Test (ubuntu-latest, 21)	Run tests	2026-06-22T17:43:12.3455706Z [0m[[0m[0minfo[0m] [0m[0m[32mLlm4sConfigFacadeSpec:[0m[0m
Test (ubuntu-latest, 21)	Run tests	2026-06-22T17:43:12.3460623Z [0m[[0m[0minfo[0m] [0m[0m[32mLlm4sConfig.metrics[0m[0m
Test (ubuntu-latest, 21)	Run tests	2026-06-22T17:43:12.3539370Z [0m[[0m[0minfo[0m] [0m[0m[32m- should load disabled metrics by default[0m[0m
Test (ubuntu-latest, 21)	Run tests	2026-06-22T17:43:12.3540991Z [0m[[0m[0minfo[0m] [0m[0m[32mLlm4sConfig.pgSearchIndex[0m[0m
Test (ubuntu-latest, 21)	Run tests	2026-06-22T17:43:12.3719543Z [0m[[0m[0minfo[0m] [0m[0m[32m- should load default pg config from reference.conf[0m[0m
Test (ubuntu-latest, 21)	Run tests	2026-06-22T17:43:12.3774111Z [0m[[0m[0minfo[0m] [0m[0m[32m- should load valid pg config with overrides[0m[0m
Test (ubuntu-latest, 21)	Run tests	2026-06-22T17:43:12.3777454Z [0m[[0m[0minfo[0m] [0m[0m[32mLlm4sConfig.embeddingsUi[0m[0m
Test (ubuntu-latest, 21)	Run tests	2026-06-22T17:43:12.3830574Z [0m[[0m[0minfo[0m] [0m[0m[32m- should fall back to defaults when no config[0m[0m
Test (ubuntu-latest, 21)	Run tests	2026-06-22T17:43:12.3832419Z [0m[[0m[0minfo[0m] [0m[0m[32mLlm4sConfig.loadBraveSearchTool[0m[0m
Test (ubuntu-latest, 21)	Run tests	2026-06-22T17:43:12.3890047Z [0m[[0m[0minfo[0m] [0m[0m[32m- should load Brave search config[0m[0m
Test (ubuntu-latest, 21)	Run tests	2026-06-22T17:43:12.3891735Z [0m[[0m[0minfo[0m] [0m[0m[32mLlm4sConfig.loadDuckDuckGoSearchTool[0m[0m
Test (ubuntu-latest, 21)	Run tests	2026-06-22T17:43:12.3929539Z [0m[[0m[0minfo[0m] [0m[0m[32m- should load DuckDuckGo search config[0m[0m
Test (ubuntu-latest, 21)	Run tests	2026-06-22T17:43:12.3934489Z [0m[[0m[0minfo[0m] [0m[0m[32mLlm4sConfig.loadExaSearchTool[0m[0m
Test (ubuntu-latest, 21)	Run tests	2026-06-22T17:43:12.3998681Z [0m[[0m[0minfo[0m] [0m[0m[32m- should load Exa search config[0m[0m
Test (ubuntu-latest, 21)	Run tests	2026-06-22T17:43:12.3999798Z [0m[[0m[0minfo[0m] [0m[0m[32mLlm4sConfig.experimentalStubsEnabled[0m[0m
Test (ubuntu-latest, 21)	Run tests	2026-06-22T17:43:12.4040443Z [0m[[0m[0minfo[0m] [0m[0m[32m- should default to false when not configured[0m[0m
Test (ubuntu-latest, 21)	Run tests	2026-06-22T17:43:12.4073463Z [0m[[0m[0minfo[0m] [0m[0m[32m- should return true when configured[0m[0m
Test (ubuntu-latest, 21)	Run tests	2026-06-22T17:43:12.4099963Z [0m[[0m[0minfo[0m] [0m[0m[32mSpeechIntegrationTest:[0m[0m
Test (ubuntu-latest, 21)	Run tests	2026-06-22T17:43:12.4103954Z [0m[[0m[0minfo[0m] [0m[0m[32m- AudioPreprocessing should handle mono conversion[0m[0m
Test (ubuntu-latest, 21)	Run tests	2026-06-22T17:43:12.4118749Z [0m[[0m[0minfo[0m] [0m[0m[32m- AudioPreprocessing should handle resampling[0m[0m
Test (ubuntu-latest, 21)	Run tests	2026-06-22T17:43:12.4130269Z [0m[[0m[0minfo[0m] [0m[0m[32m- AudioPreprocessing should compose multiple operations[0m[0m
Test (ubuntu-latest, 21)	Run tests	2026-06-22T17:43:12.4131573Z [0m[[0m[0minfo[0m] [0m[0m[32m- VoskSpeechToText should handle configuration[0m[0m
Test (ubuntu-latest, 21)	Run tests	2026-06-22T17:43:12.4164207Z [0m[[0m[0minfo[0m] [0m[0m[32m- WhisperSpeechToText should build correct CLI arguments[0m[0m
Test (ubuntu-latest, 21)	Run tests	2026-06-22T17:43:12.4189094Z Python 3.12.3
Test (ubuntu-latest, 21)	Run tests	2026-06-22T17:43:12.4218325Z Python 3.12.3
Test (ubuntu-latest, 21)	Run tests	2026-06-22T17:43:12.4460731Z [0m[[0m[0minfo[0m] [0m[0m[32m- Tacotron2TextToSpeech should handle voice options[0m[0m
Test (ubuntu-latest, 21)	Run tests	2026-06-22T17:43:12.5041160Z [0m[[0m[0minfo[0m] [0m[0m[32m- AudioIO should handle WAV and raw PCM output[0m[0m
Test (ubuntu-latest, 21)	Run tests	2026-06-22T17:43:12.5063334Z [0m[[0m[0minfo[0m] [0m[0m[32m- AudioConverter should compose operations[0m[0m
Test (ubuntu-latest, 21)	Run tests	2026-06-22T17:43:12.5098102Z [0m[[0m[0minfo[0m] [0m[0m[32mAnsiColorsSpec:[0m[0m
Test (ubuntu-latest, 21)	Run tests	2026-06-22T17:43:12.5099509Z [0m[[0m[0minfo[0m] [0m[0m[32mAnsiColors[0m[0m
Test (ubuntu-latest, 21)	Run tests	2026-06-22T17:43:12.5104034Z [0m[[0m[0minfo[0m] [0m[0m[32m- should define RESET as escape code[0m[0m
Test (ubuntu-latest, 21)	Run tests	2026-06-22T17:43:12.5106008Z [0m[[0m[0minfo[0m] [0m[0m[32m- should define foreground colors with correct escape codes[0m[0m
Test (ubuntu-latest, 21)	Run tests	2026-06-22T17:43:12.5107500Z [0m[[0m[0minfo[0m] [0m[0m[32m- should define BOLD as escape code[0m[0m
Test (ubuntu-latest, 21)	Run tests	2026-06-22T17:43:12.5108616Z [0m[[0m[0minfo[0m] [0m[0m[32mAnsiColors.separator[0m[0m
Test (ubuntu-latest, 21)	Run tests	2026-06-22T17:43:12.5110468Z [0m[[0m[0minfo[0m] [0m[0m[32m- should create default separator of 60 equals signs[0m[0m
Test (ubuntu-latest, 21)	Run tests	2026-06-22T17:43:12.5123862Z [0m[[0m[0minfo[0m] [0m[0m[32m- should create separator with custom character[0m[0m
Test (ubuntu-latest, 21)	Run tests	2026-06-22T17:43:12.5125521Z [0m[[0m[0minfo[0m] [0m[0m[32m- should create separator with custom length[0m[0m
Test (ubuntu-latest, 21)	Run tests	2026-06-22T17:43:12.5129503Z [0m[[0m[0minfo[0m] [0m[0m[32m- should create separator with custom character and length[0m[0m
Test (ubuntu-latest, 21)	Run tests	2026-06-22T17:43:12.5131902Z [0m[[0m[0minfo[0m] [0m[0m[32m- should handle zero length[0m[0m
Test (ubuntu-latest, 21)	Run tests	2026-06-22T17:43:12.5133995Z [0m[[0m[0minfo[0m] [0m[0m[32mAnsiColors.colorize[0m[0m
Test (ubuntu-latest, 21)	Run tests	2026-06-22T17:43:12.5136286Z [0m[[0m[0minfo[0m] [0m[0m[32m- should wrap text with color and reset[0m[0m
Test (ubuntu-latest, 21)	Run tests	2026-06-22T17:43:12.5137572Z [0m[[0m[0minfo[0m] [0m[0m[32m- should handle empty text[0m[0m
Test (ubuntu-latest, 21)	Run tests	2026-06-22T17:43:12.5138771Z [0m[[0m[0minfo[0m] [0m[0m[32m- should work with any color[0m[0m
Test (ubuntu-latest, 21)	Run tests	2026-06-22T17:43:12.5139948Z [0m[[0m[0minfo[0m] [0m[0m[32mAnsiColors.boldColor[0m[0m
Test (ubuntu-latest, 21)	Run tests	2026-06-22T17:43:12.5141702Z [0m[[0m[0minfo[0m] [0m[0m[32m- should wrap text with bold, color, and reset[0m[0m
Test (ubuntu-latest, 21)	Run tests	2026-06-22T17:43:12.5143133Z [0m[[0m[0minfo[0m] [0m[0m[32m- should handle empty text[0m[0m
Test (ubuntu-latest, 21)	Run tests	2026-06-22T17:43:12.5144280Z [0m[[0m[0minfo[0m] [0m[0m[32m- should work with any color[0m[0m
Test (ubuntu-latest, 21)	Run tests	2026-06-22T17:43:12.5145407Z [0m[[0m[0minfo[0m] [0m[0m[32mAnsiColors[0m[0m
Test (ubuntu-latest, 21)	Run tests	2026-06-22T17:43:12.5146561Z [0m[[0m[0minfo[0m] [0m[0m[32m- should produce valid output for console printing[0m[0m
Test (ubuntu-latest, 21)	Run tests	2026-06-22T17:43:12.5148365Z [0m[[0m[0minfo[0m] [0m[0m[32m- should allow composing multiple colors[0m[0m
Test (ubuntu-latest, 21)	Run tests	2026-06-22T17:43:12.5151810Z [0m[[0m[0minfo[0m] [0m[0m[32mVisionClientsSpec:[0m[0m
Test (ubuntu-latest, 21)	Run tests	2026-06-22T17:43:12.5339516Z 17:43:12.527 [pool-1-thread-1-ScalaTest-running-VisionClientsSpec] ERROR o.l.i.provider.OpenAIVisionClient - [OpenAIVisionClient] HTTP error 500: EEEEEEEEEEEEEEEEEEEEEEEEEEEEEEEEEEEEEEEEEEEEEEEEEEEEEEEEEEEEEEEEEEEEEEEEEEEEEEEEEEEEEEEEEEEEEEEEEEEEEEEEEEEEEEEEEEEEEEEEEEEEEEEEEEEEEEEEEEEEEEEEEEEEEEEEEEEEEEEEEEEEEEEEEEEEEEEEEEEEEEEEEEEEEEEEEEEEEEEEEEEEEEEEEEEEEEEEEEEEEEEEEEEEEEEEEEEEEEEEEEEEEEEEEEEEEEEEEEEEEEEEEEEEEEEEEEEEEEEEEEEEEEEEEEEEEEEEEEEEEEEEEEEEEEEEEEEEEEEEEEEEEEEEEEEEEEEEEEEEEEEEEEEEEEEEEEEEEEEEEEEEEEEEEEEEEEEEEEEEEEEEEEEEEEEEEEEEEEEEEEEEEEEEEEEEEEEEEEEEEEEEEEEEEEEEEEEEEEEEEEEEEEEEEEEEEEEEEEEEEEEEEEEEEEEEEEEEEEEEEEEEEEEEEEEEEEEEEEEEEEEEEEEEEEEEEEEEEEEEEEEEEEEEEEEEEEEEEEEEEEEEEEEEEEEEEEEEEEEEEEEEEEEEEEEEEEEEEEEEEEEEEEEEEEEEEEEEEEEEEEEEEEEEEEEEEEEEEEEEEEEEEEEEEEEEEEEEEEEEEEEEEEEEEEEEEEEEEEEEEEEEEEEEEEEEEEEEEEEEEEEEEEEEEEEEEEEEEEEEEEEEEEEEEEEEEEEEEEEEEEEEEEEEEEEEEEEEEEEEEEEEEEEEEEEEEEEEEEEEEEEEEEEEEEEEEEEEEEEEEEEEEEEEEEEEEEEEEEEEEEEEEEEEEEEEEEEEEEEEEEEEEEEEEEEEEEEEEEEEEEEEEEEEEEEEEEEEEEEEEEEEEEEEEEEEEEEEEEEEEEEEEEEEEEEEEEEEEEEEEEEEEEEEEEEEEEEEEEEEEEEEEEEEEEEEEEEEEEEEEEEEEEEEEEEEEEEEEEEEEEEEEEEEEEEEEEEEEEEEEEEEEEEEEEEEEEEEEEEEEEEEEEEEEEEEEEEEEEEEEEEEEEEEEEEEEEEEEEEEEEEEEEEEEEEEEEEEEEEEEEEEEEEEEEEEEEEEEEEEEEEEEEEEEEEEEEEEEEEEEEEEEEEEEEEEEEEEEEEEEEEEEEEEEEEEEEEEEEEEEEEEEEEEEEEEEEEEEEEEEEEEEEEEEEEEEEEEEEEEEEEEEEEEEEEEEEEEEEEEEEEEEEEEEEEEEEEEEEEEEEEEEEEEEEEEEEEEEEEEEEEEEEEEEEEEEEEEEEEEEEEEEEEEEEEEEEEEEEEEEEEEEEEEEEEEEEEEEEEEEEEEEEEEEEEEEEEEEEEEEEEEEEEEEEEEEEEEEEEEEEEEEEEEEEEEEEEEEEEEEEEEEEEEEEEEEEEEEEEEEEEEEEEEEEEEEEEEEEEEEEEEEEEEEEEEEEEEEEEEEEEEEEEEEEEEEEEEEEEEEEEEEEEEEEEEEEEEEEEEEEEEEEEEEEEEEEEEEEEEEEEEEEEEEEEEEEEEEEEEEEEEEEEEEEEEEEEEEEEEEEEEEEEEEEEEEEEEEEEEEEEEEEEEEEEEEEEEEEEEEEEEEEEEEEEEEEEEEEEEEEEEEEEEEEEEEEEEEEEEEEEEEEEEEEEEEEEEEEEEEEEEEEEEEEEEEEEEEEEEEEEEEEEEEEEEEEEEEEEEEEEEEEEEEEEEEEEEEEEEEEEEEEEEEEEEEEEEEEEEEEEEEEEEEEEEEEEEEEEEEEEEEEEEEEEEEEEEEEEEEEEEEEEEEEEEEEEEEEEEEEEEEEEEEEEEEEEEEEEEEEEEEEEEEEEEEEEEEEEEEEEEEEEEEEEEEEEEEEEEEEEEEEEEEEEEEEEEEEEEEEEEEEEEEEEEEEEEEEEEEEEEEEEEEEEEEEEEEEEEEEEEEEEEEEEEEEEEEEEEEEEEEEEEEEEEEEEEEEEEEEEEEEEEEEEEEEEEEEEEEEEEEEEEEEEEEEEEEEEEEEEEEEEEEEEEEEEEEEEEEEEEEEEEEEEEEEEEEEEEEEEEEEEEEEEEEEEEEEEEEEEEEEEEEEEEEEEEEEEEEEEEEEEE... (truncated, original length: 5000)
Test (ubuntu-latest, 21)	Run tests	2026-06-22T17:43:12.5394491Z [0m[[0m[0minfo[0m] [0m[0m[32m- OpenAIVisionClient: non-200 -> Failure and log body is truncated[0m[0m
Test (ubuntu-latest, 21)	Run tests	2026-06-22T17:43:12.5493067Z 17:43:12.541 [pool-1-thread-1-ScalaTest-running-VisionClientsSpec] ERROR o.l.i.p.a.AnthropicVisionClient - [AnthropicVisionClient] HTTP error 500: EEEEEEEEEEEEEEEEEEEEEEEEEEEEEEEEEEEEEEEEEEEEEEEEEEEEEEEEEEEEEEEEEEEEEEEEEEEEEEEEEEEEEEEEEEEEEEEEEEEEEEEEEEEEEEEEEEEEEEEEEEEEEEEEEEEEEEEEEEEEEEEEEEEEEEEEEEEEEEEEEEEEEEEEEEEEEEEEEEEEEEEEEEEEEEEEEEEEEEEEEEEEEEEEEEEEEEEEEEEEEEEEEEEEEEEEEEEEEEEEEEEEEEEEEEEEEEEEEEEEEEEEEEEEEEEEEEEEEEEEEEEEEEEEEEEEEEEEEEEEEEEEEEEEEEEEEEEEEEEEEEEEEEEEEEEEEEEEEEEEEEEEEEEEEEEEEEEEEEEEEEEEEEEEEEEEEEEEEEEEEEEEEEEEEEEEEEEEEEEEEEEEEEEEEEEEEEEEEEEEEEEEEEEEEEEEEEEEEEEEEEEEEEEEEEEEEEEEEEEEEEEEEEEEEEEEEEEEEEEEEEEEEEEEEEEEEEEEEEEEEEEEEEEEEEEEEEEEEEEEEEEEEEEEEEEEEEEEEEEEEEEEEEEEEEEEEEEEEEEEEEEEEEEEEEEEEEEEEEEEEEEEEEEEEEEEEEEEEEEEEEEEEEEEEEEEEEEEEEEEEEEEEEEEEEEEEEEEEEEEEEEEEEEEEEEEEEEEEEEEEEEEEEEEEEEEEEEEEEEEEEEEEEEEEEEEEEEEEEEEEEEEEEEEEEEEEEEEEEEEEEEEEEEEEEEEEEEEEEEEEEEEEEEEEEEEEEEEEEEEEEEEEEEEEEEEEEEEEEEEEEEEEEEEEEEEEEEEEEEEEEEEEEEEEEEEEEEEEEEEEEEEEEEEEEEEEEEEEEEEEEEEEEEEEEEEEEEEEEEEEEEEEEEEEEEEEEEEEEEEEEEEEEEEEEEEEEEEEEEEEEEEEEEEEEEEEEEEEEEEEEEEEEEEEEEEEEEEEEEEEEEEEEEEEEEEEEEEEEEEEEEEEEEEEEEEEEEEEEEEEEEEEEEEEEEEEEEEEEEEEEEEEEEEEEEEEEEEEEEEEEEEEEEEEEEEEEEEEEEEEEEEEEEEEEEEEEEEEEEEEEEEEEEEEEEEEEEEEEEEEEEEEEEEEEEEEEEEEEEEEEEEEEEEEEEEEEEEEEEEEEEEEEEEEEEEEEEEEEEEEEEEEEEEEEEEEEEEEEEEEEEEEEEEEEEEEEEEEEEEEEEEEEEEEEEEEEEEEEEEEEEEEEEEEEEEEEEEEEEEEEEEEEEEEEEEEEEEEEEEEEEEEEEEEEEEEEEEEEEEEEEEEEEEEEEEEEEEEEEEEEEEEEEEEEEEEEEEEEEEEEEEEEEEEEEEEEEEEEEEEEEEEEEEEEEEEEEEEEEEEEEEEEEEEEEEEEEEEEEEEEEEEEEEEEEEEEEEEEEEEEEEEEEEEEEEEEEEEEEEEEEEEEEEEEEEEEEEEEEEEEEEEEEEEEEEEEEEEEEEEEEEEEEEEEEEEEEEEEEEEEEEEEEEEEEEEEEEEEEEEEEEEEEEEEEEEEEEEEEEEEEEEEEEEEEEEEEEEEEEEEEEEEEEEEEEEEEEEEEEEEEEEEEEEEEEEEEEEEEEEEEEEEEEEEEEEEEEEEEEEEEEEEEEEEEEEEEEEEEEEEEEEEEEEEEEEEEEEEEEEEEEEEEEEEEEEEEEEEEEEEEEEEEEEEEEEEEEEEEEEEEEEEEEEEEEEEEEEEEEEEEEEEEEEEEEEEEEEEEEEEEEEEEEEEEEEEEEEEEEEEEEEEEEEEEEEEEEEEEEEEEEEEEEEEEEEEEEEEEEEEEEEEEEEEEEEEEEEEEEEEEEEEEEEEEEEEEEEEEEEEEEEEEEEEEEEEEEEEEEEEEEEEEEEEEEEEEEEEEEEEEEEEEEEEEEEEEEEEEEEEEEEEEEEEEEEEEEEEEEEEEEEEEEEEEEEEEEEEEEEEEEEEEEEEEEEEEEEEEEEEEEEEEEEEEEEEEEEEEEEEEEEEEEEEEEEEEEEEEEEEEEEEEEEEEEEEEEEEEEEEEEEEEEEEEEEEEEEEEEEEEEEEEEEEEEEEEEEEEEEEEEEEEEEEEEEEEEEEEEEEEEEEEE... (truncated, original length: 5000)
Test (ubuntu-latest, 21)	Run tests	2026-06-22T17:43:12.5602607Z [0m[[0m[0minfo[0m] [0m[0m[32m- AnthropicVisionClient: non-200 -> Failure and log body is truncated[0m[0m
Test (ubuntu-latest, 21)	Run tests	2026-06-22T17:43:12.5604239Z [0m[[0m[0minfo[0m] [0m[0m[32mSessionStoreConcurrencySpec:[0m[0m
Test (ubuntu-latest, 21)	Run tests	2026-06-22T17:43:12.5605600Z [0m[[0m[0minfo[0m] [0m[0m[32mSessionStore Concurrency[0m[0m
Test (ubuntu-latest, 21)	Run tests	2026-06-22T17:43:12.8824011Z [0m[[0m[0minfo[0m] [0m[0m[32m- should handle concurrent session creation without errors[0m[0m
Test (ubuntu-latest, 21)	Run tests	2026-06-22T17:43:12.8919226Z [0m[[0m[0minfo[0m] [0m[0m[32mVertexAIAuthProviderSpec:[0m[0m
Test (ubuntu-latest, 21)	Run tests	2026-06-22T17:43:12.8920794Z [0m[[0m[0minfo[0m] [0m[0m[32mVertexAIAuthProvider.getAccessToken()[0m[0m
Test (ubuntu-latest, 21)	Run tests	2026-06-22T17:43:12.8952218Z [0m[[0m[0minfo[0m] [0m[0m[32m- should return token from GOOGLE_ACCESS_TOKEN env var[0m[0m
Test (ubuntu-latest, 21)	Run tests	2026-06-22T17:43:12.8973468Z [0m[[0m[0minfo[0m] [0m[0m[32m- should cache the token and not call HTTP again[0m[0m
Test (ubuntu-latest, 21)	Run tests	2026-06-22T17:43:12.8984552Z [0m[[0m[0minfo[0m] [0m[0m[32m- should return AuthenticationError on metadata server non-200[0m[0m
Test (ubuntu-latest, 21)	Run tests	2026-06-22T17:43:12.9007511Z [0m[[0m[0minfo[0m] [0m[0m[32m- should fetch token from authorized_user credential file via refresh flow[0m[0m
Test (ubuntu-latest, 21)	Run tests	2026-06-22T17:43:12.9020972Z [0m[[0m[0minfo[0m] [0m[0m[32m- should return AuthenticationError when refresh token endpoint returns non-200[0m[0m
Test (ubuntu-latest, 21)	Run tests	2026-06-22T17:43:12.9032087Z [0m[[0m[0minfo[0m] [0m[0m[32m- should return AuthenticationError for unsupported credential type[0m[0m
Test (ubuntu-latest, 21)	Run tests	2026-06-22T17:43:12.9042567Z [0m[[0m[0minfo[0m] [0m[0m[32m- should return error for invalid JSON in credential file[0m[0m
Test (ubuntu-latest, 21)	Run tests	2026-06-22T17:43:12.9054176Z [0m[[0m[0minfo[0m] [0m[0m[32m- should fall back to metadata server when no credentials are configured[0m[0m
Test (ubuntu-latest, 21)	Run tests	2026-06-22T17:43:12.9064530Z [0m[[0m[0minfo[0m] [0m[0m[32m- should return AuthenticationError when metadata server is not available[0m[0m
Test (ubuntu-latest, 21)	Run tests	2026-06-22T17:43:12.9075733Z [0m[[0m[0minfo[0m] [0m[0m[32m- should return actionable no-credentials guidance when the metadata host does not resolve[0m[0m
Test (ubuntu-latest, 21)	Run tests	2026-06-22T17:43:12.9087557Z [0m[[0m[0minfo[0m] [0m[0m[32m- should preserve a transient metadata-server failure as a recoverable error[0m[0m
Test (ubuntu-latest, 21)	Run tests	2026-06-22T17:43:12.9089576Z [0m[[0m[0minfo[0m] [0m[0m[32mCachedToken[0m[0m
Test (ubuntu-latest, 21)	Run tests	2026-06-22T17:43:12.9091369Z [0m[[0m[0minfo[0m] [0m[0m[32m- should not be expired when expiresAtMillis is in the future[0m[0m
Test (ubuntu-latest, 21)	Run tests	2026-06-22T17:43:12.9093639Z [0m[[0m[0minfo[0m] [0m[0m[32m- should be expired when expiresAtMillis is in the past[0m[0m
Test (ubuntu-latest, 21)	Run tests	2026-06-22T17:43:12.9095878Z [0m[[0m[0minfo[0m] [0m[0m[32m- should never expire when expiresAtMillis is Long.MaxValue[0m[0m
Test (ubuntu-latest, 21)	Run tests	2026-06-22T17:43:12.9138808Z [0m[[0m[0minfo[0m] [0m[0m[32mMultiDocumentGraphBuilderTest:[0m[0m
Test (ubuntu-latest, 21)	Run tests	2026-06-22T17:43:12.9239145Z [0m[[0m[0minfo[0m] [0m[0m[32m- MultiDocumentGraphBuilder should extract single document with schema[0m[0m
Test (ubuntu-latest, 21)	Run tests	2026-06-22T17:43:12.9259422Z [0m[[0m[0minfo[0m] [0m[0m[32m- MultiDocumentGraphBuilder should extract without schema using free-form extraction[0m[0m
Test (ubuntu-latest, 21)	Run tests	2026-06-22T17:43:12.9278718Z [0m[[0m[0minfo[0m] [0m[0m[32m- MultiDocumentGraphBuilder should extract multiple documents and merge[0m[0m
Test (ubuntu-latest, 21)	Run tests	2026-06-22T17:43:12.9287404Z [0m[[0m[0minfo[0m] [0m[0m[32m- MultiDocumentGraphBuilder should build incrementally on existing graph[0m[0m
Test (ubuntu-latest, 21)	Run tests	2026-06-22T17:43:12.9299848Z [0m[[0m[0minfo[0m] [0m[0m[32m- MultiDocumentGraphBuilder should run coreference resolution when enabled[0m[0m
Test (ubuntu-latest, 21)	Run tests	2026-06-22T17:43:12.9307133Z [0m[[0m[0minfo[0m] [0m[0m[32m- MultiDocumentGraphBuilder should propagate extraction errors[0m[0m
Test (ubuntu-latest, 21)	Run tests	2026-06-22T17:43:12.9313612Z [0m[[0m[0minfo[0m] [0m[0m[32m- MultiDocumentGraphBuilder should stop on first document failure in multi-doc extraction[0m[0m
Test (ubuntu-latest, 21)	Run tests	2026-06-22T17:43:12.9355150Z [0m[[0m[0minfo[0m] [0m[0m[32m- MultiDocumentGraphBuilder should apply entity linking on merged result[0m[0m
Test (ubuntu-latest, 21)	Run tests	2026-06-22T17:43:12.9366074Z [0m[[0m[0minfo[0m] [0m[0m[32m- MultiDocumentGraphBuilder should track source provenance across documents[0m[0m
Test (ubuntu-latest, 21)	Run tests	2026-06-22T17:43:12.9425285Z [0m[[0m[0minfo[0m] [0m[0m[32mSafeParameterExtractorSpec:[0m[0m
Test (ubuntu-latest, 21)	Run tests	2026-06-22T17:43:12.9427329Z [0m[[0m[0minfo[0m] [0m[0m[32mSafeParameterExtractor.getString[0m[0m
Test (ubuntu-latest, 21)	Run tests	2026-06-22T17:43:12.9430768Z [0m[[0m[0minfo[0m] [0m[0m[32m- should return the string value[0m[0m
Test (ubuntu-latest, 21)	Run tests	2026-06-22T17:43:12.9432452Z [0m[[0m[0minfo[0m] [0m[0m[32mSafeParameterExtractor.getInt[0m[0m
Test (ubuntu-latest, 21)	Run tests	2026-06-22T17:43:12.9434042Z [0m[[0m[0minfo[0m] [0m[0m[32m- should return the int value[0m[0m
Test (ubuntu-latest, 21)	Run tests	2026-06-22T17:43:12.9435767Z [0m[[0m[0minfo[0m] [0m[0m[32m- should return Left for a wrong-type value[0m[0m
Test (ubuntu-latest, 21)	Run tests	2026-06-22T17:43:12.9437116Z [0m[[0m[0minfo[0m] [0m[0m[32mSafeParameterExtractor.getDouble[0m[0m
Test (ubuntu-latest, 21)	Run tests	2026-06-22T17:43:12.9438369Z [0m[[0m[0minfo[0m] [0m[0m[32m- should return the double value[0m[0m
Test (ubuntu-latest, 21)	Run tests	2026-06-22T17:43:12.9439617Z [0m[[0m[0minfo[0m] [0m[0m[32mSafeParameterExtractor.getBoolean[0m[0m
Test (ubuntu-latest, 21)	Run tests	2026-06-22T17:43:12.9440878Z [0m[[0m[0minfo[0m] [0m[0m[32m- should return the boolean value[0m[0m
Test (ubuntu-latest, 21)	Run tests	2026-06-22T17:43:12.9442133Z [0m[[0m[0minfo[0m] [0m[0m[32mSafeParameterExtractor.getArray[0m[0m
Test (ubuntu-latest, 21)	Run tests	2026-06-22T17:43:12.9447149Z [0m[[0m[0minfo[0m] [0m[0m[32m- should return an Arr for an array value[0m[0m
Test (ubuntu-latest, 21)	Run tests	2026-06-22T17:43:12.9448465Z [0m[[0m[0minfo[0m] [0m[0m[32m- should return Left when value is not an array[0m[0m
Test (ubuntu-latest, 21)	Run tests	2026-06-22T17:43:12.9450106Z [0m[[0m[0minfo[0m] [0m[0m[32mSafeParameterExtractor.getObject[0m[0m
Test (ubuntu-latest, 21)	Run tests	2026-06-22T17:43:12.9453095Z [0m[[0m[0minfo[0m] [0m[0m[32m- should return an Obj for an object value[0m[0m
Test (ubuntu-latest, 21)	Run tests	2026-06-22T17:43:12.9456664Z [0m[[0m[0minfo[0m] [0m[0m[32m- should return Left when value is not an object[0m[0m
Test (ubuntu-latest, 21)	Run tests	2026-06-22T17:43:12.9458931Z [0m[[0m[0minfo[0m] [0m[0m[32mSafeParameterExtractor.getStringEnhanced[0m[0m
Test (ubuntu-latest, 21)	Run tests	2026-06-22T17:43:12.9461197Z [0m[[0m[0minfo[0m] [0m[0m[32m- should return Right for a present string[0m[0m
Test (ubuntu-latest, 21)	Run tests	2026-06-22T17:43:12.9464457Z [0m[[0m[0minfo[0m] [0m[0m[32m- should return MissingParameter when key is absent[0m[0m
Test (ubuntu-latest, 21)	Run tests	2026-06-22T17:43:12.9466238Z [0m[[0m[0minfo[0m] [0m[0m[32m- should return NullParameter for a null value[0m[0m
Test (ubuntu-latest, 21)	Run tests	2026-06-22T17:43:12.9467655Z [0m[[0m[0minfo[0m] [0m[0m[32m- should return TypeMismatch for the wrong type[0m[0m
Test (ubuntu-latest, 21)	Run tests	2026-06-22T17:43:12.9470589Z [0m[[0m[0minfo[0m] [0m[0m[32mSafeParameterExtractor.getIntEnhanced[0m[0m
Test (ubuntu-latest, 21)	Run tests	2026-06-22T17:43:12.9471989Z [0m[[0m[0minfo[0m] [0m[0m[32m- should return Right for a numeric value[0m[0m
Test (ubuntu-latest, 21)	Run tests	2026-06-22T17:43:12.9475051Z [0m[[0m[0minfo[0m] [0m[0m[32mSafeParameterExtractor.getDoubleEnhanced[0m[0m
Test (ubuntu-latest, 21)	Run tests	2026-06-22T17:43:12.9476476Z [0m[[0m[0minfo[0m] [0m[0m[32m- should return Right for a double[0m[0m
Test (ubuntu-latest, 21)	Run tests	2026-06-22T17:43:12.9479562Z [0m[[0m[0minfo[0m] [0m[0m[32mSafeParameterExtractor.getBooleanEnhanced[0m[0m
Test (ubuntu-latest, 21)	Run tests	2026-06-22T17:43:12.9480950Z [0m[[0m[0minfo[0m] [0m[0m[32m- should return Right for a boolean[0m[0m
Test (ubuntu-latest, 21)	Run tests	2026-06-22T17:43:12.9482236Z [0m[[0m[0minfo[0m] [0m[0m[32mSafeParameterExtractor.getArrayEnhanced[0m[0m
Test (ubuntu-latest, 21)	Run tests	2026-06-22T17:43:12.9484441Z [0m[[0m[0minfo[0m] [0m[0m[32m- should return Right for an array[0m[0m
Test (ubuntu-latest, 21)	Run tests	2026-06-22T17:43:12.9487643Z [0m[[0m[0minfo[0m] [0m[0m[32m- should return TypeMismatch for a non-array[0m[0m
Test (ubuntu-latest, 21)	Run tests	2026-06-22T17:43:12.9489090Z [0m[[0m[0minfo[0m] [0m[0m[32mSafeParameterExtractor.getObjectEnhanced[0m[0m
Test (ubuntu-latest, 21)	Run tests	2026-06-22T17:43:12.9492608Z [0m[[0m[0minfo[0m] [0m[0m[32m- should return Right for an object[0m[0m
Test (ubuntu-latest, 21)	Run tests	2026-06-22T17:43:12.9495695Z [0m[[0m[0minfo[0m] [0m[0m[32m- should return TypeMismatch for a non-object[0m[0m
Test (ubuntu-latest, 21)	Run tests	2026-06-22T17:43:12.9497161Z [0m[[0m[0minfo[0m] [0m[0m[32mSafeParameterExtractor.getOptionalString[0m[0m
Test (ubuntu-latest, 21)	Run tests	2026-06-22T17:43:12.9500165Z [0m[[0m[0minfo[0m] [0m[0m[32m- should return Some when present[0m[0m
Test (ubuntu-latest, 21)	Run tests	2026-06-22T17:43:12.9502448Z [0m[[0m[0minfo[0m] [0m[0m[32m- should return None when key is absent[0m[0m
Test (ubuntu-latest, 21)	Run tests	2026-06-22T17:43:12.9505560Z [0m[[0m[0minfo[0m] [0m[0m[32m- should return None for a null value[0m[0m
Test (ubuntu-latest, 21)	Run tests	2026-06-22T17:43:12.9506969Z [0m[[0m[0minfo[0m] [0m[0m[32m- should return TypeMismatch for the wrong type[0m[0m
Test (ubuntu-latest, 21)	Run tests	2026-06-22T17:43:12.9508406Z [0m[[0m[0minfo[0m] [0m[0m[32mSafeParameterExtractor.getOptionalInt[0m[0m
Test (ubuntu-latest, 21)	Run tests	2026-06-22T17:43:12.9510692Z [0m[[0m[0minfo[0m] [0m[0m[32m- should return Some when present[0m[0m
Test (ubuntu-latest, 21)	Run tests	2026-06-22T17:43:12.9513344Z [0m[[0m[0minfo[0m] [0m[0m[32m- should return None when absent[0m[0m
Test (ubuntu-latest, 21)	Run tests	2026-06-22T17:43:12.9514683Z [0m[[0m[0minfo[0m] [0m[0m[32mSafeParameterExtractor.getOptionalDouble[0m[0m
Test (ubuntu-latest, 21)	Run tests	2026-06-22T17:43:12.9518294Z [0m[[0m[0minfo[0m] [0m[0m[32m- should return Some when present[0m[0m
Test (ubuntu-latest, 21)	Run tests	2026-06-22T17:43:12.9519567Z [0m[[0m[0minfo[0m] [0m[0m[32m- should return None when absent[0m[0m
Test (ubuntu-latest, 21)	Run tests	2026-06-22T17:43:12.9521766Z [0m[[0m[0minfo[0m] [0m[0m[32mSafeParameterExtractor.getOptionalBoolean[0m[0m
Test (ubuntu-latest, 21)	Run tests	2026-06-22T17:43:12.9524522Z [0m[[0m[0minfo[0m] [0m[0m[32m- should return Some when present[0m[0m
Test (ubuntu-latest, 21)	Run tests	2026-06-22T17:43:12.9526022Z [0m[[0m[0minfo[0m] [0m[0m[32m- should return None when absent[0m[0m
Test (ubuntu-latest, 21)	Run tests	2026-06-22T17:43:12.9527385Z [0m[[0m[0minfo[0m] [0m[0m[32mSafeParameterExtractor.validateRequired[0m[0m
Test (ubuntu-latest, 21)	Run tests	2026-06-22T17:43:12.9530286Z [0m[[0m[0minfo[0m] [0m[0m[32m- should return Right when all requirements are satisfied[0m[0m
Test (ubuntu-latest, 21)	Run tests	2026-06-22T17:43:12.9532793Z [0m[[0m[0minfo[0m] [0m[0m[32m- should return Left with one error when a parameter is missing[0m[0m
Test (ubuntu-latest, 21)	Run tests	2026-06-22T17:43:12.9537681Z [0m[[0m[0minfo[0m] [0m[0m[32m- should collect all errors from multiple missing parameters[0m[0m
Test (ubuntu-latest, 21)	Run tests	2026-06-22T17:43:12.9541020Z [0m[[0m[0minfo[0m] [0m[0m[32mSafeParameterExtractor.enhanced[0m[0m
Test (ubuntu-latest, 21)	Run tests	2026-06-22T17:43:12.9543390Z [0m[[0m[0minfo[0m] [0m[0m[32m- should construct an extractor that retrieves values[0m[0m
Test (ubuntu-latest, 21)	Run tests	2026-06-22T17:43:12.9546002Z [0m[[0m[0minfo[0m] [0m[0m[32mSafeParameterExtractor[0m[0m
Test (ubuntu-latest, 21)	Run tests	2026-06-22T17:43:12.9575556Z [0m[[0m[0minfo[0m] [0m[0m[32m- should return InvalidNesting when root is null and path is non-empty[0m[0m
Test (ubuntu-latest, 21)	Run tests	2026-06-22T17:43:12.9576697Z [0m[[0m[0minfo[0m] [0m[0m[32m- should return InvalidNesting when navigating into a non-object intermediate value[0m[0m
Test (ubuntu-latest, 21)	Run tests	2026-06-22T17:43:12.9577792Z [0m[[0m[0minfo[0m] [0m[0m[32m- should return MissingParameter when an intermediate path segment is absent[0m[0m
Test (ubuntu-latest, 21)	Run tests	2026-06-22T17:43:12.9578753Z [0m[[0m[0minfo[0m] [0m[0m[32m- should navigate a dot-separated path to a deeply nested value[0m[0m
Test (ubuntu-latest, 21)	Run tests	2026-06-22T17:43:12.9579435Z [0m[[0m[0minfo[0m] [0m[0m[32mS3LoaderSpec:[0m[0m
Test (ubuntu-latest, 21)	Run tests	2026-06-22T17:43:12.9579935Z [0m[[0m[0minfo[0m] [0m[0m[32mS3Loader.apply[0m[0m
Test (ubuntu-latest, 21)	Run tests	2026-06-22T17:43:12.9615177Z [0m[[0m[0minfo[0m] [0m[0m[32m- should create a loader with default settings[0m[0m
Test (ubuntu-latest, 21)	Run tests	2026-06-22T17:43:12.9616428Z [0m[[0m[0minfo[0m] [0m[0m[32m- should accept custom settings[0m[0m
Test (ubuntu-latest, 21)	Run tests	2026-06-22T17:43:12.9618362Z [0m[[0m[0minfo[0m] [0m[0m[32mS3Loader.forLocalStack[0m[0m
Test (ubuntu-latest, 21)	Run tests	2026-06-22T17:43:12.9662058Z [0m[[0m[0minfo[0m] [0m[0m[32m- should create loader for LocalStack testing[0m[0m
Test (ubuntu-latest, 21)	Run tests	2026-06-22T17:43:12.9663442Z [0m[[0m[0minfo[0m] [0m[0m[32mS3Loader.withCredentials[0m[0m
Test (ubuntu-latest, 21)	Run tests	2026-06-22T17:43:12.9664929Z [0m[[0m[0minfo[0m] [0m[0m[32m- should create loader with explicit credentials[0m[0m
Test (ubuntu-latest, 21)	Run tests	2026-06-22T17:43:12.9665721Z [0m[[0m[0minfo[0m] [0m[0m[32mS3Loader.++[0m[0m
Test (ubuntu-latest, 21)	Run tests	2026-06-22T17:43:12.9666654Z [0m[[0m[0minfo[0m] [0m[0m[32m- should combine two loaders[0m[0m
Test (ubuntu-latest, 21)	Run tests	2026-06-22T17:43:12.9720414Z [0m[[0m[0minfo[0m] [0m[0m[32mJsonlCodecPropertySpec:[0m[0m
Test (ubuntu-latest, 21)	Run tests	2026-06-22T17:43:12.9721380Z [0m[[0m[0minfo[0m] [0m[0m[32mJsonlCodec.encode[0m[0m
Test (ubuntu-latest, 21)	Run tests	2026-06-22T17:43:13.0122317Z [0m[[0m[0minfo[0m] [0m[0m[32m- should produce a single non-empty line with no newline characters[0m[0m
Test (ubuntu-latest, 21)	Run tests	2026-06-22T17:43:13.0444296Z [0m[[0m[0minfo[0m] [0m[0m[32m- should always produce valid JSON that can be re-parsed by ujson[0m[0m
Test (ubuntu-latest, 21)	Run tests	2026-06-22T17:43:13.0791747Z [0m[[0m[0minfo[0m] [0m[0m[32m- should include all five required fields in the encoded output[0m[0m
Test (ubuntu-latest, 21)	Run tests	2026-06-22T17:43:13.0795058Z [0m[[0m[0minfo[0m] [0m[0m[32mJsonlCodec.decode[0m[0m
Test (ubuntu-latest, 21)	Run tests	2026-06-22T17:43:13.0846821Z [0m[[0m[0minfo[0m] [0m[0m[32m- should return Some with empty tags when the 'tags' field is absent[0m[0m
Test (ubuntu-latest, 21)	Run tests	2026-06-22T17:43:13.0878231Z [0m[[0m[0minfo[0m] [0m[0m[32m- should return Some with empty tags when the 'tags' field is not a JSON array[0m[0m
Test (ubuntu-latest, 21)	Run tests	2026-06-22T17:43:13.0910215Z [0m[[0m[0minfo[0m] [0m[0m[32m- should return Some with empty metadata when the 'metadata' field is absent[0m[0m
Test (ubuntu-latest, 21)	Run tests	2026-06-22T17:43:13.0945430Z [0m[[0m[0minfo[0m] [0m[0m[32m- should return Some with empty metadata when the 'metadata' field is not a JSON object[0m[0m
Test (ubuntu-latest, 21)	Run tests	2026-06-22T17:43:13.0947370Z [0m[[0m[0minfo[0m] [0m[0m[32mJsonlCodec.decode[0m[0m
Test (ubuntu-latest, 21)	Run tests	2026-06-22T17:43:13.0977552Z [0m[[0m[0minfo[0m] [0m[0m[32m- should return None for any non-JSON string[0m[0m
Test (ubuntu-latest, 21)	Run tests	2026-06-22T17:43:13.1002133Z [0m[[0m[0minfo[0m] [0m[0m[32m- should return None when the 'id' field is absent[0m[0m
Test (ubuntu-latest, 21)	Run tests	2026-06-22T17:43:13.1023458Z [0m[[0m[0minfo[0m] [0m[0m[32m- should return None when the 'input' field is absent[0m[0m
Test (ubuntu-latest, 21)	Run tests	2026-06-22T17:43:13.1025698Z [0m[[0m[0minfo[0m] [0m[0m[32mJsonlCodec.decode(JsonlCodec.encode(e))[0m[0m
Test (ubuntu-latest, 21)	Run tests	2026-06-22T17:43:13.1389348Z [0m[[0m[0minfo[0m] [0m[0m[32m- should return Some(e) preserving all fields[0m[0m
Test (ubuntu-latest, 21)	Run tests	2026-06-22T17:43:13.1390697Z [0m[[0m[0minfo[0m] [0m[0m[32mJsonlCodec[0m[0m
Test (ubuntu-latest, 21)	Run tests	2026-06-22T17:43:13.1410855Z [0m[[0m[0minfo[0m] [0m[0m[32m- should encode None referenceOutput as JSON null[0m[0m
Test (ubuntu-latest, 21)	Run tests	2026-06-22T17:43:13.1453369Z [0m[[0m[0minfo[0m] [0m[0m[32m- should decode a null referenceOutput field back to None[0m[0m
Test (ubuntu-latest, 21)	Run tests	2026-06-22T17:43:13.1455876Z [0m[[0m[0minfo[0m] [0m[0m[32mJsonlCodec tags[0m[0m
Test (ubuntu-latest, 21)	Run tests	2026-06-22T17:43:13.1619662Z [0m[[0m[0minfo[0m] [0m[0m[32m- should round-trip as the exact same Set regardless of how many tags there are[0m[0m
Test (ubuntu-latest, 21)	Run tests	2026-06-22T17:43:13.1620941Z [0m[[0m[0minfo[0m] [0m[0m[32mJsonlCodec metadata[0m[0m
Test (ubuntu-latest, 21)	Run tests	2026-06-22T17:43:13.1832957Z [0m[[0m[0minfo[0m] [0m[0m[32m- should round-trip string values in the metadata map[0m[0m
Test (ubuntu-latest, 21)	Run tests	2026-06-22T17:43:13.1855874Z [0m[[0m[0minfo[0m] [0m[0m[32mOpenAIImageClientEditTest:[0m[0m
Test (ubuntu-latest, 21)	Run tests	2026-06-22T17:43:13.1857731Z [0m[[0m[0minfo[0m] [0m[0m[32meditImage[0m[0m
Test (ubuntu-latest, 21)	Run tests	2026-06-22T17:43:13.1865165Z 17:43:13.186 [pool-1-thread-1-ScalaTest-running-OpenAIImageClientEditTest] WARN  o.l.i.provider.OpenAIImageClient - dall-e-2 is deprecated and scheduled for removal on 2026-05-12. Migrate to gpt-image-1, gpt-image-1-mini, gpt-image-1.5. See https://platform.openai.com/docs/deprecations.
Test (ubuntu-latest, 21)	Run tests	2026-06-22T17:43:13.1878462Z [0m[[0m[0minfo[0m] [0m[0m[32m- should fail when source image does not exist[0m[0m
Test (ubuntu-latest, 21)	Run tests	2026-06-22T17:43:13.1883835Z 17:43:13.188 [pool-1-thread-1-ScalaTest-running-OpenAIImageClientEditTest] WARN  o.l.i.provider.OpenAIImageClient - dall-e-2 is deprecated and scheduled for removal on 2026-05-12. Migrate to gpt-image-1, gpt-image-1-mini, gpt-image-1.5. See https://platform.openai.com/docs/deprecations.
Test (ubuntu-latest, 21)	Run tests	2026-06-22T17:43:13.1886792Z [0m[[0m[0minfo[0m] [0m[0m[32m- should fail when response format is unsupported[0m[0m
Test (ubuntu-latest, 21)	Run tests	2026-06-22T17:43:13.1888899Z 17:43:13.188 [pool-1-thread-1-ScalaTest-running-OpenAIImageClientEditTest] WARN  o.l.i.provider.OpenAIImageClient - dall-e-2 is deprecated and scheduled for removal on 2026-05-12. Migrate to gpt-image-1, gpt-image-1-mini, gpt-image-1.5. See https://platform.openai.com/docs/deprecations.
Test (ubuntu-latest, 21)	Run tests	2026-06-22T17:43:13.1919928Z [0m[[0m[0minfo[0m] [0m[0m[32m- should fail when mask dimensions do not match source image dimensions[0m[0m
Test (ubuntu-latest, 21)	Run tests	2026-06-22T17:43:13.1925171Z 17:43:13.192 [pool-1-thread-1-ScalaTest-running-OpenAIImageClientEditTest] WARN  o.l.i.provider.OpenAIImageClient - dall-e-2 is deprecated and scheduled for removal on 2026-05-12. Migrate to gpt-image-1, gpt-image-1-mini, gpt-image-1.5. See https://platform.openai.com/docs/deprecations.
Test (ubuntu-latest, 21)	Run tests	2026-06-22T17:43:13.1928846Z [0m[[0m[0minfo[0m] [0m[0m[32m- should fail when provider options are for another provider[0m[0m
Test (ubuntu-latest, 21)	Run tests	2026-06-22T17:43:13.1932761Z 17:43:13.192 [pool-1-thread-1-ScalaTest-running-OpenAIImageClientEditTest] WARN  o.l.i.provider.OpenAIImageClient - dall-e-2 is deprecated and scheduled for removal on 2026-05-12. Migrate to gpt-image-1, gpt-image-1-mini, gpt-image-1.5. See https://platform.openai.com/docs/deprecations.
Test (ubuntu-latest, 21)	Run tests	2026-06-22T17:43:13.2009022Z [0m[[0m[0minfo[0m] [0m[0m[32m- should fail early when edit output size is unsupported[0m[0m
Test (ubuntu-latest, 21)	Run tests	2026-06-22T17:43:13.2015784Z 17:43:13.200 [pool-1-thread-1-ScalaTest-running-OpenAIImageClientEditTest] WARN  o.l.i.provider.OpenAIImageClient - dall-e-2 is deprecated and scheduled for removal on 2026-05-12. Migrate to gpt-image-1, gpt-image-1-mini, gpt-image-1.5. See https://platform.openai.com/docs/deprecations.
Test (ubuntu-latest, 21)	Run tests	2026-06-22T17:43:13.2216503Z [0m[[0m[0minfo[0m] [0m[0m[32m- should fail when edit endpoint returns no images[0m[0m
Test (ubuntu-latest, 21)	Run tests	2026-06-22T17:43:13.2233298Z [0m[[0m[0minfo[0m] [0m[0m[32mProvidersConfigValidatorSpec:[0m[0m
Test (ubuntu-latest, 21)	Run tests	2026-06-22T17:43:13.2234975Z [0m[[0m[0minfo[0m] [0m[0m[32mProvidersConfigLoader.validate[0m[0m
Test (ubuntu-latest, 21)	Run tests	2026-06-22T17:43:13.2247781Z [0m[[0m[0minfo[0m] [0m[0m[32m- should validate and normalize a full providers config[0m[0m
Test (ubuntu-latest, 21)	Run tests	2026-06-22T17:43:13.2255885Z [0m[[0m[0minfo[0m] [0m[0m[32m- should allow providers config without a selected provider[0m[0m
Test (ubuntu-latest, 21)	Run tests	2026-06-22T17:43:13.2257422Z [0m[[0m[0minfo[0m] [0m[0m[32m- should fail clearly when the selected provider is not defined[0m[0m
Test (ubuntu-latest, 21)	Run tests	2026-06-22T17:43:13.2259293Z [0m[[0m[0minfo[0m] [0m[0m[32m- should surface normalization errors from invalid named providers[0m[0m
Test (ubuntu-latest, 21)	Run tests	2026-06-22T17:43:13.2328689Z [0m[[0m[0minfo[0m] [0m[0m[32mTraceModelPropertySpec:[0m[0m
Test (ubuntu-latest, 21)	Run tests	2026-06-22T17:43:13.2329998Z [0m[[0m[0minfo[0m] [0m[0m[32mSpanValue type accessors[0m[0m
Test (ubuntu-latest, 21)	Run tests	2026-06-22T17:43:13.2341470Z [0m[[0m[0minfo[0m] [0m[0m[32m- should be mutually exclusive for StringValue[0m[0m
Test (ubuntu-latest, 21)	Run tests	2026-06-22T17:43:13.2351585Z [0m[[0m[0minfo[0m] [0m[0m[32m- should be mutually exclusive for LongValue[0m[0m
Test (ubuntu-latest, 21)	Run tests	2026-06-22T17:43:13.2360812Z [0m[[0m[0minfo[0m] [0m[0m[32m- should be mutually exclusive for DoubleValue[0m[0m
Test (ubuntu-latest, 21)	Run tests	2026-06-22T17:43:13.2368793Z [0m[[0m[0minfo[0m] [0m[0m[32m- should be mutually exclusive for BooleanValue[0m[0m
Test (ubuntu-latest, 21)	Run tests	2026-06-22T17:43:13.2421587Z [0m[[0m[0minfo[0m] [0m[0m[32m- should be mutually exclusive for StringListValue[0m[0m
Test (ubuntu-latest, 21)	Run tests	2026-06-22T17:43:13.2429389Z [0m[[0m[0minfo[0m] [0m[0m[32m- should preserve the value for StringValue[0m[0m
Test (ubuntu-latest, 21)	Run tests	2026-06-22T17:43:13.2438084Z [0m[[0m[0minfo[0m] [0m[0m[32m- should preserve the value for LongValue[0m[0m
Test (ubuntu-latest, 21)	Run tests	2026-06-22T17:43:13.2447059Z [0m[[0m[0minfo[0m] [0m[0m[32m- should preserve the value for BooleanValue[0m[0m
Test (ubuntu-latest, 21)	Run tests	2026-06-22T17:43:13.2448817Z [0m[[0m[0minfo[0m] [0m[0m[32mSpanKind JSON serialisation[0m[0m
Test (ubuntu-latest, 21)	Run tests	2026-06-22T17:43:13.2451272Z [0m[[0m[0minfo[0m] [0m[0m[32m- should produce distinct strings for each variant[0m[0m
Test (ubuntu-latest, 21)	Run tests	2026-06-22T17:43:13.2458731Z [0m[[0m[0minfo[0m] [0m[0m[32m- should round-trip every variant[0m[0m
Test (ubuntu-latest, 21)	Run tests	2026-06-22T17:43:13.2461588Z [0m[[0m[0minfo[0m] [0m[0m[32mSpanStatus JSON serialisation[0m[0m
Test (ubuntu-latest, 21)	Run tests	2026-06-22T17:43:13.2462695Z [0m[[0m[0minfo[0m] [0m[0m[32m- should round-trip Ok[0m[0m
Test (ubuntu-latest, 21)	Run tests	2026-06-22T17:43:13.2463543Z [0m[[0m[0minfo[0m] [0m[0m[32m- should round-trip Running[0m[0m
Test (ubuntu-latest, 21)	Run tests	2026-06-22T17:43:13.2473242Z [0m[[0m[0minfo[0m] [0m[0m[32m- should round-trip Error with any message[0m[0m
Test (ubuntu-latest, 21)	Run tests	2026-06-22T17:43:13.2475582Z [0m[[0m[0minfo[0m] [0m[0m[32mSpanValue JSON serialisation[0m[0m
Test (ubuntu-latest, 21)	Run tests	2026-06-22T17:43:13.2485417Z [0m[[0m[0minfo[0m] [0m[0m[32m- should round-trip StringValue[0m[0m
Test (ubuntu-latest, 21)	Run tests	2026-06-22T17:43:13.2492420Z [0m[[0m[0minfo[0m] [0m[0m[32m- should round-trip BooleanValue[0m[0m
Test (ubuntu-latest, 21)	Run tests	2026-06-22T17:43:13.2768863Z [0m[[0m[0minfo[0m] [0m[0m[32m- should round-trip StringListValue[0m[0m
Test (ubuntu-latest, 21)	Run tests	2026-06-22T17:43:13.2793510Z [0m[[0m[0minfo[0m] [0m[0m[32m- should round-trip DoubleValue[0m[0m
Test (ubuntu-latest, 21)	Run tests	2026-06-22T17:43:13.2833989Z [0m[[0m[0minfo[0m] [0m[0m[32m- should round-trip LongValue[0m[0m
Test (ubuntu-latest, 21)	Run tests	2026-06-22T17:43:13.2843349Z [0m[[0m[0minfo[0m] [0m[0m[32mSpan.start[0m[0m
Test (ubuntu-latest, 21)	Run tests	2026-06-22T17:43:13.2857084Z [0m[[0m[0minfo[0m] [0m[0m[32m- should always produce Running status[0m[0m
Test (ubuntu-latest, 21)	Run tests	2026-06-22T17:43:13.2867097Z [0m[[0m[0minfo[0m] [0m[0m[32m- should always produce no endTime[0m[0m
Test (ubuntu-latest, 21)	Run tests	2026-06-22T17:43:13.2886792Z [0m[[0m[0minfo[0m] [0m[0m[32m- should preserve traceId, name, and kind[0m[0m
Test (ubuntu-latest, 21)	Run tests	2026-06-22T17:43:13.2887982Z [0m[[0m[0minfo[0m] [0m[0m[32mSpan.withAttribute[0m[0m
Test (ubuntu-latest, 21)	Run tests	2026-06-22T17:43:15.1333921Z [0m[[0m[0minfo[0m] [0m[0m[32m- should add the key without modifying other attributes[0m[0m
Test (ubuntu-latest, 21)	Run tests	2026-06-22T17:43:16.6443061Z [0m[[0m[0minfo[0m] [0m[0m[32m- should overwrite an existing key[0m[0m
Test (ubuntu-latest, 21)	Run tests	2026-06-22T17:43:16.6445926Z [0m[[0m[0minfo[0m] [0m[0m[32mSpan.withEvent[0m[0m
Test (ubuntu-latest, 21)	Run tests	2026-06-22T17:43:18.4903009Z [0m[[0m[0minfo[0m] [0m[0m[32m- should append exactly one event[0m[0m
Test (ubuntu-latest, 21)	Run tests	2026-06-22T17:43:20.3140900Z [0m[[0m[0minfo[0m] [0m[0m[32m- should preserve existing events[0m[0m
Test (ubuntu-latest, 21)	Run tests	2026-06-22T17:43:20.3144293Z [0m[[0m[0minfo[0m] [0m[0m[32mSpan JSON serialisation[0m[0m
Test (ubuntu-latest, 21)	Run tests	2026-06-22T17:43:22.3789447Z [0m[[0m[0minfo[0m] [0m[0m[32m- should round-trip all fields[0m[0m
Test (ubuntu-latest, 21)	Run tests	2026-06-22T17:43:22.3790560Z [0m[[0m[0minfo[0m] [0m[0m[32mTrace.start[0m[0m
Test (ubuntu-latest, 21)	Run tests	2026-06-22T17:43:22.3817048Z [0m[[0m[0minfo[0m] [0m[0m[32m- should produce Running status[0m[0m
Test (ubuntu-latest, 21)	Run tests	2026-06-22T17:43:22.3836243Z [0m[[0m[0minfo[0m] [0m[0m[32m- should produce no endTime[0m[0m
Test (ubuntu-latest, 21)	Run tests	2026-06-22T17:43:22.3845952Z [0m[[0m[0minfo[0m] [0m[0m[32m- should preserve the traceId[0m[0m
Test (ubuntu-latest, 21)	Run tests	2026-06-22T17:43:22.3848419Z [0m[[0m[0minfo[0m] [0m[0m[32mTrace.withMetadata[0m[0m
Test (ubuntu-latest, 21)	Run tests	2026-06-22T17:43:22.4135316Z [0m[[0m[0minfo[0m] [0m[0m[32m- should add the key without removing others[0m[0m
Test (ubuntu-latest, 21)	Run tests	2026-06-22T17:43:22.4346771Z [0m[[0m[0minfo[0m] [0m[0m[32m- should overwrite an existing key[0m[0m
Test (ubuntu-latest, 21)	Run tests	2026-06-22T17:43:22.4347820Z [0m[[0m[0minfo[0m] [0m[0m[32mTrace JSON serialisation[0m[0m
Test (ubuntu-latest, 21)	Run tests	2026-06-22T17:43:22.4574365Z [0m[[0m[0minfo[0m] [0m[0m[32m- should round-trip all fields[0m[0m
Test (ubuntu-latest, 21)	Run tests	2026-06-22T17:43:22.4657543Z [0m[[0m[0minfo[0m] [0m[0m[32mLLMMemoryManagerSpec:[0m[0m
Test (ubuntu-latest, 21)	Run tests	2026-06-22T17:43:22.4668200Z [0m[[0m[0minfo[0m] [0m[0m[32mLLMMemoryManager[0m[0m
Test (ubuntu-latest, 21)	Run tests	2026-06-22T17:43:22.4726100Z [0m[[0m[0minfo[0m] [0m[0m[32m- should create with default configuration[0m[0m
Test (ubuntu-latest, 21)	Run tests	2026-06-22T17:43:22.4730159Z [0m[[0m[0minfo[0m] [0m[0m[32m- should create for testing[0m[0m
Test (ubuntu-latest, 21)	Run tests	2026-06-22T17:43:22.4746252Z [0m[[0m[0minfo[0m] [0m[0m[32m- should record messages like SimpleMemoryManager[0m[0m
Test (ubuntu-latest, 21)	Run tests	2026-06-22T17:43:22.4759673Z [0m[[0m[0minfo[0m] [0m[0m[32m- should record conversations[0m[0m
Test (ubuntu-latest, 21)	Run tests	2026-06-22T17:43:22.4768177Z [0m[[0m[0minfo[0m] [0m[0m[32m- should record entity facts[0m[0m
Test (ubuntu-latest, 21)	Run tests	2026-06-22T17:43:22.4776394Z [0m[[0m[0minfo[0m] [0m[0m[32m- should record user facts[0m[0m
Test (ubuntu-latest, 21)	Run tests	2026-06-22T17:43:22.4793026Z [0m[[0m[0minfo[0m] [0m[0m[32m- should record knowledge[0m[0m
Test (ubuntu-latest, 21)	Run tests	2026-06-22T17:43:22.4802005Z [0m[[0m[0minfo[0m] [0m[0m[32m- should record tasks[0m[0m
Test (ubuntu-latest, 21)	Run tests	2026-06-22T17:43:22.4882949Z [0m[[0m[0minfo[0m] [0m[0m[32m- should extract entity memories with importance scores and conversation metadata[0m[0m
Test (ubuntu-latest, 21)	Run tests	2026-06-22T17:43:22.4896922Z [0m[[0m[0minfo[0m] [0m[0m[32m- should return error when entity extraction JSON is malformed[0m[0m
Test (ubuntu-latest, 21)	Run tests	2026-06-22T17:43:22.4911943Z [0m[[0m[0minfo[0m] [0m[0m[32m- should not add memories when entity extraction returns empty array[0m[0m
Test (ubuntu-latest, 21)	Run tests	2026-06-22T17:43:22.4963804Z [0m[[0m[0minfo[0m] [0m[0m[32m- should not consolidate if below minimum count[0m[0m
Test (ubuntu-latest, 21)	Run tests	2026-06-22T17:43:22.5014466Z [0m[[0m[0minfo[0m] [0m[0m[32m- should limit consolidation groups dynamically based on token budget[0m[0m
Test (ubuntu-latest, 21)	Run tests	2026-06-22T17:43:22.5033584Z [0m[[0m[0minfo[0m] [0m[0m[32m- should not consolidate when each group is below minCount[0m[0m
Test (ubuntu-latest, 21)	Run tests	2026-06-22T17:43:22.5155948Z [0m[[0m[0minfo[0m] [0m[0m[32m- should consolidate conversation memories when conditions are met[0m[0m
Test (ubuntu-latest, 21)	Run tests	2026-06-22T17:43:22.5172837Z [0m[[0m[0minfo[0m] [0m[0m[32m- should preserve importance scores during consolidation[0m[0m
Test (ubuntu-latest, 21)	Run tests	2026-06-22T17:43:22.5188109Z [0m[[0m[0minfo[0m] [0m[0m[32m- should add consolidation metadata[0m[0m
Test (ubuntu-latest, 21)	Run tests	2026-06-22T17:43:22.5206618Z [0m[[0m[0minfo[0m] [0m[0m[32m- should use latest timestamp for consolidated memory[0m[0m
Test (ubuntu-latest, 21)	Run tests	2026-06-22T17:43:22.5223948Z [0m[[0m[0minfo[0m] [0m[0m[32m- should consolidate entity facts[0m[0m
Test (ubuntu-latest, 21)	Run tests	2026-06-22T17:43:22.5243025Z [0m[[0m[0minfo[0m] [0m[0m[32m- should consolidate knowledge entries[0m[0m
Test (ubuntu-latest, 21)	Run tests	2026-06-22T17:43:22.5256652Z [0m[[0m[0minfo[0m] [0m[0m[32m- should get conversation context[0m[0m
Test (ubuntu-latest, 21)	Run tests	2026-06-22T17:43:22.5269745Z [0m[[0m[0minfo[0m] [0m[0m[32m- should get entity context[0m[0m
Test (ubuntu-latest, 21)	Run tests	2026-06-22T17:43:22.5278903Z [0m[[0m[0minfo[0m] [0m[0m[32m- should get user context[0m[0m
Test (ubuntu-latest, 21)	Run tests	2026-06-22T17:43:22.5289635Z [0m[[0m[0minfo[0m] [0m[0m[32m- should return stats[0m[0m
Test (ubuntu-latest, 21)	Run tests	2026-06-22T17:43:22.5307287Z [0m[[0m[0minfo[0m] [0m[0m[32m- should handle empty consolidation gracefully[0m[0m
Test (ubuntu-latest, 21)	Run tests	2026-06-22T17:43:22.5453568Z [0m[[0m[0minfo[0m] [0m[0m[32m- should process memory consolidation deterministically without flaky ordering[0m[0m
Test (ubuntu-latest, 21)	Run tests	2026-06-22T17:43:22.5472672Z [0m[[0m[0minfo[0m] [0m[0m[32m- should handle LLM failures during consolidation[0m[0m
Test (ubuntu-latest, 21)	Run tests	2026-06-22T17:43:22.5486184Z [0m[[0m[0minfo[0m] [0m[0m[32m- should preserve original memories when LLM consolidation fails[0m[0m
Test (ubuntu-latest, 21)	Run tests	2026-06-22T17:43:22.5500374Z [0m[[0m[0minfo[0m] [0m[0m[32m- should fail fast in strict mode when consolidation fails[0m[0m
Test (ubuntu-latest, 21)	Run tests	2026-06-22T17:43:22.5512927Z [0m[[0m[0minfo[0m] [0m[0m[32m- should handle empty context retrieval[0m[0m
Test (ubuntu-latest, 21)	Run tests	2026-06-22T17:43:22.5537898Z [0m[[0m[0minfo[0m] [0m[0m[32m- should truncate context when exceeding maxTokens[0m[0m
Test (ubuntu-latest, 21)	Run tests	2026-06-22T17:43:22.5555944Z [0m[[0m[0minfo[0m] [0m[0m[32m- should format different memory types in context[0m[0m
Test (ubuntu-latest, 21)	Run tests	2026-06-22T17:43:22.5565679Z [0m[[0m[0minfo[0m] [0m[0m[32m- should handle custom memory types[0m[0m
Test (ubuntu-latest, 21)	Run tests	2026-06-22T17:43:22.5581215Z [0m[[0m[0minfo[0m] [0m[0m[32m- should consolidate custom memory types[0m[0m
Test (ubuntu-latest, 21)	Run tests	2026-06-22T17:43:22.5607104Z [0m[[0m[0minfo[0m] [0m[0m[32m- should format custom memory types in context[0m[0m
Test (ubuntu-latest, 21)	Run tests	2026-06-22T17:43:22.5679170Z [0m[[0m[0minfo[0m] [0m[0m[32mBraveSearchToolSpec:[0m[0m
Test (ubuntu-latest, 21)	Run tests	2026-06-22T17:43:22.5680683Z [0m[[0m[0minfo[0m] [0m[0m[32mBraveSearchConfig[0m[0m
Test (ubuntu-latest, 21)	Run tests	2026-06-22T17:43:22.5693001Z [0m[[0m[0minfo[0m] [0m[0m[32m- should initialize with valid default parameters[0m[0m
Test (ubuntu-latest, 21)	Run tests	2026-06-22T17:43:22.5698542Z [0m[[0m[0minfo[0m] [0m[0m[32m- should allow overriding defaults with custom values[0m[0m
Test (ubuntu-latest, 21)	Run tests	2026-06-22T17:43:22.5714966Z [0m[[0m[0minfo[0m] [0m[0m[32mSafeSearch[0m[0m
Test (ubuntu-latest, 21)	Run tests	2026-06-22T17:43:22.5726336Z [0m[[0m[0minfo[0m] [0m[0m[32m- should correctly parse valid configuration strings into enum members[0m[0m
Test (ubuntu-latest, 21)	Run tests	2026-06-22T17:43:22.5729900Z [0m[[0m[0minfo[0m] [0m[0m[32m- should fall back to Moderate when encountering unrecognized configuration strings[0m[0m
Test (ubuntu-latest, 21)	Run tests	2026-06-22T17:43:22.5735066Z [0m[[0m[0minfo[0m] [0m[0m[32mBraveSearchTool[0m[0m
Test (ubuntu-latest, 21)	Run tests	2026-06-22T17:43:22.6076252Z [0m[[0m[0minfo[0m] [0m[0m[32m- should expose accurate name and description for each search category[0m[0m
Test (ubuntu-latest, 21)	Run tests	2026-06-22T17:43:22.6085938Z [0m[[0m[0minfo[0m] [0m[0m[32mBraveSearchCategory[0m[0m
Test (ubuntu-latest, 21)	Run tests	2026-06-22T17:43:22.6087473Z [0m[[0m[0minfo[0m] [0m[0m[32m- should correctly map SafeSearch levels to API parameter strings[0m[0m
Test (ubuntu-latest, 21)	Run tests	2026-06-22T17:43:22.6091437Z [0m[[0m[0minfo[0m] [0m[0m[32mBrave Result Models[0m[0m
Test (ubuntu-latest, 21)	Run tests	2026-06-22T17:43:22.6204608Z [0m[[0m[0minfo[0m] [0m[0m[32m- should support consistent round-trip JSON serialization and deserialization[0m[0m
Test (ubuntu-latest, 21)	Run tests	2026-06-22T17:43:22.6206636Z [0m[[0m[0minfo[0m] [0m[0m[32mBraveSearchCategory.parseResults[0m[0m
Test (ubuntu-latest, 21)	Run tests	2026-06-22T17:43:22.6228509Z [0m[[0m[0minfo[0m] [0m[0m[32m- should correctly parse Web results[0m[0m
Test (ubuntu-latest, 21)	Run tests	2026-06-22T17:43:22.6246151Z [0m[[0m[0minfo[0m] [0m[0m[32m- should correctly parse Image results[0m[0m
Test (ubuntu-latest, 21)	Run tests	2026-06-22T17:43:22.6261996Z [0m[[0m[0minfo[0m] [0m[0m[32m- should correctly parse Video results[0m[0m
Test (ubuntu-latest, 21)	Run tests	2026-06-22T17:43:22.6279459Z [0m[[0m[0minfo[0m] [0m[0m[32m- should correctly parse News results[0m[0m
Test (ubuntu-latest, 21)	Run tests	2026-06-22T17:43:22.6281237Z [0m[[0m[0minfo[0m] [0m[0m[32m- should handle missing or empty results gracefully[0m[0m
Test (ubuntu-latest, 21)	Run tests	2026-06-22T17:43:22.6286125Z [0m[[0m[0minfo[0m] [0m[0m[32mBraveSearchTool.create[0m[0m
Test (ubuntu-latest, 21)	Run tests	2026-06-22T17:43:22.6288757Z [0m[[0m[0minfo[0m] [0m[0m[32m- should return Right with correct tool name and description for Web category[0m[0m
Test (ubuntu-latest, 21)	Run tests	2026-06-22T17:43:22.6293537Z [0m[[0m[0minfo[0m] [0m[0m[32m- should return Right with correct tool name and description for News category[0m[0m
Test (ubuntu-latest, 21)	Run tests	2026-06-22T17:43:22.6301180Z [0m[[0m[0minfo[0m] [0m[0m[32m- should apply custom BraveSearchConfig when provided[0m[0m
Test (ubuntu-latest, 21)	Run tests	2026-06-22T17:43:22.6302421Z [0m[[0m[0minfo[0m] [0m[0m[32mBraveSearchTool.withApiKey[0m[0m
Test (ubuntu-latest, 21)	Run tests	2026-06-22T17:43:22.6303808Z [0m[[0m[0minfo[0m] [0m[0m[32m- should return Right with correct tool name using default Web category[0m[0m
Test (ubuntu-latest, 21)	Run tests	2026-06-22T17:43:22.6305287Z [0m[[0m[0minfo[0m] [0m[0m[32m- should return Right with correct tool name for explicit category[0m[0m
Test (ubuntu-latest, 21)	Run tests	2026-06-22T17:43:22.6306475Z [0m[[0m[0minfo[0m] [0m[0m[32m- should use the provided apiUrl[0m[0m
Test (ubuntu-latest, 21)	Run tests	2026-06-22T17:43:22.6307140Z [0m[[0m[0minfo[0m] [0m[0m[32mBraveSearchTool.search[0m[0m
Test (ubuntu-latest, 21)	Run tests	2026-06-22T17:43:22.6315955Z [0m[[0m[0minfo[0m] [0m[0m[32m- should return parsed web results on 200 response[0m[0m
Test (ubuntu-latest, 21)	Run tests	2026-06-22T17:43:22.6327721Z [0m[[0m[0minfo[0m] [0m[0m[32m- should return parsed image results on 200 response[0m[0m
Test (ubuntu-latest, 21)	Run tests	2026-06-22T17:43:22.6339684Z [0m[[0m[0minfo[0m] [0m[0m[32m- should return parsed video results on 200 response[0m[0m
Test (ubuntu-latest, 21)	Run tests	2026-06-22T17:43:22.6350250Z [0m[[0m[0minfo[0m] [0m[0m[32m- should return parsed news results on 200 response[0m[0m
Test (ubuntu-latest, 21)	Run tests	2026-06-22T17:43:22.6386659Z [0m[[0m[0minfo[0m] [0m[0m[32m- should return error on non-200 status code[0m[0m
Test (ubuntu-latest, 21)	Run tests	2026-06-22T17:43:22.6412777Z [0m[[0m[0minfo[0m] [0m[0m[32m- should return sanitized error on invalid JSON response[0m[0m
Test (ubuntu-latest, 21)	Run tests	2026-06-22T17:43:22.6422687Z [0m[[0m[0minfo[0m] [0m[0m[32m- should send correct headers including API key[0m[0m
Test (ubuntu-latest, 21)	Run tests	2026-06-22T17:43:22.6434165Z [0m[[0m[0minfo[0m] [0m[0m[32m- should send correct query params[0m[0m
Test (ubuntu-latest, 21)	Run tests	2026-06-22T17:43:22.6440948Z [0m[[0m[0minfo[0m] [0m[0m[32m- should build correct URL for each category[0m[0m
Test (ubuntu-latest, 21)	Run tests	2026-06-22T17:43:22.6446335Z [0m[[0m[0minfo[0m] [0m[0m[32m- should return sanitized error on timeout[0m[0m
Test (ubuntu-latest, 21)	Run tests	2026-06-22T17:43:22.6451502Z [0m[[0m[0minfo[0m] [0m[0m[32m- should return sanitized error on unknown host[0m[0m
Test (ubuntu-latest, 21)	Run tests	2026-06-22T17:43:22.6465020Z [0m[[0m[0minfo[0m] [0m[0m[32m- should return sanitized error on connection refused[0m[0m
Test (ubuntu-latest, 21)	Run tests	2026-06-22T17:43:22.6466534Z [0m[[0m[0minfo[0m] [0m[0m[32m- should return generic sanitized error on unexpected exception[0m[0m
Test (ubuntu-latest, 21)	Run tests	2026-06-22T17:43:22.6475858Z [0m[[0m[0minfo[0m] [0m[0m[32m- should call restoreInterrupt and return sanitized error on InterruptedException[0m[0m
Test (ubuntu-latest, 21)	Run tests	2026-06-22T17:43:22.6525265Z [0m[[0m[0minfo[0m] [0m[0m[32mLLMClientRetrySpec:[0m[0m
Test (ubuntu-latest, 21)	Run tests	2026-06-22T17:43:22.6527174Z [0m[[0m[0minfo[0m] [0m[0m[32mLLMClientRetry.completeWithRetry[0m[0m
Test (ubuntu-latest, 21)	Run tests	2026-06-22T17:43:22.6539755Z [0m[[0m[0minfo[0m] [0m[0m[32m- should succeed on first attempt[0m[0m
Test (ubuntu-latest, 21)	Run tests	2026-06-22T17:43:22.6550001Z [0m[[0m[0minfo[0m] [0m[0m[32m- should retry on recoverable error then succeed[0m[0m
Test (ubuntu-latest, 21)	Run tests	2026-06-22T17:43:22.6553190Z [0m[[0m[0minfo[0m] [0m[0m[32m- should fail immediately on non-recoverable error[0m[0m
Test (ubuntu-latest, 21)	Run tests	2026-06-22T17:43:22.6555229Z [0m[[0m[0minfo[0m] [0m[0m[32m- should retry on ServiceError 5xx then succeed[0m[0m
Test (ubuntu-latest, 21)	Run tests	2026-06-22T17:43:22.6557443Z [0m[[0m[0minfo[0m] [0m[0m[32m- should fail immediately on ServiceError 4xx (e.g. 400)[0m[0m
Test (ubuntu-latest, 21)	Run tests	2026-06-22T17:43:22.6559298Z [0m[[0m[0minfo[0m] [0m[0m[32m- should retry on ServiceError 429 then succeed[0m[0m
Test (ubuntu-latest, 21)	Run tests	2026-06-22T17:43:22.6565588Z [0m[[0m[0minfo[0m] [0m[0m[32m- should retry on TimeoutError (fallback to backoff) then succeed[0m[0m
Test (ubuntu-latest, 21)	Run tests	2026-06-22T17:43:22.6567440Z [0m[[0m[0minfo[0m] [0m[0m[32m- should return last error when retries exhausted[0m[0m
Test (ubuntu-latest, 21)	Run tests	2026-06-22T17:43:22.6568625Z [0m[[0m[0minfo[0m] [0m[0m[32m- should return ValidationError when maxAttempts <= 0[0m[0m
Test (ubuntu-latest, 21)	Run tests	2026-06-22T17:43:22.6569658Z [0m[[0m[0minfo[0m] [0m[0m[32m- should return ValidationError when baseDelay is non-positive[0m[0m
Test (ubuntu-latest, 21)	Run tests	2026-06-22T17:43:22.7078880Z [0m[[0m[0minfo[0m] [0m[0m[32m- should return SimpleError when sleep is interrupted[0m[0m
Test (ubuntu-latest, 21)	Run tests	2026-06-22T17:43:22.7082805Z [0m[[0m[0minfo[0m] [0m[0m[32mLLMClientRetry.streamCompleteWithRetry[0m[0m
Test (ubuntu-latest, 21)	Run tests	2026-06-22T17:43:22.7092258Z [0m[[0m[0minfo[0m] [0m[0m[32m- should retry when failure happens before any chunk[0m[0m
Test (ubuntu-latest, 21)	Run tests	2026-06-22T17:43:22.7098522Z [0m[[0m[0minfo[0m] [0m[0m[32m- should not retry after a chunk has been emitted[0m[0m
Test (ubuntu-latest, 21)	Run tests	2026-06-22T17:43:22.7105051Z [0m[[0m[0minfo[0m] [0m[0m[32m- should return ValidationError when maxAttempts <= 0[0m[0m
Test (ubuntu-latest, 21)	Run tests	2026-06-22T17:43:22.7108894Z [0m[[0m[0minfo[0m] [0m[0m[32m- should return ValidationError when baseDelay is non-positive[0m[0m
Test (ubuntu-latest, 21)	Run tests	2026-06-22T17:43:22.7114008Z [0m[[0m[0minfo[0m] [0m[0m[32m- should fail immediately on non-recoverable ServiceError 400 in stream[0m[0m
Test (ubuntu-latest, 21)	Run tests	2026-06-22T17:43:22.7143290Z [0m[[0m[0minfo[0m] [0m[0m[32mKnowledgeGraphGeneratorTest:[0m[0m
Test (ubuntu-latest, 21)	Run tests	2026-06-22T17:43:22.7172520Z [0m[[0m[0minfo[0m] [0m[0m[32m- KnowledgeGraphGenerator should extract graph from LLM response[0m[0m
Test (ubuntu-latest, 21)	Run tests	2026-06-22T17:43:22.7182841Z [0m[[0m[0minfo[0m] [0m[0m[32m- KnowledgeGraphGenerator should handle JSON without markdown[0m[0m
Test (ubuntu-latest, 21)	Run tests	2026-06-22T17:43:22.7196590Z 17:43:22.719 [pool-1-thread-1-ScalaTest-running-KnowledgeGraphGeneratorTest] ERROR o.l.k.extraction.GraphJsonParser$ - Failed to parse graph JSON: not valid json {
Test (ubuntu-latest, 21)	Run tests	2026-06-22T17:43:22.7203131Z [0m[[0m[0minfo[0m] [0m[0m[32m- KnowledgeGraphGenerator should fail on invalid JSON[0m[0m
Test (ubuntu-latest, 21)	Run tests	2026-06-22T17:43:22.7220147Z [0m[[0m[0minfo[0m] [0m[0m[32m- KnowledgeGraphGenerator should fail on missing 'nodes' field[0m[0m
Test (ubuntu-latest, 21)	Run tests	2026-06-22T17:43:22.7237537Z [0m[[0m[0minfo[0m] [0m[0m[32m- KnowledgeGraphGenerator should fail on missing 'edges' field[0m[0m
Test (ubuntu-latest, 21)	Run tests	2026-06-22T17:43:22.7242603Z [0m[[0m[0minfo[0m] [0m[0m[32m- KnowledgeGraphGenerator should propagate LLM errors[0m[0m
Test (ubuntu-latest, 21)	Run tests	2026-06-22T17:43:22.7256549Z [0m[[0m[0minfo[0m] [0m[0m[32m- KnowledgeGraphGenerator should handle nodes without properties[0m[0m
Test (ubuntu-latest, 21)	Run tests	2026-06-22T17:43:22.7270733Z [0m[[0m[0minfo[0m] [0m[0m[32m- KnowledgeGraphGenerator should handle edges without properties[0m[0m
Test (ubuntu-latest, 21)	Run tests	2026-06-22T17:43:22.7290924Z [0m[[0m[0minfo[0m] [0m[0m[32m- KnowledgeGraphGenerator should propagate node upsert failures[0m[0m
Test (ubuntu-latest, 21)	Run tests	2026-06-22T17:43:22.7313342Z [0m[[0m[0minfo[0m] [0m[0m[32m- KnowledgeGraphGenerator should propagate edge upsert failures[0m[0m
Test (ubuntu-latest, 21)	Run tests	2026-06-22T17:43:22.7385808Z [0m[[0m[0minfo[0m] [0m[0m[32mDocumentRegistrySpec:[0m[0m
Test (ubuntu-latest, 21)	Run tests	2026-06-22T17:43:22.7387517Z [0m[[0m[0minfo[0m] [0m[0m[32mInMemoryDocumentRegistry[0m[0m
Test (ubuntu-latest, 21)	Run tests	2026-06-22T17:43:22.7393242Z [0m[[0m[0minfo[0m] [0m[0m[32m- should start empty[0m[0m
Test (ubuntu-latest, 21)	Run tests	2026-06-22T17:43:22.7418385Z [0m[[0m[0minfo[0m] [0m[0m[32m- should register and retrieve a version[0m[0m
Test (ubuntu-latest, 21)	Run tests	2026-06-22T17:43:22.7430070Z [0m[[0m[0minfo[0m] [0m[0m[32m- should return None for unknown document[0m[0m
Test (ubuntu-latest, 21)	Run tests	2026-06-22T17:43:22.7432262Z [0m[[0m[0minfo[0m] [0m[0m[32m- should update existing version on re-register[0m[0m
Test (ubuntu-latest, 21)	Run tests	2026-06-22T17:43:22.7456030Z [0m[[0m[0minfo[0m] [0m[0m[32m- should unregister a document[0m[0m
Test (ubuntu-latest, 21)	Run tests	2026-06-22T17:43:22.7463015Z [0m[[0m[0minfo[0m] [0m[0m[32m- should handle unregistering non-existent document[0m[0m
Test (ubuntu-latest, 21)	Run tests	2026-06-22T17:43:22.7464190Z [0m[[0m[0minfo[0m] [0m[0m[32m- should list all document IDs[0m[0m
Test (ubuntu-latest, 21)	Run tests	2026-06-22T17:43:22.7466252Z [0m[[0m[0minfo[0m] [0m[0m[32m- should clear all registrations[0m[0m
Test (ubuntu-latest, 21)	Run tests	2026-06-22T17:43:22.7472649Z [0m[[0m[0minfo[0m] [0m[0m[32m- should check contains correctly[0m[0m
Test (ubuntu-latest, 21)	Run tests	2026-06-22T17:43:22.7478391Z [0m[[0m[0minfo[0m] [0m[0m[32m- should count documents correctly[0m[0m
Test (ubuntu-latest, 21)	Run tests	2026-06-22T17:43:22.7479713Z [0m[[0m[0minfo[0m] [0m[0m[32mDocumentVersion[0m[0m
Test (ubuntu-latest, 21)	Run tests	2026-06-22T17:43:22.7488335Z [0m[[0m[0minfo[0m] [0m[0m[32m- should produce consistent hashes for same content[0m[0m
Test (ubuntu-latest, 21)	Run tests	2026-06-22T17:43:22.7489357Z [0m[[0m[0minfo[0m] [0m[0m[32m- should produce different hashes for different content[0m[0m
Test (ubuntu-latest, 21)	Run tests	2026-06-22T17:43:22.7492675Z [0m[[0m[0minfo[0m] [0m[0m[32m- should detect differences via isDifferentFrom[0m[0m
Test (ubuntu-latest, 21)	Run tests	2026-06-22T17:43:22.7496369Z [0m[[0m[0minfo[0m] [0m[0m[32m- should detect same content via isDifferentFrom[0m[0m
Test (ubuntu-latest, 21)	Run tests	2026-06-22T17:43:22.7497430Z [0m[[0m[0minfo[0m] [0m[0m[32m- should include custom timestamp[0m[0m
Test (ubuntu-latest, 21)	Run tests	2026-06-22T17:43:22.7501116Z [0m[[0m[0minfo[0m] [0m[0m[32mDocument[0m[0m
Test (ubuntu-latest, 21)	Run tests	2026-06-22T17:43:22.7501992Z [0m[[0m[0minfo[0m] [0m[0m[32m- should create with explicit ID[0m[0m
Test (ubuntu-latest, 21)	Run tests	2026-06-22T17:43:22.7503331Z [0m[[0m[0minfo[0m] [0m[0m[32m- should create with auto-generated ID[0m[0m
Test (ubuntu-latest, 21)	Run tests	2026-06-22T17:43:22.7512863Z [0m[[0m[0minfo[0m] [0m[0m[32m- should detect isEmpty and nonEmpty[0m[0m
Test (ubuntu-latest, 21)	Run tests	2026-06-22T17:43:22.7514096Z [0m[[0m[0minfo[0m] [0m[0m[32m- should report length[0m[0m
Test (ubuntu-latest, 21)	Run tests	2026-06-22T17:43:22.7515458Z [0m[[0m[0minfo[0m] [0m[0m[32m- should add metadata[0m[0m
Test (ubuntu-latest, 21)	Run tests	2026-06-22T17:43:22.7516603Z [0m[[0m[0minfo[0m] [0m[0m[32m- should add metadata entries[0m[0m
Test (ubuntu-latest, 21)	Run tests	2026-06-22T17:43:22.7517746Z [0m[[0m[0minfo[0m] [0m[0m[32m- should set hints[0m[0m
Test (ubuntu-latest, 21)	Run tests	2026-06-22T17:43:22.7518771Z [0m[[0m[0minfo[0m] [0m[0m[32m- should set version[0m[0m
Test (ubuntu-latest, 21)	Run tests	2026-06-22T17:43:22.7519986Z [0m[[0m[0minfo[0m] [0m[0m[32m- should ensure version creates one if missing[0m[0m
Test (ubuntu-latest, 21)	Run tests	2026-06-22T17:43:22.7522055Z [0m[[0m[0minfo[0m] [0m[0m[32m- should ensure version preserves existing version[0m[0m
Test (ubuntu-latest, 21)	Run tests	2026-06-22T17:43:22.7526851Z [0m[[0m[0minfo[0m] [0m[0m[32mDocumentHints[0m[0m
Test (ubuntu-latest, 21)	Run tests	2026-06-22T17:43:22.7527992Z [0m[[0m[0minfo[0m] [0m[0m[32m- should have sensible presets[0m[0m
Test (ubuntu-latest, 21)	Run tests	2026-06-22T17:43:22.7529443Z [0m[[0m[0minfo[0m] [0m[0m[32m- should detect skip hint[0m[0m
Test (ubuntu-latest, 21)	Run tests	2026-06-22T17:43:22.7534165Z [0m[[0m[0minfo[0m] [0m[0m[32m- should merge hints with precedence (this wins for orElse fields)[0m[0m
Test (ubuntu-latest, 21)	Run tests	2026-06-22T17:43:22.7538202Z [0m[[0m[0minfo[0m] [0m[0m[32m- should merge hints keeping existing when other is None[0m[0m
Test (ubuntu-latest, 21)	Run tests	2026-06-22T17:43:22.7539776Z [0m[[0m[0minfo[0m] [0m[0m[32m- should merge with max priority[0m[0m
Test (ubuntu-latest, 21)	Run tests	2026-06-22T17:43:22.7541114Z [0m[[0m[0minfo[0m] [0m[0m[32m- should create rate limited hints[0m[0m
Test (ubuntu-latest, 21)	Run tests	2026-06-22T17:43:22.7622350Z [0m[[0m[0minfo[0m] [0m[0m[32mToolFunctionSpec:[0m[0m
Test (ubuntu-latest, 21)	Run tests	2026-06-22T17:43:22.7623807Z [0m[[0m[0minfo[0m] [0m[0m[32mToolFunction.toOpenAITool[0m[0m
Test (ubuntu-latest, 21)	Run tests	2026-06-22T17:43:22.7632349Z [0m[[0m[0minfo[0m] [0m[0m[32m- should generate correct OpenAI format[0m[0m
Test (ubuntu-latest, 21)	Run tests	2026-06-22T17:43:22.7639181Z [0m[[0m[0minfo[0m] [0m[0m[32m- should set strict to true by default[0m[0m
Test (ubuntu-latest, 21)	Run tests	2026-06-22T17:43:22.7646300Z [0m[[0m[0minfo[0m] [0m[0m[32m- should allow setting strict to false[0m[0m
Test (ubuntu-latest, 21)	Run tests	2026-06-22T17:43:22.7651945Z [0m[[0m[0minfo[0m] [0m[0m[32m- should include parameter schema[0m[0m
Test (ubuntu-latest, 21)	Run tests	2026-06-22T17:43:22.7653995Z [0m[[0m[0minfo[0m] [0m[0m[32mToolFunction.execute[0m[0m
Test (ubuntu-latest, 21)	Run tests	2026-06-22T17:43:22.7665745Z [0m[[0m[0minfo[0m] [0m[0m[32m- should execute with valid parameters[0m[0m
Test (ubuntu-latest, 21)	Run tests	2026-06-22T17:43:22.7677934Z [0m[[0m[0minfo[0m] [0m[0m[32m- should return HandlerError for handler failures[0m[0m
Test (ubuntu-latest, 21)	Run tests	2026-06-22T17:43:22.7685582Z [0m[[0m[0minfo[0m] [0m[0m[32m- should return NullArguments for null input with required params[0m[0m
Test (ubuntu-latest, 21)	Run tests	2026-06-22T17:43:22.7693893Z [0m[[0m[0minfo[0m] [0m[0m[32m- should handle null input for zero-parameter tools[0m[0m
Test (ubuntu-latest, 21)	Run tests	2026-06-22T17:43:22.7701355Z [0m[[0m[0minfo[0m] [0m[0m[32m- should handle empty object for zero-parameter tools[0m[0m
Test (ubuntu-latest, 21)	Run tests	2026-06-22T17:43:22.7702998Z [0m[[0m[0minfo[0m] [0m[0m[32mToolFunction.executeEnhanced[0m[0m
Test (ubuntu-latest, 21)	Run tests	2026-06-22T17:43:22.7719664Z [0m[[0m[0minfo[0m] [0m[0m[32m- should execute with enhanced error reporting[0m[0m
Test (ubuntu-latest, 21)	Run tests	2026-06-22T17:43:22.7731879Z [0m[[0m[0minfo[0m] [0m[0m[32m- should return InvalidArguments for parameter errors[0m[0m
Test (ubuntu-latest, 21)	Run tests	2026-06-22T17:43:22.7739154Z [0m[[0m[0minfo[0m] [0m[0m[32m- should handle null input for zero-parameter tools[0m[0m
Test (ubuntu-latest, 21)	Run tests	2026-06-22T17:43:22.7747852Z [0m[[0m[0minfo[0m] [0m[0m[32m- should return NullArguments for null input with required params[0m[0m
Test (ubuntu-latest, 21)	Run tests	2026-06-22T17:43:22.7749974Z [0m[[0m[0minfo[0m] [0m[0m[32mToolBuilder[0m[0m
Test (ubuntu-latest, 21)	Run tests	2026-06-22T17:43:22.7759792Z [0m[[0m[0minfo[0m] [0m[0m[32m- should build a tool with handler[0m[0m
Test (ubuntu-latest, 21)	Run tests	2026-06-22T17:43:22.7762285Z [0m[[0m[0minfo[0m] [0m[0m[32m- should return Left when building without handler[0m[0m
Test (ubuntu-latest, 21)	Run tests	2026-06-22T17:43:22.7770592Z [0m[[0m[0minfo[0m] [0m[0m[32m- should allow replacing handler with withHandler[0m[0m
Test (ubuntu-latest, 21)	Run tests	2026-06-22T17:43:22.7773458Z [0m[[0m[0minfo[0m] [0m[0m[32mToolFunction[0m[0m
Test (ubuntu-latest, 21)	Run tests	2026-06-22T17:43:22.7776103Z [0m[[0m[0minfo[0m] [0m[0m[32m- should expose name and description[0m[0m
Test (ubuntu-latest, 21)	Run tests	2026-06-22T17:43:22.7780786Z [0m[[0m[0minfo[0m] [0m[0m[32m- should expose schema[0m[0m
Test (ubuntu-latest, 21)	Run tests	2026-06-22T17:43:22.7842478Z [0m[[0m[0minfo[0m] [0m[0m[32mPromptInjectionDetectorSpec:[0m[0m
Test (ubuntu-latest, 21)	Run tests	2026-06-22T17:43:22.7844658Z [0m[[0m[0minfo[0m] [0m[0m[32mPromptInjectionDetector[0m[0m
Test (ubuntu-latest, 21)	Run tests	2026-06-22T17:43:22.7861293Z [0m[[0m[0minfo[0m] [0m[0m[32m- should detect data extraction attempts[0m[0m
Test (ubuntu-latest, 21)	Run tests	2026-06-22T17:43:22.7862392Z [0m[[0m[0minfo[0m] [0m[0m[32m- should detect URL-based data exfiltration[0m[0m
Test (ubuntu-latest, 21)	Run tests	2026-06-22T17:43:22.7867991Z [0m[[0m[0minfo[0m] [0m[0m[32m- should detect secret copying attempts[0m[0m
Test (ubuntu-latest, 21)	Run tests	2026-06-22T17:43:22.7869548Z [0m[[0m[0minfo[0m] [0m[0m[32m- should detect ALL CAPS injection (case variation)[0m[0m
Test (ubuntu-latest, 21)	Run tests	2026-06-22T17:43:22.7871367Z [0m[[0m[0minfo[0m] [0m[0m[32m- should detect mixed case injection[0m[0m
Test (ubuntu-latest, 21)	Run tests	2026-06-22T17:43:22.7873061Z [0m[[0m[0minfo[0m] [0m[0m[32m- should detect injection with extra whitespace between keywords[0m[0m
Test (ubuntu-latest, 21)	Run tests	2026-06-22T17:43:22.7874569Z [0m[[0m[0minfo[0m] [0m[0m[32m- should not detect zero-width Unicode characters inserted between keywords (bypass)[0m[0m
Test (ubuntu-latest, 21)	Run tests	2026-06-22T17:43:22.7877281Z [0m[[0m[0minfo[0m] [0m[0m[32m- should not detect URL-encoded injection text (bypass)[0m[0m
Test (ubuntu-latest, 21)	Run tests	2026-06-22T17:43:22.7884477Z [0m[[0m[0minfo[0m] [0m[0m[32m- should detect injection hidden in long benign text[0m[0m
Test (ubuntu-latest, 21)	Run tests	2026-06-22T17:43:22.7885952Z [0m[[0m[0minfo[0m] [0m[0m[32m- should detect injection with newlines between keywords[0m[0m
Test (ubuntu-latest, 21)	Run tests	2026-06-22T17:43:22.7894471Z [0m[[0m[0minfo[0m] [0m[0m[32m- should detect injection with tab characters between keywords[0m[0m
Test (ubuntu-latest, 21)	Run tests	2026-06-22T17:43:22.7898002Z [0m[[0m[0minfo[0m] [0m[0m[32m- should not detect French injection (English-only patterns)[0m[0m
Test (ubuntu-latest, 21)	Run tests	2026-06-22T17:43:22.7902280Z [0m[[0m[0minfo[0m] [0m[0m[32m- should not detect German injection (English-only patterns)[0m[0m
Test (ubuntu-latest, 21)	Run tests	2026-06-22T17:43:22.7905671Z [0m[[0m[0minfo[0m] [0m[0m[32m- should not detect Chinese injection (English-only patterns)[0m[0m
Test (ubuntu-latest, 21)	Run tests	2026-06-22T17:43:22.7911147Z [0m[[0m[0minfo[0m] [0m[0m[32m- should allow programming discussion mentioning test failures[0m[0m
Test (ubuntu-latest, 21)	Run tests	2026-06-22T17:43:22.7912436Z [0m[[0m[0minfo[0m] [0m[0m[32m- should allow security education discussion[0m[0m
Test (ubuntu-latest, 21)	Run tests	2026-06-22T17:43:22.7915591Z [0m[[0m[0minfo[0m] [0m[0m[32m- should allow quoting another user's words[0m[0m
Test (ubuntu-latest, 21)	Run tests	2026-06-22T17:43:22.7919328Z [0m[[0m[0minfo[0m] [0m[0m[32m- should allow SQL educational discussion[0m[0m
Test (ubuntu-latest, 21)	Run tests	2026-06-22T17:43:22.7922502Z [0m[[0m[0minfo[0m] [0m[0m[32m- should detect 'admin mode' as false positive (developer_mode pattern is broad)[0m[0m
Test (ubuntu-latest, 21)	Run tests	2026-06-22T17:43:22.7925359Z [0m[[0m[0minfo[0m] [0m[0m[32m- should allow creative writing request without dangerous content[0m[0m
Test (ubuntu-latest, 21)	Run tests	2026-06-22T17:43:22.7928943Z [0m[[0m[0minfo[0m] [0m[0m[32m- should detect input with multiple injection categories[0m[0m
Test (ubuntu-latest, 21)	Run tests	2026-06-22T17:43:22.7930172Z [0m[[0m[0minfo[0m] [0m[0m[32m- should include all matched categories in the error message[0m[0m
Test (ubuntu-latest, 21)	Run tests	2026-06-22T17:43:22.7931014Z [0m[[0m[0minfo[0m] [0m[0m[32m- should detect multiple instances of the same pattern category[0m[0m
Test (ubuntu-latest, 21)	Run tests	2026-06-22T17:43:22.7931834Z [0m[[0m[0minfo[0m] [0m[0m[32m- should detect injection embedded in JSON-like tool output[0m[0m
Test (ubuntu-latest, 21)	Run tests	2026-06-22T17:43:22.7932599Z [0m[[0m[0minfo[0m] [0m[0m[32m- should detect injection in markdown code block context[0m[0m
Test (ubuntu-latest, 21)	Run tests	2026-06-22T17:43:22.7933350Z [0m[[0m[0minfo[0m] [0m[0m[32m- should detect injection prefixed with delegated context[0m[0m
Test (ubuntu-latest, 21)	Run tests	2026-06-22T17:43:22.7934002Z [0m[[0m[0minfo[0m] [0m[0m[32m- should allow empty string input[0m[0m
Test (ubuntu-latest, 21)	Run tests	2026-06-22T17:43:22.7934586Z [0m[[0m[0minfo[0m] [0m[0m[32m- should allow whitespace-only input[0m[0m
Test (ubuntu-latest, 21)	Run tests	2026-06-22T17:43:22.8046186Z [0m[[0m[0minfo[0m] [0m[0m[32m- should allow very long input with no injection patterns[0m[0m
Test (ubuntu-latest, 21)	Run tests	2026-06-22T17:43:22.8049623Z [0m[[0m[0minfo[0m] [0m[0m[32m- should have the name PromptInjectionDetector[0m[0m
Test (ubuntu-latest, 21)	Run tests	2026-06-22T17:43:22.8051266Z [0m[[0m[0minfo[0m] [0m[0m[32m- should include sensitivity level in description[0m[0m
Test (ubuntu-latest, 21)	Run tests	2026-06-22T17:43:22.8052711Z [0m[[0m[0minfo[0m] [0m[0m[32m- should detect custom patterns[0m[0m
Test (ubuntu-latest, 21)	Run tests	2026-06-22T17:43:22.8054297Z [0m[[0m[0minfo[0m] [0m[0m[32m- should only match custom patterns when only custom patterns are configured[0m[0m
Test (ubuntu-latest, 21)	Run tests	2026-06-22T17:43:22.8056709Z [0m[[0m[0minfo[0m] [0m[0m[32m- should detect nothing when configured with empty pattern list[0m[0m
Test (ubuntu-latest, 21)	Run tests	2026-06-22T17:43:22.8084986Z [0m[[0m[0minfo[0m] [0m[0m[32mGraphEngineTest:[0m[0m
Test (ubuntu-latest, 21)	Run tests	2026-06-22T17:43:22.8092948Z [0m[[0m[0minfo[0m] [0m[0m[32m- traverse with BFS should visit nodes up to maxDepth[0m[0m
Test (ubuntu-latest, 21)	Run tests	2026-06-22T17:43:22.8096165Z [0m[[0m[0minfo[0m] [0m[0m[32m- traverse should return empty set for non-existent start node[0m[0m
Test (ubuntu-latest, 21)	Run tests	2026-06-22T17:43:22.8103732Z [0m[[0m[0minfo[0m] [0m[0m[32m- traverse with filter should exclude filtered nodes[0m[0m
Test (ubuntu-latest, 21)	Run tests	2026-06-22T17:43:22.8123641Z [0m[[0m[0minfo[0m] [0m[0m[32m- traverseDFS should visit nodes depth-first[0m[0m
Test (ubuntu-latest, 21)	Run tests	2026-06-22T17:43:22.8125273Z [0m[[0m[0minfo[0m] [0m[0m[32m- traverseDFS should return empty for non-existent node[0m[0m
Test (ubuntu-latest, 21)	Run tests	2026-06-22T17:43:22.8127268Z [0m[[0m[0minfo[0m] [0m[0m[32m- traverseDFS with filter should respect filter predicate[0m[0m
Test (ubuntu-latest, 21)	Run tests	2026-06-22T17:43:22.8130062Z [0m[[0m[0minfo[0m] [0m[0m[32m- findShortestPath should find path between connected nodes[0m[0m
Test (ubuntu-latest, 21)	Run tests	2026-06-22T17:43:22.8132044Z [0m[[0m[0minfo[0m] [0m[0m[32m- findShortestPath should return None for disconnected nodes[0m[0m
Test (ubuntu-latest, 21)	Run tests	2026-06-22T17:43:22.8133681Z [0m[[0m[0minfo[0m] [0m[0m[32m- findShortestPath should return None for non-existent nodes[0m[0m
Test (ubuntu-latest, 21)	Run tests	2026-06-22T17:43:22.8135529Z [0m[[0m[0minfo[0m] [0m[0m[32m- findShortestPath should handle same start and end node[0m[0m
Test (ubuntu-latest, 21)	Run tests	2026-06-22T17:43:22.8146126Z [0m[[0m[0minfo[0m] [0m[0m[32m- findAllPaths should find multiple paths[0m[0m
Test (ubuntu-latest, 21)	Run tests	2026-06-22T17:43:22.8147845Z [0m[[0m[0minfo[0m] [0m[0m[32m- findAllPaths should respect maxLength[0m[0m
Test (ubuntu-latest, 21)	Run tests	2026-06-22T17:43:22.8149567Z [0m[[0m[0minfo[0m] [0m[0m[32m- findAllPaths should return empty for non-existent nodes[0m[0m
Test (ubuntu-latest, 21)	Run tests	2026-06-22T17:43:22.8151451Z [0m[[0m[0minfo[0m] [0m[0m[32m- findAllPaths should return empty for disconnected nodes[0m[0m
Test (ubuntu-latest, 21)	Run tests	2026-06-22T17:43:22.8166490Z [0m[[0m[0minfo[0m] [0m[0m[32m- getNodesAtDistance should return nodes at exact distance[0m[0m
Test (ubuntu-latest, 21)	Run tests	2026-06-22T17:43:22.8172198Z [0m[[0m[0minfo[0m] [0m[0m[32m- getNodesAtDistance should return empty for distance 0[0m[0m
Test (ubuntu-latest, 21)	Run tests	2026-06-22T17:43:22.8207065Z [0m[[0m[0minfo[0m] [0m[0m[32m- getNodesAtDistance should handle unreachable distances[0m[0m
Test (ubuntu-latest, 21)	Run tests	2026-06-22T17:43:22.8233105Z [0m[[0m[0minfo[0m] [0m[0m[32mDatasetManagerEdgeCasesSpec:[0m[0m
Test (ubuntu-latest, 21)	Run tests	2026-06-22T17:43:22.8235494Z [0m[[0m[0minfo[0m] [0m[0m[32mDatasetManager.load[0m[0m
Test (ubuntu-latest, 21)	Run tests	2026-06-22T17:43:22.8290356Z [0m[[0m[0minfo[0m] [0m[0m[32m- should detect TestDataset format from full JSON content[0m[0m
Test (ubuntu-latest, 21)	Run tests	2026-06-22T17:43:22.8303252Z [0m[[0m[0minfo[0m] [0m[0m[32m- should return Left for unknown format[0m[0m
Test (ubuntu-latest, 21)	Run tests	2026-06-22T17:43:22.8318653Z [0m[[0m[0minfo[0m] [0m[0m[32m- should return Left for top-level array without data wrapper or multihop filename[0m[0m
Test (ubuntu-latest, 21)	Run tests	2026-06-22T17:43:22.8351946Z [0m[[0m[0minfo[0m] [0m[0m[32m- should not apply subset when subsetSize equals dataset size[0m[0m
Test (ubuntu-latest, 21)	Run tests	2026-06-22T17:43:22.8367595Z [0m[[0m[0minfo[0m] [0m[0m[32m- should not apply subset when subsetSize is None[0m[0m
Test (ubuntu-latest, 21)	Run tests	2026-06-22T17:43:22.8369036Z [0m[[0m[0minfo[0m] [0m[0m[32mDatasetManager.loadRAGBench[0m[0m
Test (ubuntu-latest, 21)	Run tests	2026-06-22T17:43:22.8378238Z [0m[[0m[0minfo[0m] [0m[0m[32m- should handle empty lines[0m[0m
Test (ubuntu-latest, 21)	Run tests	2026-06-22T17:43:22.8384941Z [0m[[0m[0minfo[0m] [0m[0m[32m- should handle lines with empty question gracefully[0m[0m
Test (ubuntu-latest, 21)	Run tests	2026-06-22T17:43:22.8391062Z [0m[[0m[0minfo[0m] [0m[0m[32m- should handle lines with empty documents array[0m[0m
Test (ubuntu-latest, 21)	Run tests	2026-06-22T17:43:22.8399479Z [0m[[0m[0minfo[0m] [0m[0m[32m- should skip lines with missing response field (empty answer fails EvalSample validation)[0m[0m
Test (ubuntu-latest, 21)	Run tests	2026-06-22T17:43:22.8409960Z [0m[[0m[0minfo[0m] [0m[0m[32m- should prefer 'answer' over 'ground_truth' for groundTruth[0m[0m
Test (ubuntu-latest, 21)	Run tests	2026-06-22T17:43:22.8427249Z [0m[[0m[0minfo[0m] [0m[0m[32m- should set correct sourceIndex metadata for multiple lines[0m[0m
Test (ubuntu-latest, 21)	Run tests	2026-06-22T17:43:22.8428845Z [0m[[0m[0minfo[0m] [0m[0m[32mDatasetManager.loadMultiHopRAG[0m[0m
Test (ubuntu-latest, 21)	Run tests	2026-06-22T17:43:22.8454234Z [0m[[0m[0minfo[0m] [0m[0m[32m- should handle data wrapper with supporting facts[0m[0m
Test (ubuntu-latest, 21)	Run tests	2026-06-22T17:43:22.8456526Z [0m[[0m[0minfo[0m] [0m[0m[32m- should handle empty data array[0m[0m
Test (ubuntu-latest, 21)	Run tests	2026-06-22T17:43:22.8463692Z [0m[[0m[0minfo[0m] [0m[0m[32m- should handle items without supporting_facts or context[0m[0m
Test (ubuntu-latest, 21)	Run tests	2026-06-22T17:43:22.8471631Z [0m[[0m[0minfo[0m] [0m[0m[32m- should set sourceIndex metadata[0m[0m
Test (ubuntu-latest, 21)	Run tests	2026-06-22T17:43:22.8474227Z [0m[[0m[0minfo[0m] [0m[0m[32mDatasetManager.loadDocumentsFromDirectory[0m[0m
Test (ubuntu-latest, 21)	Run tests	2026-06-22T17:43:22.8499776Z [0m[[0m[0minfo[0m] [0m[0m[32m- should handle empty directory[0m[0m
Test (ubuntu-latest, 21)	Run tests	2026-06-22T17:43:22.8515787Z [0m[[0m[0minfo[0m] [0m[0m[32m- should handle subdirectories[0m[0m
Test (ubuntu-latest, 21)	Run tests	2026-06-22T17:43:22.8529804Z [0m[[0m[0minfo[0m] [0m[0m[32m- should match extensions case-insensitively[0m[0m
Test (ubuntu-latest, 21)	Run tests	2026-06-22T17:43:22.8536947Z [0m[[0m[0minfo[0m] [0m[0m[32m- should use relative paths for filenames[0m[0m
Test (ubuntu-latest, 21)	Run tests	2026-06-22T17:43:22.8585340Z [0m[[0m[0minfo[0m] [0m[0m[32mWhisperSpeechToTextIntegrationSpec:[0m[0m
Test (ubuntu-latest, 21)	Run tests	2026-06-22T17:43:22.8591217Z [0m[[0m[0minfo[0m] [0m[0m[32mWhisperSpeechToText.transcribe[0m[0m
Test (ubuntu-latest, 21)	Run tests	2026-06-22T17:43:22.8617918Z [0m[[0m[0minfo[0m] [0m[0m[32m- should return error for non-existent file[0m[0m
Test (ubuntu-latest, 21)	Run tests	2026-06-22T17:43:22.8653565Z [0m[[0m[0minfo[0m] [0m[0m[32m- should return error when Whisper CLI is not found[0m[0m
Test (ubuntu-latest, 21)	Run tests	2026-06-22T17:43:22.8656390Z [0m[[0m[0minfo[0m] [0m[0m[32mSTTOptions.validate[0m[0m
Test (ubuntu-latest, 21)	Run tests	2026-06-22T17:43:22.8665021Z [0m[[0m[0minfo[0m] [0m[0m[32m- should accept valid language codes[0m[0m
Test (ubuntu-latest, 21)	Run tests	2026-06-22T17:43:22.8684365Z [0m[[0m[0minfo[0m] [0m[0m[32m- should reject invalid language codes[0m[0m
Test (ubuntu-latest, 21)	Run tests	2026-06-22T17:43:22.8687816Z [0m[[0m[0minfo[0m] [0m[0m[32m- should reject confidence thresholds outside [0.0, 1.0][0m[0m
Test (ubuntu-latest, 21)	Run tests	2026-06-22T17:43:22.8690868Z [0m[[0m[0minfo[0m] [0m[0m[32m- should accept valid confidence thresholds[0m[0m
Test (ubuntu-latest, 21)	Run tests	2026-06-22T17:43:22.8692214Z [0m[[0m[0minfo[0m] [0m[0m[32m- should reject prompts longer than 4000 characters[0m[0m
Test (ubuntu-latest, 21)	Run tests	2026-06-22T17:43:22.8693514Z [0m[[0m[0minfo[0m] [0m[0m[32mWhisperSpeechToText.transcribe with real Whisper[0m[0m
Test (ubuntu-latest, 21)	Run tests	2026-06-22T17:43:22.8829291Z [0m[[0m[0minfo[0m] [0m[0m[33m- should produce non-empty Transcription on valid input !!! CANCELED !!![0m[0m
Test (ubuntu-latest, 21)	Run tests	2026-06-22T17:43:22.8832602Z [0m[[0m[0minfo[0m] [0m[0m[33m  Whisper CLI not available - skipping integration test (WhisperSpeechToTextIntegrationSpec.scala:95)[0m[0m
Test (ubuntu-latest, 21)	Run tests	2026-06-22T17:43:22.8891089Z [0m[[0m[0minfo[0m] [0m[0m[32m- should populate processingTimeMs when available[0m[0m
Test (ubuntu-latest, 21)	Run tests	2026-06-22T17:43:22.8954370Z [0m[[0m[0minfo[0m] [0m[0m[32m- should respect language option in output[0m[0m
Test (ubuntu-latest, 21)	Run tests	2026-06-22T17:43:22.9015230Z [0m[[0m[0minfo[0m] [0m[0m[32m- should handle BytesAudio, StreamAudio, and FileAudio input types[0m[0m
Test (ubuntu-latest, 21)	Run tests	2026-06-22T17:43:22.9072993Z [0m[[0m[0minfo[0m] [0m[0m[32m- should handle empty audio gracefully (returning error or empty text)[0m[0m
Test (ubuntu-latest, 21)	Run tests	2026-06-22T17:43:22.9238146Z [0m[[0m[0minfo[0m] [0m[0m[32m- should support multiple Whisper model sizes[0m[0m
Test (ubuntu-latest, 21)	Run tests	2026-06-22T17:43:22.9366151Z [0m[[0m[0minfo[0m] [0m[0m[32mSimpleMemoryManagerSpec:[0m[0m
Test (ubuntu-latest, 21)	Run tests	2026-06-22T17:43:22.9367179Z [0m[[0m[0minfo[0m] [0m[0m[32mSimpleMemoryManager[0m[0m
Test (ubuntu-latest, 21)	Run tests	2026-06-22T17:43:22.9375873Z [0m[[0m[0minfo[0m] [0m[0m[32m- should start with empty stats[0m[0m
Test (ubuntu-latest, 21)	Run tests	2026-06-22T17:43:22.9376991Z [0m[[0m[0minfo[0m] [0m[0m[32m- should record a user message[0m[0m
Test (ubuntu-latest, 21)	Run tests	2026-06-22T17:43:22.9384007Z [0m[[0m[0minfo[0m] [0m[0m[32m- should record different message types[0m[0m
Test (ubuntu-latest, 21)	Run tests	2026-06-22T17:43:22.9395212Z [0m[[0m[0minfo[0m] [0m[0m[32m- should record a complete conversation[0m[0m
Test (ubuntu-latest, 21)	Run tests	2026-06-22T17:43:22.9407521Z [0m[[0m[0minfo[0m] [0m[0m[32m- should record entity facts[0m[0m
Test (ubuntu-latest, 21)	Run tests	2026-06-22T17:43:22.9418919Z [0m[[0m[0minfo[0m] [0m[0m[32m- should record user facts[0m[0m
Test (ubuntu-latest, 21)	Run tests	2026-06-22T17:43:22.9434192Z [0m[[0m[0minfo[0m] [0m[0m[32m- should record knowledge[0m[0m
Test (ubuntu-latest, 21)	Run tests	2026-06-22T17:43:22.9465725Z [0m[[0m[0minfo[0m] [0m[0m[32m- should record task outcomes[0m[0m
Test (ubuntu-latest, 21)	Run tests	2026-06-22T17:43:22.9466728Z [0m[[0m[0minfo[0m] [0m[0m[32m- should get conversation context[0m[0m
Test (ubuntu-latest, 21)	Run tests	2026-06-22T17:43:22.9467734Z [0m[[0m[0minfo[0m] [0m[0m[32m- should get entity context[0m[0m
Test (ubuntu-latest, 21)	Run tests	2026-06-22T17:43:22.9468688Z [0m[[0m[0minfo[0m] [0m[0m[32m- should get user context[0m[0m
Test (ubuntu-latest, 21)	Run tests	2026-06-22T17:43:22.9473092Z [0m[[0m[0minfo[0m] [0m[0m[32m- should get relevant context for a query[0m[0m
Test (ubuntu-latest, 21)	Run tests	2026-06-22T17:43:22.9486422Z [0m[[0m[0minfo[0m] [0m[0m[32m- should return empty context when no memories exist[0m[0m
Test (ubuntu-latest, 21)	Run tests	2026-06-22T17:43:22.9488262Z [0m[[0m[0minfo[0m] [0m[0m[32m- should return empty conversation context for non-existent conversation[0m[0m
Test (ubuntu-latest, 21)	Run tests	2026-06-22T17:43:22.9493676Z [0m[[0m[0minfo[0m] [0m[0m[32m- should track memory stats correctly[0m[0m
Test (ubuntu-latest, 21)	Run tests	2026-06-22T17:43:22.9501349Z [0m[[0m[0minfo[0m] [0m[0m[32m- should use default importance from config[0m[0m
Test (ubuntu-latest, 21)	Run tests	2026-06-22T17:43:22.9510811Z [0m[[0m[0minfo[0m] [0m[0m[32m- should use provided importance over default[0m[0m
Test (ubuntu-latest, 21)	Run tests	2026-06-22T17:43:22.9520658Z [0m[[0m[0minfo[0m] [0m[0m[32m- should not change state when extractEntities is called[0m[0m
Test (ubuntu-latest, 21)	Run tests	2026-06-22T17:43:22.9531709Z [0m[[0m[0minfo[0m] [0m[0m[32mSimpleMemoryManager.forTesting[0m[0m
Test (ubuntu-latest, 21)	Run tests	2026-06-22T17:43:22.9532817Z [0m[[0m[0minfo[0m] [0m[0m[32m- should create a testing instance[0m[0m
Test (ubuntu-latest, 21)	Run tests	2026-06-22T17:43:22.9551073Z [0m[[0m[0minfo[0m] [0m[0m[32mCohereClientSpec:[0m[0m
Test (ubuntu-latest, 21)	Run tests	2026-06-22T17:43:22.9552920Z [0m[[0m[0minfo[0m] [0m[0m[32mCohereClient.complete[0m[0m
Test (ubuntu-latest, 21)	Run tests	2026-06-22T17:43:23.0359527Z [0m[[0m[0minfo[0m] [0m[0m[32m- should parse a successful v2 response[0m[0m
Test (ubuntu-latest, 21)	Run tests	2026-06-22T17:43:23.0409497Z [0m[[0m[0minfo[0m] [0m[0m[32m- should pick the first non-empty text element from message.content[0m[0m
Test (ubuntu-latest, 21)	Run tests	2026-06-22T17:43:23.0467436Z [0m[[0m[0minfo[0m] [0m[0m[32m- should fail with ValidationError when required text is missing[0m[0m
Test (ubuntu-latest, 21)	Run tests	2026-06-22T17:43:23.0560164Z [0m[[0m[0minfo[0m] [0m[0m[32m- should map HTTP 401 to AuthenticationError[0m[0m
Test (ubuntu-latest, 21)	Run tests	2026-06-22T17:43:23.0645266Z [0m[[0m[0minfo[0m] [0m[0m[32m- should map HTTP 429 to RateLimitError[0m[0m
Test (ubuntu-latest, 21)	Run tests	2026-06-22T17:43:23.0700766Z [0m[[0m[0minfo[0m] [0m[0m[32m- should map HTTP 5xx to ServiceError[0m[0m
Test (ubuntu-latest, 21)	Run tests	2026-06-22T17:43:23.0746839Z [0m[[0m[0minfo[0m] [0m[0m[32m- should record provider exchanges when logging is enabled[0m[0m
Test (ubuntu-latest, 21)	Run tests	2026-06-22T17:43:23.0781316Z [0m[[0m[0minfo[0m] [0m[0m[32mTypedAgentSpec:[0m[0m
Test (ubuntu-latest, 21)	Run tests	2026-06-22T17:43:23.0782570Z [0m[[0m[0minfo[0m] [0m[0m[32mTypedAgent.fromFunction[0m[0m
Test (ubuntu-latest, 21)	Run tests	2026-06-22T17:43:23.0816212Z [0m[[0m[0minfo[0m] [0m[0m[32m- should create a working functional agent[0m[0m
Test (ubuntu-latest, 21)	Run tests	2026-06-22T17:43:23.0817560Z [0m[[0m[0minfo[0m] [0m[0m[32mTypedAgent.fromUnsafeFunction[0m[0m
Test (ubuntu-latest, 21)	Run tests	2026-06-22T17:43:23.0826560Z [0m[[0m[0minfo[0m] [0m[0m[32m- should handle exceptions safely[0m[0m
Test (ubuntu-latest, 21)	Run tests	2026-06-22T17:43:23.0828608Z [0m[[0m[0minfo[0m] [0m[0m[32mTypedAgent.fromFuture[0m[0m
Test (ubuntu-latest, 21)	Run tests	2026-06-22T17:43:23.0840855Z [0m[[0m[0minfo[0m] [0m[0m[32m- should handle Future operations properly[0m[0m
Test (ubuntu-latest, 21)	Run tests	2026-06-22T17:43:23.0843559Z [0m[[0m[0minfo[0m] [0m[0m[32mTypedAgent.fromFuture[0m[0m
Test (ubuntu-latest, 21)	Run tests	2026-06-22T17:43:23.0858080Z [0m[[0m[0minfo[0m] [0m[0m[32m- should handle Future failures[0m[0m
Test (ubuntu-latest, 21)	Run tests	2026-06-22T17:43:23.0860367Z [0m[[0m[0minfo[0m] [0m[0m[32mTypedAgent.constant[0m[0m
Test (ubuntu-latest, 21)	Run tests	2026-06-22T17:43:23.0866882Z [0m[[0m[0minfo[0m] [0m[0m[32m- should always return the same value[0m[0m
Test (ubuntu-latest, 21)	Run tests	2026-06-22T17:43:23.0869283Z [0m[[0m[0minfo[0m] [0m[0m[32mTypedAgent.simpleFailure[0m[0m
Test (ubuntu-latest, 21)	Run tests	2026-06-22T17:43:23.0875657Z [0m[[0m[0minfo[0m] [0m[0m[32m- should always fail with the specified error[0m[0m
Test (ubuntu-latest, 21)	Run tests	2026-06-22T17:43:23.0878132Z [0m[[0m[0minfo[0m] [0m[0m[32mTypedAgent composition[0m[0m
Test (ubuntu-latest, 21)	Run tests	2026-06-22T17:43:23.0887388Z [0m[[0m[0minfo[0m] [0m[0m[32m- should work with different input/output types[0m[0m
Test (ubuntu-latest, 21)	Run tests	2026-06-22T17:43:23.0889812Z [0m[[0m[0minfo[0m] [0m[0m[32mTypedAgent with long-running operation[0m[0m
Test (ubuntu-latest, 21)	Run tests	2026-06-22T17:43:23.1903049Z [0m[[0m[0minfo[0m] [0m[0m[32m- should complete eventually[0m[0m
Test (ubuntu-latest, 21)	Run tests	2026-06-22T17:43:23.1923759Z [0m[[0m[0minfo[0m] [0m[0m[32mZaiClientClosedStateTest:[0m[0m
Test (ubuntu-latest, 21)	Run tests	2026-06-22T17:43:23.1930711Z [0m[[0m[0minfo[0m] [0m[0m[32mZaiClient[0m[0m
Test (ubuntu-latest, 21)	Run tests	2026-06-22T17:43:23.2325883Z [0m[[0m[0minfo[0m] [0m[0m[32m- should return ConfigurationError when complete() is called after close()[0m[0m
Test (ubuntu-latest, 21)	Run tests	2026-06-22T17:43:23.2331801Z [0m[[0m[0minfo[0m] [0m[0m[32m- should return ConfigurationError when streamComplete() is called after close()[0m[0m
Test (ubuntu-latest, 21)	Run tests	2026-06-22T17:43:23.2341396Z [0m[[0m[0minfo[0m] [0m[0m[32m- should allow close() to be called multiple times (idempotent)[0m[0m
Test (ubuntu-latest, 21)	Run tests	2026-06-22T17:43:23.2347836Z [0m[[0m[0minfo[0m] [0m[0m[32m- should include model name in the closed error message[0m[0m
Test (ubuntu-latest, 21)	Run tests	2026-06-22T17:43:23.2373295Z [0m[[0m[0minfo[0m] [0m[0m[32mHandoffSpec:[0m[0m
Test (ubuntu-latest, 21)	Run tests	2026-06-22T17:43:23.2376901Z [0m[[0m[0minfo[0m] [0m[0m[32mHandoff[0m[0m
Test (ubuntu-latest, 21)	Run tests	2026-06-22T17:43:23.2390244Z [0m[[0m[0minfo[0m] [0m[0m[32m- should create with target agent[0m[0m
Test (ubuntu-latest, 21)	Run tests	2026-06-22T17:43:23.2391366Z [0m[[0m[0minfo[0m] [0m[0m[32m- should create with reason[0m[0m
Test (ubuntu-latest, 21)	Run tests	2026-06-22T17:43:23.2396024Z [0m[[0m[0minfo[0m] [0m[0m[32m- should generate unique handoff ID[0m[0m
Test (ubuntu-latest, 21)	Run tests	2026-06-22T17:43:23.2397166Z [0m[[0m[0minfo[0m] [0m[0m[32m- should generate handoff ID with correct format[0m[0m
Test (ubuntu-latest, 21)	Run tests	2026-06-22T17:43:23.2398495Z [0m[[0m[0minfo[0m] [0m[0m[32m- should generate human-readable name with reason[0m[0m
Test (ubuntu-latest, 21)	Run tests	2026-06-22T17:43:23.2400073Z [0m[[0m[0minfo[0m] [0m[0m[32m- should generate human-readable name without reason[0m[0m
Test (ubuntu-latest, 21)	Run tests	2026-06-22T17:43:23.2405111Z [0m[[0m[0minfo[0m] [0m[0m[32mHandoff companion object[0m[0m
Test (ubuntu-latest, 21)	Run tests	2026-06-22T17:43:23.2406447Z [0m[[0m[0minfo[0m] [0m[0m[32m- should create simple handoff with to()[0m[0m
Test (ubuntu-latest, 21)	Run tests	2026-06-22T17:43:23.2408039Z [0m[[0m[0minfo[0m] [0m[0m[32m- should create handoff with reason using to(agent, reason)[0m[0m
Test (ubuntu-latest, 21)	Run tests	2026-06-22T17:43:23.2409568Z [0m[[0m[0minfo[0m] [0m[0m[32mHandoffRequested status[0m[0m
Test (ubuntu-latest, 21)	Run tests	2026-06-22T17:43:23.2413322Z [0m[[0m[0minfo[0m] [0m[0m[32m- should contain handoff and reason[0m[0m
Test (ubuntu-latest, 21)	Run tests	2026-06-22T17:43:23.2415252Z [0m[[0m[0minfo[0m] [0m[0m[32m- should serialize without target agent reference[0m[0m
Test (ubuntu-latest, 21)	Run tests	2026-06-22T17:43:23.2428784Z [0m[[0m[0minfo[0m] [0m[0m[32mVertexAIClientClosedStateTest:[0m[0m
Test (ubuntu-latest, 21)	Run tests	2026-06-22T17:43:23.2429890Z [0m[[0m[0minfo[0m] [0m[0m[32mVertexAIClient[0m[0m
Test (ubuntu-latest, 21)	Run tests	2026-06-22T17:43:23.2842698Z [0m[[0m[0minfo[0m] [0m[0m[32m- should return ConfigurationError when complete() is called after close()[0m[0m
Test (ubuntu-latest, 21)	Run tests	2026-06-22T17:43:23.2853016Z [0m[[0m[0minfo[0m] [0m[0m[32m- should return ConfigurationError when streamComplete() is called after close()[0m[0m
Test (ubuntu-latest, 21)	Run tests	2026-06-22T17:43:23.2859498Z [0m[[0m[0minfo[0m] [0m[0m[32m- should allow close() to be called multiple times (idempotent)[0m[0m
Test (ubuntu-latest, 21)	Run tests	2026-06-22T17:43:23.2865032Z [0m[[0m[0minfo[0m] [0m[0m[32m- should include model name in the closed error message[0m[0m
Test (ubuntu-latest, 21)	Run tests	2026-06-22T17:43:23.2920604Z [0m[[0m[0minfo[0m] [0m[0m[32mAgentToolFailureTest:[0m[0m
Test (ubuntu-latest, 21)	Run tests	2026-06-22T17:43:23.2924762Z [0m[[0m[0minfo[0m] [0m[0m[32mAgent[0m[0m
Test (ubuntu-latest, 21)	Run tests	2026-06-22T17:43:23.2966008Z [0m[[0m[0minfo[0m] [0m[0m[32m- should handle tool execution failures gracefully without creating empty messages[0m[0m
Test (ubuntu-latest, 21)	Run tests	2026-06-22T17:43:23.2968120Z [0m[[0m[0minfo[0m] [0m[0m[32mAgent[0m[0m
Test (ubuntu-latest, 21)	Run tests	2026-06-22T17:43:23.2997766Z [0m[[0m[0minfo[0m] [0m[0m[32m- should handle tool execution with empty error messages[0m[0m
Test (ubuntu-latest, 21)	Run tests	2026-06-22T17:43:23.2999005Z [0m[[0m[0minfo[0m] [0m[0m[32mAgent[0m[0m
Test (ubuntu-latest, 21)	Run tests	2026-06-22T17:43:23.3037070Z [0m[[0m[0minfo[0m] [0m[0m[32m- should handle tool execution errors with special characters[0m[0m
Test (ubuntu-latest, 21)	Run tests	2026-06-22T17:43:23.3038094Z [0m[[0m[0minfo[0m] [0m[0m[32mAgent[0m[0m
Test (ubuntu-latest, 21)	Run tests	2026-06-22T17:43:23.3062051Z [0m[[0m[0minfo[0m] [0m[0m[32m- should produce structured JSON with errorType null_arguments[0m[0m
Test (ubuntu-latest, 21)	Run tests	2026-06-22T17:43:23.3064072Z [0m[[0m[0minfo[0m] [0m[0m[32mAgent[0m[0m
Test (ubuntu-latest, 21)	Run tests	2026-06-22T17:43:23.3089131Z [0m[[0m[0minfo[0m] [0m[0m[32m- should produce structured JSON with errorType handler_error[0m[0m
Test (ubuntu-latest, 21)	Run tests	2026-06-22T17:43:23.3095849Z [0m[[0m[0minfo[0m] [0m[0m[32mAgent[0m[0m
Test (ubuntu-latest, 21)	Run tests	2026-06-22T17:43:23.3112039Z [0m[[0m[0minfo[0m] [0m[0m[32m- should always include legacy error field for backward compatibility[0m[0m
Test (ubuntu-latest, 21)	Run tests	2026-06-22T17:43:23.3115444Z [0m[[0m[0minfo[0m] [0m[0m[32mAgent[0m[0m
Test (ubuntu-latest, 21)	Run tests	2026-06-22T17:43:23.3142856Z [0m[[0m[0minfo[0m] [0m[0m[32m- should produce valid JSON without double-escaping special characters[0m[0m
Test (ubuntu-latest, 21)	Run tests	2026-06-22T17:43:23.3143851Z [0m[[0m[0minfo[0m] [0m[0m[32mAgent[0m[0m
Test (ubuntu-latest, 21)	Run tests	2026-06-22T17:43:23.3170456Z [0m[[0m[0minfo[0m] [0m[0m[32m- should pass ToolMessage validation with structured error content[0m[0m
Test (ubuntu-latest, 21)	Run tests	2026-06-22T17:43:23.3171617Z [0m[[0m[0minfo[0m] [0m[0m[32mToolCallErrorJson[0m[0m
Test (ubuntu-latest, 21)	Run tests	2026-06-22T17:43:23.3173782Z [0m[[0m[0minfo[0m] [0m[0m[32m- should serialize UnknownFunction correctly[0m[0m
Test (ubuntu-latest, 21)	Run tests	2026-06-22T17:43:23.3178359Z [0m[[0m[0minfo[0m] [0m[0m[32mToolCallErrorJson[0m[0m
Test (ubuntu-latest, 21)	Run tests	2026-06-22T17:43:23.3186267Z [0m[[0m[0minfo[0m] [0m[0m[32m- should serialize NullArguments correctly[0m[0m
Test (ubuntu-latest, 21)	Run tests	2026-06-22T17:43:23.3187170Z [0m[[0m[0minfo[0m] [0m[0m[32mToolCallErrorJson[0m[0m
Test (ubuntu-latest, 21)	Run tests	2026-06-22T17:43:23.3190853Z [0m[[0m[0minfo[0m] [0m[0m[32m- should serialize InvalidArguments with parameterErrors[0m[0m
Test (ubuntu-latest, 21)	Run tests	2026-06-22T17:43:23.3193477Z [0m[[0m[0minfo[0m] [0m[0m[32mToolCallErrorJson[0m[0m
Test (ubuntu-latest, 21)	Run tests	2026-06-22T17:43:23.3194424Z [0m[[0m[0minfo[0m] [0m[0m[32m- should serialize HandlerError correctly[0m[0m
Test (ubuntu-latest, 21)	Run tests	2026-06-22T17:43:23.3196449Z [0m[[0m[0minfo[0m] [0m[0m[32mToolCallErrorJson[0m[0m
Test (ubuntu-latest, 21)	Run tests	2026-06-22T17:43:23.3203201Z [0m[[0m[0minfo[0m] [0m[0m[32m- should serialize ExecutionError with exceptionType[0m[0m
Test (ubuntu-latest, 21)	Run tests	2026-06-22T17:43:23.3215615Z [0m[[0m[0minfo[0m] [0m[0m[32mToolCallErrorJson[0m[0m
Test (ubuntu-latest, 21)	Run tests	2026-06-22T17:43:23.3216651Z [0m[[0m[0minfo[0m] [0m[0m[32m- should flatten MultipleErrors into parameterErrors array[0m[0m
Test (ubuntu-latest, 21)	Run tests	2026-06-22T17:43:23.3217669Z [0m[[0m[0minfo[0m] [0m[0m[32mToolCallErrorJson[0m[0m
Test (ubuntu-latest, 21)	Run tests	2026-06-22T17:43:23.3218540Z [0m[[0m[0minfo[0m] [0m[0m[32m- should handle NullParameter correctly[0m[0m
Test (ubuntu-latest, 21)	Run tests	2026-06-22T17:43:23.3219419Z [0m[[0m[0minfo[0m] [0m[0m[32mToolCallErrorJson[0m[0m
Test (ubuntu-latest, 21)	Run tests	2026-06-22T17:43:23.3224004Z [0m[[0m[0minfo[0m] [0m[0m[32m- should handle InvalidNesting correctly[0m[0m
Test (ubuntu-latest, 21)	Run tests	2026-06-22T17:43:23.3225173Z [0m[[0m[0minfo[0m] [0m[0m[32mToolCallErrorJson[0m[0m
Test (ubuntu-latest, 21)	Run tests	2026-06-22T17:43:23.3226254Z [0m[[0m[0minfo[0m] [0m[0m[32m- should handle MissingParameter without available parameters[0m[0m
Test (ubuntu-latest, 21)	Run tests	2026-06-22T17:43:23.3227501Z [0m[[0m[0minfo[0m] [0m[0m[32mToolCallErrorJson.parameterErrorToJson[0m[0m
Test (ubuntu-latest, 21)	Run tests	2026-06-22T17:43:23.3228518Z [0m[[0m[0minfo[0m] [0m[0m[32m- should handle MultipleErrors directly[0m[0m
Test (ubuntu-latest, 21)	Run tests	2026-06-22T17:43:23.3229479Z [0m[[0m[0minfo[0m] [0m[0m[32mMissingParameter.getMessage[0m[0m
Test (ubuntu-latest, 21)	Run tests	2026-06-22T17:43:23.3230806Z [0m[[0m[0minfo[0m] [0m[0m[32m- should include available parameters when present[0m[0m
Test (ubuntu-latest, 21)	Run tests	2026-06-22T17:43:23.3231839Z [0m[[0m[0minfo[0m] [0m[0m[32mMissingParameter.getMessage[0m[0m
Test (ubuntu-latest, 21)	Run tests	2026-06-22T17:43:23.3232883Z [0m[[0m[0minfo[0m] [0m[0m[32m- should not include available hint when list is empty[0m[0m
Test (ubuntu-latest, 21)	Run tests	2026-06-22T17:43:23.3233860Z [0m[[0m[0minfo[0m] [0m[0m[32mAgent.runWithEvents[0m[0m
Test (ubuntu-latest, 21)	Run tests	2026-06-22T17:43:23.3256177Z [0m[[0m[0minfo[0m] [0m[0m[32m- should emit ToolCallFailed event when tool execution fails[0m[0m
Test (ubuntu-latest, 21)	Run tests	2026-06-22T17:43:23.3327180Z [0m[[0m[0minfo[0m] [0m[0m[32mSQLiteKeywordIndexSpec:[0m[0m
Test (ubuntu-latest, 21)	Run tests	2026-06-22T17:43:23.3328377Z [0m[[0m[0minfo[0m] [0m[0m[32mSQLiteKeywordIndex BM25 scoring[0m[0m
Test (ubuntu-latest, 21)	Run tests	2026-06-22T17:43:23.3356229Z [0m[[0m[0minfo[0m] [0m[0m[32m- should correctly rank results using BM25 scoring with term frequency[0m[0m
Test (ubuntu-latest, 21)	Run tests	2026-06-22T17:43:23.3389646Z [0m[[0m[0minfo[0m] [0m[0m[32m- should correctly handle inverse document frequency (rare terms score higher)[0m[0m
Test (ubuntu-latest, 21)	Run tests	2026-06-22T17:43:23.3415520Z [0m[[0m[0minfo[0m] [0m[0m[32m- should apply document length normalization[0m[0m
Test (ubuntu-latest, 21)	Run tests	2026-06-22T17:43:23.3436573Z [0m[[0m[0minfo[0m] [0m[0m[32m- should correctly combine scores for multi-term queries[0m[0m
Test (ubuntu-latest, 21)	Run tests	2026-06-22T17:43:23.3478369Z [0m[[0m[0minfo[0m] [0m[0m[32m- should handle queries with varying term frequencies across documents[0m[0m
Test (ubuntu-latest, 21)	Run tests	2026-06-22T17:43:23.3481255Z [0m[[0m[0minfo[0m] [0m[0m[32m- should return empty results for non-matching queries[0m[0m
Test (ubuntu-latest, 21)	Run tests	2026-06-22T17:43:23.3515230Z [0m[[0m[0minfo[0m] [0m[0m[32m- should respect topK limit in BM25 ranked results[0m[0m
Test (ubuntu-latest, 21)	Run tests	2026-06-22T17:43:23.3525081Z [0m[[0m[0minfo[0m] [0m[0m[32m- should handle empty index gracefully[0m[0m
Test (ubuntu-latest, 21)	Run tests	2026-06-22T17:43:23.3543915Z [0m[[0m[0minfo[0m] [0m[0m[32m- should handle single document index[0m[0m
Test (ubuntu-latest, 21)	Run tests	2026-06-22T17:43:23.3577428Z [0m[[0m[0minfo[0m] [0m[0m[32m- should maintain score consistency across identical queries[0m[0m
Test (ubuntu-latest, 21)	Run tests	2026-06-22T17:43:23.3595968Z [0m[[0m[0minfo[0m] [0m[0m[32mToolCallDeserializerSpec:[0m[0m
Test (ubuntu-latest, 21)	Run tests	2026-06-22T17:43:23.3607680Z [0m[[0m[0minfo[0m] [0m[0m[32m- StandardToolCallDeserializer should parse standard format tool calls[0m[0m
Test (ubuntu-latest, 21)	Run tests	2026-06-22T17:43:23.3610015Z [0m[[0m[0minfo[0m] [0m[0m[32m- StandardToolCallDeserializer should parse multiple tool calls[0m[0m
Test (ubuntu-latest, 21)	Run tests	2026-06-22T17:43:23.3614469Z [0m[[0m[0minfo[0m] [0m[0m[32m- OpenRouterToolCallDeserializer should parse nested array format[0m[0m
Test (ubuntu-latest, 21)	Run tests	2026-06-22T17:43:23.3616943Z [0m[[0m[0minfo[0m] [0m[0m[32m- StandardToolCallDeserializer should handle empty array[0m[0m
Test (ubuntu-latest, 21)	Run tests	2026-06-22T17:43:23.3620609Z [0m[[0m[0minfo[0m] [0m[0m[32m- OpenRouterToolCallDeserializer should handle empty nested array[0m[0m
Test (ubuntu-latest, 21)	Run tests	2026-06-22T17:43:23.3622947Z [0m[[0m[0minfo[0m] [0m[0m[32m- StandardToolCallDeserializer should parse complex arguments[0m[0m
Test (ubuntu-latest, 21)	Run tests	2026-06-22T17:43:23.3640602Z [0m[[0m[0minfo[0m] [0m[0m[32mMetricsConfigLoaderSpec:[0m[0m
Test (ubuntu-latest, 21)	Run tests	2026-06-22T17:43:23.3666144Z [0m[[0m[0minfo[0m] [0m[0m[32m- MetricsConfigLoader creates noop collector when metrics disabled[0m[0m
Test (ubuntu-latest, 21)	Run tests	2026-06-22T17:43:23.3736160Z [0m[[0m[0minfo[0m] [0m[0m[32m- MetricsConfigLoader creates prometheus collector when enabled[0m[0m
Test (ubuntu-latest, 21)	Run tests	2026-06-22T17:43:23.3737859Z [0m[[0m[0minfo[0m] [0m[0m[32m- MetricsConfigLoader handles missing config gracefully[0m[0m
Test (ubuntu-latest, 21)	Run tests	2026-06-22T17:43:23.4180392Z [0m[[0m[0minfo[0m] [0m[0m[32mAnthropicClientMessageBuildingTest:[0m[0m
Test (ubuntu-latest, 21)	Run tests	2026-06-22T17:43:23.4182665Z [0m[[0m[0minfo[0m] [0m[0m[32maddMessagesToParams[0m[0m
Test (ubuntu-latest, 21)	Run tests	2026-06-22T17:43:23.5424495Z [0m[[0m[0minfo[0m] [0m[0m[32m- should inject the default system prompt when the conversation has no SystemMessage[0m[0m
Test (ubuntu-latest, 21)	Run tests	2026-06-22T17:43:23.5427902Z [0m[[0m[0minfo[0m] [0m[0m[32m- should use an explicit SystemMessage instead of the default[0m[0m
Test (ubuntu-latest, 21)	Run tests	2026-06-22T17:43:23.5434247Z [0m[[0m[0minfo[0m] [0m[0m[32m- should not duplicate the system prompt when a SystemMessage is present[0m[0m
Test (ubuntu-latest, 21)	Run tests	2026-06-22T17:43:23.5436593Z [0m[[0m[0minfo[0m] [0m[0m[32m- should include a UserMessage in the messages list[0m[0m
Test (ubuntu-latest, 21)	Run tests	2026-06-22T17:43:23.5439715Z [0m[[0m[0minfo[0m] [0m[0m[32m- should include an AssistantMessage without tool calls as an assistant turn[0m[0m
Test (ubuntu-latest, 21)	Run tests	2026-06-22T17:43:23.5453836Z [0m[[0m[0minfo[0m] [0m[0m[32m- should skip an AssistantMessage that carries pending tool calls[0m[0m
Test (ubuntu-latest, 21)	Run tests	2026-06-22T17:43:23.5461151Z [0m[[0m[0minfo[0m] [0m[0m[32m- should convert a ToolMessage to a user turn with the [Tool result for ΓÇª] prefix[0m[0m
Test (ubuntu-latest, 21)	Run tests	2026-06-22T17:43:23.5465440Z [0m[[0m[0minfo[0m] [0m[0m[32m- should preserve the exact toolCallId in the ToolMessage prefix[0m[0m
Test (ubuntu-latest, 21)	Run tests	2026-06-22T17:43:23.5467793Z [0m[[0m[0minfo[0m] [0m[0m[32m- should handle multiple ToolMessages in one turn, each with its own prefix[0m[0m
Test (ubuntu-latest, 21)	Run tests	2026-06-22T17:43:23.5469529Z [0m[[0m[0minfo[0m] [0m[0m[32m- should handle a complete tool-call round-trip correctly[0m[0m
Test (ubuntu-latest, 21)	Run tests	2026-06-22T17:43:23.5477015Z [0m[[0m[0minfo[0m] [0m[0m[32m- should handle a multi-turn conversation with no tool calls[0m[0m
Test (ubuntu-latest, 21)	Run tests	2026-06-22T17:43:23.5482603Z [0m[[0m[0minfo[0m] [0m[0m[32mclampBudgetTokens[0m[0m
Test (ubuntu-latest, 21)	Run tests	2026-06-22T17:43:23.5484643Z [0m[[0m[0minfo[0m] [0m[0m[32m- should clamp a budget below the minimum (1024) up to 1024[0m[0m
Test (ubuntu-latest, 21)	Run tests	2026-06-22T17:43:23.5486276Z [0m[[0m[0minfo[0m] [0m[0m[32m- should clamp a zero budget up to 1024[0m[0m
Test (ubuntu-latest, 21)	Run tests	2026-06-22T17:43:23.5487851Z [0m[[0m[0minfo[0m] [0m[0m[32m- should clamp a budget that exceeds maxTokens - 1 down to maxTokens - 1[0m[0m
Test (ubuntu-latest, 21)	Run tests	2026-06-22T17:43:23.5489745Z [0m[[0m[0minfo[0m] [0m[0m[32m- should clamp a budget equal to maxTokens down to maxTokens - 1[0m[0m
Test (ubuntu-latest, 21)	Run tests	2026-06-22T17:43:23.5491360Z [0m[[0m[0minfo[0m] [0m[0m[32m- should pass through a budget that is within the valid range[0m[0m
Test (ubuntu-latest, 21)	Run tests	2026-06-22T17:43:23.5492902Z [0m[[0m[0minfo[0m] [0m[0m[32m- should accept a budget exactly at the lower bound (1024)[0m[0m
Test (ubuntu-latest, 21)	Run tests	2026-06-22T17:43:23.5494564Z [0m[[0m[0minfo[0m] [0m[0m[32m- should accept a budget exactly at the upper bound (maxTokens - 1)[0m[0m
Test (ubuntu-latest, 21)	Run tests	2026-06-22T17:43:23.5496486Z [0m[[0m[0minfo[0m] [0m[0m[32m- should work correctly with a large maxTokens value[0m[0m
Test (ubuntu-latest, 21)	Run tests	2026-06-22T17:43:23.5546560Z [0m[[0m[0minfo[0m] [0m[0m[32mRAGASTypesSpec:[0m[0m
Test (ubuntu-latest, 21)	Run tests	2026-06-22T17:43:23.5556253Z [0m[[0m[0minfo[0m] [0m[0m[32mEvalSample[0m[0m
Test (ubuntu-latest, 21)	Run tests	2026-06-22T17:43:23.5557534Z [0m[[0m[0minfo[0m] [0m[0m[32m- should create with required fields[0m[0m
Test (ubuntu-latest, 21)	Run tests	2026-06-22T17:43:23.5560303Z [0m[[0m[0minfo[0m] [0m[0m[32m- should create with all fields[0m[0m
Test (ubuntu-latest, 21)	Run tests	2026-06-22T17:43:23.5561741Z [0m[[0m[0minfo[0m] [0m[0m[32m- should allow empty contexts[0m[0m
Test (ubuntu-latest, 21)	Run tests	2026-06-22T17:43:23.5567430Z [0m[[0m[0minfo[0m] [0m[0m[32m- should reject empty question[0m[0m
Test (ubuntu-latest, 21)	Run tests	2026-06-22T17:43:23.5571097Z [0m[[0m[0minfo[0m] [0m[0m[32m- should reject empty answer[0m[0m
Test (ubuntu-latest, 21)	Run tests	2026-06-22T17:43:23.5572248Z [0m[[0m[0minfo[0m] [0m[0m[32mMetricResult[0m[0m
Test (ubuntu-latest, 21)	Run tests	2026-06-22T17:43:23.5574550Z [0m[[0m[0minfo[0m] [0m[0m[32m- should create with valid score[0m[0m
Test (ubuntu-latest, 21)	Run tests	2026-06-22T17:43:23.5576039Z [0m[[0m[0minfo[0m] [0m[0m[32m- should accept score of 0.0[0m[0m
Test (ubuntu-latest, 21)	Run tests	2026-06-22T17:43:23.5578925Z [0m[[0m[0minfo[0m] [0m[0m[32m- should accept score of 1.0[0m[0m
Test (ubuntu-latest, 21)	Run tests	2026-06-22T17:43:23.5582050Z [0m[[0m[0minfo[0m] [0m[0m[32m- should reject score below 0.0[0m[0m
Test (ubuntu-latest, 21)	Run tests	2026-06-22T17:43:23.5584006Z [0m[[0m[0minfo[0m] [0m[0m[32m- should reject score above 1.0[0m[0m
Test (ubuntu-latest, 21)	Run tests	2026-06-22T17:43:23.5585504Z [0m[[0m[0minfo[0m] [0m[0m[32m- should include details map[0m[0m
Test (ubuntu-latest, 21)	Run tests	2026-06-22T17:43:23.5587169Z [0m[[0m[0minfo[0m] [0m[0m[32mEvalResult[0m[0m
Test (ubuntu-latest, 21)	Run tests	2026-06-22T17:43:23.5590411Z [0m[[0m[0minfo[0m] [0m[0m[32m- should compute getMetric correctly[0m[0m
Test (ubuntu-latest, 21)	Run tests	2026-06-22T17:43:23.5592061Z [0m[[0m[0minfo[0m] [0m[0m[32m- should check metricPassed with threshold[0m[0m
Test (ubuntu-latest, 21)	Run tests	2026-06-22T17:43:23.5596454Z [0m[[0m[0minfo[0m] [0m[0m[32m- should handle empty metrics list[0m[0m
Test (ubuntu-latest, 21)	Run tests	2026-06-22T17:43:23.5597932Z [0m[[0m[0minfo[0m] [0m[0m[32mEvalSummary[0m[0m
Test (ubuntu-latest, 21)	Run tests	2026-06-22T17:43:23.5606876Z [0m[[0m[0minfo[0m] [0m[0m[32m- should filter low-scoring samples by threshold[0m[0m
Test (ubuntu-latest, 21)	Run tests	2026-06-22T17:43:23.5611222Z [0m[[0m[0minfo[0m] [0m[0m[32m- should filter low-scoring samples by specific metric[0m[0m
Test (ubuntu-latest, 21)	Run tests	2026-06-22T17:43:23.5615545Z [0m[[0m[0minfo[0m] [0m[0m[32m- should handle empty results[0m[0m
Test (ubuntu-latest, 21)	Run tests	2026-06-22T17:43:23.5618590Z [0m[[0m[0minfo[0m] [0m[0m[32mClaimVerification[0m[0m
Test (ubuntu-latest, 21)	Run tests	2026-06-22T17:43:23.5621120Z [0m[[0m[0minfo[0m] [0m[0m[32m- should create with supported claim[0m[0m
Test (ubuntu-latest, 21)	Run tests	2026-06-22T17:43:23.5623706Z [0m[[0m[0minfo[0m] [0m[0m[32m- should create with unsupported claim and no evidence[0m[0m
Test (ubuntu-latest, 21)	Run tests	2026-06-22T17:43:23.5625880Z [0m[[0m[0minfo[0m] [0m[0m[32mEvaluationError[0m[0m
Test (ubuntu-latest, 21)	Run tests	2026-06-22T17:43:23.5627054Z [0m[[0m[0minfo[0m] [0m[0m[32m- should create with message[0m[0m
Test (ubuntu-latest, 21)	Run tests	2026-06-22T17:43:23.5628375Z [0m[[0m[0minfo[0m] [0m[0m[32m- should create missing input error[0m[0m
Test (ubuntu-latest, 21)	Run tests	2026-06-22T17:43:23.5634654Z [0m[[0m[0minfo[0m] [0m[0m[32m- should create parse error[0m[0m
Test (ubuntu-latest, 21)	Run tests	2026-06-22T17:43:23.5636054Z [0m[[0m[0minfo[0m] [0m[0m[32mEvaluatorOptions[0m[0m
Test (ubuntu-latest, 21)	Run tests	2026-06-22T17:43:23.5637175Z [0m[[0m[0minfo[0m] [0m[0m[32m- should have sensible defaults[0m[0m
Test (ubuntu-latest, 21)	Run tests	2026-06-22T17:43:23.5638350Z [0m[[0m[0minfo[0m] [0m[0m[32m- should allow customization[0m[0m
Test (ubuntu-latest, 21)	Run tests	2026-06-22T17:43:23.5655077Z [0m[[0m[0minfo[0m] [0m[0m[32mLLMCompressorSpec:[0m[0m
Test (ubuntu-latest, 21)	Run tests	2026-06-22T17:43:23.5657432Z [0m[[0m[0minfo[0m] [0m[0m[32mLLMCompressor.squeezeDigest[0m[0m
Test (ubuntu-latest, 21)	Run tests	2026-06-22T17:43:23.5677096Z [0m[[0m[0minfo[0m] [0m[0m[32m- should skip compression when no HISTORY_SUMMARY messages present[0m[0m
Test (ubuntu-latest, 21)	Run tests	2026-06-22T17:43:23.5683691Z [0m[[0m[0minfo[0m] [0m[0m[32m- should skip compression when digests already within cap[0m[0m
Test (ubuntu-latest, 21)	Run tests	2026-06-22T17:43:23.5727800Z [0m[[0m[0minfo[0m] [0m[0m[32m- should preserve non-HISTORY_SUMMARY messages[0m[0m
Test (ubuntu-latest, 21)	Run tests	2026-06-22T17:43:23.5738144Z [0m[[0m[0minfo[0m] [0m[0m[32m- should compress HISTORY_SUMMARY messages when over cap[0m[0m
Test (ubuntu-latest, 21)	Run tests	2026-06-22T17:43:23.5745909Z [0m[[0m[0minfo[0m] [0m[0m[32mLLMCompressor[0m[0m
Test (ubuntu-latest, 21)	Run tests	2026-06-22T17:43:23.5747278Z [0m[[0m[0minfo[0m] [0m[0m[32m- should handle empty message list[0m[0m
Test (ubuntu-latest, 21)	Run tests	2026-06-22T17:43:23.5748894Z [0m[[0m[0minfo[0m] [0m[0m[32m- should handle single HISTORY_SUMMARY message[0m[0m
Test (ubuntu-latest, 21)	Run tests	2026-06-22T17:43:23.5750693Z [0m[[0m[0minfo[0m] [0m[0m[32m- should handle multiple HISTORY_SUMMARY messages[0m[0m
Test (ubuntu-latest, 21)	Run tests	2026-06-22T17:43:23.5766638Z [0m[[0m[0minfo[0m] [0m[0m[32mTracingConfigSpec:[0m[0m
Test (ubuntu-latest, 21)	Run tests	2026-06-22T17:43:23.5769532Z [0m[[0m[0minfo[0m] [0m[0m[32mLlm4sConfig.tracing (Langfuse settings)[0m[0m
Test (ubuntu-latest, 21)	Run tests	2026-06-22T17:43:23.5881649Z [0m[[0m[0minfo[0m] [0m[0m[32m- should provide defaults when not configured[0m[0m
Test (ubuntu-latest, 21)	Run tests	2026-06-22T17:43:23.5966339Z [0m[[0m[0minfo[0m] [0m[0m[32m- should load overridden values from -D llm4s.tracing.langfuse.*[0m[0m
Test (ubuntu-latest, 21)	Run tests	2026-06-22T17:43:23.5986837Z [0m[[0m[0minfo[0m] [0m[0m[32mVoyageAIEmbeddingProviderSpec:[0m[0m
Test (ubuntu-latest, 21)	Run tests	2026-06-22T17:43:23.5988154Z [0m[[0m[0minfo[0m] [0m[0m[32mVoyageAIEmbeddingProvider[0m[0m
Test (ubuntu-latest, 21)	Run tests	2026-06-22T17:43:23.6015930Z [0m[[0m[0minfo[0m] [0m[0m[32m- should parse a successful embedding response with two vectors[0m[0m
Test (ubuntu-latest, 21)	Run tests	2026-06-22T17:43:23.6026175Z [0m[[0m[0minfo[0m] [0m[0m[32m- should return embeddings in the correct order for multiple inputs[0m[0m
Test (ubuntu-latest, 21)	Run tests	2026-06-22T17:43:23.6035257Z [0m[[0m[0minfo[0m] [0m[0m[32m- should include model metadata in the response[0m[0m
Test (ubuntu-latest, 21)	Run tests	2026-06-22T17:43:23.6043984Z [0m[[0m[0minfo[0m] [0m[0m[32m- should return EmbeddingError with code '401' on HTTP 401[0m[0m
Test (ubuntu-latest, 21)	Run tests	2026-06-22T17:43:23.6052057Z [0m[[0m[0minfo[0m] [0m[0m[32m- should return EmbeddingError with code '500' on HTTP 500[0m[0m
Test (ubuntu-latest, 21)	Run tests	2026-06-22T17:43:23.6062527Z [0m[[0m[0minfo[0m] [0m[0m[32m- should return EmbeddingError on malformed JSON response[0m[0m
Test (ubuntu-latest, 21)	Run tests	2026-06-22T17:43:23.6070492Z [0m[[0m[0minfo[0m] [0m[0m[32m- should return EmbeddingError on missing 'data' field in JSON[0m[0m
Test (ubuntu-latest, 21)	Run tests	2026-06-22T17:43:23.6104447Z [0m[[0m[0minfo[0m] [0m[0m[32mS3DocumentSourceSpec:[0m[0m
Test (ubuntu-latest, 21)	Run tests	2026-06-22T17:43:23.6105969Z [0m[[0m[0minfo[0m] [0m[0m[32mS3DocumentSource[0m[0m
Test (ubuntu-latest, 21)	Run tests	2026-06-22T17:43:23.6108841Z [0m[[0m[0minfo[0m] [0m[0m[32m- should use default extensions[0m[0m
Test (ubuntu-latest, 21)	Run tests	2026-06-22T17:43:23.6113568Z [0m[[0m[0minfo[0m] [0m[0m[32m- should allow custom extensions[0m[0m
Test (ubuntu-latest, 21)	Run tests	2026-06-22T17:43:23.6117028Z [0m[[0m[0minfo[0m] [0m[0m[32m- should use default region[0m[0m
Test (ubuntu-latest, 21)	Run tests	2026-06-22T17:43:23.6118079Z [0m[[0m[0minfo[0m] [0m[0m[32m- should allow custom region[0m[0m
Test (ubuntu-latest, 21)	Run tests	2026-06-22T17:43:23.6120338Z [0m[[0m[0minfo[0m] [0m[0m[32m- should use empty prefix by default[0m[0m
Test (ubuntu-latest, 21)	Run tests	2026-06-22T17:43:23.6122835Z [0m[[0m[0minfo[0m] [0m[0m[32m- should allow custom prefix[0m[0m
Test (ubuntu-latest, 21)	Run tests	2026-06-22T17:43:23.6124957Z [0m[[0m[0minfo[0m] [0m[0m[32m- should allow endpoint override for LocalStack[0m[0m
Test (ubuntu-latest, 21)	Run tests	2026-06-22T17:43:23.6127815Z [0m[[0m[0minfo[0m] [0m[0m[32mS3DocumentSource.withCredentials[0m[0m
Test (ubuntu-latest, 21)	Run tests	2026-06-22T17:43:23.6128904Z [0m[[0m[0minfo[0m] [0m[0m[32m- should create source with explicit credentials[0m[0m
Test (ubuntu-latest, 21)	Run tests	2026-06-22T17:43:23.6129950Z [0m[[0m[0minfo[0m] [0m[0m[32mS3DocumentSource.forLocalStack[0m[0m
Test (ubuntu-latest, 21)	Run tests	2026-06-22T17:43:23.6131028Z [0m[[0m[0minfo[0m] [0m[0m[32m- should create source configured for LocalStack[0m[0m
Test (ubuntu-latest, 21)	Run tests	2026-06-22T17:43:23.6132110Z [0m[[0m[0minfo[0m] [0m[0m[32m- should allow custom port[0m[0m
Test (ubuntu-latest, 21)	Run tests	2026-06-22T17:43:23.6133047Z [0m[[0m[0minfo[0m] [0m[0m[32mS3DocumentSource.withPrefix[0m[0m
Test (ubuntu-latest, 21)	Run tests	2026-06-22T17:43:23.6134012Z [0m[[0m[0minfo[0m] [0m[0m[32m- should create copy with new prefix[0m[0m
Test (ubuntu-latest, 21)	Run tests	2026-06-22T17:43:23.6135204Z [0m[[0m[0minfo[0m] [0m[0m[32mS3DocumentSource.withExtensions[0m[0m
Test (ubuntu-latest, 21)	Run tests	2026-06-22T17:43:23.6136344Z [0m[[0m[0minfo[0m] [0m[0m[32m- should create copy with new extensions[0m[0m
Test (ubuntu-latest, 21)	Run tests	2026-06-22T17:43:23.6145251Z [0m[[0m[0minfo[0m] [0m[0m[32mS3DocumentSource.withMetadata[0m[0m
Test (ubuntu-latest, 21)	Run tests	2026-06-22T17:43:23.6147559Z [0m[[0m[0minfo[0m] [0m[0m[32m- should create copy with additional metadata[0m[0m
Test (ubuntu-latest, 21)	Run tests	2026-06-22T17:43:23.6159479Z [0m[[0m[0minfo[0m] [0m[0m[32mS3DocumentSource.withEndpoint[0m[0m
Test (ubuntu-latest, 21)	Run tests	2026-06-22T17:43:23.6161059Z [0m[[0m[0minfo[0m] [0m[0m[32m- should create copy with endpoint override[0m[0m
Test (ubuntu-latest, 21)	Run tests	2026-06-22T17:43:23.6162569Z [0m[[0m[0minfo[0m] [0m[0m[32mS3DocumentSource.description[0m[0m
Test (ubuntu-latest, 21)	Run tests	2026-06-22T17:43:23.6164057Z [0m[[0m[0minfo[0m] [0m[0m[32m- should include bucket and prefix[0m[0m
Test (ubuntu-latest, 21)	Run tests	2026-06-22T17:43:23.6165842Z [0m[[0m[0minfo[0m] [0m[0m[32m- should handle empty prefix[0m[0m
Test (ubuntu-latest, 21)	Run tests	2026-06-22T17:43:23.6167236Z [0m[[0m[0minfo[0m] [0m[0m[32mS3DocumentSource.estimatedCount[0m[0m
Test (ubuntu-latest, 21)	Run tests	2026-06-22T17:43:23.6168705Z [0m[[0m[0minfo[0m] [0m[0m[32m- should return None (S3 doesn't provide cheap count)[0m[0m
Test (ubuntu-latest, 21)	Run tests	2026-06-22T17:43:23.6170181Z [0m[[0m[0minfo[0m] [0m[0m[32mS3DocumentSource.defaultExtensions[0m[0m
Test (ubuntu-latest, 21)	Run tests	2026-06-22T17:43:23.6171568Z [0m[[0m[0minfo[0m] [0m[0m[32m- should include common document types[0m[0m
Test (ubuntu-latest, 21)	Run tests	2026-06-22T17:43:23.6185427Z [0m[[0m[0minfo[0m] [0m[0m[32mAsyncHybridSearcherSpec:[0m[0m
Test (ubuntu-latest, 21)	Run tests	2026-06-22T17:43:23.6187270Z [0m[[0m[0minfo[0m] [0m[0m[32mAsyncHybridSearcher[0m[0m
Test (ubuntu-latest, 21)	Run tests	2026-06-22T17:43:23.6287357Z [0m[[0m[0minfo[0m] [0m[0m[32m- should perform VectorOnly search[0m[0m
Test (ubuntu-latest, 21)	Run tests	2026-06-22T17:43:23.6345041Z [0m[[0m[0minfo[0m] [0m[0m[32m- should perform KeywordOnly search[0m[0m
Test (ubuntu-latest, 21)	Run tests	2026-06-22T17:43:23.6568164Z [0m[[0m[0minfo[0m] [0m[0m[32m- should perform RRF fusion search[0m[0m
Test (ubuntu-latest, 21)	Run tests	2026-06-22T17:43:23.6699467Z [0m[[0m[0minfo[0m] [0m[0m[32m- should perform WeightedScore fusion search[0m[0m
Test (ubuntu-latest, 21)	Run tests	2026-06-22T17:43:23.6759343Z [0m[[0m[0minfo[0m] [0m[0m[32m- should use default strategy when none specified[0m[0m
Test (ubuntu-latest, 21)	Run tests	2026-06-22T17:43:23.6816281Z [0m[[0m[0minfo[0m] [0m[0m[32m- should respect topK limit[0m[0m
Test (ubuntu-latest, 21)	Run tests	2026-06-22T17:43:23.6859655Z [0m[[0m[0minfo[0m] [0m[0m[32m- should return empty results for non-matching keyword search[0m[0m
Test (ubuntu-latest, 21)	Run tests	2026-06-22T17:43:23.6907765Z [0m[[0m[0minfo[0m] [0m[0m[32m- should searchWithReranking without reranker returns top results[0m[0m
Test (ubuntu-latest, 21)	Run tests	2026-06-22T17:43:23.7001932Z [0m[[0m[0minfo[0m] [0m[0m[32m- should searchWithReranking applies reranker scores[0m[0m
Test (ubuntu-latest, 21)	Run tests	2026-06-22T17:43:23.7057614Z [0m[[0m[0minfo[0m] [0m[0m[32m- should searchWithReranking handles reranker errors gracefully[0m[0m
Test (ubuntu-latest, 21)	Run tests	2026-06-22T17:43:23.7109303Z [0m[[0m[0minfo[0m] [0m[0m[32m- should searchWithReranking handles reranker exceptions gracefully[0m[0m
Test (ubuntu-latest, 21)	Run tests	2026-06-22T17:43:23.7152607Z [0m[[0m[0minfo[0m] [0m[0m[32m- should searchWithReranking handles out-of-range reranker indices safely[0m[0m
Test (ubuntu-latest, 21)	Run tests	2026-06-22T17:43:23.7189070Z [0m[[0m[0minfo[0m] [0m[0m[32m- should construct from sync HybridSearcher[0m[0m
Test (ubuntu-latest, 21)	Run tests	2026-06-22T17:43:23.7239144Z [0m[[0m[0minfo[0m] [0m[0m[32m- should RRF fusion returns results with combined scores from both sources[0m[0m
Test (ubuntu-latest, 21)	Run tests	2026-06-22T17:43:23.7303013Z [0m[[0m[0minfo[0m] [0m[0m[32m- should WeightedScore normalizes scores correctly[0m[0m
Test (ubuntu-latest, 21)	Run tests	2026-06-22T17:43:23.7371087Z [0m[[0m[0minfo[0m] [0m[0m[32mProviderConfigSpec:[0m[0m
Test (ubuntu-latest, 21)	Run tests	2026-06-22T17:43:23.7915713Z [0m[[0m[0minfo[0m] [0m[0m[32m- OpenAIConfig.fromValues creates config with correct model[0m[0m
Test (ubuntu-latest, 21)	Run tests	2026-06-22T17:43:23.7922172Z [0m[[0m[0minfo[0m] [0m[0m[32m- OpenAIConfig.fromValues sets correct context window for gpt-4o[0m[0m
Test (ubuntu-latest, 21)	Run tests	2026-06-22T17:43:23.7929294Z [0m[[0m[0minfo[0m] [0m[0m[32m- OpenAIConfig.fromValues sets correct context window for gpt-4[0m[0m
Test (ubuntu-latest, 21)	Run tests	2026-06-22T17:43:23.7935499Z [0m[[0m[0minfo[0m] [0m[0m[32m- OpenAIConfig.fromValues throws for empty apiKey[0m[0m
Test (ubuntu-latest, 21)	Run tests	2026-06-22T17:43:23.7943452Z [0m[[0m[0minfo[0m] [0m[0m[32m- OpenAIConfig.fromValues throws for empty baseUrl[0m[0m
Test (ubuntu-latest, 21)	Run tests	2026-06-22T17:43:23.8019696Z [0m[[0m[0minfo[0m] [0m[0m[32m- AnthropicConfig.fromValues creates config with correct model[0m[0m
Test (ubuntu-latest, 21)	Run tests	2026-06-22T17:43:23.8026083Z [0m[[0m[0minfo[0m] [0m[0m[32m- AnthropicConfig.fromValues sets large context window for claude-3[0m[0m
Test (ubuntu-latest, 21)	Run tests	2026-06-22T17:43:23.8038135Z [0m[[0m[0minfo[0m] [0m[0m[32m- AnthropicConfig.fromValues throws for empty apiKey[0m[0m
Test (ubuntu-latest, 21)	Run tests	2026-06-22T17:43:23.8039858Z [0m[[0m[0minfo[0m] [0m[0m[32m- GeminiConfig.fromValues appends v1beta when baseUrl is the API host root[0m[0m
Test (ubuntu-latest, 21)	Run tests	2026-06-22T17:43:23.8041495Z [0m[[0m[0minfo[0m] [0m[0m[32m- GeminiConfig.fromValues preserves explicit versioned baseUrl[0m[0m
Test (ubuntu-latest, 21)	Run tests	2026-06-22T17:43:23.8042950Z [0m[[0m[0minfo[0m] [0m[0m[32m- AzureConfig.fromValues creates config with correct model[0m[0m
Test (ubuntu-latest, 21)	Run tests	2026-06-22T17:43:23.8055800Z [0m[[0m[0minfo[0m] [0m[0m[32m- AzureConfig.fromValues throws for empty endpoint[0m[0m
Test (ubuntu-latest, 21)	Run tests	2026-06-22T17:43:23.8057305Z [0m[[0m[0minfo[0m] [0m[0m[32m- OllamaConfig.fromValues creates config with correct model[0m[0m
Test (ubuntu-latest, 21)	Run tests	2026-06-22T17:43:23.8058806Z [0m[[0m[0minfo[0m] [0m[0m[32m- OllamaConfig.fromValues sets correct context window for llama2[0m[0m
Test (ubuntu-latest, 21)	Run tests	2026-06-22T17:43:23.8060731Z [0m[[0m[0minfo[0m] [0m[0m[32m- OllamaConfig.fromValues sets context window for mistral[0m[0m
Test (ubuntu-latest, 21)	Run tests	2026-06-22T17:43:23.8062235Z [0m[[0m[0minfo[0m] [0m[0m[32m- OllamaConfig.fromValues throws for empty baseUrl[0m[0m
Test (ubuntu-latest, 21)	Run tests	2026-06-22T17:43:23.8063698Z [0m[[0m[0minfo[0m] [0m[0m[32m- OllamaConfig.fromValues sets reserveCompletion for all models[0m[0m
Test (ubuntu-latest, 21)	Run tests	2026-06-22T17:43:23.8065601Z [0m[[0m[0minfo[0m] [0m[0m[32m- ZaiConfig.fromValues creates config with correct model[0m[0m
Test (ubuntu-latest, 21)	Run tests	2026-06-22T17:43:23.8066970Z [0m[[0m[0minfo[0m] [0m[0m[32m- ZaiConfig.fromValues sets correct context window for GLM-4.7[0m[0m
Test (ubuntu-latest, 21)	Run tests	2026-06-22T17:43:23.8068655Z [0m[[0m[0minfo[0m] [0m[0m[32m- ZaiConfig.fromValues sets correct context window for GLM-4.5-air[0m[0m
Test (ubuntu-latest, 21)	Run tests	2026-06-22T17:43:23.8076559Z [0m[[0m[0minfo[0m] [0m[0m[32m- ZaiConfig.fromValues throws for empty apiKey[0m[0m
Test (ubuntu-latest, 21)	Run tests	2026-06-22T17:43:23.8078255Z [0m[[0m[0minfo[0m] [0m[0m[32m- ZaiConfig.fromValues throws for empty baseUrl[0m[0m
Test (ubuntu-latest, 21)	Run tests	2026-06-22T17:43:23.8087979Z [0m[[0m[0minfo[0m] [0m[0m[32m- ZaiConfig.fromValues sets reserveCompletion for all models[0m[0m
Test (ubuntu-latest, 21)	Run tests	2026-06-22T17:43:23.8188934Z [0m[[0m[0minfo[0m] [0m[0m[32m- All config types implement ProviderConfig trait[0m[0m
Test (ubuntu-latest, 21)	Run tests	2026-06-22T17:43:23.8244377Z [0m[[0m[0minfo[0m] [0m[0m[32mSemanticBlocksSpec:[0m[0m
Test (ubuntu-latest, 21)	Run tests	2026-06-22T17:43:23.8247452Z [0m[[0m[0minfo[0m] [0m[0m[32mSemanticBlocks.groupIntoSemanticBlocks[0m[0m
Test (ubuntu-latest, 21)	Run tests	2026-06-22T17:43:23.8254287Z [0m[[0m[0minfo[0m] [0m[0m[32m- should pair user and assistant messages into blocks[0m[0m
Test (ubuntu-latest, 21)	Run tests	2026-06-22T17:43:23.8257155Z [0m[[0m[0minfo[0m] [0m[0m[32m- should handle standalone assistant messages[0m[0m
Test (ubuntu-latest, 21)	Run tests	2026-06-22T17:43:23.8263547Z [0m[[0m[0minfo[0m] [0m[0m[32m- should include tool messages in the current block[0m[0m
Test (ubuntu-latest, 21)	Run tests	2026-06-22T17:43:23.8266049Z [0m[[0m[0minfo[0m] [0m[0m[32m- should create system message blocks[0m[0m
Test (ubuntu-latest, 21)	Run tests	2026-06-22T17:43:23.8268893Z [0m[[0m[0minfo[0m] [0m[0m[32m- should handle empty message list[0m[0m
Test (ubuntu-latest, 21)	Run tests	2026-06-22T17:43:23.8270948Z [0m[[0m[0minfo[0m] [0m[0m[32m- should handle consecutive user messages[0m[0m
Test (ubuntu-latest, 21)	Run tests	2026-06-22T17:43:23.8273381Z [0m[[0m[0minfo[0m] [0m[0m[32m- should handle consecutive assistant messages[0m[0m
Test (ubuntu-latest, 21)	Run tests	2026-06-22T17:43:23.8275963Z [0m[[0m[0minfo[0m] [0m[0m[32m- should handle tool message without preceding user message[0m[0m
Test (ubuntu-latest, 21)	Run tests	2026-06-22T17:43:23.8277134Z [0m[[0m[0minfo[0m] [0m[0m[32mSemanticBlock[0m[0m
Test (ubuntu-latest, 21)	Run tests	2026-06-22T17:43:23.8278235Z [0m[[0m[0minfo[0m] [0m[0m[32m- should add assistant message and clear expecting flag[0m[0m
Test (ubuntu-latest, 21)	Run tests	2026-06-22T17:43:23.8279545Z [0m[[0m[0minfo[0m] [0m[0m[32m- should add tool message without changing expecting flag[0m[0m
Test (ubuntu-latest, 21)	Run tests	2026-06-22T17:43:23.8282392Z [0m[[0m[0minfo[0m] [0m[0m[32m- should provide meaningful block summary[0m[0m
Test (ubuntu-latest, 21)	Run tests	2026-06-22T17:43:23.8284622Z [0m[[0m[0minfo[0m] [0m[0m[32mSemanticBlock.startUserBlock[0m[0m
Test (ubuntu-latest, 21)	Run tests	2026-06-22T17:43:23.8287150Z [0m[[0m[0minfo[0m] [0m[0m[32m- should create block expecting response[0m[0m
Test (ubuntu-latest, 21)	Run tests	2026-06-22T17:43:23.8289386Z [0m[[0m[0minfo[0m] [0m[0m[32mSemanticBlock.standaloneAssistant[0m[0m
Test (ubuntu-latest, 21)	Run tests	2026-06-22T17:43:23.8291985Z [0m[[0m[0minfo[0m] [0m[0m[32m- should create non-expecting block[0m[0m
Test (ubuntu-latest, 21)	Run tests	2026-06-22T17:43:23.8293112Z [0m[[0m[0minfo[0m] [0m[0m[32mSemanticBlock.standaloneTool[0m[0m
Test (ubuntu-latest, 21)	Run tests	2026-06-22T17:43:23.8294143Z [0m[[0m[0minfo[0m] [0m[0m[32m- should create tool block[0m[0m
Test (ubuntu-latest, 21)	Run tests	2026-06-22T17:43:23.8295371Z [0m[[0m[0minfo[0m] [0m[0m[32mSemanticBlocks[0m[0m
Test (ubuntu-latest, 21)	Run tests	2026-06-22T17:43:23.8297369Z [0m[[0m[0minfo[0m] [0m[0m[32m- should handle realistic multi-turn conversation[0m[0m
Test (ubuntu-latest, 21)	Run tests	2026-06-22T17:43:23.8302744Z [0m[[0m[0minfo[0m] [0m[0m[32m- should preserve message order within blocks[0m[0m
Test (ubuntu-latest, 21)	Run tests	2026-06-22T17:43:23.8330307Z [0m[[0m[0minfo[0m] [0m[0m[32mLlm4sConfigCrossVersionSpec:[0m[0m
Test (ubuntu-latest, 21)	Run tests	2026-06-22T17:43:23.8332671Z [0m[[0m[0minfo[0m] [0m[0m[32mPureConfig[0m[0m
Test (ubuntu-latest, 21)	Run tests	2026-06-22T17:43:23.8349660Z [0m[[0m[0minfo[0m] [0m[0m[32m- should load a simple nested configuration identically in Scala 2 and Scala 3[0m[0m
Test (ubuntu-latest, 21)	Run tests	2026-06-22T17:43:23.8356007Z [0m[[0m[0minfo[0m] [0m[0m[32m- should support overriding values via HOCON merging[0m[0m
Test (ubuntu-latest, 21)	Run tests	2026-06-22T17:43:23.8382531Z [0m[[0m[0minfo[0m] [0m[0m[32mAssistantAgentCommandsSpec:[0m[0m
Test (ubuntu-latest, 21)	Run tests	2026-06-22T17:43:23.8385518Z [0m[[0m[0minfo[0m] [0m[0m[32mAssistantAgent.processInput[0m[0m
Test (ubuntu-latest, 21)	Run tests	2026-06-22T17:43:23.8402741Z [0m[[0m[0minfo[0m] [0m[0m[32m- should handle /help command[0m[0m
Test (ubuntu-latest, 21)	Run tests	2026-06-22T17:43:23.8420056Z [0m[[0m[0minfo[0m] [0m[0m[32m- should handle /sessions command[0m[0m
Test (ubuntu-latest, 21)	Run tests	2026-06-22T17:43:23.8588912Z [0m[[0m[0minfo[0m] [0m[0m[32m- should handle /save command with title[0m[0m
Test (ubuntu-latest, 21)	Run tests	2026-06-22T17:43:23.8606771Z [0m[[0m[0minfo[0m] [0m[0m[32m- should handle unknown slash commands gracefully[0m[0m
Test (ubuntu-latest, 21)	Run tests	2026-06-22T17:43:23.8612204Z [0m[[0m[0minfo[0m] [0m[0m[32m- should process a non-command query and return response[0m[0m
Test (ubuntu-latest, 21)	Run tests	2026-06-22T17:43:23.8619443Z [0m[[0m[0minfo[0m] [0m[0m[32m- should handle multiple sequential queries maintaining state[0m[0m
Test (ubuntu-latest, 21)	Run tests	2026-06-22T17:43:23.8621181Z [0m[[0m[0minfo[0m] [0m[0m[32mAssistantAgent.extractFinalResponse[0m[0m
Test (ubuntu-latest, 21)	Run tests	2026-06-22T17:43:23.8625780Z [0m[[0m[0minfo[0m] [0m[0m[32m- should return the most recent assistant message[0m[0m
Test (ubuntu-latest, 21)	Run tests	2026-06-22T17:43:23.8631812Z [0m[[0m[0minfo[0m] [0m[0m[32m- should return Left for conversation with only user messages[0m[0m
Test (ubuntu-latest, 21)	Run tests	2026-06-22T17:43:23.8633786Z [0m[[0m[0minfo[0m] [0m[0m[32mAssistantAgent.addUserMessage[0m[0m
Test (ubuntu-latest, 21)	Run tests	2026-06-22T17:43:23.8635504Z [0m[[0m[0minfo[0m] [0m[0m[32m- should set status to InProgress when adding to existing conversation[0m[0m
Test (ubuntu-latest, 21)	Run tests	2026-06-22T17:43:23.8636847Z [0m[[0m[0minfo[0m] [0m[0m[32mAssistantAgent.runAgentToCompletion[0m[0m
Test (ubuntu-latest, 21)	Run tests	2026-06-22T17:43:23.8638058Z [0m[[0m[0minfo[0m] [0m[0m[32m- should return immediately for Error status[0m[0m
Test (ubuntu-latest, 21)	Run tests	2026-06-22T17:43:23.8680751Z [0m[[0m[0minfo[0m] [0m[0m[32mUrlLoaderSpec:[0m[0m
Test (ubuntu-latest, 21)	Run tests	2026-06-22T17:43:23.8696000Z [0m[[0m[0minfo[0m] [0m[0m[32mUrlLoader[0m[0m
Test (ubuntu-latest, 21)	Run tests	2026-06-22T17:43:23.8708524Z [0m[[0m[0minfo[0m] [0m[0m[32m- should reject blocked URLs before making requests[0m[0m
Test (ubuntu-latest, 21)	Run tests	2026-06-22T17:43:23.8710703Z [0m[[0m[0minfo[0m] [0m[0m[32m- should reject localhost URLs[0m[0m
Test (ubuntu-latest, 21)	Run tests	2026-06-22T17:43:23.8712865Z [0m[[0m[0minfo[0m] [0m[0m[32mUrlLoader.apply(url)[0m[0m
Test (ubuntu-latest, 21)	Run tests	2026-06-22T17:43:23.8714561Z [0m[[0m[0minfo[0m] [0m[0m[32m- should create loader with single URL[0m[0m
Test (ubuntu-latest, 21)	Run tests	2026-06-22T17:43:23.8717119Z [0m[[0m[0minfo[0m] [0m[0m[32mUrlLoader.apply(urls*)[0m[0m
Test (ubuntu-latest, 21)	Run tests	2026-06-22T17:43:23.8719369Z [0m[[0m[0minfo[0m] [0m[0m[32m- should create loader with multiple URLs[0m[0m
Test (ubuntu-latest, 21)	Run tests	2026-06-22T17:43:23.8721588Z [0m[[0m[0minfo[0m] [0m[0m[32mUrlLoader.withAuth[0m[0m
Test (ubuntu-latest, 21)	Run tests	2026-06-22T17:43:23.8723838Z [0m[[0m[0minfo[0m] [0m[0m[32m- should set authorization header[0m[0m
Test (ubuntu-latest, 21)	Run tests	2026-06-22T17:43:23.8725851Z [0m[[0m[0minfo[0m] [0m[0m[32mUrlLoader.withUserAgent[0m[0m
Test (ubuntu-latest, 21)	Run tests	2026-06-22T17:43:23.8727833Z [0m[[0m[0minfo[0m] [0m[0m[32m- should set user agent header[0m[0m
Test (ubuntu-latest, 21)	Run tests	2026-06-22T17:43:23.8730015Z [0m[[0m[0minfo[0m] [0m[0m[32mUrlLoader.withUrl[0m[0m
Test (ubuntu-latest, 21)	Run tests	2026-06-22T17:43:23.8731884Z [0m[[0m[0minfo[0m] [0m[0m[32m- should add a URL[0m[0m
Test (ubuntu-latest, 21)	Run tests	2026-06-22T17:43:23.8757431Z [0m[[0m[0minfo[0m] [0m[0m[32mUrlLoader.withHeaders[0m[0m
Test (ubuntu-latest, 21)	Run tests	2026-06-22T17:43:23.8758887Z [0m[[0m[0minfo[0m] [0m[0m[32m- should add headers[0m[0m
Test (ubuntu-latest, 21)	Run tests	2026-06-22T17:43:23.8759788Z [0m[[0m[0minfo[0m] [0m[0m[32m- should merge with existing headers[0m[0m
Test (ubuntu-latest, 21)	Run tests	2026-06-22T17:43:23.8760654Z [0m[[0m[0minfo[0m] [0m[0m[32mUrlLoader.withTimeout[0m[0m
Test (ubuntu-latest, 21)	Run tests	2026-06-22T17:43:23.8761420Z [0m[[0m[0minfo[0m] [0m[0m[32m- should set timeout[0m[0m
Test (ubuntu-latest, 21)	Run tests	2026-06-22T17:43:23.8762215Z [0m[[0m[0minfo[0m] [0m[0m[32mUrlLoader.withRetries[0m[0m
Test (ubuntu-latest, 21)	Run tests	2026-06-22T17:43:23.8763091Z [0m[[0m[0minfo[0m] [0m[0m[32m- should set retry count[0m[0m
Test (ubuntu-latest, 21)	Run tests	2026-06-22T17:43:23.8763919Z [0m[[0m[0minfo[0m] [0m[0m[32mUrlLoader.estimatedCount[0m[0m
Test (ubuntu-latest, 21)	Run tests	2026-06-22T17:43:23.8765027Z [0m[[0m[0minfo[0m] [0m[0m[32m- should return the number of URLs[0m[0m
Test (ubuntu-latest, 21)	Run tests	2026-06-22T17:43:23.8765941Z [0m[[0m[0minfo[0m] [0m[0m[32mUrlLoader.description[0m[0m
Test (ubuntu-latest, 21)	Run tests	2026-06-22T17:43:23.8766798Z [0m[[0m[0minfo[0m] [0m[0m[32m- should include URL count[0m[0m
Test (ubuntu-latest, 21)	Run tests	2026-06-22T17:43:23.8767597Z [0m[[0m[0minfo[0m] [0m[0m[32mUrlLoader defaults[0m[0m
Test (ubuntu-latest, 21)	Run tests	2026-06-22T17:43:23.8768405Z [0m[[0m[0minfo[0m] [0m[0m[32m- should have sensible values[0m[0m
Test (ubuntu-latest, 21)	Run tests	2026-06-22T17:43:23.8769266Z [0m[[0m[0minfo[0m] [0m[0m[32mUrlLoader with multiple URLs[0m[0m
Test (ubuntu-latest, 21)	Run tests	2026-06-22T17:43:23.8770154Z [0m[[0m[0minfo[0m] [0m[0m[32m- should produce results for each URL[0m[0m
Test (ubuntu-latest, 21)	Run tests	2026-06-22T17:43:23.8795951Z [0m[[0m[0minfo[0m] [0m[0m[32mEnhancedErrorMessagesTest:[0m[0m
Test (ubuntu-latest, 21)	Run tests	2026-06-22T17:43:23.8798557Z [0m[[0m[0minfo[0m] [0m[0m[32mEnhanced error messages[0m[0m
Test (ubuntu-latest, 21)	Run tests	2026-06-22T17:43:23.8810071Z [0m[[0m[0minfo[0m] [0m[0m[32m- should clearly indicate null arguments[0m[0m
Test (ubuntu-latest, 21)	Run tests	2026-06-22T17:43:23.8810977Z [0m[[0m[0minfo[0m] [0m[0m[32mEnhanced error messages[0m[0m
Test (ubuntu-latest, 21)	Run tests	2026-06-22T17:43:23.8827560Z [0m[[0m[0minfo[0m] [0m[0m[32m- should clearly indicate missing required parameters[0m[0m
Test (ubuntu-latest, 21)	Run tests	2026-06-22T17:43:23.8831832Z [0m[[0m[0minfo[0m] [0m[0m[32mEnhanced error messages[0m[0m
Test (ubuntu-latest, 21)	Run tests	2026-06-22T17:43:23.8839085Z [0m[[0m[0minfo[0m] [0m[0m[32m- should clearly indicate null values for required parameters[0m[0m
Test (ubuntu-latest, 21)	Run tests	2026-06-22T17:43:23.8840131Z [0m[[0m[0minfo[0m] [0m[0m[32mEnhanced error messages[0m[0m
Test (ubuntu-latest, 21)	Run tests	2026-06-22T17:43:23.8851602Z [0m[[0m[0minfo[0m] [0m[0m[32m- should clearly indicate type mismatches[0m[0m
Test (ubuntu-latest, 21)	Run tests	2026-06-22T17:43:23.8856247Z [0m[[0m[0minfo[0m] [0m[0m[32mEnhanced error messages[0m[0m
Test (ubuntu-latest, 21)	Run tests	2026-06-22T17:43:23.8863851Z [0m[[0m[0minfo[0m] [0m[0m[32m- should handle execution errors consistently[0m[0m
Test (ubuntu-latest, 21)	Run tests	2026-06-22T17:43:23.8865354Z [0m[[0m[0minfo[0m] [0m[0m[32mToolParameterError messages[0m[0m
Test (ubuntu-latest, 21)	Run tests	2026-06-22T17:43:23.8869121Z [0m[[0m[0minfo[0m] [0m[0m[32m- should be clear and consistent[0m[0m
Test (ubuntu-latest, 21)	Run tests	2026-06-22T17:43:23.8879874Z [0m[[0m[0minfo[0m] [0m[0m[32mToolCallError messages[0m[0m
Test (ubuntu-latest, 21)	Run tests	2026-06-22T17:43:23.8881019Z [0m[[0m[0minfo[0m] [0m[0m[32m- should have consistent format[0m[0m
Test (ubuntu-latest, 21)	Run tests	2026-06-22T17:43:23.8882276Z [0m[[0m[0minfo[0m] [0m[0m[32mSafeParameterExtractor (enhanced mode)[0m[0m
Test (ubuntu-latest, 21)	Run tests	2026-06-22T17:43:23.8889621Z [0m[[0m[0minfo[0m] [0m[0m[32m- should provide helpful information about available properties[0m[0m
Test (ubuntu-latest, 21)	Run tests	2026-06-22T17:43:23.8891032Z [0m[[0m[0minfo[0m] [0m[0m[32mSafeParameterExtractor (enhanced mode)[0m[0m
Test (ubuntu-latest, 21)	Run tests	2026-06-22T17:43:23.8897537Z [0m[[0m[0minfo[0m] [0m[0m[32m- should handle nested parameters correctly[0m[0m
Test (ubuntu-latest, 21)	Run tests	2026-06-22T17:43:23.8901192Z [0m[[0m[0minfo[0m] [0m[0m[32mSafeParameterExtractor (enhanced mode)[0m[0m
Test (ubuntu-latest, 21)	Run tests	2026-06-22T17:43:23.8916095Z [0m[[0m[0minfo[0m] [0m[0m[32m- should handle optional parameters correctly[0m[0m
Test (ubuntu-latest, 21)	Run tests	2026-06-22T17:43:23.8945463Z [0m[[0m[0minfo[0m] [0m[0m[32mJsonlCodecSpec:[0m[0m
Test (ubuntu-latest, 21)	Run tests	2026-06-22T17:43:23.8950468Z [0m[[0m[0minfo[0m] [0m[0m[32mJsonlCodec.encode[0m[0m
Test (ubuntu-latest, 21)	Run tests	2026-06-22T17:43:23.8951969Z [0m[[0m[0minfo[0m] [0m[0m[32m- should encode example with reference output to valid JSON[0m[0m
Test (ubuntu-latest, 21)	Run tests	2026-06-22T17:43:23.8953773Z [0m[[0m[0minfo[0m] [0m[0m[32m- should encode None referenceOutput as null[0m[0m
Test (ubuntu-latest, 21)	Run tests	2026-06-22T17:43:23.8965634Z [0m[[0m[0minfo[0m] [0m[0m[32m- should not contain newline characters[0m[0m
Test (ubuntu-latest, 21)	Run tests	2026-06-22T17:43:23.8968443Z [0m[[0m[0minfo[0m] [0m[0m[32mJsonlCodec.decode[0m[0m
Test (ubuntu-latest, 21)	Run tests	2026-06-22T17:43:23.8970509Z [0m[[0m[0minfo[0m] [0m[0m[32m- should decode valid JSONL line to example[0m[0m
Test (ubuntu-latest, 21)	Run tests	2026-06-22T17:43:23.8973497Z [0m[[0m[0minfo[0m] [0m[0m[32m- should decode null referenceOutput as None[0m[0m
Test (ubuntu-latest, 21)	Run tests	2026-06-22T17:43:23.8976838Z [0m[[0m[0minfo[0m] [0m[0m[32m- should return None for malformed JSON[0m[0m
Test (ubuntu-latest, 21)	Run tests	2026-06-22T17:43:23.8978439Z [0m[[0m[0minfo[0m] [0m[0m[32m- should return None for missing input field[0m[0m
Test (ubuntu-latest, 21)	Run tests	2026-06-22T17:43:23.9007631Z [0m[[0m[0minfo[0m] [0m[0m[32m- should return None for non-object JSON[0m[0m
Test (ubuntu-latest, 21)	Run tests	2026-06-22T17:43:23.9008569Z [0m[[0m[0minfo[0m] [0m[0m[32mJsonlCodec round-trip[0m[0m
Test (ubuntu-latest, 21)	Run tests	2026-06-22T17:43:23.9009303Z [0m[[0m[0minfo[0m] [0m[0m[32m- should preserve example data[0m[0m
Test (ubuntu-latest, 21)	Run tests	2026-06-22T17:43:23.9010130Z [0m[[0m[0minfo[0m] [0m[0m[32m- should preserve example with None referenceOutput[0m[0m
Test (ubuntu-latest, 21)	Run tests	2026-06-22T17:43:23.9014486Z [0m[[0m[0minfo[0m] [0m[0m[32mTacotron2AdapterTest:[0m[0m
Test (ubuntu-latest, 21)	Run tests	2026-06-22T17:43:23.9034361Z Python 3.12.3
Test (ubuntu-latest, 21)	Run tests	2026-06-22T17:43:23.9056349Z Python 3.12.3
Test (ubuntu-latest, 21)	Run tests	2026-06-22T17:43:23.9272720Z [0m[[0m[0minfo[0m] [0m[0m[32m- options assemble CLI flags[0m[0m
Test (ubuntu-latest, 21)	Run tests	2026-06-22T17:43:23.9297592Z [0m[[0m[0minfo[0m] [0m[0m[32mReliableProvidersSpec:[0m[0m
Test (ubuntu-latest, 21)	Run tests	2026-06-22T17:43:23.9299795Z [0m[[0m[0minfo[0m] [0m[0m[32mReliableProviders.wrap[0m[0m
Test (ubuntu-latest, 21)	Run tests	2026-06-22T17:43:23.9308288Z [0m[[0m[0minfo[0m] [0m[0m[32m- should wrap client with default config[0m[0m
Test (ubuntu-latest, 21)	Run tests	2026-06-22T17:43:23.9311109Z [0m[[0m[0minfo[0m] [0m[0m[32m- should wrap client with custom config[0m[0m
Test (ubuntu-latest, 21)	Run tests	2026-06-22T17:43:23.9313844Z [0m[[0m[0minfo[0m] [0m[0m[32m- should wrap client with metrics[0m[0m
Test (ubuntu-latest, 21)	Run tests	2026-06-22T17:43:23.9316455Z [0m[[0m[0minfo[0m] [0m[0m[32m- should delegate getContextWindow to underlying[0m[0m
Test (ubuntu-latest, 21)	Run tests	2026-06-22T17:43:23.9318143Z [0m[[0m[0minfo[0m] [0m[0m[32m- should delegate getReserveCompletion to underlying[0m[0m
Test (ubuntu-latest, 21)	Run tests	2026-06-22T17:43:23.9319568Z [0m[[0m[0minfo[0m] [0m[0m[32mReliabilitySyntax[0m[0m
Test (ubuntu-latest, 21)	Run tests	2026-06-22T17:43:23.9341480Z [0m[[0m[0minfo[0m] [0m[0m[32m- should add withReliability() to LLMClient[0m[0m
Test (ubuntu-latest, 21)	Run tests	2026-06-22T17:43:23.9343987Z [0m[[0m[0minfo[0m] [0m[0m[32m- should add withReliability(providerName) to LLMClient[0m[0m
Test (ubuntu-latest, 21)	Run tests	2026-06-22T17:43:23.9348985Z [0m[[0m[0minfo[0m] [0m[0m[32m- should add withReliability(providerName, config) to LLMClient[0m[0m
Test (ubuntu-latest, 21)	Run tests	2026-06-22T17:43:23.9350771Z [0m[[0m[0minfo[0m] [0m[0m[32m- should add withReliability(providerName, config, metrics) to LLMClient[0m[0m
Test (ubuntu-latest, 21)	Run tests	2026-06-22T17:43:23.9353513Z [0m[[0m[0minfo[0m] [0m[0m[32m- should produce a working client[0m[0m
Test (ubuntu-latest, 21)	Run tests	2026-06-22T17:43:23.9355861Z [0m[[0m[0minfo[0m] [0m[0m[32mReliableClient.apply(client)[0m[0m
Test (ubuntu-latest, 21)	Run tests	2026-06-22T17:43:23.9357651Z [0m[[0m[0minfo[0m] [0m[0m[32m- should create with default config[0m[0m
Test (ubuntu-latest, 21)	Run tests	2026-06-22T17:43:23.9359376Z [0m[[0m[0minfo[0m] [0m[0m[32mReliableClient.apply(client, config)[0m[0m
Test (ubuntu-latest, 21)	Run tests	2026-06-22T17:43:23.9361035Z [0m[[0m[0minfo[0m] [0m[0m[32m- should create with custom config[0m[0m
Test (ubuntu-latest, 21)	Run tests	2026-06-22T17:43:23.9376514Z [0m[[0m[0minfo[0m] [0m[0m[32mReliableClient.apply(client, config, collector)[0m[0m
Test (ubuntu-latest, 21)	Run tests	2026-06-22T17:43:23.9377832Z [0m[[0m[0minfo[0m] [0m[0m[32m- should create with metrics[0m[0m
Test (ubuntu-latest, 21)	Run tests	2026-06-22T17:43:23.9378917Z [0m[[0m[0minfo[0m] [0m[0m[32mReliableClient.withProviderName[0m[0m
Test (ubuntu-latest, 21)	Run tests	2026-06-22T17:43:23.9380105Z [0m[[0m[0minfo[0m] [0m[0m[32m- should create with explicit provider name[0m[0m
Test (ubuntu-latest, 21)	Run tests	2026-06-22T17:43:23.9381300Z [0m[[0m[0minfo[0m] [0m[0m[32m- should accept custom config and collector[0m[0m
Test (ubuntu-latest, 21)	Run tests	2026-06-22T17:43:23.9427964Z [0m[[0m[0minfo[0m] [0m[0m[32mExaSearchToolSpec:[0m[0m
Test (ubuntu-latest, 21)	Run tests	2026-06-22T17:43:23.9429881Z [0m[[0m[0minfo[0m] [0m[0m[32mExaSearchTool[0m[0m
Test (ubuntu-latest, 21)	Run tests	2026-06-22T17:43:23.9506886Z [0m[[0m[0minfo[0m] [0m[0m[32m- should have correct name and description[0m[0m
Test (ubuntu-latest, 21)	Run tests	2026-06-22T17:43:23.9514388Z [0m[[0m[0minfo[0m] [0m[0m[32m- should reject non-HTTPS API URL[0m[0m
Test (ubuntu-latest, 21)	Run tests	2026-06-22T17:43:23.9522736Z [0m[[0m[0minfo[0m] [0m[0m[32m- should reject empty API key[0m[0m
Test (ubuntu-latest, 21)	Run tests	2026-06-22T17:43:23.9528522Z [0m[[0m[0minfo[0m] [0m[0m[32m- should reject whitespace-only API key[0m[0m
Test (ubuntu-latest, 21)	Run tests	2026-06-22T17:43:23.9538131Z [0m[[0m[0minfo[0m] [0m[0m[32m- should reject negative numResults[0m[0m
Test (ubuntu-latest, 21)	Run tests	2026-06-22T17:43:23.9541640Z [0m[[0m[0minfo[0m] [0m[0m[32m- should reject zero numResults[0m[0m
Test (ubuntu-latest, 21)	Run tests	2026-06-22T17:43:23.9552707Z [0m[[0m[0minfo[0m] [0m[0m[32m- should reject negative maxCharacters[0m[0m
Test (ubuntu-latest, 21)	Run tests	2026-06-22T17:43:23.9558480Z [0m[[0m[0minfo[0m] [0m[0m[32m- should reject zero maxCharacters[0m[0m
Test (ubuntu-latest, 21)	Run tests	2026-06-22T17:43:23.9560887Z [0m[[0m[0minfo[0m] [0m[0m[32mExaSearchConfig[0m[0m
Test (ubuntu-latest, 21)	Run tests	2026-06-22T17:43:23.9562448Z [0m[[0m[0minfo[0m] [0m[0m[32m- should initialize with valid default parameters[0m[0m
Test (ubuntu-latest, 21)	Run tests	2026-06-22T17:43:23.9573579Z [0m[[0m[0minfo[0m] [0m[0m[32m- should allow overriding default values[0m[0m
Test (ubuntu-latest, 21)	Run tests	2026-06-22T17:43:23.9579638Z [0m[[0m[0minfo[0m] [0m[0m[32mSearchType[0m[0m
Test (ubuntu-latest, 21)	Run tests	2026-06-22T17:43:23.9580794Z [0m[[0m[0minfo[0m] [0m[0m[32m- should return correct values for all types[0m[0m
Test (ubuntu-latest, 21)	Run tests	2026-06-22T17:43:23.9582170Z [0m[[0m[0minfo[0m] [0m[0m[32m- should parse string values correctly[0m[0m
Test (ubuntu-latest, 21)	Run tests	2026-06-22T17:43:23.9583124Z [0m[[0m[0minfo[0m] [0m[0m[32mCategory[0m[0m
Test (ubuntu-latest, 21)	Run tests	2026-06-22T17:43:23.9585835Z [0m[[0m[0minfo[0m] [0m[0m[32m- should return correct values for all categories[0m[0m
Test (ubuntu-latest, 21)	Run tests	2026-06-22T17:43:23.9590272Z [0m[[0m[0minfo[0m] [0m[0m[32m- should parse string values correctly[0m[0m
Test (ubuntu-latest, 21)	Run tests	2026-06-22T17:43:23.9591337Z [0m[[0m[0minfo[0m] [0m[0m[32mExaResult[0m[0m
Test (ubuntu-latest, 21)	Run tests	2026-06-22T17:43:23.9610352Z [0m[[0m[0minfo[0m] [0m[0m[32m- should create result with complete fields[0m[0m
Test (ubuntu-latest, 21)	Run tests	2026-06-22T17:43:23.9619154Z [0m[[0m[0minfo[0m] [0m[0m[32m- should create result with only required fields[0m[0m
Test (ubuntu-latest, 21)	Run tests	2026-06-22T17:43:23.9620457Z [0m[[0m[0minfo[0m] [0m[0m[32mExaSearchResult[0m[0m
Test (ubuntu-latest, 21)	Run tests	2026-06-22T17:43:23.9621753Z [0m[[0m[0minfo[0m] [0m[0m[32m- should create search result with complete fields[0m[0m
Test (ubuntu-latest, 21)	Run tests	2026-06-22T17:43:23.9623173Z [0m[[0m[0minfo[0m] [0m[0m[32m- should parse minimal search response[0m[0m
Test (ubuntu-latest, 21)	Run tests	2026-06-22T17:43:23.9624310Z [0m[[0m[0minfo[0m] [0m[0m[32mparseResponse[0m[0m
Test (ubuntu-latest, 21)	Run tests	2026-06-22T17:43:23.9645839Z [0m[[0m[0minfo[0m] [0m[0m[32m- should parse complete JSON response with all fields[0m[0m
Test (ubuntu-latest, 21)	Run tests	2026-06-22T17:43:23.9652119Z [0m[[0m[0minfo[0m] [0m[0m[32m- should parse minimal JSON response with only required fields[0m[0m
Test (ubuntu-latest, 21)	Run tests	2026-06-22T17:43:23.9653733Z [0m[[0m[0minfo[0m] [0m[0m[32m- should parse empty results array[0m[0m
Test (ubuntu-latest, 21)	Run tests	2026-06-22T17:43:23.9655084Z [0m[[0m[0minfo[0m] [0m[0m[32m- should parse response with multiple results[0m[0m
Test (ubuntu-latest, 21)	Run tests	2026-06-22T17:43:23.9656966Z [0m[[0m[0minfo[0m] [0m[0m[32m- should parse response with nested subPages[0m[0m
Test (ubuntu-latest, 21)	Run tests	2026-06-22T17:43:23.9658178Z [0m[[0m[0minfo[0m] [0m[0m[32mbuildRequestBody[0m[0m
Test (ubuntu-latest, 21)	Run tests	2026-06-22T17:43:23.9669693Z [0m[[0m[0minfo[0m] [0m[0m[32m- should build request with default config[0m[0m
Test (ubuntu-latest, 21)	Run tests	2026-06-22T17:43:23.9674851Z [0m[[0m[0minfo[0m] [0m[0m[32m- should build request with all optional parameters[0m[0m
Test (ubuntu-latest, 21)	Run tests	2026-06-22T17:43:23.9686634Z [0m[[0m[0minfo[0m] [0m[0m[32m- should merge extraParams into request body[0m[0m
Test (ubuntu-latest, 21)	Run tests	2026-06-22T17:43:23.9688235Z [0m[[0m[0minfo[0m] [0m[0m[32m- should merge extraParams contents object correctly[0m[0m
Test (ubuntu-latest, 21)	Run tests	2026-06-22T17:43:23.9689604Z [0m[[0m[0minfo[0m] [0m[0m[32mSerialization[0m[0m
Test (ubuntu-latest, 21)	Run tests	2026-06-22T17:43:23.9692138Z [0m[[0m[0minfo[0m] [0m[0m[32m- should serialize ExaResult and ExaSearchResult to JSON[0m[0m
Test (ubuntu-latest, 21)	Run tests	2026-06-22T17:43:23.9693485Z [0m[[0m[0minfo[0m] [0m[0m[32mDeserialization[0m[0m
Test (ubuntu-latest, 21)	Run tests	2026-06-22T17:43:23.9711945Z [0m[[0m[0minfo[0m] [0m[0m[32m- should deserialize JSON to ExaResult and ExaSearchResult[0m[0m
Test (ubuntu-latest, 21)	Run tests	2026-06-22T17:43:23.9712970Z [0m[[0m[0minfo[0m] [0m[0m[32mwithApiKey[0m[0m
Test (ubuntu-latest, 21)	Run tests	2026-06-22T17:43:23.9763354Z [0m[[0m[0minfo[0m] [0m[0m[32m- should create tool with correct configuration[0m[0m
Test (ubuntu-latest, 21)	Run tests	2026-06-22T17:43:23.9765625Z [0m[[0m[0minfo[0m] [0m[0m[32m- should reject non-HTTPS URL in withApiKey[0m[0m
Test (ubuntu-latest, 21)	Run tests	2026-06-22T17:43:23.9766835Z [0m[[0m[0minfo[0m] [0m[0m[32mInput validation[0m[0m
Test (ubuntu-latest, 21)	Run tests	2026-06-22T17:43:23.9779393Z [0m[[0m[0minfo[0m] [0m[0m[32m- should trim whitespace from query through tool[0m[0m
Test (ubuntu-latest, 21)	Run tests	2026-06-22T17:43:23.9780566Z [0m[[0m[0minfo[0m] [0m[0m[32msearch method[0m[0m
Test (ubuntu-latest, 21)	Run tests	2026-06-22T17:43:23.9788651Z [0m[[0m[0minfo[0m] [0m[0m[32m- should handle successful 200 response and return ExaSearchResult[0m[0m
Test (ubuntu-latest, 21)	Run tests	2026-06-22T17:43:23.9801604Z [0m[[0m[0minfo[0m] [0m[0m[32m- should handle 401 unauthorized error with sanitized message[0m[0m
Test (ubuntu-latest, 21)	Run tests	2026-06-22T17:43:23.9809553Z [0m[[0m[0minfo[0m] [0m[0m[32m- should handle 429 rate limit error with sanitized message[0m[0m
Test (ubuntu-latest, 21)	Run tests	2026-06-22T17:43:23.9817028Z [0m[[0m[0minfo[0m] [0m[0m[32m- should handle 500 server error with sanitized message[0m[0m
Test (ubuntu-latest, 21)	Run tests	2026-06-22T17:43:23.9823152Z [0m[[0m[0minfo[0m] [0m[0m[32m- should handle network timeout exception with sanitized message[0m[0m
Test (ubuntu-latest, 21)	Run tests	2026-06-22T17:43:23.9827826Z [0m[[0m[0minfo[0m] [0m[0m[32m- should handle unknown host exception with sanitized message[0m[0m
Test (ubuntu-latest, 21)	Run tests	2026-06-22T17:43:23.9834625Z [0m[[0m[0minfo[0m] [0m[0m[32m- should handle invalid JSON response with sanitized message[0m[0m
Test (ubuntu-latest, 21)	Run tests	2026-06-22T17:43:23.9840615Z [0m[[0m[0minfo[0m] [0m[0m[32m- should call restoreInterrupt function when HTTP request is interrupted[0m[0m
Test (ubuntu-latest, 21)	Run tests	2026-06-22T17:43:23.9842024Z [0m[[0m[0minfo[0m] [0m[0m[32mOverride config validation[0m[0m
Test (ubuntu-latest, 21)	Run tests	2026-06-22T17:43:23.9845880Z [0m[[0m[0minfo[0m] [0m[0m[32m- should reject invalid numResults in override config[0m[0m
Test (ubuntu-latest, 21)	Run tests	2026-06-22T17:43:23.9854645Z [0m[[0m[0minfo[0m] [0m[0m[32m- should reject invalid maxCharacters in override config[0m[0m
Test (ubuntu-latest, 21)	Run tests	2026-06-22T17:43:23.9860781Z [0m[[0m[0minfo[0m] [0m[0m[32m- should reject invalid timeoutMs below minimum in override config[0m[0m
Test (ubuntu-latest, 21)	Run tests	2026-06-22T17:43:23.9863613Z [0m[[0m[0minfo[0m] [0m[0m[32m- should reject timeoutMs above maximum in override config[0m[0m
Test (ubuntu-latest, 21)	Run tests	2026-06-22T17:43:23.9869441Z [0m[[0m[0minfo[0m] [0m[0m[32m- should reject empty userLocation in override config[0m[0m
Test (ubuntu-latest, 21)	Run tests	2026-06-22T17:43:23.9878038Z [0m[[0m[0minfo[0m] [0m[0m[32m- should reject empty additionalQueries in override config[0m[0m
Test (ubuntu-latest, 21)	Run tests	2026-06-22T17:43:23.9881801Z [0m[[0m[0minfo[0m] [0m[0m[32m- should accept valid override config with all fields[0m[0m
Test (ubuntu-latest, 21)	Run tests	2026-06-22T17:43:23.9917915Z [0m[[0m[0minfo[0m] [0m[0m[32mMistralClientClosedStateTest:[0m[0m
Test (ubuntu-latest, 21)	Run tests	2026-06-22T17:43:23.9918837Z [0m[[0m[0minfo[0m] [0m[0m[32mMistralClient[0m[0m
Test (ubuntu-latest, 21)	Run tests	2026-06-22T17:43:24.0298281Z [0m[[0m[0minfo[0m] [0m[0m[32m- should return ConfigurationError when complete() is called after close()[0m[0m
Test (ubuntu-latest, 21)	Run tests	2026-06-22T17:43:24.0307406Z [0m[[0m[0minfo[0m] [0m[0m[32m- should return ConfigurationError when streamComplete() is called (streaming not supported)[0m[0m
Test (ubuntu-latest, 21)	Run tests	2026-06-22T17:43:24.0319020Z [0m[[0m[0minfo[0m] [0m[0m[32m- should allow close() to be called multiple times (idempotent)[0m[0m
Test (ubuntu-latest, 21)	Run tests	2026-06-22T17:43:24.0330234Z [0m[[0m[0minfo[0m] [0m[0m[32m- should include model name in the closed error message[0m[0m
Test (ubuntu-latest, 21)	Run tests	2026-06-22T17:43:24.0383113Z [0m[[0m[0minfo[0m] [0m[0m[32mPIIDetectorSpec:[0m[0m
Test (ubuntu-latest, 21)	Run tests	2026-06-22T17:43:24.0384991Z [0m[[0m[0minfo[0m] [0m[0m[32mPIIDetector defaults[0m[0m
Test (ubuntu-latest, 21)	Run tests	2026-06-22T17:43:24.0386751Z [0m[[0m[0minfo[0m] [0m[0m[32m- should use Block as default mode[0m[0m
Test (ubuntu-latest, 21)	Run tests	2026-06-22T17:43:24.0388422Z [0m[[0m[0minfo[0m] [0m[0m[32m- should use PIIType.default as default types[0m[0m
Test (ubuntu-latest, 21)	Run tests	2026-06-22T17:43:24.0397272Z [0m[[0m[0minfo[0m] [0m[0m[32m- should have name PIIDetector[0m[0m
Test (ubuntu-latest, 21)	Run tests	2026-06-22T17:43:24.0398489Z [0m[[0m[0minfo[0m] [0m[0m[32mPIIDetector description[0m[0m
Test (ubuntu-latest, 21)	Run tests	2026-06-22T17:43:24.0399745Z [0m[[0m[0minfo[0m] [0m[0m[32m- should list detected types[0m[0m
Test (ubuntu-latest, 21)	Run tests	2026-06-22T17:43:24.0400775Z [0m[[0m[0minfo[0m] [0m[0m[32m- should reflect custom types[0m[0m
Test (ubuntu-latest, 21)	Run tests	2026-06-22T17:43:24.0401635Z [0m[[0m[0minfo[0m] [0m[0m[32mPIIDetector[0m[0m
Test (ubuntu-latest, 21)	Run tests	2026-06-22T17:43:24.0402251Z [0m[[0m[0minfo[0m] [0m[0m[32m- should pass empty string[0m[0m
Test (ubuntu-latest, 21)	Run tests	2026-06-22T17:43:24.0403090Z [0m[[0m[0minfo[0m] [0m[0m[32m- should pass whitespace string[0m[0m
Test (ubuntu-latest, 21)	Run tests	2026-06-22T17:43:24.0404143Z [0m[[0m[0minfo[0m] [0m[0m[32mPIIDetector in Block mode[0m[0m
Test (ubuntu-latest, 21)	Run tests	2026-06-22T17:43:24.0405390Z [0m[[0m[0minfo[0m] [0m[0m[32m- should return Left with ValidationError[0m[0m
Test (ubuntu-latest, 21)	Run tests	2026-06-22T17:43:24.0406536Z [0m[[0m[0minfo[0m] [0m[0m[32m- should include PII type names in error[0m[0m
Test (ubuntu-latest, 21)	Run tests	2026-06-22T17:43:24.0407893Z [0m[[0m[0minfo[0m] [0m[0m[32m- should include count per type in error[0m[0m
Test (ubuntu-latest, 21)	Run tests	2026-06-22T17:43:24.0409057Z [0m[[0m[0minfo[0m] [0m[0m[32mPIIDetector in Fix mode[0m[0m
Test (ubuntu-latest, 21)	Run tests	2026-06-22T17:43:24.0412622Z [0m[[0m[0minfo[0m] [0m[0m[32m- should mask and return Right[0m[0m
Test (ubuntu-latest, 21)	Run tests	2026-06-22T17:43:24.0420045Z [0m[[0m[0minfo[0m] [0m[0m[32m- should mask all configured types[0m[0m
Test (ubuntu-latest, 21)	Run tests	2026-06-22T17:43:24.0421124Z [0m[[0m[0minfo[0m] [0m[0m[32m- should return original when clean[0m[0m
Test (ubuntu-latest, 21)	Run tests	2026-06-22T17:43:24.0422445Z [0m[[0m[0minfo[0m] [0m[0m[32mPIIDetector in Warn mode[0m[0m
Test (ubuntu-latest, 21)	Run tests	2026-06-22T17:43:24.0423444Z [0m[[0m[0minfo[0m] [0m[0m[32m- should return original text with PII[0m[0m
Test (ubuntu-latest, 21)	Run tests	2026-06-22T17:43:24.0445017Z [0m[[0m[0minfo[0m] [0m[0m[32m- should return original when clean[0m[0m
Test (ubuntu-latest, 21)	Run tests	2026-06-22T17:43:24.0448861Z [0m[[0m[0minfo[0m] [0m[0m[32mPIIDetector.transform[0m[0m
Test (ubuntu-latest, 21)	Run tests	2026-06-22T17:43:24.0450105Z [0m[[0m[0minfo[0m] [0m[0m[32m- should mask in Fix mode[0m[0m
Test (ubuntu-latest, 21)	Run tests	2026-06-22T17:43:24.0451258Z [0m[[0m[0minfo[0m] [0m[0m[32m- should passthrough in Block mode[0m[0m
Test (ubuntu-latest, 21)	Run tests	2026-06-22T17:43:24.0452413Z [0m[[0m[0minfo[0m] [0m[0m[32m- should passthrough in Warn mode[0m[0m
Test (ubuntu-latest, 21)	Run tests	2026-06-22T17:43:24.0459493Z [0m[[0m[0minfo[0m] [0m[0m[32m- should passthrough when clean in Fix mode[0m[0m
Test (ubuntu-latest, 21)	Run tests	2026-06-22T17:43:24.0461207Z [0m[[0m[0minfo[0m] [0m[0m[32mPIIDetector.apply()[0m[0m
Test (ubuntu-latest, 21)	Run tests	2026-06-22T17:43:24.0462127Z [0m[[0m[0minfo[0m] [0m[0m[32m- should create with defaults[0m[0m
Test (ubuntu-latest, 21)	Run tests	2026-06-22T17:43:24.0463152Z [0m[[0m[0minfo[0m] [0m[0m[32mPIIDetector.apply(piiTypes)[0m[0m
Test (ubuntu-latest, 21)	Run tests	2026-06-22T17:43:24.0464525Z [0m[[0m[0minfo[0m] [0m[0m[32m- should accept custom types[0m[0m
Test (ubuntu-latest, 21)	Run tests	2026-06-22T17:43:24.0465837Z [0m[[0m[0minfo[0m] [0m[0m[32mPIIDetector.apply(onFail)[0m[0m
Test (ubuntu-latest, 21)	Run tests	2026-06-22T17:43:24.0466834Z [0m[[0m[0minfo[0m] [0m[0m[32m- should accept custom action[0m[0m
Test (ubuntu-latest, 21)	Run tests	2026-06-22T17:43:24.0467830Z [0m[[0m[0minfo[0m] [0m[0m[32mPIIDetector.apply(piiTypes, onFail)[0m[0m
Test (ubuntu-latest, 21)	Run tests	2026-06-22T17:43:24.0468733Z [0m[[0m[0minfo[0m] [0m[0m[32m- should accept both[0m[0m
Test (ubuntu-latest, 21)	Run tests	2026-06-22T17:43:24.0469628Z [0m[[0m[0minfo[0m] [0m[0m[32mPIIDetector.strict[0m[0m
Test (ubuntu-latest, 21)	Run tests	2026-06-22T17:43:24.0470497Z [0m[[0m[0minfo[0m] [0m[0m[32m- should use all types and Block[0m[0m
Test (ubuntu-latest, 21)	Run tests	2026-06-22T17:43:24.0471405Z [0m[[0m[0minfo[0m] [0m[0m[32mPIIDetector.masking[0m[0m
Test (ubuntu-latest, 21)	Run tests	2026-06-22T17:43:24.0472729Z [0m[[0m[0minfo[0m] [0m[0m[32m- should use default types and Fix[0m[0m
Test (ubuntu-latest, 21)	Run tests	2026-06-22T17:43:24.0473632Z [0m[[0m[0minfo[0m] [0m[0m[32mPIIDetector.monitoring[0m[0m
Test (ubuntu-latest, 21)	Run tests	2026-06-22T17:43:24.0474509Z [0m[[0m[0minfo[0m] [0m[0m[32m- should use default types and Warn[0m[0m
Test (ubuntu-latest, 21)	Run tests	2026-06-22T17:43:24.0475610Z [0m[[0m[0minfo[0m] [0m[0m[32mPIIDetector.financial[0m[0m
Test (ubuntu-latest, 21)	Run tests	2026-06-22T17:43:24.0476659Z [0m[[0m[0minfo[0m] [0m[0m[32m- should use CreditCard, SSN, BankAccount and Block[0m[0m
Test (ubuntu-latest, 21)	Run tests	2026-06-22T17:43:24.0477718Z [0m[[0m[0minfo[0m] [0m[0m[32mPIIDetector.contactInfo[0m[0m
Test (ubuntu-latest, 21)	Run tests	2026-06-22T17:43:24.0478600Z [0m[[0m[0minfo[0m] [0m[0m[32m- should use Email, Phone and Fix[0m[0m
Test (ubuntu-latest, 21)	Run tests	2026-06-22T17:43:24.0479468Z [0m[[0m[0minfo[0m] [0m[0m[32mPIIDetector with Email-only[0m[0m
Test (ubuntu-latest, 21)	Run tests	2026-06-22T17:43:24.0480558Z [0m[[0m[0minfo[0m] [0m[0m[32m- should ignore SSN[0m[0m
Test (ubuntu-latest, 21)	Run tests	2026-06-22T17:43:24.0481390Z [0m[[0m[0minfo[0m] [0m[0m[32mPIIDetector with multiple types[0m[0m
Test (ubuntu-latest, 21)	Run tests	2026-06-22T17:43:24.0482294Z [0m[[0m[0minfo[0m] [0m[0m[32m- should detect all configured types[0m[0m
Test (ubuntu-latest, 21)	Run tests	2026-06-22T17:43:24.0483171Z [0m[[0m[0minfo[0m] [0m[0m[32mPIIDetector.financial[0m[0m
Test (ubuntu-latest, 21)	Run tests	2026-06-22T17:43:24.0484032Z [0m[[0m[0minfo[0m] [0m[0m[32m- should block cards but not emails[0m[0m
Test (ubuntu-latest, 21)	Run tests	2026-06-22T17:43:24.0485002Z [0m[[0m[0minfo[0m] [0m[0m[32mPIIDetector[0m[0m
Test (ubuntu-latest, 21)	Run tests	2026-06-22T17:43:24.0485851Z [0m[[0m[0minfo[0m] [0m[0m[32m- should be assignable to InputGuardrail[0m[0m
Test (ubuntu-latest, 21)	Run tests	2026-06-22T17:43:24.0486865Z [0m[[0m[0minfo[0m] [0m[0m[32m- should be assignable to OutputGuardrail[0m[0m
Test (ubuntu-latest, 21)	Run tests	2026-06-22T17:43:24.0487993Z [0m[[0m[0minfo[0m] [0m[0m[32m- should transform via InputGuardrail reference[0m[0m
Test (ubuntu-latest, 21)	Run tests	2026-06-22T17:43:24.0489090Z [0m[[0m[0minfo[0m] [0m[0m[32m- should transform via OutputGuardrail reference[0m[0m
Test (ubuntu-latest, 21)	Run tests	2026-06-22T17:43:24.0498160Z [0m[[0m[0minfo[0m] [0m[0m[32mLLMClientPipelineSpec:[0m[0m
Test (ubuntu-latest, 21)	Run tests	2026-06-22T17:43:24.0499270Z [0m[[0m[0minfo[0m] [0m[0m[32mLLMClientPipeline[0m[0m
Test (ubuntu-latest, 21)	Run tests	2026-06-22T17:43:24.0500277Z [0m[[0m[0minfo[0m] [0m[0m[32m- should apply middleware in correct order[0m[0m
Test (ubuntu-latest, 21)	Run tests	2026-06-22T17:43:24.0504510Z [0m[[0m[0minfo[0m] [0m[0m[32m- should return middleware names in application order[0m[0m
Test (ubuntu-latest, 21)	Run tests	2026-06-22T17:43:24.0573759Z [0m[[0m[0minfo[0m] [0m[0m[32mSSETransportImplSpec:[0m[0m
Test (ubuntu-latest, 21)	Run tests	2026-06-22T17:43:24.0576154Z [0m[[0m[0minfo[0m] [0m[0m[32mSSETransportImpl initialization[0m[0m
Test (ubuntu-latest, 21)	Run tests	2026-06-22T17:43:24.0593557Z [0m[[0m[0minfo[0m] [0m[0m[32m- should create transport with correct configuration[0m[0m
Test (ubuntu-latest, 21)	Run tests	2026-06-22T17:43:24.0595108Z [0m[[0m[0minfo[0m] [0m[0m[32mSSETransportImpl.sendRequest[0m[0m
Test (ubuntu-latest, 21)	Run tests	2026-06-22T17:43:24.0622311Z [0m[[0m[0minfo[0m] [0m[0m[32m- should send POST request with correct base headers for initialize[0m[0m
Test (ubuntu-latest, 21)	Run tests	2026-06-22T17:43:24.0639985Z [0m[[0m[0minfo[0m] [0m[0m[32m- should NOT include MCP-Protocol-Version header on initialize request[0m[0m
Test (ubuntu-latest, 21)	Run tests	2026-06-22T17:43:24.0653683Z [0m[[0m[0minfo[0m] [0m[0m[32m- should include MCP-Protocol-Version header on non-initialize requests[0m[0m
Test (ubuntu-latest, 21)	Run tests	2026-06-22T17:43:24.0669497Z [0m[[0m[0minfo[0m] [0m[0m[32m- should handle successful JSON response[0m[0m
Test (ubuntu-latest, 21)	Run tests	2026-06-22T17:43:24.0691006Z [0m[[0m[0minfo[0m] [0m[0m[32m- should handle successful SSE stream response[0m[0m
Test (ubuntu-latest, 21)	Run tests	2026-06-22T17:43:24.0701540Z [0m[[0m[0minfo[0m] [0m[0m[32m- should parse SSE events with event type and id fields[0m[0m
Test (ubuntu-latest, 21)	Run tests	2026-06-22T17:43:24.0713740Z [0m[[0m[0minfo[0m] [0m[0m[32m- should extract session ID from initialize response headers[0m[0m
Test (ubuntu-latest, 21)	Run tests	2026-06-22T17:43:24.0733012Z [0m[[0m[0minfo[0m] [0m[0m[32m- should handle server without session management[0m[0m
Test (ubuntu-latest, 21)	Run tests	2026-06-22T17:43:24.0742230Z [0m[[0m[0minfo[0m] [0m[0m[32m- should handle multiple SSE events and extract JSON-RPC response[0m[0m
Test (ubuntu-latest, 21)	Run tests	2026-06-22T17:43:24.0743838Z [0m[[0m[0minfo[0m] [0m[0m[32mSSETransportImpl error handling[0m[0m
Test (ubuntu-latest, 21)	Run tests	2026-06-22T17:43:24.0756351Z [0m[[0m[0minfo[0m] [0m[0m[32m- should handle HTTP 404 with active session as session expiration[0m[0m
Test (ubuntu-latest, 21)	Run tests	2026-06-22T17:43:24.0765974Z [0m[[0m[0minfo[0m] [0m[0m[32m- should handle HTTP 400+ errors with body in error message[0m[0m
Test (ubuntu-latest, 21)	Run tests	2026-06-22T17:43:24.0780005Z [0m[[0m[0minfo[0m] [0m[0m[32m- should handle JSON-RPC error responses[0m[0m
Test (ubuntu-latest, 21)	Run tests	2026-06-22T17:43:24.0792040Z [0m[[0m[0minfo[0m] [0m[0m[32m- should handle malformed JSON in response[0m[0m
Test (ubuntu-latest, 21)	Run tests	2026-06-22T17:43:24.0802157Z [0m[[0m[0minfo[0m] [0m[0m[32m- should handle network exceptions[0m[0m
Test (ubuntu-latest, 21)	Run tests	2026-06-22T17:43:24.0813654Z [0m[[0m[0minfo[0m] [0m[0m[32m- should handle connection failures[0m[0m
Test (ubuntu-latest, 21)	Run tests	2026-06-22T17:43:24.0824249Z [0m[[0m[0minfo[0m] [0m[0m[32m- should handle empty SSE stream with no valid JSON-RPC response[0m[0m
Test (ubuntu-latest, 21)	Run tests	2026-06-22T17:43:24.0825790Z [0m[[0m[0minfo[0m] [0m[0m[32mSSETransportImpl SSE parsing[0m[0m
Test (ubuntu-latest, 21)	Run tests	2026-06-22T17:43:24.0836102Z [0m[[0m[0minfo[0m] [0m[0m[32m- should handle SSE with valid JSON-RPC response on single data line[0m[0m
Test (ubuntu-latest, 21)	Run tests	2026-06-22T17:43:24.0848055Z [0m[[0m[0minfo[0m] [0m[0m[32m- should handle SSE comments (lines starting with colon)[0m[0m
Test (ubuntu-latest, 21)	Run tests	2026-06-22T17:43:24.0855585Z [0m[[0m[0minfo[0m] [0m[0m[32m- should handle [DONE] sentinel in SSE data[0m[0m
Test (ubuntu-latest, 21)	Run tests	2026-06-22T17:43:24.0867204Z [0m[[0m[0minfo[0m] [0m[0m[32m- should skip non-JSON-RPC data in SSE stream[0m[0m
Test (ubuntu-latest, 21)	Run tests	2026-06-22T17:43:24.0869288Z [0m[[0m[0minfo[0m] [0m[0m[32mSSETransportImpl.sendNotification[0m[0m
Test (ubuntu-latest, 21)	Run tests	2026-06-22T17:43:24.0880413Z [0m[[0m[0minfo[0m] [0m[0m[32m- should send notification with Content-Type header[0m[0m
Test (ubuntu-latest, 21)	Run tests	2026-06-22T17:43:24.0892275Z [0m[[0m[0minfo[0m] [0m[0m[32m- should include MCP-Protocol-Version in notification headers[0m[0m
Test (ubuntu-latest, 21)	Run tests	2026-06-22T17:43:24.0900762Z [0m[[0m[0minfo[0m] [0m[0m[32m- should include session ID in notification if present[0m[0m
Test (ubuntu-latest, 21)	Run tests	2026-06-22T17:43:24.0911197Z [0m[[0m[0minfo[0m] [0m[0m[32m- should handle notification errors[0m[0m
Test (ubuntu-latest, 21)	Run tests	2026-06-22T17:43:24.0912410Z [0m[[0m[0minfo[0m] [0m[0m[32mSSETransportImpl.close[0m[0m
Test (ubuntu-latest, 21)	Run tests	2026-06-22T17:43:24.0935367Z [0m[[0m[0minfo[0m] [0m[0m[32m- should send DELETE request if session exists[0m[0m
Test (ubuntu-latest, 21)	Run tests	2026-06-22T17:43:24.0944226Z [0m[[0m[0minfo[0m] [0m[0m[32m- should clear session after close[0m[0m
Test (ubuntu-latest, 21)	Run tests	2026-06-22T17:43:24.0956460Z [0m[[0m[0minfo[0m] [0m[0m[32m- should handle 405 error during session termination gracefully[0m[0m
Test (ubuntu-latest, 21)	Run tests	2026-06-22T17:43:24.0964004Z [0m[[0m[0minfo[0m] [0m[0m[32m- should allow close without session[0m[0m
Test (ubuntu-latest, 21)	Run tests	2026-06-22T17:43:24.0965956Z [0m[[0m[0minfo[0m] [0m[0m[32mSSETransportImpl.generateId[0m[0m
Test (ubuntu-latest, 21)	Run tests	2026-06-22T17:43:24.0969840Z [0m[[0m[0minfo[0m] [0m[0m[32m- should generate unique sequential IDs[0m[0m
Test (ubuntu-latest, 21)	Run tests	2026-06-22T17:43:24.0996782Z [0m[[0m[0minfo[0m] [0m[0m[32mJsonGraphStoreTest:[0m[0m
Test (ubuntu-latest, 21)	Run tests	2026-06-22T17:43:24.1029855Z [0m[[0m[0minfo[0m] [0m[0m[32m- JsonGraphStore should save and load graph correctly[0m[0m
Test (ubuntu-latest, 21)	Run tests	2026-06-22T17:43:24.1036821Z [0m[[0m[0minfo[0m] [0m[0m[32m- JsonGraphStore should fail loading non-existent file[0m[0m
Test (ubuntu-latest, 21)	Run tests	2026-06-22T17:43:24.1043753Z [0m[[0m[0minfo[0m] [0m[0m[32m- JsonGraphStore should handle missing properties field[0m[0m
Test (ubuntu-latest, 21)	Run tests	2026-06-22T17:43:24.1049125Z [0m[[0m[0minfo[0m] [0m[0m[32m- JsonGraphStore should fail loading malformed JSON[0m[0m
Test (ubuntu-latest, 21)	Run tests	2026-06-22T17:43:24.1059772Z [0m[[0m[0minfo[0m] [0m[0m[32m- JsonGraphStore should save and load empty graph[0m[0m
Test (ubuntu-latest, 21)	Run tests	2026-06-22T17:43:24.1062860Z [0m[[0m[0minfo[0m] [0m[0m[32m- JsonGraphStore should handle properties with special characters[0m[0m
Test (ubuntu-latest, 21)	Run tests	2026-06-22T17:43:24.1115994Z [0m[[0m[0minfo[0m] [0m[0m[32mErrorRecoverySpec:[0m[0m
Test (ubuntu-latest, 21)	Run tests	2026-06-22T17:43:24.1119248Z [0m[[0m[0minfo[0m] [0m[0m[32mErrorRecovery.recoverWithBackoff[0m[0m
Test (ubuntu-latest, 21)	Run tests	2026-06-22T17:43:24.1128036Z [0m[[0m[0minfo[0m] [0m[0m[32m- should return success immediately on first try[0m[0m
Test (ubuntu-latest, 21)	Run tests	2026-06-22T17:43:24.1143156Z [0m[[0m[0minfo[0m] [0m[0m[32m- should retry on recoverable errors[0m[0m
Test (ubuntu-latest, 21)	Run tests	2026-06-22T17:43:24.1148823Z [0m[[0m[0minfo[0m] [0m[0m[32m- should not retry on non-recoverable errors[0m[0m
Test (ubuntu-latest, 21)	Run tests	2026-06-22T17:43:24.1159105Z [0m[[0m[0minfo[0m] [0m[0m[32m- should return ExecutionError after max attempts[0m[0m
Test (ubuntu-latest, 21)	Run tests	2026-06-22T17:43:24.1163642Z [0m[[0m[0minfo[0m] [0m[0m[32m- should retry on TimeoutError[0m[0m
Test (ubuntu-latest, 21)	Run tests	2026-06-22T17:43:24.1173230Z [0m[[0m[0minfo[0m] [0m[0m[32m- should use retry delay from RateLimitError when available[0m[0m
Test (ubuntu-latest, 21)	Run tests	2026-06-22T17:43:24.1175032Z [0m[[0m[0minfo[0m] [0m[0m[32mCircuitBreaker[0m[0m
Test (ubuntu-latest, 21)	Run tests	2026-06-22T17:43:24.1187156Z [0m[[0m[0minfo[0m] [0m[0m[32m- should start in Closed state[0m[0m
Test (ubuntu-latest, 21)	Run tests	2026-06-22T17:43:24.1192898Z [0m[[0m[0minfo[0m] [0m[0m[32m- should allow successful calls in Closed state[0m[0m
Test (ubuntu-latest, 21)	Run tests	2026-06-22T17:43:24.1199173Z [0m[[0m[0minfo[0m] [0m[0m[32m- should track failures in Closed state[0m[0m
Test (ubuntu-latest, 21)	Run tests	2026-06-22T17:43:24.1208806Z [0m[[0m[0minfo[0m] [0m[0m[32m- should open after reaching failure threshold[0m[0m
Test (ubuntu-latest, 21)	Run tests	2026-06-22T17:43:24.1218492Z [0m[[0m[0minfo[0m] [0m[0m[32m- should reset failure count on success[0m[0m
Test (ubuntu-latest, 21)	Run tests	2026-06-22T17:43:24.1226511Z [0m[[0m[0minfo[0m] [0m[0m[32m- should transition from Open to HalfOpen after recovery timeout[0m[0m
Test (ubuntu-latest, 21)	Run tests	2026-06-22T17:43:24.1236518Z [0m[[0m[0minfo[0m] [0m[0m[32m- should close circuit on success in HalfOpen state[0m[0m
Test (ubuntu-latest, 21)	Run tests	2026-06-22T17:43:24.1245212Z [0m[[0m[0minfo[0m] [0m[0m[32m- should reopen circuit on failure in HalfOpen state[0m[0m
Test (ubuntu-latest, 21)	Run tests	2026-06-22T17:43:24.1251883Z [0m[[0m[0minfo[0m] [0m[0m[32m- should work with default parameters[0m[0m
Test (ubuntu-latest, 21)	Run tests	2026-06-22T17:43:24.1253682Z [0m[[0m[0minfo[0m] [0m[0m[32mCircuitState[0m[0m
Test (ubuntu-latest, 21)	Run tests	2026-06-22T17:43:24.1256572Z [0m[[0m[0minfo[0m] [0m[0m[32m- should have Closed, Open, and HalfOpen states[0m[0m
Test (ubuntu-latest, 21)	Run tests	2026-06-22T17:43:24.1257826Z [0m[[0m[0minfo[0m] [0m[0m[32mErrorRecovery[0m[0m
Test (ubuntu-latest, 21)	Run tests	2026-06-22T17:43:24.1260809Z [0m[[0m[0minfo[0m] [0m[0m[32m- should handle mixed error types correctly[0m[0m
Test (ubuntu-latest, 21)	Run tests	2026-06-22T17:43:24.1268165Z [0m[[0m[0minfo[0m] [0m[0m[32m- should combine with CircuitBreaker for comprehensive error handling[0m[0m
Test (ubuntu-latest, 21)	Run tests	2026-06-22T17:43:24.1269880Z [0m[[0m[0minfo[0m] [0m[0m[32mCircuitBreaker under concurrent load[0m[0m
Test (ubuntu-latest, 21)	Run tests	2026-06-22T17:43:24.1319443Z [0m[[0m[0minfo[0m] [0m[0m[32m- should reject all calls when circuit is Open[0m[0m
Test (ubuntu-latest, 21)	Run tests	2026-06-22T17:43:24.1372971Z [0m[[0m[0minfo[0m] [0m[0m[32m- should open the circuit after concurrent failures reach the threshold[0m[0m
Test (ubuntu-latest, 21)	Run tests	2026-06-22T17:43:24.1418338Z [0m[[0m[0minfo[0m] [0m[0m[32m- should not execute the operation body in any thread when circuit is Open[0m[0m
Test (ubuntu-latest, 21)	Run tests	2026-06-22T17:43:24.1460644Z [0m[[0m[0minfo[0m] [0m[0m[32m- should allow exactly one probe thread through when transitioning from Open to HalfOpen[0m[0m
Test (ubuntu-latest, 21)	Run tests	2026-06-22T17:43:24.1465698Z [0m[[0m[0minfo[0m] [0m[0m[32mCircuitBreaker HalfOpen re-open[0m[0m
Test (ubuntu-latest, 21)	Run tests	2026-06-22T17:43:24.1471434Z [0m[[0m[0minfo[0m] [0m[0m[32m- should reject calls immediately after a HalfOpen probe fails[0m[0m
Test (ubuntu-latest, 21)	Run tests	2026-06-22T17:43:24.1483024Z [0m[[0m[0minfo[0m] [0m[0m[32m- should require a fresh recovery timeout before probing again after HalfOpen failure[0m[0m
Test (ubuntu-latest, 21)	Run tests	2026-06-22T17:43:24.1498449Z [0m[[0m[0minfo[0m] [0m[0m[32m- should close the circuit permanently after a successful HalfOpen probe[0m[0m
Test (ubuntu-latest, 21)	Run tests	2026-06-22T17:43:24.1503188Z [0m[[0m[0minfo[0m] [0m[0m[32mCircuitBreaker timeout boundary[0m[0m
Test (ubuntu-latest, 21)	Run tests	2026-06-22T17:43:24.1507114Z [0m[[0m[0minfo[0m] [0m[0m[32m- should remain Open before the recovery timeout has elapsed[0m[0m
Test (ubuntu-latest, 21)	Run tests	2026-06-22T17:43:24.1517351Z [0m[[0m[0minfo[0m] [0m[0m[32m- should allow a probe after the recovery timeout has elapsed[0m[0m
Test (ubuntu-latest, 21)	Run tests	2026-06-22T17:43:24.1526505Z [0m[[0m[0minfo[0m] [0m[0m[32m- should use a strictly-greater-than comparison so the boundary is exclusive[0m[0m
Test (ubuntu-latest, 21)	Run tests	2026-06-22T17:43:24.1535259Z [0m[[0m[0minfo[0m] [0m[0m[32m- should reset the timeout clock on each re-open, not use the original open time[0m[0m
Test (ubuntu-latest, 21)	Run tests	2026-06-22T17:43:24.1599751Z [0m[[0m[0minfo[0m] [0m[0m[32mStreamingAccumulatorTest:[0m[0m
Test (ubuntu-latest, 21)	Run tests	2026-06-22T17:43:24.1606821Z [0m[[0m[0minfo[0m] [0m[0m[32m- should accumulate content from multiple chunks[0m[0m
Test (ubuntu-latest, 21)	Run tests	2026-06-22T17:43:24.1610027Z [0m[[0m[0minfo[0m] [0m[0m[32m- should handle chunks with no content[0m[0m
Test (ubuntu-latest, 21)	Run tests	2026-06-22T17:43:24.1615540Z [0m[[0m[0minfo[0m] [0m[0m[32m- should track message ID[0m[0m
Test (ubuntu-latest, 21)	Run tests	2026-06-22T17:43:24.1617130Z [0m[[0m[0minfo[0m] [0m[0m[32m- should accumulate tool calls[0m[0m
Test (ubuntu-latest, 21)	Run tests	2026-06-22T17:43:24.1620118Z [0m[[0m[0minfo[0m] [0m[0m[32m- should track finish reason[0m[0m
Test (ubuntu-latest, 21)	Run tests	2026-06-22T17:43:24.1622280Z [0m[[0m[0minfo[0m] [0m[0m[32m- should update token counts[0m[0m
Test (ubuntu-latest, 21)	Run tests	2026-06-22T17:43:24.1623977Z [0m[[0m[0minfo[0m] [0m[0m[32m- should create completion with accumulated data[0m[0m
Test (ubuntu-latest, 21)	Run tests	2026-06-22T17:43:24.1625790Z [0m[[0m[0minfo[0m] [0m[0m[32m- should clear accumulator state[0m[0m
Test (ubuntu-latest, 21)	Run tests	2026-06-22T17:43:24.1630798Z [0m[[0m[0minfo[0m] [0m[0m[32m- should create snapshot of current state[0m[0m
Test (ubuntu-latest, 21)	Run tests	2026-06-22T17:43:24.1635524Z [0m[[0m[0minfo[0m] [0m[0m[32m- should handle partial tool call accumulation[0m[0m
Test (ubuntu-latest, 21)	Run tests	2026-06-22T17:43:24.1638073Z [0m[[0m[0minfo[0m] [0m[0m[32m- should filter empty-object sentinel from tool call arguments[0m[0m
Test (ubuntu-latest, 21)	Run tests	2026-06-22T17:43:24.1642465Z [0m[[0m[0minfo[0m] [0m[0m[32m- should preserve raw string fragments for later assembly[0m[0m
Test (ubuntu-latest, 21)	Run tests	2026-06-22T17:43:24.1646487Z [0m[[0m[0minfo[0m] [0m[0m[32m- should assemble tool call arguments from raw JSON fragments[0m[0m
Test (ubuntu-latest, 21)	Run tests	2026-06-22T17:43:24.1649655Z [0m[[0m[0minfo[0m] [0m[0m[32m- should accumulate thinking content from chunks[0m[0m
Test (ubuntu-latest, 21)	Run tests	2026-06-22T17:43:24.1652838Z [0m[[0m[0minfo[0m] [0m[0m[32m- should return None for thinking when no thinking content[0m[0m
Test (ubuntu-latest, 21)	Run tests	2026-06-22T17:43:24.1655881Z [0m[[0m[0minfo[0m] [0m[0m[32m- should handle mixed content and thinking chunks[0m[0m
Test (ubuntu-latest, 21)	Run tests	2026-06-22T17:43:24.1675891Z [0m[[0m[0minfo[0m] [0m[0m[32m- should include thinking in completion[0m[0m
Test (ubuntu-latest, 21)	Run tests	2026-06-22T17:43:24.1676979Z [0m[[0m[0minfo[0m] [0m[0m[32m- should add thinking delta directly[0m[0m
Test (ubuntu-latest, 21)	Run tests	2026-06-22T17:43:24.1677638Z [0m[[0m[0minfo[0m] [0m[0m[32m- should track thinking tokens[0m[0m
Test (ubuntu-latest, 21)	Run tests	2026-06-22T17:43:24.1678290Z [0m[[0m[0minfo[0m] [0m[0m[32m- should include thinking tokens in snapshot[0m[0m
Test (ubuntu-latest, 21)	Run tests	2026-06-22T17:43:24.1678961Z [0m[[0m[0minfo[0m] [0m[0m[32m- should clear thinking content on clear[0m[0m
Test (ubuntu-latest, 21)	Run tests	2026-06-22T17:43:24.1708863Z [0m[[0m[0minfo[0m] [0m[0m[32mCommandTokenizerSpec:[0m[0m
Test (ubuntu-latest, 21)	Run tests	2026-06-22T17:43:24.1713348Z [0m[[0m[0minfo[0m] [0m[0m[32mCommandTokenizer[0m[0m
Test (ubuntu-latest, 21)	Run tests	2026-06-22T17:43:24.1714491Z [0m[[0m[0minfo[0m] [0m[0m[32m- should split on whitespace[0m[0m
Test (ubuntu-latest, 21)	Run tests	2026-06-22T17:43:24.1717473Z [0m[[0m[0minfo[0m] [0m[0m[32m- should collapse runs of whitespace[0m[0m
Test (ubuntu-latest, 21)	Run tests	2026-06-22T17:43:24.1723254Z [0m[[0m[0minfo[0m] [0m[0m[32m- should return an empty sequence for empty input[0m[0m
Test (ubuntu-latest, 21)	Run tests	2026-06-22T17:43:24.1725163Z [0m[[0m[0minfo[0m] [0m[0m[32m- should preserve whitespace inside double quotes[0m[0m
Test (ubuntu-latest, 21)	Run tests	2026-06-22T17:43:24.1732814Z [0m[[0m[0minfo[0m] [0m[0m[32m- should preserve whitespace inside single quotes[0m[0m
Test (ubuntu-latest, 21)	Run tests	2026-06-22T17:43:24.1738922Z [0m[[0m[0minfo[0m] [0m[0m[32m- should treat shell metacharacters inside quotes as literals[0m[0m
Test (ubuntu-latest, 21)	Run tests	2026-06-22T17:43:24.1749485Z [0m[[0m[0minfo[0m] [0m[0m[32m- should honour backslash escapes outside quotes[0m[0m
Test (ubuntu-latest, 21)	Run tests	2026-06-22T17:43:24.1751444Z [0m[[0m[0minfo[0m] [0m[0m[32m- should honour backslash escapes for quote and backslash inside double quotes[0m[0m
Test (ubuntu-latest, 21)	Run tests	2026-06-22T17:43:24.1753572Z [0m[[0m[0minfo[0m] [0m[0m[32m- should leave non-escape backslashes inside double quotes literal[0m[0m
Test (ubuntu-latest, 21)	Run tests	2026-06-22T17:43:24.1755665Z [0m[[0m[0minfo[0m] [0m[0m[32m- should leave backslashes inside single quotes literal[0m[0m
Test (ubuntu-latest, 21)	Run tests	2026-06-22T17:43:24.1757606Z [0m[[0m[0minfo[0m] [0m[0m[32m- should concatenate adjacent quoted and unquoted segments into one token[0m[0m
Test (ubuntu-latest, 21)	Run tests	2026-06-22T17:43:24.1759331Z [0m[[0m[0minfo[0m] [0m[0m[32m- should produce an empty token for empty quotes[0m[0m
Test (ubuntu-latest, 21)	Run tests	2026-06-22T17:43:24.1760741Z [0m[[0m[0minfo[0m] [0m[0m[32m- should reject unclosed double quotes[0m[0m
Test (ubuntu-latest, 21)	Run tests	2026-06-22T17:43:24.1766639Z [0m[[0m[0minfo[0m] [0m[0m[32m- should reject unclosed single quotes[0m[0m
Test (ubuntu-latest, 21)	Run tests	2026-06-22T17:43:24.1768615Z [0m[[0m[0minfo[0m] [0m[0m[32m- should tokenize the bypass payload safely[0m[0m
Test (ubuntu-latest, 21)	Run tests	2026-06-22T17:43:24.1801762Z [0m[[0m[0minfo[0m] [0m[0m[32mConsoleInterfaceSpec:[0m[0m
Test (ubuntu-latest, 21)	Run tests	2026-06-22T17:43:24.1804082Z [0m[[0m[0minfo[0m] [0m[0m[32mMessageType[0m[0m
Test (ubuntu-latest, 21)	Run tests	2026-06-22T17:43:24.1806738Z [0m[[0m[0minfo[0m] [0m[0m[32m- should have Info type[0m[0m
Test (ubuntu-latest, 21)	Run tests	2026-06-22T17:43:24.1808588Z [0m[[0m[0minfo[0m] [0m[0m[32m- should have Success type[0m[0m
Test (ubuntu-latest, 21)	Run tests	2026-06-22T17:43:24.1811174Z [0m[[0m[0minfo[0m] [0m[0m[32m- should have Warning type[0m[0m
Test (ubuntu-latest, 21)	Run tests	2026-06-22T17:43:24.1812532Z [0m[[0m[0minfo[0m] [0m[0m[32m- should have Error type[0m[0m
Test (ubuntu-latest, 21)	Run tests	2026-06-22T17:43:24.1813929Z [0m[[0m[0minfo[0m] [0m[0m[32m- should have AssistantResponse type[0m[0m
Test (ubuntu-latest, 21)	Run tests	2026-06-22T17:43:24.1819315Z [0m[[0m[0minfo[0m] [0m[0m[32m- should have Show instance[0m[0m
Test (ubuntu-latest, 21)	Run tests	2026-06-22T17:43:24.1820470Z [0m[[0m[0minfo[0m] [0m[0m[32mConsoleConfig[0m[0m
Test (ubuntu-latest, 21)	Run tests	2026-06-22T17:43:24.1822969Z [0m[[0m[0minfo[0m] [0m[0m[32m- should have sensible defaults[0m[0m
Test (ubuntu-latest, 21)	Run tests	2026-06-22T17:43:24.1826295Z [0m[[0m[0minfo[0m] [0m[0m[32m- should have color scheme for all message types[0m[0m
Test (ubuntu-latest, 21)	Run tests	2026-06-22T17:43:24.1828503Z [0m[[0m[0minfo[0m] [0m[0m[32m- should allow custom prompt symbols[0m[0m
Test (ubuntu-latest, 21)	Run tests	2026-06-22T17:43:24.1831156Z [0m[[0m[0minfo[0m] [0m[0m[32m- should allow custom color scheme[0m[0m
Test (ubuntu-latest, 21)	Run tests	2026-06-22T17:43:24.1833009Z [0m[[0m[0minfo[0m] [0m[0m[32mConsoleConfig.StyleConfig[0m[0m
Test (ubuntu-latest, 21)	Run tests	2026-06-22T17:43:24.1835082Z [0m[[0m[0minfo[0m] [0m[0m[32m- should have sensible defaults[0m[0m
Test (ubuntu-latest, 21)	Run tests	2026-06-22T17:43:24.1837186Z [0m[[0m[0minfo[0m] [0m[0m[32m- should allow custom styles[0m[0m
Test (ubuntu-latest, 21)	Run tests	2026-06-22T17:43:24.1839513Z [0m[[0m[0minfo[0m] [0m[0m[32m- should be included in ConsoleConfig[0m[0m
Test (ubuntu-latest, 21)	Run tests	2026-06-22T17:43:24.1841729Z [0m[[0m[0minfo[0m] [0m[0m[32m- should allow custom styles in ConsoleConfig[0m[0m
Test (ubuntu-latest, 21)	Run tests	2026-06-22T17:43:24.1843697Z [0m[[0m[0minfo[0m] [0m[0m[32mShowInstances.showAssistantError[0m[0m
Test (ubuntu-latest, 21)	Run tests	2026-06-22T17:43:24.1857899Z [0m[[0m[0minfo[0m] [0m[0m[32m- should format IO errors[0m[0m
Test (ubuntu-latest, 21)	Run tests	2026-06-22T17:43:24.1864518Z [0m[[0m[0minfo[0m] [0m[0m[32m- should format EOF errors[0m[0m
Test (ubuntu-latest, 21)	Run tests	2026-06-22T17:43:24.1872398Z [0m[[0m[0minfo[0m] [0m[0m[32m- should format Display errors[0m[0m
Test (ubuntu-latest, 21)	Run tests	2026-06-22T17:43:24.1875519Z [0m[[0m[0minfo[0m] [0m[0m[32m- should format other errors using message[0m[0m
Test (ubuntu-latest, 21)	Run tests	2026-06-22T17:43:24.1877734Z [0m[[0m[0minfo[0m] [0m[0m[32mShowInstances.showLLMError[0m[0m
Test (ubuntu-latest, 21)	Run tests	2026-06-22T17:43:24.1896059Z [0m[[0m[0minfo[0m] [0m[0m[32m- should format LLM errors[0m[0m
Test (ubuntu-latest, 21)	Run tests	2026-06-22T17:43:24.1916731Z [0m[[0m[0minfo[0m] [0m[0m[32mSemanticChunkerSpec:[0m[0m
Test (ubuntu-latest, 21)	Run tests	2026-06-22T17:43:24.1918838Z [0m[[0m[0minfo[0m] [0m[0m[32mSemanticChunker[0m[0m
Test (ubuntu-latest, 21)	Run tests	2026-06-22T17:43:24.1922095Z [0m[[0m[0minfo[0m] [0m[0m[32m- should have correct default values[0m[0m
Test (ubuntu-latest, 21)	Run tests	2026-06-22T17:43:24.2331179Z [0m[[0m[0minfo[0m] [0m[0m[32m- should create chunker with default parameters[0m[0m
Test (ubuntu-latest, 21)	Run tests	2026-06-22T17:43:24.2335534Z [0m[[0m[0minfo[0m] [0m[0m[32m- should create chunker with custom similarity threshold[0m[0m
Test (ubuntu-latest, 21)	Run tests	2026-06-22T17:43:24.2338554Z [0m[[0m[0minfo[0m] [0m[0m[32m- should create chunker with custom batch size[0m[0m
Test (ubuntu-latest, 21)	Run tests	2026-06-22T17:43:24.2341133Z [0m[[0m[0minfo[0m] [0m[0m[32m- should reject invalid similarity threshold[0m[0m
Test (ubuntu-latest, 21)	Run tests	2026-06-22T17:43:24.2346500Z [0m[[0m[0minfo[0m] [0m[0m[32m- should reject invalid batch size[0m[0m
Test (ubuntu-latest, 21)	Run tests	2026-06-22T17:43:24.2353399Z [0m[[0m[0minfo[0m] [0m[0m[32m- should handle empty text[0m[0m
Test (ubuntu-latest, 21)	Run tests	2026-06-22T17:43:24.2364513Z [0m[[0m[0minfo[0m] [0m[0m[32m- should return single chunk for short text[0m[0m
Test (ubuntu-latest, 21)	Run tests	2026-06-22T17:43:24.2387185Z [0m[[0m[0minfo[0m] [0m[0m[32m- should split at topic boundaries based on embedding similarity[0m[0m
Test (ubuntu-latest, 21)	Run tests	2026-06-22T17:43:24.2399564Z [0m[[0m[0minfo[0m] [0m[0m[32m- should preserve abbreviations when splitting sentences[0m[0m
Test (ubuntu-latest, 21)	Run tests	2026-06-22T17:43:24.2411929Z [0m[[0m[0minfo[0m] [0m[0m[32m- should handle decimal numbers[0m[0m
Test (ubuntu-latest, 21)	Run tests	2026-06-22T17:43:24.2445812Z [0m[[0m[0minfo[0m] [0m[0m[32m- should force split very long single sentences[0m[0m
Test (ubuntu-latest, 21)	Run tests	2026-06-22T17:43:24.2453504Z [0m[[0m[0minfo[0m] [0m[0m[32m- should assign sequential indices[0m[0m
Test (ubuntu-latest, 21)	Run tests	2026-06-22T17:43:24.2462771Z [0m[[0m[0minfo[0m] [0m[0m[32m- should respect minimum chunk size[0m[0m
Test (ubuntu-latest, 21)	Run tests	2026-06-22T17:43:24.2466360Z [0m[[0m[0minfo[0m] [0m[0m[32m- should handle text with no sentence boundaries[0m[0m
Test (ubuntu-latest, 21)	Run tests	2026-06-22T17:43:24.2467408Z [0m[[0m[0minfo[0m] [0m[0m[32mChunkerFactory[0m[0m
Test (ubuntu-latest, 21)	Run tests	2026-06-22T17:43:24.2468851Z [0m[[0m[0minfo[0m] [0m[0m[32m- should create semantic chunker[0m[0m
Test (ubuntu-latest, 21)	Run tests	2026-06-22T17:43:24.2470502Z [0m[[0m[0minfo[0m] [0m[0m[32m- should create semantic chunker with custom parameters[0m[0m
Test (ubuntu-latest, 21)	Run tests	2026-06-22T17:43:24.2473868Z [0m[[0m[0minfo[0m] [0m[0m[32m- should fall back to sentence chunker when creating by name without embedding client[0m[0m
Test (ubuntu-latest, 21)	Run tests	2026-06-22T17:43:24.2485999Z [0m[[0m[0minfo[0m] [0m[0m[32m- should fall back to sentence chunker when creating by strategy enum without embedding client[0m[0m
Test (ubuntu-latest, 21)	Run tests	2026-06-22T17:43:24.2629598Z [0m[[0m[0minfo[0m] [0m[0m[32mUrlNormalizerSpec:[0m[0m
Test (ubuntu-latest, 21)	Run tests	2026-06-22T17:43:24.2630968Z [0m[[0m[0minfo[0m] [0m[0m[32mUrlNormalizer.normalize[0m[0m
Test (ubuntu-latest, 21)	Run tests	2026-06-22T17:43:24.2632492Z [0m[[0m[0minfo[0m] [0m[0m[32m- should lowercase scheme[0m[0m
Test (ubuntu-latest, 21)	Run tests	2026-06-22T17:43:24.2633858Z [0m[[0m[0minfo[0m] [0m[0m[32m- should lowercase host[0m[0m
Test (ubuntu-latest, 21)	Run tests	2026-06-22T17:43:24.2635696Z [0m[[0m[0minfo[0m] [0m[0m[32m- should remove trailing slash[0m[0m
Test (ubuntu-latest, 21)	Run tests	2026-06-22T17:43:24.2637866Z [0m[[0m[0minfo[0m] [0m[0m[32m- should keep root path as /[0m[0m
Test (ubuntu-latest, 21)	Run tests	2026-06-22T17:43:24.2641223Z [0m[[0m[0minfo[0m] [0m[0m[32m- should remove fragment[0m[0m
Test (ubuntu-latest, 21)	Run tests	2026-06-22T17:43:24.2642846Z [0m[[0m[0minfo[0m] [0m[0m[32m- should remove query parameters by default[0m[0m
Test (ubuntu-latest, 21)	Run tests	2026-06-22T17:43:24.2644583Z [0m[[0m[0minfo[0m] [0m[0m[32m- should keep query parameters when requested[0m[0m
Test (ubuntu-latest, 21)	Run tests	2026-06-22T17:43:24.2646437Z [0m[[0m[0minfo[0m] [0m[0m[32m- should remove default HTTP port 80[0m[0m
Test (ubuntu-latest, 21)	Run tests	2026-06-22T17:43:24.2648054Z [0m[[0m[0minfo[0m] [0m[0m[32m- should remove default HTTPS port 443[0m[0m
Test (ubuntu-latest, 21)	Run tests	2026-06-22T17:43:24.2649596Z [0m[[0m[0minfo[0m] [0m[0m[32m- should keep non-default ports[0m[0m
Test (ubuntu-latest, 21)	Run tests	2026-06-22T17:43:24.2651164Z [0m[[0m[0minfo[0m] [0m[0m[32m- should keep HTTPS with non-default port[0m[0m
Test (ubuntu-latest, 21)	Run tests	2026-06-22T17:43:24.2652846Z [0m[[0m[0minfo[0m] [0m[0m[32m- should collapse multiple slashes in path[0m[0m
Test (ubuntu-latest, 21)	Run tests	2026-06-22T17:43:24.2654329Z [0m[[0m[0minfo[0m] [0m[0m[32m- should handle path with no leading slash[0m[0m
Test (ubuntu-latest, 21)	Run tests	2026-06-22T17:43:24.2656280Z [0m[[0m[0minfo[0m] [0m[0m[32m- should return original string for invalid URL[0m[0m
Test (ubuntu-latest, 21)	Run tests	2026-06-22T17:43:24.2658144Z [0m[[0m[0minfo[0m] [0m[0m[32mUrlNormalizer.resolve[0m[0m
Test (ubuntu-latest, 21)	Run tests	2026-06-22T17:43:24.2659472Z [0m[[0m[0minfo[0m] [0m[0m[32m- should resolve relative path[0m[0m
Test (ubuntu-latest, 21)	Run tests	2026-06-22T17:43:24.2660939Z [0m[[0m[0minfo[0m] [0m[0m[32m- should resolve absolute path[0m[0m
Test (ubuntu-latest, 21)	Run tests	2026-06-22T17:43:24.2662243Z [0m[[0m[0minfo[0m] [0m[0m[32m- should resolve full URL[0m[0m
Test (ubuntu-latest, 21)	Run tests	2026-06-22T17:43:24.2663784Z [0m[[0m[0minfo[0m] [0m[0m[32m- should handle parent directory traversal[0m[0m
Test (ubuntu-latest, 21)	Run tests	2026-06-22T17:43:24.2665619Z [0m[[0m[0minfo[0m] [0m[0m[32m- should return None for invalid base URL[0m[0m
Test (ubuntu-latest, 21)	Run tests	2026-06-22T17:43:24.2667204Z [0m[[0m[0minfo[0m] [0m[0m[32mUrlNormalizer.extractDomain[0m[0m
Test (ubuntu-latest, 21)	Run tests	2026-06-22T17:43:24.2668813Z [0m[[0m[0minfo[0m] [0m[0m[32m- should extract domain from valid URL[0m[0m
Test (ubuntu-latest, 21)	Run tests	2026-06-22T17:43:24.2670328Z [0m[[0m[0minfo[0m] [0m[0m[32m- should return lowercase domain[0m[0m
Test (ubuntu-latest, 21)	Run tests	2026-06-22T17:43:24.2671787Z [0m[[0m[0minfo[0m] [0m[0m[32m- should extract subdomain[0m[0m
Test (ubuntu-latest, 21)	Run tests	2026-06-22T17:43:24.2673363Z [0m[[0m[0minfo[0m] [0m[0m[32m- should return None for invalid URL[0m[0m
Test (ubuntu-latest, 21)	Run tests	2026-06-22T17:43:24.2675023Z [0m[[0m[0minfo[0m] [0m[0m[32mUrlNormalizer.isInDomains[0m[0m
Test (ubuntu-latest, 21)	Run tests	2026-06-22T17:43:24.2676615Z [0m[[0m[0minfo[0m] [0m[0m[32m- should match exact domain[0m[0m
Test (ubuntu-latest, 21)	Run tests	2026-06-22T17:43:24.2678043Z [0m[[0m[0minfo[0m] [0m[0m[32m- should match subdomain[0m[0m
Test (ubuntu-latest, 21)	Run tests	2026-06-22T17:43:24.2679480Z [0m[[0m[0minfo[0m] [0m[0m[32m- should not match different domain[0m[0m
Test (ubuntu-latest, 21)	Run tests	2026-06-22T17:43:24.2680691Z [0m[[0m[0minfo[0m] [0m[0m[32m- should check multiple allowed domains[0m[0m
Test (ubuntu-latest, 21)	Run tests	2026-06-22T17:43:24.2681975Z [0m[[0m[0minfo[0m] [0m[0m[32m- should return false for empty allowed domains[0m[0m
Test (ubuntu-latest, 21)	Run tests	2026-06-22T17:43:24.2683253Z [0m[[0m[0minfo[0m] [0m[0m[32m- should return false for invalid URL[0m[0m
Test (ubuntu-latest, 21)	Run tests	2026-06-22T17:43:24.2684404Z [0m[[0m[0minfo[0m] [0m[0m[32mUrlNormalizer.isValidHttpUrl[0m[0m
Test (ubuntu-latest, 21)	Run tests	2026-06-22T17:43:24.2685721Z [0m[[0m[0minfo[0m] [0m[0m[32m- should accept HTTP URL[0m[0m
Test (ubuntu-latest, 21)	Run tests	2026-06-22T17:43:24.2686792Z [0m[[0m[0minfo[0m] [0m[0m[32m- should accept HTTPS URL[0m[0m
Test (ubuntu-latest, 21)	Run tests	2026-06-22T17:43:24.2687965Z [0m[[0m[0minfo[0m] [0m[0m[32m- should accept HTTP URL case-insensitively[0m[0m
Test (ubuntu-latest, 21)	Run tests	2026-06-22T17:43:24.2689137Z [0m[[0m[0minfo[0m] [0m[0m[32m- should reject FTP URL[0m[0m
Test (ubuntu-latest, 21)	Run tests	2026-06-22T17:43:24.2690205Z [0m[[0m[0minfo[0m] [0m[0m[32m- should reject mailto URL[0m[0m
Test (ubuntu-latest, 21)	Run tests	2026-06-22T17:43:24.2691342Z [0m[[0m[0minfo[0m] [0m[0m[32m- should reject invalid URL[0m[0m
Test (ubuntu-latest, 21)	Run tests	2026-06-22T17:43:24.2692483Z [0m[[0m[0minfo[0m] [0m[0m[32m- should reject URL without host[0m[0m
Test (ubuntu-latest, 21)	Run tests	2026-06-22T17:43:24.2693644Z [0m[[0m[0minfo[0m] [0m[0m[32mCohereClientClosedStateTest:[0m[0m
Test (ubuntu-latest, 21)	Run tests	2026-06-22T17:43:24.2694860Z [0m[[0m[0minfo[0m] [0m[0m[32mCohereClient[0m[0m
Test (ubuntu-latest, 21)	Run tests	2026-06-22T17:43:24.3033900Z [0m[[0m[0minfo[0m] [0m[0m[32m- should return ConfigurationError when complete() is called after close()[0m[0m
Test (ubuntu-latest, 21)	Run tests	2026-06-22T17:43:24.3041299Z [0m[[0m[0minfo[0m] [0m[0m[32m- should return ConfigurationError when streamComplete() is called (streaming not supported)[0m[0m
Test (ubuntu-latest, 21)	Run tests	2026-06-22T17:43:24.3050457Z [0m[[0m[0minfo[0m] [0m[0m[32m- should allow close() to be called multiple times (idempotent)[0m[0m
Test (ubuntu-latest, 21)	Run tests	2026-06-22T17:43:24.3058410Z [0m[[0m[0minfo[0m] [0m[0m[32m- should include model name in the closed error message[0m[0m
Test (ubuntu-latest, 21)	Run tests	2026-06-22T17:43:24.3076969Z [0m[[0m[0minfo[0m] [0m[0m[32mAnthropicRequestBodySpec:[0m[0m
Test (ubuntu-latest, 21)	Run tests	2026-06-22T17:43:24.3080000Z [0m[[0m[0minfo[0m] [0m[0m[32mAnthropicRequestBody[0m[0m
Test (ubuntu-latest, 21)	Run tests	2026-06-22T17:43:24.3084607Z [0m[[0m[0minfo[0m] [0m[0m[32m- should correctly serialize request with prompt and image data[0m[0m
Test (ubuntu-latest, 21)	Run tests	2026-06-22T17:43:24.3089682Z [0m[[0m[0minfo[0m] [0m[0m[32m- should correctly serialize with PNG media type[0m[0m
Test (ubuntu-latest, 21)	Run tests	2026-06-22T17:43:24.3091125Z [0m[[0m[0minfo[0m] [0m[0m[32m- should correctly serialize with WebP media type[0m[0m
Test (ubuntu-latest, 21)	Run tests	2026-06-22T17:43:24.3098591Z [0m[[0m[0minfo[0m] [0m[0m[32m- should be serializable and deserializable[0m[0m
Test (ubuntu-latest, 21)	Run tests	2026-06-22T17:43:24.3116044Z [0m[[0m[0minfo[0m] [0m[0m[32m- should produce valid JSON structure for API consumption[0m[0m
Test (ubuntu-latest, 21)	Run tests	2026-06-22T17:43:24.3251907Z [0m[[0m[0minfo[0m] [0m[0m[32mSecretLeakGuardrailSpec:[0m[0m
Test (ubuntu-latest, 21)	Run tests	2026-06-22T17:43:24.3255220Z [0m[[0m[0minfo[0m] [0m[0m[32mSecretPatterns[0m[0m
Test (ubuntu-latest, 21)	Run tests	2026-06-22T17:43:24.3257746Z [0m[[0m[0minfo[0m] [0m[0m[32m  SecretType patterns[0m[0m
Test (ubuntu-latest, 21)	Run tests	2026-06-22T17:43:24.3264455Z [0m[[0m[0minfo[0m] [0m[0m[32m  - detects OpenAI keys (sk-...)[0m[0m
Test (ubuntu-latest, 21)	Run tests	2026-06-22T17:43:24.3267470Z [0m[[0m[0minfo[0m] [0m[0m[32m  - detects OpenAI project keys (sk-proj-...)[0m[0m
Test (ubuntu-latest, 21)	Run tests	2026-06-22T17:43:24.3270590Z [0m[[0m[0minfo[0m] [0m[0m[32m  - detects Anthropic keys (sk-ant-...)[0m[0m
Test (ubuntu-latest, 21)	Run tests	2026-06-22T17:43:24.3272746Z [0m[[0m[0minfo[0m] [0m[0m[32m  - detects Google API keys (AIza...)[0m[0m
Test (ubuntu-latest, 21)	Run tests	2026-06-22T17:43:24.3275076Z [0m[[0m[0minfo[0m] [0m[0m[32m  - detects Voyage API keys (pa-...)[0m[0m
Test (ubuntu-latest, 21)	Run tests	2026-06-22T17:43:24.3278172Z [0m[[0m[0minfo[0m] [0m[0m[32m  - detects Langfuse public keys (pk-lf-...)[0m[0m
Test (ubuntu-latest, 21)	Run tests	2026-06-22T17:43:24.3279678Z [0m[[0m[0minfo[0m] [0m[0m[32m  - detects Langfuse secret keys (sk-lf-...)[0m[0m
Test (ubuntu-latest, 21)	Run tests	2026-06-22T17:43:24.3282380Z [0m[[0m[0minfo[0m] [0m[0m[32m  - detects AWS Access Key IDs (AKIA...)[0m[0m
Test (ubuntu-latest, 21)	Run tests	2026-06-22T17:43:24.3283638Z [0m[[0m[0minfo[0m] [0m[0m[32m  - detects JWT tokens[0m[0m
Test (ubuntu-latest, 21)	Run tests	2026-06-22T17:43:24.3285119Z [0m[[0m[0minfo[0m] [0m[0m[32m  - detects PEM private key block headers[0m[0m
Test (ubuntu-latest, 21)	Run tests	2026-06-22T17:43:24.3287479Z [0m[[0m[0minfo[0m] [0m[0m[32m  - does NOT match safe text with any default pattern[0m[0m
Test (ubuntu-latest, 21)	Run tests	2026-06-22T17:43:24.3290540Z [0m[[0m[0minfo[0m] [0m[0m[32m  - SecretMatch carries correct secretType, value, startIndex and endIndex[0m[0m
Test (ubuntu-latest, 21)	Run tests	2026-06-22T17:43:24.3293960Z [0m[[0m[0minfo[0m] [0m[0m[32m  SecretType sets[0m[0m
Test (ubuntu-latest, 21)	Run tests	2026-06-22T17:43:24.3295689Z [0m[[0m[0minfo[0m] [0m[0m[32m  - default set contains 7 types and excludes PrivateKeyPem[0m[0m
Test (ubuntu-latest, 21)	Run tests	2026-06-22T17:43:24.3298081Z [0m[[0m[0minfo[0m] [0m[0m[32m  - all set contains 8 types including PrivateKeyPem[0m[0m
Test (ubuntu-latest, 21)	Run tests	2026-06-22T17:43:24.3300272Z [0m[[0m[0minfo[0m] [0m[0m[32m  detect()[0m[0m
Test (ubuntu-latest, 21)	Run tests	2026-06-22T17:43:24.3305562Z [0m[[0m[0minfo[0m] [0m[0m[32m  - returns empty for safe text[0m[0m
Test (ubuntu-latest, 21)	Run tests	2026-06-22T17:43:24.3306875Z [0m[[0m[0minfo[0m] [0m[0m[32m  - detects a single secret[0m[0m
Test (ubuntu-latest, 21)	Run tests	2026-06-22T17:43:24.3309567Z [0m[[0m[0minfo[0m] [0m[0m[32m  - detects multiple secrets in one string[0m[0m
Test (ubuntu-latest, 21)	Run tests	2026-06-22T17:43:24.3311111Z [0m[[0m[0minfo[0m] [0m[0m[32m  - scans only the requested types when types is restricted[0m[0m
Test (ubuntu-latest, 21)	Run tests	2026-06-22T17:43:24.3313306Z [0m[[0m[0minfo[0m] [0m[0m[32m  containsSecret()[0m[0m
Test (ubuntu-latest, 21)	Run tests	2026-06-22T17:43:24.3316550Z [0m[[0m[0minfo[0m] [0m[0m[32m  - returns false for safe text[0m[0m
Test (ubuntu-latest, 21)	Run tests	2026-06-22T17:43:24.3317890Z [0m[[0m[0minfo[0m] [0m[0m[32m  - returns true when a secret is present[0m[0m
Test (ubuntu-latest, 21)	Run tests	2026-06-22T17:43:24.3319133Z [0m[[0m[0minfo[0m] [0m[0m[32m  redactAll()[0m[0m
Test (ubuntu-latest, 21)	Run tests	2026-06-22T17:43:24.3321240Z [0m[[0m[0minfo[0m] [0m[0m[32m  - leaves safe text unchanged[0m[0m
Test (ubuntu-latest, 21)	Run tests	2026-06-22T17:43:24.3326751Z [0m[[0m[0minfo[0m] [0m[0m[32m  - replaces OpenAI key with typed placeholder[0m[0m
Test (ubuntu-latest, 21)	Run tests	2026-06-22T17:43:24.3329571Z [0m[[0m[0minfo[0m] [0m[0m[32m  - replaces Anthropic key with typed placeholder[0m[0m
Test (ubuntu-latest, 21)	Run tests	2026-06-22T17:43:24.3332493Z [0m[[0m[0minfo[0m] [0m[0m[32m  - replaces Google API key with typed placeholder[0m[0m
Test (ubuntu-latest, 21)	Run tests	2026-06-22T17:43:24.3334946Z [0m[[0m[0minfo[0m] [0m[0m[32m  - replaces Voyage key with typed placeholder[0m[0m
Test (ubuntu-latest, 21)	Run tests	2026-06-22T17:43:24.3336328Z [0m[[0m[0minfo[0m] [0m[0m[32m  - replaces Langfuse key with typed placeholder[0m[0m
Test (ubuntu-latest, 21)	Run tests	2026-06-22T17:43:24.3340477Z [0m[[0m[0minfo[0m] [0m[0m[32m  - replaces AWS Access Key ID with typed placeholder[0m[0m
Test (ubuntu-latest, 21)	Run tests	2026-06-22T17:43:24.3343695Z [0m[[0m[0minfo[0m] [0m[0m[32m  - replaces JWT token with typed placeholder[0m[0m
Test (ubuntu-latest, 21)	Run tests	2026-06-22T17:43:24.3364295Z [0m[[0m[0minfo[0m] [0m[0m[32m  - redacts multiple secrets preserving surrounding text[0m[0m
Test (ubuntu-latest, 21)	Run tests	2026-06-22T17:43:24.3371523Z [0m[[0m[0minfo[0m] [0m[0m[32m  - redacts PEM key header when using SecretType.all[0m[0m
Test (ubuntu-latest, 21)	Run tests	2026-06-22T17:43:24.3372689Z [0m[[0m[0minfo[0m] [0m[0m[32m  redactAllWithPlaceholder()[0m[0m
Test (ubuntu-latest, 21)	Run tests	2026-06-22T17:43:24.3379379Z [0m[[0m[0minfo[0m] [0m[0m[32m  - replaces every secret with the supplied uniform placeholder[0m[0m
Test (ubuntu-latest, 21)	Run tests	2026-06-22T17:43:24.3380571Z [0m[[0m[0minfo[0m] [0m[0m[32m  - leaves safe text unchanged[0m[0m
Test (ubuntu-latest, 21)	Run tests	2026-06-22T17:43:24.3381451Z [0m[[0m[0minfo[0m] [0m[0m[32m  summarize()[0m[0m
Test (ubuntu-latest, 21)	Run tests	2026-06-22T17:43:24.3382366Z [0m[[0m[0minfo[0m] [0m[0m[32m  - returns empty map for safe text[0m[0m
Test (ubuntu-latest, 21)	Run tests	2026-06-22T17:43:24.3383455Z [0m[[0m[0minfo[0m] [0m[0m[32m  - counts one occurrence of an OpenAI key[0m[0m
Test (ubuntu-latest, 21)	Run tests	2026-06-22T17:43:24.3384616Z [0m[[0m[0minfo[0m] [0m[0m[32m  - counts multiple occurrences of the same type[0m[0m
Test (ubuntu-latest, 21)	Run tests	2026-06-22T17:43:24.3385992Z [0m[[0m[0minfo[0m] [0m[0m[32m  - counts different types independently[0m[0m
Test (ubuntu-latest, 21)	Run tests	2026-06-22T17:43:24.3386950Z [0m[[0m[0minfo[0m] [0m[0m[32mSecretLeakGuardrail[0m[0m
Test (ubuntu-latest, 21)	Run tests	2026-06-22T17:43:24.3387889Z [0m[[0m[0minfo[0m] [0m[0m[32m  default constructor / apply()[0m[0m
Test (ubuntu-latest, 21)	Run tests	2026-06-22T17:43:24.3388858Z [0m[[0m[0minfo[0m] [0m[0m[32m  - uses Block action by default[0m[0m
Test (ubuntu-latest, 21)	Run tests	2026-06-22T17:43:24.3390031Z [0m[[0m[0minfo[0m] [0m[0m[32m  - uses the default secret type set[0m[0m
Test (ubuntu-latest, 21)	Run tests	2026-06-22T17:43:24.3390981Z [0m[[0m[0minfo[0m] [0m[0m[32m  - has the expected name[0m[0m
Test (ubuntu-latest, 21)	Run tests	2026-06-22T17:43:24.3391955Z [0m[[0m[0minfo[0m] [0m[0m[32m  - has a non-empty description listing the types[0m[0m
Test (ubuntu-latest, 21)	Run tests	2026-06-22T17:43:24.3392901Z [0m[[0m[0minfo[0m] [0m[0m[32m  Block mode (default)[0m[0m
Test (ubuntu-latest, 21)	Run tests	2026-06-22T17:43:24.3393800Z [0m[[0m[0minfo[0m] [0m[0m[32m  - passes safe text through as Right[0m[0m
Test (ubuntu-latest, 21)	Run tests	2026-06-22T17:43:24.3410880Z [0m[[0m[0minfo[0m] [0m[0m[32m  - returns Left when an OpenAI key is present[0m[0m
Test (ubuntu-latest, 21)	Run tests	2026-06-22T17:43:24.3412372Z [0m[[0m[0minfo[0m] [0m[0m[32m  - error message lists the detected credential type[0m[0m
Test (ubuntu-latest, 21)	Run tests	2026-06-22T17:43:24.3413545Z [0m[[0m[0minfo[0m] [0m[0m[32m  - returns Left for Anthropic keys[0m[0m
Test (ubuntu-latest, 21)	Run tests	2026-06-22T17:43:24.3414621Z [0m[[0m[0minfo[0m] [0m[0m[32m  - returns Left for Google API keys[0m[0m
Test (ubuntu-latest, 21)	Run tests	2026-06-22T17:43:24.3415880Z [0m[[0m[0minfo[0m] [0m[0m[32m  - returns Left for Voyage keys[0m[0m
Test (ubuntu-latest, 21)	Run tests	2026-06-22T17:43:24.3416942Z [0m[[0m[0minfo[0m] [0m[0m[32m  - returns Left for Langfuse public keys[0m[0m
Test (ubuntu-latest, 21)	Run tests	2026-06-22T17:43:24.3418013Z [0m[[0m[0minfo[0m] [0m[0m[32m  - returns Left for Langfuse secret keys[0m[0m
Test (ubuntu-latest, 21)	Run tests	2026-06-22T17:43:24.3419050Z [0m[[0m[0minfo[0m] [0m[0m[32m  - returns Left for AWS Access Key IDs[0m[0m
Test (ubuntu-latest, 21)	Run tests	2026-06-22T17:43:24.3420377Z [0m[[0m[0minfo[0m] [0m[0m[32m  - returns Left for JWT tokens[0m[0m
Test (ubuntu-latest, 21)	Run tests	2026-06-22T17:43:24.3421664Z [0m[[0m[0minfo[0m] [0m[0m[32m  - returns Left when multiple secrets are present and names all are reported[0m[0m
Test (ubuntu-latest, 21)	Run tests	2026-06-22T17:43:24.3422565Z [0m[[0m[0minfo[0m] [0m[0m[32m  - passes an empty string as Right[0m[0m
Test (ubuntu-latest, 21)	Run tests	2026-06-22T17:43:24.3423106Z [0m[[0m[0minfo[0m] [0m[0m[32m  Fix (masking) mode[0m[0m
Test (ubuntu-latest, 21)	Run tests	2026-06-22T17:43:24.3423565Z [0m[[0m[0minfo[0m] [0m[0m[32m  - has Fix action[0m[0m
Test (ubuntu-latest, 21)	Run tests	2026-06-22T17:43:24.3424444Z [0m[[0m[0minfo[0m] [0m[0m[32m  - passes safe text through unchanged[0m[0m
Test (ubuntu-latest, 21)	Run tests	2026-06-22T17:43:24.3425942Z [0m[[0m[0minfo[0m] [0m[0m[32m  - returns Right with OpenAI key replaced by typed placeholder[0m[0m
Test (ubuntu-latest, 21)	Run tests	2026-06-22T17:43:24.3427396Z [0m[[0m[0minfo[0m] [0m[0m[32m  - returns Right with Anthropic key replaced by typed placeholder[0m[0m
Test (ubuntu-latest, 21)	Run tests	2026-06-22T17:43:24.3428478Z [0m[[0m[0minfo[0m] [0m[0m[32m  - returns Right with Google key replaced by typed placeholder[0m[0m
Test (ubuntu-latest, 21)	Run tests	2026-06-22T17:43:24.3429607Z [0m[[0m[0minfo[0m] [0m[0m[32m  - returns Right with Voyage key replaced by typed placeholder[0m[0m
Test (ubuntu-latest, 21)	Run tests	2026-06-22T17:43:24.3430391Z [0m[[0m[0minfo[0m] [0m[0m[32m  - returns Right with Langfuse key replaced by typed placeholder[0m[0m
Test (ubuntu-latest, 21)	Run tests	2026-06-22T17:43:24.3431135Z [0m[[0m[0minfo[0m] [0m[0m[32m  - returns Right with AWS key replaced by typed placeholder[0m[0m
Test (ubuntu-latest, 21)	Run tests	2026-06-22T17:43:24.3431832Z [0m[[0m[0minfo[0m] [0m[0m[32m  - returns Right with JWT replaced by typed placeholder[0m[0m
Test (ubuntu-latest, 21)	Run tests	2026-06-22T17:43:24.3432531Z [0m[[0m[0minfo[0m] [0m[0m[32m  - redacts multiple secrets in one string preserving safe text[0m[0m
Test (ubuntu-latest, 21)	Run tests	2026-06-22T17:43:24.3433109Z [0m[[0m[0minfo[0m] [0m[0m[32m  Warn (monitoring) mode[0m[0m
Test (ubuntu-latest, 21)	Run tests	2026-06-22T17:43:24.3433562Z [0m[[0m[0minfo[0m] [0m[0m[32m  - has Warn action[0m[0m
Test (ubuntu-latest, 21)	Run tests	2026-06-22T17:43:24.3440800Z 17:43:24.343 [pool-1-thread-1-ScalaTest-running-SecretLeakGuardrailSpec] WARN  o.l.a.g.builtin.SecretLeakGuardrail - SecretLeakGuardrail detected potential credentials [OpenAI API Key] ΓÇö passing through in warn mode
Test (ubuntu-latest, 21)	Run tests	2026-06-22T17:43:24.3444424Z [0m[[0m[0minfo[0m] [0m[0m[32m  - returns Right even when a secret is present, keeping original text[0m[0m
Test (ubuntu-latest, 21)	Run tests	2026-06-22T17:43:24.3468122Z [0m[[0m[0minfo[0m] [0m[0m[32m  - returns Right for safe text unchanged[0m[0m
Test (ubuntu-latest, 21)	Run tests	2026-06-22T17:43:24.3472818Z [0m[[0m[0minfo[0m] [0m[0m[32m  transform()[0m[0m
Test (ubuntu-latest, 21)	Run tests	2026-06-22T17:43:24.3483078Z [0m[[0m[0minfo[0m] [0m[0m[32m  - replaces secrets with their typed placeholders[0m[0m
Test (ubuntu-latest, 21)	Run tests	2026-06-22T17:43:24.3484459Z [0m[[0m[0minfo[0m] [0m[0m[32m  - leaves safe text unchanged[0m[0m
Test (ubuntu-latest, 21)	Run tests	2026-06-22T17:43:24.3485793Z [0m[[0m[0minfo[0m] [0m[0m[32m  containsSecret()[0m[0m
Test (ubuntu-latest, 21)	Run tests	2026-06-22T17:43:24.3491760Z [0m[[0m[0minfo[0m] [0m[0m[32m  - returns false for safe text[0m[0m
Test (ubuntu-latest, 21)	Run tests	2026-06-22T17:43:24.3493064Z [0m[[0m[0minfo[0m] [0m[0m[32m  - returns true when a secret is present[0m[0m
Test (ubuntu-latest, 21)	Run tests	2026-06-22T17:43:24.3494187Z [0m[[0m[0minfo[0m] [0m[0m[32m  summarize()[0m[0m
Test (ubuntu-latest, 21)	Run tests	2026-06-22T17:43:24.3495516Z [0m[[0m[0minfo[0m] [0m[0m[32m  - returns empty map for safe text[0m[0m
Test (ubuntu-latest, 21)	Run tests	2026-06-22T17:43:24.3496724Z [0m[[0m[0minfo[0m] [0m[0m[32m  - returns counts per credential type[0m[0m
Test (ubuntu-latest, 21)	Run tests	2026-06-22T17:43:24.3497864Z [0m[[0m[0minfo[0m] [0m[0m[32m  apply() factory overloads[0m[0m
Test (ubuntu-latest, 21)	Run tests	2026-06-22T17:43:24.3499034Z [0m[[0m[0minfo[0m] [0m[0m[32m  - apply(GuardrailAction) sets the action[0m[0m
Test (ubuntu-latest, 21)	Run tests	2026-06-22T17:43:24.3500259Z [0m[[0m[0minfo[0m] [0m[0m[32m  - apply(Seq[SecretType]) sets the types[0m[0m
Test (ubuntu-latest, 21)	Run tests	2026-06-22T17:43:24.3503443Z [0m[[0m[0minfo[0m] [0m[0m[32m  - apply(Seq[SecretType], GuardrailAction) sets both[0m[0m
Test (ubuntu-latest, 21)	Run tests	2026-06-22T17:43:24.3506639Z [0m[[0m[0minfo[0m] [0m[0m[32m  SecretLeakGuardrail.all preset[0m[0m
Test (ubuntu-latest, 21)	Run tests	2026-06-22T17:43:24.3507875Z [0m[[0m[0minfo[0m] [0m[0m[32m  - uses the full secret type set[0m[0m
Test (ubuntu-latest, 21)	Run tests	2026-06-22T17:43:24.3509512Z [0m[[0m[0minfo[0m] [0m[0m[32m  - detects PEM private key headers[0m[0m
Test (ubuntu-latest, 21)	Run tests	2026-06-22T17:43:24.3510656Z [0m[[0m[0minfo[0m] [0m[0m[32m  - blocks on regular key too[0m[0m
Test (ubuntu-latest, 21)	Run tests	2026-06-22T17:43:24.3511926Z [0m[[0m[0minfo[0m] [0m[0m[32m  restricted to a single secret type[0m[0m
Test (ubuntu-latest, 21)	Run tests	2026-06-22T17:43:24.3516767Z [0m[[0m[0minfo[0m] [0m[0m[32m  - ignores secrets from types not in the configured set[0m[0m
Test (ubuntu-latest, 21)	Run tests	2026-06-22T17:43:24.3518072Z [0m[[0m[0minfo[0m] [0m[0m[32m  edge cases[0m[0m
Test (ubuntu-latest, 21)	Run tests	2026-06-22T17:43:24.3519306Z [0m[[0m[0minfo[0m] [0m[0m[32m  - empty string returns Right(empty) in Block mode[0m[0m
Test (ubuntu-latest, 21)	Run tests	2026-06-22T17:43:24.3520718Z [0m[[0m[0minfo[0m] [0m[0m[32m  - whitespace-only string returns Right in Block mode[0m[0m
Test (ubuntu-latest, 21)	Run tests	2026-06-22T17:43:24.3522208Z [0m[[0m[0minfo[0m] [0m[0m[32m  - a key embedded inside a longer word is still detected[0m[0m
Test (ubuntu-latest, 21)	Run tests	2026-06-22T17:43:24.3523110Z [0m[[0m[0minfo[0m] [0m[0m[32m  - Fix mode on empty string returns Right(empty)[0m[0m
Test (ubuntu-latest, 21)	Run tests	2026-06-22T17:43:24.3523890Z [0m[[0m[0minfo[0m] [0m[0m[32mConfigReaderPrecedenceSpec:[0m[0m
Test (ubuntu-latest, 21)	Run tests	2026-06-22T17:43:24.3524959Z [0m[[0m[0minfo[0m] [0m[0m[32mLlm4sConfig.defaultProvider[0m[0m
Test (ubuntu-latest, 21)	Run tests	2026-06-22T17:43:24.3896828Z [0m[[0m[0minfo[0m] [0m[0m[32m- should read llm4s.providers values from test application.conf[0m[0m
Test (ubuntu-latest, 21)	Run tests	2026-06-22T17:43:24.4315766Z [0m[[0m[0minfo[0m] [0m[0m[32m- should allow -D system property to override application.conf[0m[0m
Test (ubuntu-latest, 21)	Run tests	2026-06-22T17:43:24.4686328Z [0m[[0m[0minfo[0m] [0m[0m[32mContextWindowResolverSpec:[0m[0m
Test (ubuntu-latest, 21)	Run tests	2026-06-22T17:43:24.4687985Z [0m[[0m[0minfo[0m] [0m[0m[32mContextWindowResolver.resolve[0m[0m
Test (ubuntu-latest, 21)	Run tests	2026-06-22T17:43:24.4738517Z [0m[[0m[0minfo[0m] [0m[0m[32m- should use fallback when model not in registry[0m[0m
Test (ubuntu-latest, 21)	Run tests	2026-06-22T17:43:24.4815033Z [0m[[0m[0minfo[0m] [0m[0m[32m- should use fallback with multiple lookup providers when model not in registry[0m[0m
Test (ubuntu-latest, 21)	Run tests	2026-06-22T17:43:24.4831720Z [0m[[0m[0minfo[0m] [0m[0m[32m- should use fallback when lookupProviders is empty and model not in registry[0m[0m
Test (ubuntu-latest, 21)	Run tests	2026-06-22T17:43:24.4838110Z [0m[[0m[0minfo[0m] [0m[0m[32m- should use registry metadata when model is registered (hit path)[0m[0m
Test (ubuntu-latest, 21)	Run tests	2026-06-22T17:43:24.4841851Z [0m[[0m[0minfo[0m] [0m[0m[32m- should use defaultContextWindow and defaultReserve when registry hit has no token data[0m[0m
Test (ubuntu-latest, 21)	Run tests	2026-06-22T17:43:24.4876519Z [0m[[0m[0minfo[0m] [0m[0m[32mNamedProviderConfigValidatorSpec:[0m[0m
Test (ubuntu-latest, 21)	Run tests	2026-06-22T17:43:24.4878469Z [0m[[0m[0minfo[0m] [0m[0m[32mNamedProviderConfigValidator[0m[0m
Test (ubuntu-latest, 21)	Run tests	2026-06-22T17:43:24.4886179Z [0m[[0m[0minfo[0m] [0m[0m[32m- should validate and normalize an OpenAI named provider section[0m[0m
Test (ubuntu-latest, 21)	Run tests	2026-06-22T17:43:24.4888918Z [0m[[0m[0minfo[0m] [0m[0m[32m- should validate and normalize an OpenRouter named provider section[0m[0m
Test (ubuntu-latest, 21)	Run tests	2026-06-22T17:43:24.4895457Z [0m[[0m[0minfo[0m] [0m[0m[32m- should validate and normalize an Azure named provider section[0m[0m
Test (ubuntu-latest, 21)	Run tests	2026-06-22T17:43:24.4899607Z [0m[[0m[0minfo[0m] [0m[0m[32m- should validate and normalize an Anthropic named provider section[0m[0m
Test (ubuntu-latest, 21)	Run tests	2026-06-22T17:43:24.4903748Z [0m[[0m[0minfo[0m] [0m[0m[32m- should validate and normalize an Ollama named provider section[0m[0m
Test (ubuntu-latest, 21)	Run tests	2026-06-22T17:43:24.4907887Z [0m[[0m[0minfo[0m] [0m[0m[32m- should validate and normalize a Z.ai named provider section[0m[0m
Test (ubuntu-latest, 21)	Run tests	2026-06-22T17:43:24.4911934Z [0m[[0m[0minfo[0m] [0m[0m[32m- should validate and normalize a Gemini named provider section[0m[0m
Test (ubuntu-latest, 21)	Run tests	2026-06-22T17:43:24.4916010Z [0m[[0m[0minfo[0m] [0m[0m[32m- should validate and normalize a DeepSeek named provider section[0m[0m
Test (ubuntu-latest, 21)	Run tests	2026-06-22T17:43:24.4919952Z [0m[[0m[0minfo[0m] [0m[0m[32m- should validate and normalize a Cohere named provider section[0m[0m
Test (ubuntu-latest, 21)	Run tests	2026-06-22T17:43:24.4923840Z [0m[[0m[0minfo[0m] [0m[0m[32m- should validate and normalize a Mistral named provider section[0m[0m
Test (ubuntu-latest, 21)	Run tests	2026-06-22T17:43:24.4927853Z [0m[[0m[0minfo[0m] [0m[0m[32m- should fail clearly when provider field is missing[0m[0m
Test (ubuntu-latest, 21)	Run tests	2026-06-22T17:43:24.4931922Z [0m[[0m[0minfo[0m] [0m[0m[32m- should fail clearly when provider kind is unknown[0m[0m
Test (ubuntu-latest, 21)	Run tests	2026-06-22T17:43:24.4933492Z [0m[[0m[0minfo[0m] [0m[0m[32m- should fail clearly when model field is missing[0m[0m
Test (ubuntu-latest, 21)	Run tests	2026-06-22T17:43:24.4934577Z [0m[[0m[0minfo[0m] [0m[0m[32m- should fail clearly when OpenAI apiKey is missing[0m[0m
Test (ubuntu-latest, 21)	Run tests	2026-06-22T17:43:24.4982472Z [0m[[0m[0minfo[0m] [0m[0m[31m- should fail clearly when Azure endpoint is missing *** FAILED ***[0m[0m
Test (ubuntu-latest, 21)	Run tests	2026-06-22T17:43:24.4983841Z [0m[[0m[0minfo[0m] [0m[0m[31m  "Azure OpenAI provider 'azure-main' is missing required fields:[0m[0m
Test (ubuntu-latest, 21)	Run tests	2026-06-22T17:43:24.4987335Z [0m[[0m[0minfo[0m] [0m[0m[31m    - endpoint: the model endpoint/deployment name in your Azure OpenAI resource" did not include substring "- endpoint: the model deployment name in your Azure OpenAI resource" (NamedProviderConfigValidatorSpec.scala:319)[0m[0m
Test (ubuntu-latest, 21)	Run tests	2026-06-22T17:43:24.5045149Z [0m[[0m[0minfo[0m] [0m[0m[32m- should fail clearly when Ollama baseUrl is missing[0m[0m
Test (ubuntu-latest, 21)	Run tests	2026-06-22T17:43:24.5105772Z [0m[[0m[0minfo[0m] [0m[0m[32mSTTErrorSpec:[0m[0m
Test (ubuntu-latest, 21)	Run tests	2026-06-22T17:43:24.5132975Z [0m[[0m[0minfo[0m] [0m[0m[32mSTTError.EngineNotAvailable[0m[0m
Test (ubuntu-latest, 21)	Run tests	2026-06-22T17:43:24.5145758Z [0m[[0m[0minfo[0m] [0m[0m[32m- should be retryable[0m[0m
Test (ubuntu-latest, 21)	Run tests	2026-06-22T17:43:24.5179203Z [0m[[0m[0minfo[0m] [0m[0m[32m- should have a user-friendly message[0m[0m
Test (ubuntu-latest, 21)	Run tests	2026-06-22T17:43:24.5196120Z [0m[[0m[0minfo[0m] [0m[0m[32m- should contain the original message[0m[0m
Test (ubuntu-latest, 21)	Run tests	2026-06-22T17:43:24.5197492Z [0m[[0m[0minfo[0m] [0m[0m[32m- should support context information[0m[0m
Test (ubuntu-latest, 21)	Run tests	2026-06-22T17:43:24.5198705Z [0m[[0m[0minfo[0m] [0m[0m[32m- should have empty context by default[0m[0m
Test (ubuntu-latest, 21)	Run tests	2026-06-22T17:43:24.5199998Z [0m[[0m[0minfo[0m] [0m[0m[32mSTTError.UnsupportedFormat[0m[0m
Test (ubuntu-latest, 21)	Run tests	2026-06-22T17:43:24.5201240Z [0m[[0m[0minfo[0m] [0m[0m[32m- should not be retryable by default[0m[0m
Test (ubuntu-latest, 21)	Run tests	2026-06-22T17:43:24.5202537Z [0m[[0m[0minfo[0m] [0m[0m[32m- should contain format information[0m[0m
Test (ubuntu-latest, 21)	Run tests	2026-06-22T17:43:24.5204061Z [0m[[0m[0minfo[0m] [0m[0m[32m- should list all supported formats in user message[0m[0m
Test (ubuntu-latest, 21)	Run tests	2026-06-22T17:43:24.5205833Z [0m[[0m[0minfo[0m] [0m[0m[32m- should work with empty supported formats list[0m[0m
Test (ubuntu-latest, 21)	Run tests	2026-06-22T17:43:24.5207288Z [0m[[0m[0minfo[0m] [0m[0m[32m- should work with single supported format[0m[0m
Test (ubuntu-latest, 21)	Run tests	2026-06-22T17:43:24.5209698Z [0m[[0m[0minfo[0m] [0m[0m[32mSTTError.ProcessingFailed[0m[0m
Test (ubuntu-latest, 21)	Run tests	2026-06-22T17:43:24.5217193Z [0m[[0m[0minfo[0m] [0m[0m[32m- should be retryable by default[0m[0m
Test (ubuntu-latest, 21)	Run tests	2026-06-22T17:43:24.5218524Z [0m[[0m[0minfo[0m] [0m[0m[32m- should contain optional cause information[0m[0m
Test (ubuntu-latest, 21)	Run tests	2026-06-22T17:43:24.5237128Z [0m[[0m[0minfo[0m] [0m[0m[32m- should have None for cause when not provided[0m[0m
Test (ubuntu-latest, 21)	Run tests	2026-06-22T17:43:24.5245138Z [0m[[0m[0minfo[0m] [0m[0m[32m- should provide user-friendly message[0m[0m
Test (ubuntu-latest, 21)	Run tests	2026-06-22T17:43:24.5246527Z [0m[[0m[0minfo[0m] [0m[0m[32m- should support context information[0m[0m
Test (ubuntu-latest, 21)	Run tests	2026-06-22T17:43:24.5247781Z [0m[[0m[0minfo[0m] [0m[0m[32mSTTError.InvalidInput[0m[0m
Test (ubuntu-latest, 21)	Run tests	2026-06-22T17:43:24.5248947Z [0m[[0m[0minfo[0m] [0m[0m[32m- should not be retryable[0m[0m
Test (ubuntu-latest, 21)	Run tests	2026-06-22T17:43:24.5250202Z [0m[[0m[0minfo[0m] [0m[0m[32m- should have a user-friendly message[0m[0m
Test (ubuntu-latest, 21)	Run tests	2026-06-22T17:43:24.5251510Z [0m[[0m[0minfo[0m] [0m[0m[32m- should contain the original message[0m[0m
Test (ubuntu-latest, 21)	Run tests	2026-06-22T17:43:24.5252876Z [0m[[0m[0minfo[0m] [0m[0m[32m- should support context for validation errors[0m[0m
Test (ubuntu-latest, 21)	Run tests	2026-06-22T17:43:24.5254139Z [0m[[0m[0minfo[0m] [0m[0m[32mSTTError variants[0m[0m
Test (ubuntu-latest, 21)	Run tests	2026-06-22T17:43:24.5255602Z [0m[[0m[0minfo[0m] [0m[0m[32m- should all extend STTError trait[0m[0m
Test (ubuntu-latest, 21)	Run tests	2026-06-22T17:43:24.5256914Z [0m[[0m[0minfo[0m] [0m[0m[32m- should have different retryability[0m[0m
Test (ubuntu-latest, 21)	Run tests	2026-06-22T17:43:24.5258731Z [0m[[0m[0minfo[0m] [0m[0m[32m- should provide meaningful user messages for all variants[0m[0m
Test (ubuntu-latest, 21)	Run tests	2026-06-22T17:43:24.5260094Z [0m[[0m[0minfo[0m] [0m[0m[32mSTTError context[0m[0m
Test (ubuntu-latest, 21)	Run tests	2026-06-22T17:43:24.5261359Z [0m[[0m[0minfo[0m] [0m[0m[32m- should be preserved through error propagation[0m[0m
Test (ubuntu-latest, 21)	Run tests	2026-06-22T17:43:24.5262775Z [0m[[0m[0minfo[0m] [0m[0m[32m- should be mergeable in error scenarios[0m[0m
Test (ubuntu-latest, 21)	Run tests	2026-06-22T17:43:24.5264089Z [0m[[0m[0minfo[0m] [0m[0m[32mSTTError.UnsupportedFormat[0m[0m
Test (ubuntu-latest, 21)	Run tests	2026-06-22T17:43:24.5265771Z [0m[[0m[0minfo[0m] [0m[0m[32m- should handle many supported formats[0m[0m
Test (ubuntu-latest, 21)	Run tests	2026-06-22T17:43:24.5267185Z [0m[[0m[0minfo[0m] [0m[0m[32m- should handle special characters in format names[0m[0m
Test (ubuntu-latest, 21)	Run tests	2026-06-22T17:43:24.5268513Z [0m[[0m[0minfo[0m] [0m[0m[32mSTTError.ProcessingFailed[0m[0m
Test (ubuntu-latest, 21)	Run tests	2026-06-22T17:43:24.5269748Z [0m[[0m[0minfo[0m] [0m[0m[32m- should handle null cause gracefully[0m[0m
Test (ubuntu-latest, 21)	Run tests	2026-06-22T17:43:24.5271056Z [0m[[0m[0minfo[0m] [0m[0m[32m- should handle exception with null message[0m[0m
Test (ubuntu-latest, 21)	Run tests	2026-06-22T17:43:24.5272592Z [0m[[0m[0minfo[0m] [0m[0m[32mSTTError.InvalidInput[0m[0m
Test (ubuntu-latest, 21)	Run tests	2026-06-22T17:43:24.5273800Z [0m[[0m[0minfo[0m] [0m[0m[32m- should preserve empty context[0m[0m
Test (ubuntu-latest, 21)	Run tests	2026-06-22T17:43:24.5275284Z [0m[[0m[0minfo[0m] [0m[0m[32mOrchestrationErrorSpec:[0m[0m
Test (ubuntu-latest, 21)	Run tests	2026-06-22T17:43:24.5276444Z [0m[[0m[0minfo[0m] [0m[0m[32mPlanValidationError[0m[0m
Test (ubuntu-latest, 21)	Run tests	2026-06-22T17:43:24.5277626Z [0m[[0m[0minfo[0m] [0m[0m[32m- should create with message only[0m[0m
Test (ubuntu-latest, 21)	Run tests	2026-06-22T17:43:24.5278905Z [0m[[0m[0minfo[0m] [0m[0m[32m- should create with message and planId[0m[0m
Test (ubuntu-latest, 21)	Run tests	2026-06-22T17:43:24.5280189Z [0m[[0m[0minfo[0m] [0m[0m[32m- should create with failure list[0m[0m
Test (ubuntu-latest, 21)	Run tests	2026-06-22T17:43:24.5281453Z [0m[[0m[0minfo[0m] [0m[0m[32m- should include component in context[0m[0m
Test (ubuntu-latest, 21)	Run tests	2026-06-22T17:43:24.5282650Z [0m[[0m[0minfo[0m] [0m[0m[32mNodeExecutionError[0m[0m
Test (ubuntu-latest, 21)	Run tests	2026-06-22T17:43:24.5283809Z [0m[[0m[0minfo[0m] [0m[0m[32m- should create recoverable error[0m[0m
Test (ubuntu-latest, 21)	Run tests	2026-06-22T17:43:24.5285384Z [0m[[0m[0minfo[0m] [0m[0m[32m- should create recoverable error with cause[0m[0m
Test (ubuntu-latest, 21)	Run tests	2026-06-22T17:43:24.5286751Z [0m[[0m[0minfo[0m] [0m[0m[32m- should create non-recoverable error[0m[0m
Test (ubuntu-latest, 21)	Run tests	2026-06-22T17:43:24.5288138Z [0m[[0m[0minfo[0m] [0m[0m[32m- should create non-recoverable error with cause[0m[0m
Test (ubuntu-latest, 21)	Run tests	2026-06-22T17:43:24.5289527Z [0m[[0m[0minfo[0m] [0m[0m[32m- should include node details in context[0m[0m
Test (ubuntu-latest, 21)	Run tests	2026-06-22T17:43:24.5290740Z [0m[[0m[0minfo[0m] [0m[0m[32mPlanExecutionError[0m[0m
Test (ubuntu-latest, 21)	Run tests	2026-06-22T17:43:24.5291951Z [0m[[0m[0minfo[0m] [0m[0m[32m- should create with message only[0m[0m
Test (ubuntu-latest, 21)	Run tests	2026-06-22T17:43:24.5293233Z [0m[[0m[0minfo[0m] [0m[0m[32m- should create with message and planId[0m[0m
Test (ubuntu-latest, 21)	Run tests	2026-06-22T17:43:24.5294480Z [0m[[0m[0minfo[0m] [0m[0m[32m- should create with cause[0m[0m
Test (ubuntu-latest, 21)	Run tests	2026-06-22T17:43:24.5296134Z [0m[[0m[0minfo[0m] [0m[0m[32m- should create with cause and planId[0m[0m
Test (ubuntu-latest, 21)	Run tests	2026-06-22T17:43:24.5297345Z [0m[[0m[0minfo[0m] [0m[0m[32m- should include component in context[0m[0m
Test (ubuntu-latest, 21)	Run tests	2026-06-22T17:43:24.5298373Z [0m[[0m[0minfo[0m] [0m[0m[32mTypeMismatchError[0m[0m
Test (ubuntu-latest, 21)	Run tests	2026-06-22T17:43:24.5299110Z [0m[[0m[0minfo[0m] [0m[0m[32m- should capture type information[0m[0m
Test (ubuntu-latest, 21)	Run tests	2026-06-22T17:43:24.5299929Z [0m[[0m[0minfo[0m] [0m[0m[32m- should include all details in context[0m[0m
Test (ubuntu-latest, 21)	Run tests	2026-06-22T17:43:24.5300824Z [0m[[0m[0minfo[0m] [0m[0m[32mAgentTimeoutError[0m[0m
Test (ubuntu-latest, 21)	Run tests	2026-06-22T17:43:24.5301741Z [0m[[0m[0minfo[0m] [0m[0m[32m- should capture agent and timeout info[0m[0m
Test (ubuntu-latest, 21)	Run tests	2026-06-22T17:43:24.5302729Z [0m[[0m[0minfo[0m] [0m[0m[32m- should include details in context[0m[0m
Test (ubuntu-latest, 21)	Run tests	2026-06-22T17:43:24.5303720Z [0m[[0m[0minfo[0m] [0m[0m[32mAll OrchestrationError types[0m[0m
Test (ubuntu-latest, 21)	Run tests	2026-06-22T17:43:24.5304633Z [0m[[0m[0minfo[0m] [0m[0m[32m- should extend LLMError[0m[0m
Test (ubuntu-latest, 21)	Run tests	2026-06-22T17:43:24.5306989Z [0m[[0m[0minfo[0m] [0m[0m[32mPIIGuardrailSpec:[0m[0m
Test (ubuntu-latest, 21)	Run tests	2026-06-22T17:43:24.5338523Z [0m[[0m[0minfo[0m] [0m[0m[32mPIIPatterns[0m[0m
Test (ubuntu-latest, 21)	Run tests	2026-06-22T17:43:24.5355974Z [0m[[0m[0minfo[0m] [0m[0m[32m- should detect SSN in various formats[0m[0m
Test (ubuntu-latest, 21)	Run tests	2026-06-22T17:43:24.5357214Z [0m[[0m[0minfo[0m] [0m[0m[32m- should not detect invalid SSNs[0m[0m
Test (ubuntu-latest, 21)	Run tests	2026-06-22T17:43:24.5358372Z [0m[[0m[0minfo[0m] [0m[0m[32m- should detect credit card numbers[0m[0m
Test (ubuntu-latest, 21)	Run tests	2026-06-22T17:43:24.5359471Z [0m[[0m[0minfo[0m] [0m[0m[32m- should detect email addresses[0m[0m
Test (ubuntu-latest, 21)	Run tests	2026-06-22T17:43:24.5360627Z [0m[[0m[0minfo[0m] [0m[0m[32m- should detect phone numbers[0m[0m
Test (ubuntu-latest, 21)	Run tests	2026-06-22T17:43:24.5361864Z [0m[[0m[0minfo[0m] [0m[0m[32m- should detect IP addresses[0m[0m
Test (ubuntu-latest, 21)	Run tests	2026-06-22T17:43:24.5363115Z [0m[[0m[0minfo[0m] [0m[0m[32m- should mask detected PII with placeholders[0m[0m
Test (ubuntu-latest, 21)	Run tests	2026-06-22T17:43:24.5364405Z [0m[[0m[0minfo[0m] [0m[0m[32m- should return original text when no PII found[0m[0m
Test (ubuntu-latest, 21)	Run tests	2026-06-22T17:43:24.5403557Z [0m[[0m[0minfo[0m] [0m[0m[32m- should provide summary of detected PII[0m[0m
Test (ubuntu-latest, 21)	Run tests	2026-06-22T17:43:24.5421867Z [0m[[0m[0minfo[0m] [0m[0m[32mPIIDetector[0m[0m
Test (ubuntu-latest, 21)	Run tests	2026-06-22T17:43:24.5451913Z [0m[[0m[0minfo[0m] [0m[0m[32m- should block when PII is detected (default mode)[0m[0m
Test (ubuntu-latest, 21)	Run tests	2026-06-22T17:43:24.5467250Z [0m[[0m[0minfo[0m] [0m[0m[32m- should pass when no PII is present[0m[0m
Test (ubuntu-latest, 21)	Run tests	2026-06-22T17:43:24.5494637Z [0m[[0m[0minfo[0m] [0m[0m[32m- should mask PII when in Fix mode[0m[0m
Test (ubuntu-latest, 21)	Run tests	2026-06-22T17:43:24.5528051Z [0m[[0m[0minfo[0m] [0m[0m[32m- should allow processing in Warn mode[0m[0m
Test (ubuntu-latest, 21)	Run tests	2026-06-22T17:43:24.5534139Z [0m[[0m[0minfo[0m] [0m[0m[32m- should detect only specified PII types[0m[0m
Test (ubuntu-latest, 21)	Run tests	2026-06-22T17:43:24.5535889Z [0m[[0m[0minfo[0m] [0m[0m[32m- should work with strict preset[0m[0m
Test (ubuntu-latest, 21)	Run tests	2026-06-22T17:43:24.5540654Z [0m[[0m[0minfo[0m] [0m[0m[32m- should work with masking preset[0m[0m
Test (ubuntu-latest, 21)	Run tests	2026-06-22T17:43:24.5542158Z [0m[[0m[0minfo[0m] [0m[0m[32m- should work with financial preset[0m[0m
Test (ubuntu-latest, 21)	Run tests	2026-06-22T17:43:24.5543457Z [0m[[0m[0minfo[0m] [0m[0m[32mPIIMasker[0m[0m
Test (ubuntu-latest, 21)	Run tests	2026-06-22T17:43:24.5545083Z [0m[[0m[0minfo[0m] [0m[0m[32m- should always mask PII and never block[0m[0m
Test (ubuntu-latest, 21)	Run tests	2026-06-22T17:43:24.5548572Z [0m[[0m[0minfo[0m] [0m[0m[32m- should return unchanged text when no PII present[0m[0m
Test (ubuntu-latest, 21)	Run tests	2026-06-22T17:43:24.5549917Z [0m[[0m[0minfo[0m] [0m[0m[32m- should mask only specified PII types[0m[0m
Test (ubuntu-latest, 21)	Run tests	2026-06-22T17:43:24.5551141Z [0m[[0m[0minfo[0m] [0m[0m[32m- should work with transform method[0m[0m
Test (ubuntu-latest, 21)	Run tests	2026-06-22T17:43:24.5552326Z [0m[[0m[0minfo[0m] [0m[0m[32m- should detect if text contains PII[0m[0m
Test (ubuntu-latest, 21)	Run tests	2026-06-22T17:43:24.5553563Z [0m[[0m[0minfo[0m] [0m[0m[32m- should provide summary of PII to be masked[0m[0m
Test (ubuntu-latest, 21)	Run tests	2026-06-22T17:43:24.5555029Z [0m[[0m[0minfo[0m] [0m[0m[32m- should work with financial preset[0m[0m
Test (ubuntu-latest, 21)	Run tests	2026-06-22T17:43:24.5558369Z [0m[[0m[0minfo[0m] [0m[0m[32m- should work with contactInfo preset[0m[0m
Test (ubuntu-latest, 21)	Run tests	2026-06-22T17:43:24.5559740Z [0m[[0m[0minfo[0m] [0m[0m[32mGuardrailAction[0m[0m
Test (ubuntu-latest, 21)	Run tests	2026-06-22T17:43:24.5560876Z [0m[[0m[0minfo[0m] [0m[0m[32m- should have Block as default[0m[0m
Test (ubuntu-latest, 21)	Run tests	2026-06-22T17:43:24.5561914Z [0m[[0m[0minfo[0m] [0m[0m[32mGuardrailResult[0m[0m
Test (ubuntu-latest, 21)	Run tests	2026-06-22T17:43:24.5562971Z [0m[[0m[0minfo[0m] [0m[0m[32m- should correctly report success status[0m[0m
Test (ubuntu-latest, 21)	Run tests	2026-06-22T17:43:24.5564127Z [0m[[0m[0minfo[0m] [0m[0m[32m- should correctly report blocked status[0m[0m
Test (ubuntu-latest, 21)	Run tests	2026-06-22T17:43:24.5565493Z [0m[[0m[0minfo[0m] [0m[0m[32m- should correctly report warnings[0m[0m
Test (ubuntu-latest, 21)	Run tests	2026-06-22T17:43:24.5566709Z [0m[[0m[0minfo[0m] [0m[0m[32m- should extract value via toOption[0m[0m
Test (ubuntu-latest, 21)	Run tests	2026-06-22T17:43:24.5567603Z [0m[[0m[0minfo[0m] [0m[0m[32mPIIDetector[0m[0m
Test (ubuntu-latest, 21)	Run tests	2026-06-22T17:43:24.5568272Z [0m[[0m[0minfo[0m] [0m[0m[32m- should work with CompositeGuardrail.all[0m[0m
Test (ubuntu-latest, 21)	Run tests	2026-06-22T17:43:24.5569011Z [0m[[0m[0minfo[0m] [0m[0m[32m- should work in a pipeline with PIIMasker[0m[0m
Test (ubuntu-latest, 21)	Run tests	2026-06-22T17:43:24.5569943Z [0m[[0m[0minfo[0m] [0m[0m[32mVertexAICoverageSpec:[0m[0m
Test (ubuntu-latest, 21)	Run tests	2026-06-22T17:43:24.5570564Z [0m[[0m[0minfo[0m] [0m[0m[32mVertexAIAuthProvider[0m[0m
Test (ubuntu-latest, 21)	Run tests	2026-06-22T17:43:24.5571405Z [0m[[0m[0minfo[0m] [0m[0m[32m- should resolve credential file from GOOGLE_APPLICATION_CREDENTIALS env var[0m[0m
Test (ubuntu-latest, 21)	Run tests	2026-06-22T17:43:24.5572440Z [0m[[0m[0minfo[0m] [0m[0m[32m- should return error when credential file JSON is missing the 'type' field[0m[0m
Test (ubuntu-latest, 21)	Run tests	2026-06-22T17:43:24.7945259Z [0m[[0m[0minfo[0m] [0m[0m[32m- should fetch a token via service_account JWT-assertion flow[0m[0m
Test (ubuntu-latest, 21)	Run tests	2026-06-22T17:43:25.0102614Z [0m[[0m[0minfo[0m] [0m[0m[32m- should build a JWT whose numeric exp/iat claims render as integers[0m[0m
Test (ubuntu-latest, 21)	Run tests	2026-06-22T17:43:25.0570243Z [0m[[0m[0minfo[0m] [0m[0m[32m- should return AuthenticationError when JWT exchange returns non-200[0m[0m
Test (ubuntu-latest, 21)	Run tests	2026-06-22T17:43:25.0584463Z [0m[[0m[0minfo[0m] [0m[0m[32m- should return AuthenticationError for an invalid RSA private key in service_account credentials[0m[0m
Test (ubuntu-latest, 21)	Run tests	2026-06-22T17:43:25.0587558Z [0m[[0m[0minfo[0m] [0m[0m[32mVertexAIClient request body[0m[0m
Test (ubuntu-latest, 21)	Run tests	2026-06-22T17:43:25.0993931Z [0m[[0m[0minfo[0m] [0m[0m[32m- should include systemInstruction when a SystemMessage is present[0m[0m
Test (ubuntu-latest, 21)	Run tests	2026-06-22T17:43:25.1008661Z [0m[[0m[0minfo[0m] [0m[0m[32m- should include functionCall parts for AssistantMessage with tool calls[0m[0m
Test (ubuntu-latest, 21)	Run tests	2026-06-22T17:43:25.1022176Z [0m[[0m[0minfo[0m] [0m[0m[32m- should include functionResponse parts for ToolMessage after a tool call[0m[0m
Test (ubuntu-latest, 21)	Run tests	2026-06-22T17:43:25.1032861Z [0m[[0m[0minfo[0m] [0m[0m[32m- should set maxOutputTokens when maxTokens is provided[0m[0m
Test (ubuntu-latest, 21)	Run tests	2026-06-22T17:43:25.1046144Z [0m[[0m[0minfo[0m] [0m[0m[32m- should set responseMimeType for ResponseFormat.Json[0m[0m
Test (ubuntu-latest, 21)	Run tests	2026-06-22T17:43:25.1056533Z [0m[[0m[0minfo[0m] [0m[0m[32m- should set responseMimeType and responseSchema for ResponseFormat.JsonSchema[0m[0m
Test (ubuntu-latest, 21)	Run tests	2026-06-22T17:43:25.1080753Z [0m[[0m[0minfo[0m] [0m[0m[32m- should include functionDeclarations when tools are passed in CompletionOptions[0m[0m
Test (ubuntu-latest, 21)	Run tests	2026-06-22T17:43:25.1083416Z [0m[[0m[0minfo[0m] [0m[0m[32mVertexAIClient.stripAdditionalProperties[0m[0m
Test (ubuntu-latest, 21)	Run tests	2026-06-22T17:43:25.1097402Z [0m[[0m[0minfo[0m] [0m[0m[32m- should remove additionalProperties from anyOf sub-schemas[0m[0m
Test (ubuntu-latest, 21)	Run tests	2026-06-22T17:43:25.1107782Z [0m[[0m[0minfo[0m] [0m[0m[32m- should remove additionalProperties from oneOf sub-schemas[0m[0m
Test (ubuntu-latest, 21)	Run tests	2026-06-22T17:43:25.1117098Z [0m[[0m[0minfo[0m] [0m[0m[32m- should remove additionalProperties from allOf sub-schemas[0m[0m
Test (ubuntu-latest, 21)	Run tests	2026-06-22T17:43:25.1127428Z [0m[[0m[0minfo[0m] [0m[0m[32m- should be a no-op for non-object JSON values[0m[0m
Test (ubuntu-latest, 21)	Run tests	2026-06-22T17:43:25.1129738Z [0m[[0m[0minfo[0m] [0m[0m[32mVertexAIClient.complete()[0m[0m
Test (ubuntu-latest, 21)	Run tests	2026-06-22T17:43:25.1142039Z [0m[[0m[0minfo[0m] [0m[0m[32m- should return a ValidationError when candidates array is empty[0m[0m
Test (ubuntu-latest, 21)	Run tests	2026-06-22T17:43:25.1146010Z [0m[[0m[0minfo[0m] [0m[0m[32mVertexAIClient.streamComplete()[0m[0m
Test (ubuntu-latest, 21)	Run tests	2026-06-22T17:43:25.1195092Z [0m[[0m[0minfo[0m] [0m[0m[32m- should emit a tool-call chunk for functionCall SSE data[0m[0m
Test (ubuntu-latest, 21)	Run tests	2026-06-22T17:43:25.1216962Z [0m[[0m[0minfo[0m] [0m[0m[32m- should skip non-data SSE lines (comment and event lines)[0m[0m
Test (ubuntu-latest, 21)	Run tests	2026-06-22T17:43:25.1230254Z [0m[[0m[0minfo[0m] [0m[0m[32m- should handle a data line with empty candidates gracefully[0m[0m
Test (ubuntu-latest, 21)	Run tests	2026-06-22T17:43:25.1231634Z [0m[[0m[0minfo[0m] [0m[0m[32mVertexAIClient[0m[0m
Test (ubuntu-latest, 21)	Run tests	2026-06-22T17:43:25.1234938Z [0m[[0m[0minfo[0m] [0m[0m[32m- should call close() on httpClient when it is AutoCloseable[0m[0m
Test (ubuntu-latest, 21)	Run tests	2026-06-22T17:43:25.1236204Z [0m[[0m[0minfo[0m] [0m[0m[32mVertexAIClient.apply[0m[0m
Test (ubuntu-latest, 21)	Run tests	2026-06-22T17:43:25.1246313Z [0m[[0m[0minfo[0m] [0m[0m[32m- should construct a client using the single-argument overload[0m[0m
Test (ubuntu-latest, 21)	Run tests	2026-06-22T17:43:25.1251137Z [0m[[0m[0minfo[0m] [0m[0m[32m- should construct a client using the two-argument (config + metrics) overload[0m[0m
Test (ubuntu-latest, 21)	Run tests	2026-06-22T17:43:25.1257874Z [0m[[0m[0minfo[0m] [0m[0m[32m- should construct a client using the three-argument (config + metrics + logging) overload[0m[0m
Test (ubuntu-latest, 21)	Run tests	2026-06-22T17:43:25.1292051Z [0m[[0m[0minfo[0m] [0m[0m[32mAsyncVectorStoreSpec:[0m[0m
Test (ubuntu-latest, 21)	Run tests	2026-06-22T17:43:25.1294205Z [0m[[0m[0minfo[0m] [0m[0m[32mAsyncPgVectorStore[0m[0m
Test (ubuntu-latest, 21)	Run tests	2026-06-22T17:43:25.1327472Z [0m[[0m[0minfo[0m] [0m[0m[32m- should delegate upsert to sync store[0m[0m
Test (ubuntu-latest, 21)	Run tests	2026-06-22T17:43:25.1346389Z [0m[[0m[0minfo[0m] [0m[0m[32m- should delegate upsertBatch to sync store[0m[0m
Test (ubuntu-latest, 21)	Run tests	2026-06-22T17:43:25.1363709Z [0m[[0m[0minfo[0m] [0m[0m[32m- should delegate search to sync store[0m[0m
Test (ubuntu-latest, 21)	Run tests	2026-06-22T17:43:25.1379242Z [0m[[0m[0minfo[0m] [0m[0m[32m- should delegate get to sync store[0m[0m
Test (ubuntu-latest, 21)	Run tests	2026-06-22T17:43:25.1391036Z [0m[[0m[0minfo[0m] [0m[0m[32m- should delegate get returns None for missing record[0m[0m
Test (ubuntu-latest, 21)	Run tests	2026-06-22T17:43:25.1418099Z [0m[[0m[0minfo[0m] [0m[0m[32m- should delegate getBatch to sync store[0m[0m
Test (ubuntu-latest, 21)	Run tests	2026-06-22T17:43:25.1440315Z [0m[[0m[0minfo[0m] [0m[0m[32m- should delegate delete to sync store[0m[0m
Test (ubuntu-latest, 21)	Run tests	2026-06-22T17:43:25.1463062Z [0m[[0m[0minfo[0m] [0m[0m[32m- should delegate count to sync store[0m[0m
Test (ubuntu-latest, 21)	Run tests	2026-06-22T17:43:25.1478643Z [0m[[0m[0minfo[0m] [0m[0m[32m- should delegate clear to sync store[0m[0m
Test (ubuntu-latest, 21)	Run tests	2026-06-22T17:43:25.1511560Z [0m[[0m[0minfo[0m] [0m[0m[32m- should delegate stats to sync store[0m[0m
Test (ubuntu-latest, 21)	Run tests	2026-06-22T17:43:25.1522113Z [0m[[0m[0minfo[0m] [0m[0m[32m- should propagate sync store errors as Left in Future[0m[0m
Test (ubuntu-latest, 21)	Run tests	2026-06-22T17:43:25.1525197Z [0m[[0m[0minfo[0m] [0m[0m[32mAsyncVectorStore companion[0m[0m
Test (ubuntu-latest, 21)	Run tests	2026-06-22T17:43:25.1532829Z [0m[[0m[0minfo[0m] [0m[0m[32m- should create wrapper via apply factory[0m[0m
Test (ubuntu-latest, 21)	Run tests	2026-06-22T17:43:25.1579716Z [0m[[0m[0minfo[0m] [0m[0m[32mHTTPToolSSRFSpec:[0m[0m
Test (ubuntu-latest, 21)	Run tests	2026-06-22T17:43:25.1605673Z [0m[[0m[0minfo[0m] [0m[0m[32mHTTPTool SSRF protection[0m[0m
Test (ubuntu-latest, 21)	Run tests	2026-06-22T17:43:25.1636110Z [0m[[0m[0minfo[0m] [0m[0m[32m- should block direct requests to the cloud metadata IP (169.254.169.254)[0m[0m
Test (ubuntu-latest, 21)	Run tests	2026-06-22T17:43:25.1645746Z [0m[[0m[0minfo[0m] [0m[0m[32m- should block direct requests to localhost[0m[0m
Test (ubuntu-latest, 21)	Run tests	2026-06-22T17:43:25.1646697Z [0m[[0m[0minfo[0m] [0m[0m[32m- should block direct requests to private IP range 192.168.x.x[0m[0m
Test (ubuntu-latest, 21)	Run tests	2026-06-22T17:43:25.1647645Z [0m[[0m[0minfo[0m] [0m[0m[32m- should block direct requests to private IP range 10.x.x.x[0m[0m
Test (ubuntu-latest, 21)	Run tests	2026-06-22T17:43:25.1648525Z [0m[[0m[0minfo[0m] [0m[0m[32m- should default followRedirects to false in HttpConfig[0m[0m
Test (ubuntu-latest, 21)	Run tests	2026-06-22T17:43:25.1734646Z [0m[[0m[0minfo[0m] [0m[0m[32m- should return 302 as-is when followRedirects=false[0m[0m
Test (ubuntu-latest, 21)	Run tests	2026-06-22T17:43:25.2193984Z [0m[[0m[0minfo[0m] [0m[0m[32m- should follow a safe relative Location header to a 200 response[0m[0m
Test (ubuntu-latest, 21)	Run tests	2026-06-22T17:43:25.2631144Z [0m[[0m[0minfo[0m] [0m[0m[32m- should follow a safe absolute Location header to a 200 response[0m[0m
Test (ubuntu-latest, 21)	Run tests	2026-06-22T17:43:25.3069757Z [0m[[0m[0minfo[0m] [0m[0m[32m- should follow a multi-hop safe redirect chain to a final 200 response[0m[0m
Test (ubuntu-latest, 21)	Run tests	2026-06-22T17:43:25.3091203Z [0m[[0m[0minfo[0m] [0m[0m[32m- should block a redirect that targets the cloud metadata IP (open-redirect SSRF bypass)[0m[0m
Test (ubuntu-latest, 21)	Run tests	2026-06-22T17:43:25.3125940Z [0m[[0m[0minfo[0m] [0m[0m[32m- should stop following redirects and return an error after maxRedirects hops[0m[0m
Test (ubuntu-latest, 21)	Run tests	2026-06-22T17:43:25.3559939Z [0m[[0m[0minfo[0m] [0m[0m[32m- should succeed when the number of hops is exactly maxRedirects[0m[0m
Test (ubuntu-latest, 21)	Run tests	2026-06-22T17:43:25.3591589Z [0m[[0m[0minfo[0m] [0m[0m[32m- should fail when the number of hops exceeds maxRedirects[0m[0m
Test (ubuntu-latest, 21)	Run tests	2026-06-22T17:43:25.4011519Z [0m[[0m[0minfo[0m] [0m[0m[32m- should follow a redirect when the Location header name is lowercase[0m[0m
Test (ubuntu-latest, 21)	Run tests	2026-06-22T17:43:25.4016494Z [0m[[0m[0minfo[0m] [0m[0m[32m- should reject an initial request with a file:// scheme[0m[0m
Test (ubuntu-latest, 21)	Run tests	2026-06-22T17:43:25.4019631Z [0m[[0m[0minfo[0m] [0m[0m[32m- should reject an initial request with an ftp:// scheme[0m[0m
Test (ubuntu-latest, 21)	Run tests	2026-06-22T17:43:25.4046478Z [0m[[0m[0minfo[0m] [0m[0m[32m- should block a redirect that switches to the file:// scheme (protocol smuggling)[0m[0m
Test (ubuntu-latest, 21)	Run tests	2026-06-22T17:43:25.4082459Z [0m[[0m[0minfo[0m] [0m[0m[32m- should include SSRF_BLOCKED in the error when a domain is rejected[0m[0m
Test (ubuntu-latest, 21)	Run tests	2026-06-22T17:43:25.4094277Z [0m[[0m[0minfo[0m] [0m[0m[32m- should include TOO_MANY_REDIRECTS in the error when the hop limit is reached[0m[0m
Test (ubuntu-latest, 21)	Run tests	2026-06-22T17:43:25.4095562Z [0m[[0m[0minfo[0m] [0m[0m[32mHTTPTool redirect method handling[0m[0m
Test (ubuntu-latest, 21)	Run tests	2026-06-22T17:43:25.4520819Z [0m[[0m[0minfo[0m] [0m[0m[32m- should convert POST to GET on 302 redirect[0m[0m
Test (ubuntu-latest, 21)	Run tests	2026-06-22T17:43:25.4939544Z [0m[[0m[0minfo[0m] [0m[0m[32m- should convert POST to GET on 301 redirect[0m[0m
Test (ubuntu-latest, 21)	Run tests	2026-06-22T17:43:25.5372256Z [0m[[0m[0minfo[0m] [0m[0m[32m- should preserve POST method on 307 redirect[0m[0m
Test (ubuntu-latest, 21)	Run tests	2026-06-22T17:43:25.5792883Z [0m[[0m[0minfo[0m] [0m[0m[32m- should keep GET as GET on 302 redirect[0m[0m
Test (ubuntu-latest, 21)	Run tests	2026-06-22T17:43:25.5794932Z [0m[[0m[0minfo[0m] [0m[0m[32mHTTPTool cross-origin header stripping[0m[0m
Test (ubuntu-latest, 21)	Run tests	2026-06-22T17:43:25.6230531Z [0m[[0m[0minfo[0m] [0m[0m[32m- should preserve all headers on same-host redirect[0m[0m
Test (ubuntu-latest, 21)	Run tests	2026-06-22T17:43:25.6232847Z [0m[[0m[0minfo[0m] [0m[0m[32mHttpConfig.withRedirectsEnabled[0m[0m
Test (ubuntu-latest, 21)	Run tests	2026-06-22T17:43:25.6234115Z [0m[[0m[0minfo[0m] [0m[0m[32m- should enable redirect following[0m[0m
Test (ubuntu-latest, 21)	Run tests	2026-06-22T17:43:25.6235812Z [0m[[0m[0minfo[0m] [0m[0m[32m- should preserve other settings[0m[0m
Test (ubuntu-latest, 21)	Run tests	2026-06-22T17:43:25.6641227Z [0m[[0m[0minfo[0m] [0m[0m[32mUniversalEncoderSpec:[0m[0m
Test (ubuntu-latest, 21)	Run tests	2026-06-22T17:43:25.6783574Z [0m[[0m[0minfo[0m] [0m[0m[32m- encodeFromPath should encode text file content[0m[0m
Test (ubuntu-latest, 21)	Run tests	2026-06-22T17:43:25.6848828Z [0m[[0m[0minfo[0m] [0m[0m[32m- encodeFromPath should chunk text when chunking is enabled[0m[0m
Test (ubuntu-latest, 21)	Run tests	2026-06-22T17:43:25.6850268Z [0m[[0m[0minfo[0m] [0m[0m[32m- encodeFromPath should return error for non-existent file[0m[0m
Test (ubuntu-latest, 21)	Run tests	2026-06-22T17:43:25.6917750Z 17:43:25.691 [pool-1-thread-1-ScalaTest-running-UniversalEncoderSpec] ERROR o.l.l.extractors.UniversalExtractor$ - [UnknownType] No text extractor for MIME type: application/json
Test (ubuntu-latest, 21)	Run tests	2026-06-22T17:43:25.6924455Z [0m[[0m[0minfo[0m] [0m[0m[32m- encodeFromPath processes JSON-like text files[0m[0m
Test (ubuntu-latest, 21)	Run tests	2026-06-22T17:43:25.6967932Z [0m[[0m[0minfo[0m] [0m[0m[32m- encodeFromPath with experimental stubs handles various content[0m[0m
Test (ubuntu-latest, 21)	Run tests	2026-06-22T17:43:25.7005583Z [0m[[0m[0minfo[0m] [0m[0m[32m- encodeFromPath should include correct metadata in vectors[0m[0m
Test (ubuntu-latest, 21)	Run tests	2026-06-22T17:43:25.7042969Z [0m[[0m[0minfo[0m] [0m[0m[32m- encodeFromPath should generate chunk IDs[0m[0m
Test (ubuntu-latest, 21)	Run tests	2026-06-22T17:43:25.7089072Z [0m[[0m[0minfo[0m] [0m[0m[32m- encodeFromPath should return normalized vectors[0m[0m
Test (ubuntu-latest, 21)	Run tests	2026-06-22T17:43:25.7130318Z [0m[[0m[0minfo[0m] [0m[0m[32m- multimodal stub success - image produces stub vector with Image modality[0m[0m
Test (ubuntu-latest, 21)	Run tests	2026-06-22T17:43:25.7159152Z [0m[[0m[0minfo[0m] [0m[0m[32m- multimodal stub success - audio produces stub vector with Audio modality[0m[0m
Test (ubuntu-latest, 21)	Run tests	2026-06-22T17:43:25.7211829Z [0m[[0m[0minfo[0m] [0m[0m[32m- multimodal real provider path - image calls embedMultimodal and returns provider result[0m[0m
Test (ubuntu-latest, 21)	Run tests	2026-06-22T17:43:25.7229993Z [0m[[0m[0minfo[0m] [0m[0m[32m- multimodal size guard - rejects file exceeding maxMediaFileSize[0m[0m
Test (ubuntu-latest, 21)	Run tests	2026-06-22T17:43:25.7267250Z [0m[[0m[0minfo[0m] [0m[0m[32mInMemoryTraceStoreSpec:[0m[0m
Test (ubuntu-latest, 21)	Run tests	2026-06-22T17:43:25.7269347Z [0m[[0m[0minfo[0m] [0m[0m[32mInMemoryTraceStore[0m[0m
Test (ubuntu-latest, 21)	Run tests	2026-06-22T17:43:25.7271550Z [0m[[0m[0minfo[0m] [0m[0m[32m- should save and retrieve a trace[0m[0m
Test (ubuntu-latest, 21)	Run tests	2026-06-22T17:43:25.7273639Z [0m[[0m[0minfo[0m] [0m[0m[32m- should return None for non-existent trace[0m[0m
Test (ubuntu-latest, 21)	Run tests	2026-06-22T17:43:25.7279089Z [0m[[0m[0minfo[0m] [0m[0m[32m- should save and retrieve spans for a trace[0m[0m
Test (ubuntu-latest, 21)	Run tests	2026-06-22T17:43:25.7281366Z [0m[[0m[0minfo[0m] [0m[0m[32m- should return empty list for spans of non-existent trace[0m[0m
Test (ubuntu-latest, 21)	Run tests	2026-06-22T17:43:25.7287716Z [0m[[0m[0minfo[0m] [0m[0m[32m- should query traces by time range[0m[0m
Test (ubuntu-latest, 21)	Run tests	2026-06-22T17:43:25.7289948Z [0m[[0m[0minfo[0m] [0m[0m[32m- should query traces by status[0m[0m
Test (ubuntu-latest, 21)	Run tests	2026-06-22T17:43:25.7295203Z [0m[[0m[0minfo[0m] [0m[0m[32m- should query with pagination limit[0m[0m
Test (ubuntu-latest, 21)	Run tests	2026-06-22T17:43:25.7305474Z [0m[[0m[0minfo[0m] [0m[0m[32m- should query with cursor continuation[0m[0m
Test (ubuntu-latest, 21)	Run tests	2026-06-22T17:43:25.7308005Z [0m[[0m[0minfo[0m] [0m[0m[32m- should search by metadata key-value[0m[0m
Test (ubuntu-latest, 21)	Run tests	2026-06-22T17:43:25.7310582Z [0m[[0m[0minfo[0m] [0m[0m[32m- should return empty list for metadata search with no matches[0m[0m
Test (ubuntu-latest, 21)	Run tests	2026-06-22T17:43:25.7313575Z [0m[[0m[0minfo[0m] [0m[0m[32m- should delete a trace and its spans[0m[0m
Test (ubuntu-latest, 21)	Run tests	2026-06-22T17:43:25.7316642Z [0m[[0m[0minfo[0m] [0m[0m[32m- should return false when deleting non-existent trace[0m[0m
Test (ubuntu-latest, 21)	Run tests	2026-06-22T17:43:25.7319075Z [0m[[0m[0minfo[0m] [0m[0m[32m- should clear all data[0m[0m
Test (ubuntu-latest, 21)	Run tests	2026-06-22T17:43:25.7320311Z [0m[[0m[0minfo[0m] [0m[0m[32m- should return empty page on creation[0m[0m
Test (ubuntu-latest, 21)	Run tests	2026-06-22T17:43:25.7321709Z [0m[[0m[0minfo[0m] [0m[0m[32m- should return all traces when no filters are set[0m[0m
Test (ubuntu-latest, 21)	Run tests	2026-06-22T17:43:25.7324027Z [0m[[0m[0minfo[0m] [0m[0m[32m- should return traces sorted by start time ascending[0m[0m
Test (ubuntu-latest, 21)	Run tests	2026-06-22T17:43:25.7328976Z [0m[[0m[0minfo[0m] [0m[0m[32m- should query traces by metadata filter[0m[0m
Test (ubuntu-latest, 21)	Run tests	2026-06-22T17:43:25.7331197Z [0m[[0m[0minfo[0m] [0m[0m[32m- should apply time range and status filters with AND semantics[0m[0m
Test (ubuntu-latest, 21)	Run tests	2026-06-22T17:43:25.7385389Z [0m[[0m[0minfo[0m] [0m[0m[32m- should support concurrent span writes[0m[0m
Test (ubuntu-latest, 21)	Run tests	2026-06-22T17:43:25.7410706Z [0m[[0m[0minfo[0m] [0m[0m[32mChunkingConfigSpec:[0m[0m
Test (ubuntu-latest, 21)	Run tests	2026-06-22T17:43:25.7412290Z [0m[[0m[0minfo[0m] [0m[0m[32mChunkingConfig[0m[0m
Test (ubuntu-latest, 21)	Run tests	2026-06-22T17:43:25.7413996Z [0m[[0m[0minfo[0m] [0m[0m[32m- should have sensible defaults[0m[0m
Test (ubuntu-latest, 21)	Run tests	2026-06-22T17:43:25.7420353Z [0m[[0m[0minfo[0m] [0m[0m[32m- should validate targetSize is positive[0m[0m
Test (ubuntu-latest, 21)	Run tests	2026-06-22T17:43:25.7424031Z [0m[[0m[0minfo[0m] [0m[0m[32m- should validate maxSize >= targetSize[0m[0m
Test (ubuntu-latest, 21)	Run tests	2026-06-22T17:43:25.7427316Z [0m[[0m[0minfo[0m] [0m[0m[32m- should validate overlap is non-negative and less than targetSize[0m[0m
Test (ubuntu-latest, 21)	Run tests	2026-06-22T17:43:25.7430353Z [0m[[0m[0minfo[0m] [0m[0m[32m- should validate minChunkSize is non-negative[0m[0m
Test (ubuntu-latest, 21)	Run tests	2026-06-22T17:43:25.7431567Z [0m[[0m[0minfo[0m] [0m[0m[32m- should accept valid overlap at boundaries[0m[0m
Test (ubuntu-latest, 21)	Run tests	2026-06-22T17:43:25.7434321Z [0m[[0m[0minfo[0m] [0m[0m[32m- should support custom configuration[0m[0m
Test (ubuntu-latest, 21)	Run tests	2026-06-22T17:43:25.7452858Z [0m[[0m[0minfo[0m] [0m[0m[32mZeroParameterToolTest:[0m[0m
Test (ubuntu-latest, 21)	Run tests	2026-06-22T17:43:25.7465602Z [0m[[0m[0minfo[0m] [0m[0m[32mZero-parameter tool[0m[0m
Test (ubuntu-latest, 21)	Run tests	2026-06-22T17:43:25.7520309Z [0m[[0m[0minfo[0m] [0m[0m[32m- should work with empty object arguments[0m[0m
Test (ubuntu-latest, 21)	Run tests	2026-06-22T17:43:25.7521562Z [0m[[0m[0minfo[0m] [0m[0m[32mZero-parameter tool[0m[0m
Test (ubuntu-latest, 21)	Run tests	2026-06-22T17:43:25.7529613Z [0m[[0m[0minfo[0m] [0m[0m[32m- should accept null arguments and treat them as empty object[0m[0m
Test (ubuntu-latest, 21)	Run tests	2026-06-22T17:43:25.7531117Z [0m[[0m[0minfo[0m] [0m[0m[32mZero-parameter tool schema[0m[0m
Test (ubuntu-latest, 21)	Run tests	2026-06-22T17:43:25.7535562Z [0m[[0m[0minfo[0m] [0m[0m[32m- should generate correct JSON schema[0m[0m
Test (ubuntu-latest, 21)	Run tests	2026-06-22T17:43:25.7536880Z [0m[[0m[0minfo[0m] [0m[0m[32mMultiple zero-parameter tools[0m[0m
Test (ubuntu-latest, 21)	Run tests	2026-06-22T17:43:25.7552812Z [0m[[0m[0minfo[0m] [0m[0m[32m- should work correctly[0m[0m
Test (ubuntu-latest, 21)	Run tests	2026-06-22T17:43:25.7555358Z [0m[[0m[0minfo[0m] [0m[0m[32mZero-parameter tool handler[0m[0m
Test (ubuntu-latest, 21)	Run tests	2026-06-22T17:43:25.7566212Z [0m[[0m[0minfo[0m] [0m[0m[32m- should not attempt to extract any parameters[0m[0m
Test (ubuntu-latest, 21)	Run tests	2026-06-22T17:43:25.7568927Z [0m[[0m[0minfo[0m] [0m[0m[32mTool with required parameters[0m[0m
Test (ubuntu-latest, 21)	Run tests	2026-06-22T17:43:25.7576401Z [0m[[0m[0minfo[0m] [0m[0m[32m- should still reject null arguments[0m[0m
Test (ubuntu-latest, 21)	Run tests	2026-06-22T17:43:25.7588756Z [0m[[0m[0minfo[0m] [0m[0m[32mLlm4sConfigTracingSpec:[0m[0m
Test (ubuntu-latest, 21)	Run tests	2026-06-22T17:43:25.7590694Z [0m[[0m[0minfo[0m] [0m[0m[32mLlm4sConfig.tracing[0m[0m
Test (ubuntu-latest, 21)	Run tests	2026-06-22T17:43:25.7602610Z [0m[[0m[0minfo[0m] [0m[0m[32m- should load tracing settings from llm4s.* defaults[0m[0m
Test (ubuntu-latest, 21)	Run tests	2026-06-22T17:43:25.7630340Z [0m[[0m[0minfo[0m] [0m[0m[32mVertexAIClientHttpSpec:[0m[0m
Test (ubuntu-latest, 21)	Run tests	2026-06-22T17:43:25.7632386Z [0m[[0m[0minfo[0m] [0m[0m[32mVertexAIClient.complete()[0m[0m
Test (ubuntu-latest, 21)	Run tests	2026-06-22T17:43:25.8101320Z [0m[[0m[0minfo[0m] [0m[0m[32m- should parse text content from a 200 response[0m[0m
Test (ubuntu-latest, 21)	Run tests	2026-06-22T17:43:25.8114560Z [0m[[0m[0minfo[0m] [0m[0m[32m- should parse token usage from the response[0m[0m
Test (ubuntu-latest, 21)	Run tests	2026-06-22T17:43:25.8124578Z [0m[[0m[0minfo[0m] [0m[0m[32m- should parse a tool call response[0m[0m
Test (ubuntu-latest, 21)	Run tests	2026-06-22T17:43:25.8137266Z 17:43:25.813 [pool-1-thread-1-ScalaTest-running-VertexAIClientHttpSpec] ERROR o.l.l.provider.VertexAIClient - [VertexAI] Error response: 401
Test (ubuntu-latest, 21)	Run tests	2026-06-22T17:43:25.8144313Z [0m[[0m[0minfo[0m] [0m[0m[32m- should return AuthenticationError on HTTP 401[0m[0m
Test (ubuntu-latest, 21)	Run tests	2026-06-22T17:43:25.8160900Z [0m[[0m[0minfo[0m] [0m[0m[32m- should return AuthenticationError on HTTP 403[0m[0m
Test (ubuntu-latest, 21)	Run tests	2026-06-22T17:43:25.8162207Z 17:43:25.814 [pool-1-thread-1-ScalaTest-running-VertexAIClientHttpSpec] ERROR o.l.l.provider.VertexAIClient - [VertexAI] Error response: 403
Test (ubuntu-latest, 21)	Run tests	2026-06-22T17:43:25.8174120Z 17:43:25.817 [pool-1-thread-1-ScalaTest-running-VertexAIClientHttpSpec] ERROR o.l.l.provider.VertexAIClient - [VertexAI] Error response: 429
Test (ubuntu-latest, 21)	Run tests	2026-06-22T17:43:25.8179226Z [0m[[0m[0minfo[0m] [0m[0m[32m- should return RateLimitError on HTTP 429[0m[0m
Test (ubuntu-latest, 21)	Run tests	2026-06-22T17:43:25.8187117Z 17:43:25.818 [pool-1-thread-1-ScalaTest-running-VertexAIClientHttpSpec] ERROR o.l.l.provider.VertexAIClient - [VertexAI] Error response: 400
Test (ubuntu-latest, 21)	Run tests	2026-06-22T17:43:25.8192090Z [0m[[0m[0minfo[0m] [0m[0m[32m- should return ValidationError on HTTP 400[0m[0m
Test (ubuntu-latest, 21)	Run tests	2026-06-22T17:43:25.8200013Z 17:43:25.819 [pool-1-thread-1-ScalaTest-running-VertexAIClientHttpSpec] ERROR o.l.l.provider.VertexAIClient - [VertexAI] Error response: 500
Test (ubuntu-latest, 21)	Run tests	2026-06-22T17:43:25.8203949Z [0m[[0m[0minfo[0m] [0m[0m[32m- should return ServiceError on HTTP 500[0m[0m
Test (ubuntu-latest, 21)	Run tests	2026-06-22T17:43:25.8219297Z [0m[[0m[0minfo[0m] [0m[0m[32m- should send Authorization *** to the Vertex AI endpoint[0m[0m
Test (ubuntu-latest, 21)	Run tests	2026-06-22T17:43:25.8231322Z [0m[[0m[0minfo[0m] [0m[0m[32m- should build the correct Vertex AI generateContent URL[0m[0m
Test (ubuntu-latest, 21)	Run tests	2026-06-22T17:43:25.8246918Z [0m[[0m[0minfo[0m] [0m[0m[32m- should record provider exchanges when logging is enabled[0m[0m
Test (ubuntu-latest, 21)	Run tests	2026-06-22T17:43:25.8248561Z [0m[[0m[0minfo[0m] [0m[0m[32mVertexAIClient.streamComplete()[0m[0m
Test (ubuntu-latest, 21)	Run tests	2026-06-22T17:43:25.8261083Z [0m[[0m[0minfo[0m] [0m[0m[32m- should parse SSE lines and accumulate into a Completion[0m[0m
Test (ubuntu-latest, 21)	Run tests	2026-06-22T17:43:25.8276135Z [0m[[0m[0minfo[0m] [0m[0m[32m- should parse token usage from the final SSE chunk[0m[0m
Test (ubuntu-latest, 21)	Run tests	2026-06-22T17:43:25.8287979Z 17:43:25.828 [pool-1-thread-1-ScalaTest-running-VertexAIClientHttpSpec] ERROR o.l.l.provider.VertexAIClient - [VertexAI] Error response: 401
Test (ubuntu-latest, 21)	Run tests	2026-06-22T17:43:25.8291300Z [0m[[0m[0minfo[0m] [0m[0m[32m- should return an error for non-200 stream status[0m[0m
Test (ubuntu-latest, 21)	Run tests	2026-06-22T17:43:25.8292621Z [0m[[0m[0minfo[0m] [0m[0m[32mVertexAIClient.convertToolToVertexFormat()[0m[0m
Test (ubuntu-latest, 21)	Run tests	2026-06-22T17:43:25.8302394Z [0m[[0m[0minfo[0m] [0m[0m[32m- should strip 'strict' and 'additionalProperties' from schema[0m[0m
Test (ubuntu-latest, 21)	Run tests	2026-06-22T17:43:25.8314178Z [0m[[0m[0minfo[0m] [0m[0m[32m- should include name, description and parameters in the result[0m[0m
Test (ubuntu-latest, 21)	Run tests	2026-06-22T17:43:25.8337045Z [0m[[0m[0minfo[0m] [0m[0m[32mDocumentRefSpec:[0m[0m
Test (ubuntu-latest, 21)	Run tests	2026-06-22T17:43:25.8338896Z [0m[[0m[0minfo[0m] [0m[0m[32mDocumentRef[0m[0m
Test (ubuntu-latest, 21)	Run tests	2026-06-22T17:43:25.8355188Z [0m[[0m[0minfo[0m] [0m[0m[32m- should extract extension from path[0m[0m
Test (ubuntu-latest, 21)	Run tests	2026-06-22T17:43:25.8356455Z [0m[[0m[0minfo[0m] [0m[0m[32m- should handle no extension[0m[0m
Test (ubuntu-latest, 21)	Run tests	2026-06-22T17:43:25.8357690Z [0m[[0m[0minfo[0m] [0m[0m[32m- should extract filename from path[0m[0m
Test (ubuntu-latest, 21)	Run tests	2026-06-22T17:43:25.8358947Z [0m[[0m[0minfo[0m] [0m[0m[32m- should handle path without slashes[0m[0m
Test (ubuntu-latest, 21)	Run tests	2026-06-22T17:43:25.8374454Z [0m[[0m[0minfo[0m] [0m[0m[32m- should convert to DocumentVersion when etag is present[0m[0m
Test (ubuntu-latest, 21)	Run tests	2026-06-22T17:43:25.8377930Z [0m[[0m[0minfo[0m] [0m[0m[32m- should return None for toVersion when no etag[0m[0m
Test (ubuntu-latest, 21)	Run tests	2026-06-22T17:43:25.8427081Z [0m[[0m[0minfo[0m] [0m[0m[32mCommandSpec:[0m[0m
Test (ubuntu-latest, 21)	Run tests	2026-06-22T17:43:25.8428253Z [0m[[0m[0minfo[0m] [0m[0m[32mCommand.parse[0m[0m
Test (ubuntu-latest, 21)	Run tests	2026-06-22T17:43:25.8431723Z [0m[[0m[0minfo[0m] [0m[0m[32m- should parse /help command[0m[0m
Test (ubuntu-latest, 21)	Run tests	2026-06-22T17:43:25.8433892Z [0m[[0m[0minfo[0m] [0m[0m[32m- should parse /help with extra text[0m[0m
Test (ubuntu-latest, 21)	Run tests	2026-06-22T17:43:25.8437359Z [0m[[0m[0minfo[0m] [0m[0m[32m- should be case insensitive for /help[0m[0m
Test (ubuntu-latest, 21)	Run tests	2026-06-22T17:43:25.8438370Z [0m[[0m[0minfo[0m] [0m[0m[32m- should parse /new command[0m[0m
Test (ubuntu-latest, 21)	Run tests	2026-06-22T17:43:25.8439321Z [0m[[0m[0minfo[0m] [0m[0m[32m- should parse /new with extra text[0m[0m
Test (ubuntu-latest, 21)	Run tests	2026-06-22T17:43:25.8440290Z [0m[[0m[0minfo[0m] [0m[0m[32m- should be case insensitive for /new[0m[0m
Test (ubuntu-latest, 21)	Run tests	2026-06-22T17:43:25.8441257Z [0m[[0m[0minfo[0m] [0m[0m[32m- should parse /save with title[0m[0m
Test (ubuntu-latest, 21)	Run tests	2026-06-22T17:43:25.8442242Z [0m[[0m[0minfo[0m] [0m[0m[32m- should parse /save with multi-word title[0m[0m
Test (ubuntu-latest, 21)	Run tests	2026-06-22T17:43:25.8443307Z [0m[[0m[0minfo[0m] [0m[0m[32m- should parse /save without title using default[0m[0m
Test (ubuntu-latest, 21)	Run tests	2026-06-22T17:43:25.8444456Z [0m[[0m[0minfo[0m] [0m[0m[32m- should parse /save with only whitespace using default[0m[0m
Test (ubuntu-latest, 21)	Run tests	2026-06-22T17:43:25.8445762Z [0m[[0m[0minfo[0m] [0m[0m[32m- should be case insensitive for /save[0m[0m
Test (ubuntu-latest, 21)	Run tests	2026-06-22T17:43:25.8446734Z [0m[[0m[0minfo[0m] [0m[0m[32m- should parse /load with title[0m[0m
Test (ubuntu-latest, 21)	Run tests	2026-06-22T17:43:25.8447688Z [0m[[0m[0minfo[0m] [0m[0m[32m- should parse /load with quoted title[0m[0m
Test (ubuntu-latest, 21)	Run tests	2026-06-22T17:43:25.8448691Z [0m[[0m[0minfo[0m] [0m[0m[32m- should parse /load with multi-word title[0m[0m
Test (ubuntu-latest, 21)	Run tests	2026-06-22T17:43:25.8449710Z [0m[[0m[0minfo[0m] [0m[0m[32m- should return error for /load without title[0m[0m
Test (ubuntu-latest, 21)	Run tests	2026-06-22T17:43:25.8450779Z [0m[[0m[0minfo[0m] [0m[0m[32m- should return error for /load with only whitespace[0m[0m
Test (ubuntu-latest, 21)	Run tests	2026-06-22T17:43:25.8451802Z [0m[[0m[0minfo[0m] [0m[0m[32m- should be case insensitive for /load[0m[0m
Test (ubuntu-latest, 21)	Run tests	2026-06-22T17:43:25.8452929Z [0m[[0m[0minfo[0m] [0m[0m[32m- should parse /sessions command[0m[0m
Test (ubuntu-latest, 21)	Run tests	2026-06-22T17:43:25.8453858Z [0m[[0m[0minfo[0m] [0m[0m[32m- should parse /sessions with extra text[0m[0m
Test (ubuntu-latest, 21)	Run tests	2026-06-22T17:43:25.8455048Z [0m[[0m[0minfo[0m] [0m[0m[32m- should be case insensitive for /sessions[0m[0m
Test (ubuntu-latest, 21)	Run tests	2026-06-22T17:43:25.8455996Z [0m[[0m[0minfo[0m] [0m[0m[32m- should parse /quit command[0m[0m
Test (ubuntu-latest, 21)	Run tests	2026-06-22T17:43:25.8456892Z [0m[[0m[0minfo[0m] [0m[0m[32m- should parse /quit with extra text[0m[0m
Test (ubuntu-latest, 21)	Run tests	2026-06-22T17:43:25.8457822Z [0m[[0m[0minfo[0m] [0m[0m[32m- should be case insensitive for /quit[0m[0m
Test (ubuntu-latest, 21)	Run tests	2026-06-22T17:43:25.8458775Z [0m[[0m[0minfo[0m] [0m[0m[32m- should return error for unknown commands[0m[0m
Test (ubuntu-latest, 21)	Run tests	2026-06-22T17:43:25.8459786Z [0m[[0m[0minfo[0m] [0m[0m[32m- should return error for non-command input[0m[0m
Test (ubuntu-latest, 21)	Run tests	2026-06-22T17:43:25.8460768Z [0m[[0m[0minfo[0m] [0m[0m[32m- should return error for empty command[0m[0m
Test (ubuntu-latest, 21)	Run tests	2026-06-22T17:43:25.8461788Z [0m[[0m[0minfo[0m] [0m[0m[32m- should return error for invalid slash commands[0m[0m
Test (ubuntu-latest, 21)	Run tests	2026-06-22T17:43:25.8494449Z [0m[[0m[0minfo[0m] [0m[0m[32mGraphRankingTest:[0m[0m
Test (ubuntu-latest, 21)	Run tests	2026-06-22T17:43:25.8497979Z [0m[[0m[0minfo[0m] [0m[0m[32m- PageRank should return empty map for empty graph[0m[0m
Test (ubuntu-latest, 21)	Run tests	2026-06-22T17:43:25.8506528Z [0m[[0m[0minfo[0m] [0m[0m[32m- PageRank should assign scores to all nodes[0m[0m
Test (ubuntu-latest, 21)	Run tests	2026-06-22T17:43:25.8515447Z [0m[[0m[0minfo[0m] [0m[0m[32m- PageRank scores should sum to approximately 1.0[0m[0m
Test (ubuntu-latest, 21)	Run tests	2026-06-22T17:43:25.8518500Z [0m[[0m[0minfo[0m] [0m[0m[32m- PageRank leaf nodes should have similar scores in star graph[0m[0m
Test (ubuntu-latest, 21)	Run tests	2026-06-22T17:43:25.8527191Z [0m[[0m[0minfo[0m] [0m[0m[32m- PageRank should converge with different damping factors[0m[0m
Test (ubuntu-latest, 21)	Run tests	2026-06-22T17:43:25.8534268Z [0m[[0m[0minfo[0m] [0m[0m[32m- PageRank on chain should give higher scores to nodes with incoming links[0m[0m
Test (ubuntu-latest, 21)	Run tests	2026-06-22T17:43:25.8537649Z [0m[[0m[0minfo[0m] [0m[0m[32m- Degree centrality should return empty map for empty graph[0m[0m
Test (ubuntu-latest, 21)	Run tests	2026-06-22T17:43:25.8548117Z [0m[[0m[0minfo[0m] [0m[0m[32m- Degree centrality should rank hub highest in star graph[0m[0m
Test (ubuntu-latest, 21)	Run tests	2026-06-22T17:43:25.8549790Z [0m[[0m[0minfo[0m] [0m[0m[32m- Degree centrality of leaf nodes should be equal in star graph[0m[0m
Test (ubuntu-latest, 21)	Run tests	2026-06-22T17:43:25.8551726Z [0m[[0m[0minfo[0m] [0m[0m[32m- Degree centrality should handle single node graph[0m[0m
Test (ubuntu-latest, 21)	Run tests	2026-06-22T17:43:25.8574417Z [0m[[0m[0minfo[0m] [0m[0m[32m- Betweenness centrality should return zeros for star graph leaves[0m[0m
Test (ubuntu-latest, 21)	Run tests	2026-06-22T17:43:25.8579944Z [0m[[0m[0minfo[0m] [0m[0m[32m- Betweenness centrality should rank center highest in star graph[0m[0m
Test (ubuntu-latest, 21)	Run tests	2026-06-22T17:43:25.8585471Z [0m[[0m[0minfo[0m] [0m[0m[32m- Betweenness centrality of middle node in chain should be highest[0m[0m
Test (ubuntu-latest, 21)	Run tests	2026-06-22T17:43:25.8591471Z [0m[[0m[0minfo[0m] [0m[0m[32m- Betweenness centrality should return zeros for two-node graph[0m[0m
Test (ubuntu-latest, 21)	Run tests	2026-06-22T17:43:25.8593267Z [0m[[0m[0minfo[0m] [0m[0m[32m- Betweenness centrality should return empty for empty graph[0m[0m
Test (ubuntu-latest, 21)	Run tests	2026-06-22T17:43:25.8595350Z [0m[[0m[0minfo[0m] [0m[0m[32m- Closeness centrality should return zeros for single node[0m[0m
Test (ubuntu-latest, 21)	Run tests	2026-06-22T17:43:25.8611277Z [0m[[0m[0minfo[0m] [0m[0m[32m- Closeness centrality should rank center highest in star graph[0m[0m
Test (ubuntu-latest, 21)	Run tests	2026-06-22T17:43:25.8613159Z [0m[[0m[0minfo[0m] [0m[0m[32m- Closeness centrality should return empty for empty graph[0m[0m
Test (ubuntu-latest, 21)	Run tests	2026-06-22T17:43:25.8620653Z [0m[[0m[0minfo[0m] [0m[0m[32m- Closeness centrality of middle node in chain should be highest[0m[0m
Test (ubuntu-latest, 21)	Run tests	2026-06-22T17:43:25.8639866Z [0m[[0m[0minfo[0m] [0m[0m[32m- Closeness centrality scores should be between 0 and 1[0m[0m
Test (ubuntu-latest, 21)	Run tests	2026-06-22T17:43:25.8650692Z [0m[[0m[0minfo[0m] [0m[0m[32m- All algorithms should return scores for all nodes[0m[0m
Test (ubuntu-latest, 21)	Run tests	2026-06-22T17:43:25.8651867Z [0m[[0m[0minfo[0m] [0m[0m[32m- All algorithms should handle disconnected graph[0m[0m
Test (ubuntu-latest, 21)	Run tests	2026-06-22T17:43:25.8665684Z [0m[[0m[0minfo[0m] [0m[0m[32mConsolidationPromptsSpec:[0m[0m
Test (ubuntu-latest, 21)	Run tests	2026-06-22T17:43:25.8667210Z [0m[[0m[0minfo[0m] [0m[0m[32mConsolidationPrompts.systemPrompt[0m[0m
Test (ubuntu-latest, 21)	Run tests	2026-06-22T17:43:25.8668598Z [0m[[0m[0minfo[0m] [0m[0m[32m- should contain safety rules[0m[0m
Test (ubuntu-latest, 21)	Run tests	2026-06-22T17:43:25.8670021Z [0m[[0m[0minfo[0m] [0m[0m[32mConsolidationPrompts.conversationSummary[0m[0m
Test (ubuntu-latest, 21)	Run tests	2026-06-22T17:43:25.8671508Z [0m[[0m[0minfo[0m] [0m[0m[32m- should format conversation memories[0m[0m
Test (ubuntu-latest, 21)	Run tests	2026-06-22T17:43:25.8672928Z [0m[[0m[0minfo[0m] [0m[0m[32m- should number entries sequentially[0m[0m
Test (ubuntu-latest, 21)	Run tests	2026-06-22T17:43:25.8674396Z [0m[[0m[0minfo[0m] [0m[0m[32mConsolidationPrompts.entityConsolidation[0m[0m
Test (ubuntu-latest, 21)	Run tests	2026-06-22T17:43:25.8676119Z [0m[[0m[0minfo[0m] [0m[0m[32m- should include entity name and facts[0m[0m
Test (ubuntu-latest, 21)	Run tests	2026-06-22T17:43:25.8677647Z [0m[[0m[0minfo[0m] [0m[0m[32mConsolidationPrompts.knowledgeConsolidation[0m[0m
Test (ubuntu-latest, 21)	Run tests	2026-06-22T17:43:25.8679163Z [0m[[0m[0minfo[0m] [0m[0m[32m- should include source information[0m[0m
Test (ubuntu-latest, 21)	Run tests	2026-06-22T17:43:25.8680604Z [0m[[0m[0minfo[0m] [0m[0m[32mConsolidationPrompts.userFactConsolidation[0m[0m
Test (ubuntu-latest, 21)	Run tests	2026-06-22T17:43:25.8687589Z [0m[[0m[0minfo[0m] [0m[0m[32m- should include userId when provided[0m[0m
Test (ubuntu-latest, 21)	Run tests	2026-06-22T17:43:25.8689078Z [0m[[0m[0minfo[0m] [0m[0m[32m- should use generic label when no userId[0m[0m
Test (ubuntu-latest, 21)	Run tests	2026-06-22T17:43:25.8690446Z [0m[[0m[0minfo[0m] [0m[0m[32mConsolidationPrompts.taskConsolidation[0m[0m
Test (ubuntu-latest, 21)	Run tests	2026-06-22T17:43:25.8691858Z [0m[[0m[0minfo[0m] [0m[0m[32m- should include success status[0m[0m
Test (ubuntu-latest, 21)	Run tests	2026-06-22T17:43:25.8725038Z [0m[[0m[0minfo[0m] [0m[0m[32mMemoryFilterSpec:[0m[0m
Test (ubuntu-latest, 21)	Run tests	2026-06-22T17:43:25.8726202Z [0m[[0m[0minfo[0m] [0m[0m[32mMemoryFilter.All[0m[0m
Test (ubuntu-latest, 21)	Run tests	2026-06-22T17:43:25.8727724Z [0m[[0m[0minfo[0m] [0m[0m[32m- should match all memories[0m[0m
Test (ubuntu-latest, 21)	Run tests	2026-06-22T17:43:25.8728702Z [0m[[0m[0minfo[0m] [0m[0m[32mMemoryFilter.None[0m[0m
Test (ubuntu-latest, 21)	Run tests	2026-06-22T17:43:25.8741528Z [0m[[0m[0minfo[0m] [0m[0m[32m- should match no memories[0m[0m
Test (ubuntu-latest, 21)	Run tests	2026-06-22T17:43:25.8742566Z [0m[[0m[0minfo[0m] [0m[0m[32mMemoryFilter.ByType[0m[0m
Test (ubuntu-latest, 21)	Run tests	2026-06-22T17:43:25.8743563Z [0m[[0m[0minfo[0m] [0m[0m[32m- should filter by memory type[0m[0m
Test (ubuntu-latest, 21)	Run tests	2026-06-22T17:43:25.8745057Z [0m[[0m[0minfo[0m] [0m[0m[32mMemoryFilter.ByTypes[0m[0m
Test (ubuntu-latest, 21)	Run tests	2026-06-22T17:43:25.8746101Z [0m[[0m[0minfo[0m] [0m[0m[32m- should filter by multiple memory types[0m[0m
Test (ubuntu-latest, 21)	Run tests	2026-06-22T17:43:25.8747168Z [0m[[0m[0minfo[0m] [0m[0m[32mMemoryFilter.ByMetadata[0m[0m
Test (ubuntu-latest, 21)	Run tests	2026-06-22T17:43:25.8748212Z [0m[[0m[0minfo[0m] [0m[0m[32m- should filter by exact metadata match[0m[0m
Test (ubuntu-latest, 21)	Run tests	2026-06-22T17:43:25.8749283Z [0m[[0m[0minfo[0m] [0m[0m[32mMemoryFilter.HasMetadata[0m[0m
Test (ubuntu-latest, 21)	Run tests	2026-06-22T17:43:25.8750348Z [0m[[0m[0minfo[0m] [0m[0m[32m- should filter by metadata key existence[0m[0m
Test (ubuntu-latest, 21)	Run tests	2026-06-22T17:43:25.8751458Z [0m[[0m[0minfo[0m] [0m[0m[32mMemoryFilter.MetadataContains[0m[0m
Test (ubuntu-latest, 21)	Run tests	2026-06-22T17:43:25.8752708Z [0m[[0m[0minfo[0m] [0m[0m[32m- should filter by metadata substring[0m[0m
Test (ubuntu-latest, 21)	Run tests	2026-06-22T17:43:25.8754049Z [0m[[0m[0minfo[0m] [0m[0m[32mMemoryFilter.ByEntity[0m[0m
Test (ubuntu-latest, 21)	Run tests	2026-06-22T17:43:25.8755305Z [0m[[0m[0minfo[0m] [0m[0m[32m- should filter by entity ID[0m[0m
Test (ubuntu-latest, 21)	Run tests	2026-06-22T17:43:25.8756349Z [0m[[0m[0minfo[0m] [0m[0m[32mMemoryFilter.ByConversation[0m[0m
Test (ubuntu-latest, 21)	Run tests	2026-06-22T17:43:25.8757433Z [0m[[0m[0minfo[0m] [0m[0m[32m- should filter by conversation ID[0m[0m
Test (ubuntu-latest, 21)	Run tests	2026-06-22T17:43:25.8758498Z [0m[[0m[0minfo[0m] [0m[0m[32mMemoryFilter.ByTimeRange[0m[0m
Test (ubuntu-latest, 21)	Run tests	2026-06-22T17:43:25.8759549Z [0m[[0m[0minfo[0m] [0m[0m[32m- should filter by timestamp range[0m[0m
Test (ubuntu-latest, 21)	Run tests	2026-06-22T17:43:25.8760671Z [0m[[0m[0minfo[0m] [0m[0m[32mMemoryFilter.MinImportance[0m[0m
Test (ubuntu-latest, 21)	Run tests	2026-06-22T17:43:25.8761672Z [0m[[0m[0minfo[0m] [0m[0m[32m- should filter by importance threshold[0m[0m
Test (ubuntu-latest, 21)	Run tests	2026-06-22T17:43:25.8762690Z [0m[[0m[0minfo[0m] [0m[0m[32mMemoryFilter.ContentContains[0m[0m
Test (ubuntu-latest, 21)	Run tests	2026-06-22T17:43:25.8785888Z [0m[[0m[0minfo[0m] [0m[0m[32m- should filter by content substring[0m[0m
Test (ubuntu-latest, 21)	Run tests	2026-06-22T17:43:25.8787028Z [0m[[0m[0minfo[0m] [0m[0m[32m- should be case-sensitive when configured[0m[0m
Test (ubuntu-latest, 21)	Run tests	2026-06-22T17:43:25.8788026Z [0m[[0m[0minfo[0m] [0m[0m[32mMemoryFilter.And[0m[0m
Test (ubuntu-latest, 21)	Run tests	2026-06-22T17:43:25.8788968Z [0m[[0m[0minfo[0m] [0m[0m[32m- should combine filters with AND logic[0m[0m
Test (ubuntu-latest, 21)	Run tests	2026-06-22T17:43:25.8789962Z [0m[[0m[0minfo[0m] [0m[0m[32mMemoryFilter.Or[0m[0m
Test (ubuntu-latest, 21)	Run tests	2026-06-22T17:43:25.8790949Z [0m[[0m[0minfo[0m] [0m[0m[32m- should combine filters with OR logic[0m[0m
Test (ubuntu-latest, 21)	Run tests	2026-06-22T17:43:25.8791956Z [0m[[0m[0minfo[0m] [0m[0m[32mMemoryFilter.Not[0m[0m
Test (ubuntu-latest, 21)	Run tests	2026-06-22T17:43:25.8792932Z [0m[[0m[0minfo[0m] [0m[0m[32m- should negate a filter[0m[0m
Test (ubuntu-latest, 21)	Run tests	2026-06-22T17:43:25.8794004Z [0m[[0m[0minfo[0m] [0m[0m[32mMemoryFilter operators[0m[0m
Test (ubuntu-latest, 21)	Run tests	2026-06-22T17:43:25.8795298Z [0m[[0m[0minfo[0m] [0m[0m[32m- should support && operator[0m[0m
Test (ubuntu-latest, 21)	Run tests	2026-06-22T17:43:25.8796395Z [0m[[0m[0minfo[0m] [0m[0m[32m- should support || operator[0m[0m
Test (ubuntu-latest, 21)	Run tests	2026-06-22T17:43:25.8797354Z [0m[[0m[0minfo[0m] [0m[0m[32m- should support unary_! operator[0m[0m
Test (ubuntu-latest, 21)	Run tests	2026-06-22T17:43:25.8798567Z [0m[[0m[0minfo[0m] [0m[0m[32mMemoryFilter.Custom[0m[0m
Test (ubuntu-latest, 21)	Run tests	2026-06-22T17:43:25.8799542Z [0m[[0m[0minfo[0m] [0m[0m[32m- should support custom predicates[0m[0m
Test (ubuntu-latest, 21)	Run tests	2026-06-22T17:43:25.8800498Z [0m[[0m[0minfo[0m] [0m[0m[32mMemoryFilter convenience methods[0m[0m
Test (ubuntu-latest, 21)	Run tests	2026-06-22T17:43:25.8801468Z [0m[[0m[0minfo[0m] [0m[0m[32m- should provide shorthand filters[0m[0m
Test (ubuntu-latest, 21)	Run tests	2026-06-22T17:43:25.8802387Z [0m[[0m[0minfo[0m] [0m[0m[32mMemoryFilter.all[0m[0m
Test (ubuntu-latest, 21)	Run tests	2026-06-22T17:43:25.8803323Z [0m[[0m[0minfo[0m] [0m[0m[32m- should combine multiple filters with AND[0m[0m
Test (ubuntu-latest, 21)	Run tests	2026-06-22T17:43:25.8804240Z [0m[[0m[0minfo[0m] [0m[0m[32mMemoryFilter.any[0m[0m
Test (ubuntu-latest, 21)	Run tests	2026-06-22T17:43:25.8805411Z [0m[[0m[0minfo[0m] [0m[0m[32m- should combine multiple filters with OR[0m[0m
Test (ubuntu-latest, 21)	Run tests	2026-06-22T17:43:25.8806526Z [0m[[0m[0minfo[0m] [0m[0m[32m- should return None filter for empty sequence[0m[0m
Test (ubuntu-latest, 21)	Run tests	2026-06-22T17:43:25.8807565Z [0m[[0m[0minfo[0m] [0m[0m[32mGlobPatternMatcherSpec:[0m[0m
Test (ubuntu-latest, 21)	Run tests	2026-06-22T17:43:25.8808727Z [0m[[0m[0minfo[0m] [0m[0m[32mGlobPatternMatcher.matches[0m[0m
Test (ubuntu-latest, 21)	Run tests	2026-06-22T17:43:25.8809656Z [0m[[0m[0minfo[0m] [0m[0m[32m- should match literal strings[0m[0m
Test (ubuntu-latest, 21)	Run tests	2026-06-22T17:43:25.8810727Z [0m[[0m[0minfo[0m] [0m[0m[32m- should match single asterisk wildcard (non-path-crossing)[0m[0m
Test (ubuntu-latest, 21)	Run tests	2026-06-22T17:43:25.8812093Z [0m[[0m[0minfo[0m] [0m[0m[32m- should match double asterisk wildcard (path-crossing)[0m[0m
Test (ubuntu-latest, 21)	Run tests	2026-06-22T17:43:25.8813270Z [0m[[0m[0minfo[0m] [0m[0m[32m- should match question mark wildcard (single char)[0m[0m
Test (ubuntu-latest, 21)	Run tests	2026-06-22T17:43:25.8814308Z [0m[[0m[0minfo[0m] [0m[0m[32m- should escape regex special characters[0m[0m
Test (ubuntu-latest, 21)	Run tests	2026-06-22T17:43:25.8815495Z [0m[[0m[0minfo[0m] [0m[0m[32m- should be case insensitive[0m[0m
Test (ubuntu-latest, 21)	Run tests	2026-06-22T17:43:25.8816656Z [0m[[0m[0minfo[0m] [0m[0m[32m- should fallback to literal matching for overlong patterns[0m[0m
Test (ubuntu-latest, 21)	Run tests	2026-06-22T17:43:25.8821288Z [0m[[0m[0minfo[0m] [0m[0m[32mGlobPatternMatcher.matchesAny[0m[0m
Test (ubuntu-latest, 21)	Run tests	2026-06-22T17:43:25.8822514Z [0m[[0m[0minfo[0m] [0m[0m[32m- should return true if any pattern matches[0m[0m
Test (ubuntu-latest, 21)	Run tests	2026-06-22T17:43:25.8823885Z [0m[[0m[0minfo[0m] [0m[0m[32m- should handle empty patterns list[0m[0m
Test (ubuntu-latest, 21)	Run tests	2026-06-22T17:43:25.8824607Z [0m[[0m[0minfo[0m] [0m[0m[32mGlobPatternMatcher.filter[0m[0m
Test (ubuntu-latest, 21)	Run tests	2026-06-22T17:43:25.8831438Z [0m[[0m[0minfo[0m] [0m[0m[32m- should filter URLs by include and exclude patterns[0m[0m
Test (ubuntu-latest, 21)	Run tests	2026-06-22T17:43:25.8833199Z [0m[[0m[0minfo[0m] [0m[0m[32m- should include all when include patterns is empty[0m[0m
Test (ubuntu-latest, 21)	Run tests	2026-06-22T17:43:25.8868253Z [0m[[0m[0minfo[0m] [0m[0m[32mAudioConverterSpec:[0m[0m
Test (ubuntu-latest, 21)	Run tests	2026-06-22T17:43:25.8870676Z [0m[[0m[0minfo[0m] [0m[0m[32mIdentityConverter[0m[0m
Test (ubuntu-latest, 21)	Run tests	2026-06-22T17:43:25.8875118Z [0m[[0m[0minfo[0m] [0m[0m[32m- should return input unchanged[0m[0m
Test (ubuntu-latest, 21)	Run tests	2026-06-22T17:43:25.8876142Z [0m[[0m[0minfo[0m] [0m[0m[32mMappedConverter[0m[0m
Test (ubuntu-latest, 21)	Run tests	2026-06-22T17:43:25.8884430Z [0m[[0m[0minfo[0m] [0m[0m[32m- should apply function to success result[0m[0m
Test (ubuntu-latest, 21)	Run tests	2026-06-22T17:43:25.8885878Z [0m[[0m[0minfo[0m] [0m[0m[32mFlatMappedConverter[0m[0m
Test (ubuntu-latest, 21)	Run tests	2026-06-22T17:43:25.8892174Z [0m[[0m[0minfo[0m] [0m[0m[32m- should chain to a successful result[0m[0m
Test (ubuntu-latest, 21)	Run tests	2026-06-22T17:43:25.8897999Z [0m[[0m[0minfo[0m] [0m[0m[32m- should short-circuit on upstream failure[0m[0m
Test (ubuntu-latest, 21)	Run tests	2026-06-22T17:43:25.8899209Z [0m[[0m[0minfo[0m] [0m[0m[32mFilteredConverter[0m[0m
Test (ubuntu-latest, 21)	Run tests	2026-06-22T17:43:25.8907759Z [0m[[0m[0minfo[0m] [0m[0m[32m- should pass when predicate is true[0m[0m
Test (ubuntu-latest, 21)	Run tests	2026-06-22T17:43:25.8911771Z [0m[[0m[0minfo[0m] [0m[0m[32m- should return error when predicate is false[0m[0m
Test (ubuntu-latest, 21)	Run tests	2026-06-22T17:43:25.8912982Z [0m[[0m[0minfo[0m] [0m[0m[32mCompositeConverter[0m[0m
Test (ubuntu-latest, 21)	Run tests	2026-06-22T17:43:25.8917305Z [0m[[0m[0minfo[0m] [0m[0m[32m- should sequence two converters[0m[0m
Test (ubuntu-latest, 21)	Run tests	2026-06-22T17:43:25.8921086Z [0m[[0m[0minfo[0m] [0m[0m[32m- should short-circuit when first fails[0m[0m
Test (ubuntu-latest, 21)	Run tests	2026-06-22T17:43:25.8923567Z [0m[[0m[0minfo[0m] [0m[0m[32msttPreprocessor[0m[0m
Test (ubuntu-latest, 21)	Run tests	2026-06-22T17:43:25.8924690Z [0m[[0m[0minfo[0m] [0m[0m[32m- should build a named pipeline of 3 stages[0m[0m
Test (ubuntu-latest, 21)	Run tests	2026-06-22T17:43:25.8926394Z [0m[[0m[0minfo[0m] [0m[0m[32mcustomSttPreprocessor with monoConversion=false[0m[0m
Test (ubuntu-latest, 21)	Run tests	2026-06-22T17:43:25.8931988Z [0m[[0m[0minfo[0m] [0m[0m[32m- should use identity for the mono step[0m[0m
Test (ubuntu-latest, 21)	Run tests	2026-06-22T17:43:25.8933242Z [0m[[0m[0minfo[0m] [0m[0m[32mcustomSttPreprocessor with targetRate=None[0m[0m
Test (ubuntu-latest, 21)	Run tests	2026-06-22T17:43:25.8945713Z [0m[[0m[0minfo[0m] [0m[0m[32m- should use identity for the resample step[0m[0m
Test (ubuntu-latest, 21)	Run tests	2026-06-22T17:43:25.8984518Z [0m[[0m[0minfo[0m] [0m[0m[32mRAGPipelineSpec:[0m[0m
Test (ubuntu-latest, 21)	Run tests	2026-06-22T17:43:25.8985853Z [0m[[0m[0minfo[0m] [0m[0m[32mRAGPipeline.withStores[0m[0m
Test (ubuntu-latest, 21)	Run tests	2026-06-22T17:43:25.9388018Z [0m[[0m[0minfo[0m] [0m[0m[32m- should expose the config passed at construction[0m[0m
Test (ubuntu-latest, 21)	Run tests	2026-06-22T17:43:25.9393774Z [0m[[0m[0minfo[0m] [0m[0m[32m- should expose the injected LLM and embedding clients[0m[0m
Test (ubuntu-latest, 21)	Run tests	2026-06-22T17:43:25.9411706Z [0m[[0m[0minfo[0m] [0m[0m[32m- should work with Sentence chunking strategy[0m[0m
Test (ubuntu-latest, 21)	Run tests	2026-06-22T17:43:25.9415687Z [0m[[0m[0minfo[0m] [0m[0m[32m- should work with Simple chunking strategy[0m[0m
Test (ubuntu-latest, 21)	Run tests	2026-06-22T17:43:25.9416665Z [0m[[0m[0minfo[0m] [0m[0m[32m- should work with Markdown chunking strategy[0m[0m
Test (ubuntu-latest, 21)	Run tests	2026-06-22T17:43:25.9417469Z [0m[[0m[0minfo[0m] [0m[0m[32mRAGPipeline.getDocumentCount[0m[0m
Test (ubuntu-latest, 21)	Run tests	2026-06-22T17:43:25.9418213Z [0m[[0m[0minfo[0m] [0m[0m[32m- should be 0 before any indexing[0m[0m
Test (ubuntu-latest, 21)	Run tests	2026-06-22T17:43:25.9418948Z [0m[[0m[0minfo[0m] [0m[0m[32mRAGPipeline.getChunkCount[0m[0m
Test (ubuntu-latest, 21)	Run tests	2026-06-22T17:43:25.9419675Z [0m[[0m[0minfo[0m] [0m[0m[32m- should be 0 before any indexing[0m[0m
Test (ubuntu-latest, 21)	Run tests	2026-06-22T17:43:25.9420379Z [0m[[0m[0minfo[0m] [0m[0m[32mRAGPipeline.indexDocument[0m[0m
Test (ubuntu-latest, 21)	Run tests	2026-06-22T17:43:25.9421194Z [0m[[0m[0minfo[0m] [0m[0m[32m- should succeed with empty content and return 0 chunks[0m[0m
Test (ubuntu-latest, 21)	Run tests	2026-06-22T17:43:25.9449829Z [0m[[0m[0minfo[0m] [0m[0m[32m- should return a positive chunk count for non-empty content[0m[0m
Test (ubuntu-latest, 21)	Run tests	2026-06-22T17:43:25.9460636Z [0m[[0m[0minfo[0m] [0m[0m[32m- should write records to the vector store[0m[0m
Test (ubuntu-latest, 21)	Run tests	2026-06-22T17:43:25.9466078Z [0m[[0m[0minfo[0m] [0m[0m[32m- should write documents to the keyword index[0m[0m
Test (ubuntu-latest, 21)	Run tests	2026-06-22T17:43:25.9469183Z [0m[[0m[0minfo[0m] [0m[0m[32m- should embed docId and chunkIndex in record metadata[0m[0m
Test (ubuntu-latest, 21)	Run tests	2026-06-22T17:43:25.9475898Z [0m[[0m[0minfo[0m] [0m[0m[32m- should return Left when the embedding provider fails[0m[0m
Test (ubuntu-latest, 21)	Run tests	2026-06-22T17:43:25.9478442Z [0m[[0m[0minfo[0m] [0m[0m[32m- should update the chunk count after successful indexing[0m[0m
Test (ubuntu-latest, 21)	Run tests	2026-06-22T17:43:25.9479727Z [0m[[0m[0minfo[0m] [0m[0m[32mRAGPipeline.indexDocuments[0m[0m
Test (ubuntu-latest, 21)	Run tests	2026-06-22T17:43:25.9490938Z [0m[[0m[0minfo[0m] [0m[0m[32m- should accumulate chunk count across multiple documents[0m[0m
Test (ubuntu-latest, 21)	Run tests	2026-06-22T17:43:25.9494107Z [0m[[0m[0minfo[0m] [0m[0m[32m- should return Left and short-circuit on the first embedding failure[0m[0m
Test (ubuntu-latest, 21)	Run tests	2026-06-22T17:43:25.9499646Z [0m[[0m[0minfo[0m] [0m[0m[32m- should return Right(0) for an empty document list[0m[0m
Test (ubuntu-latest, 21)	Run tests	2026-06-22T17:43:25.9503022Z [0m[[0m[0minfo[0m] [0m[0m[32mRAGPipeline.search[0m[0m
Test (ubuntu-latest, 21)	Run tests	2026-06-22T17:43:25.9531905Z [0m[[0m[0minfo[0m] [0m[0m[32m- should return Right after documents are indexed[0m[0m
Test (ubuntu-latest, 21)	Run tests	2026-06-22T17:43:25.9539900Z [0m[[0m[0minfo[0m] [0m[0m[32m- should return Right with empty results when nothing is indexed[0m[0m
Test (ubuntu-latest, 21)	Run tests	2026-06-22T17:43:25.9552324Z [0m[[0m[0minfo[0m] [0m[0m[32m- should respect the topK parameter[0m[0m
Test (ubuntu-latest, 21)	Run tests	2026-06-22T17:43:25.9555614Z [0m[[0m[0minfo[0m] [0m[0m[32m- should return Left when the embedding provider fails during search[0m[0m
Test (ubuntu-latest, 21)	Run tests	2026-06-22T17:43:25.9587350Z [0m[[0m[0minfo[0m] [0m[0m[32m- should return EmbeddingError when the provider returns an empty embeddings list[0m[0m
Test (ubuntu-latest, 21)	Run tests	2026-06-22T17:43:25.9603895Z [0m[[0m[0minfo[0m] [0m[0m[32m- should propagate the EmbeddingError regardless of the topK parameter[0m[0m
Test (ubuntu-latest, 21)	Run tests	2026-06-22T17:43:25.9634328Z [0m[[0m[0minfo[0m] [0m[0m[32m- should return Right with empty results when embeddings are non-empty but the index is empty[0m[0m
Test (ubuntu-latest, 21)	Run tests	2026-06-22T17:43:25.9637144Z [0m[[0m[0minfo[0m] [0m[0m[32mRAGPipeline.answer[0m[0m
Test (ubuntu-latest, 21)	Run tests	2026-06-22T17:43:25.9661125Z [0m[[0m[0minfo[0m] [0m[0m[32m- should return a RAGAnswer preserving the original question[0m[0m
Test (ubuntu-latest, 21)	Run tests	2026-06-22T17:43:25.9667622Z [0m[[0m[0minfo[0m] [0m[0m[32m- should return a non-empty answer[0m[0m
Test (ubuntu-latest, 21)	Run tests	2026-06-22T17:43:25.9672748Z [0m[[0m[0minfo[0m] [0m[0m[32m- should populate contexts in the RAGAnswer[0m[0m
Test (ubuntu-latest, 21)	Run tests	2026-06-22T17:43:25.9675415Z [0m[[0m[0minfo[0m] [0m[0m[32m- should return Left when the embedding provider fails[0m[0m
Test (ubuntu-latest, 21)	Run tests	2026-06-22T17:43:25.9677192Z [0m[[0m[0minfo[0m] [0m[0m[32mRAGPipeline.clear[0m[0m
Test (ubuntu-latest, 21)	Run tests	2026-06-22T17:43:25.9681908Z [0m[[0m[0minfo[0m] [0m[0m[32m- should reset the chunk count to zero[0m[0m
Test (ubuntu-latest, 21)	Run tests	2026-06-22T17:43:25.9685955Z [0m[[0m[0minfo[0m] [0m[0m[32m- should reset the document count to zero[0m[0m
Test (ubuntu-latest, 21)	Run tests	2026-06-22T17:43:25.9690714Z [0m[[0m[0minfo[0m] [0m[0m[32m- should empty the vector store[0m[0m
Test (ubuntu-latest, 21)	Run tests	2026-06-22T17:43:25.9693703Z [0m[[0m[0minfo[0m] [0m[0m[32m- should empty the keyword index[0m[0m
Test (ubuntu-latest, 21)	Run tests	2026-06-22T17:43:25.9695711Z [0m[[0m[0minfo[0m] [0m[0m[32m- should return Right[0m[0m
Test (ubuntu-latest, 21)	Run tests	2026-06-22T17:43:25.9697411Z [0m[[0m[0minfo[0m] [0m[0m[32mRAGAnswer[0m[0m
Test (ubuntu-latest, 21)	Run tests	2026-06-22T17:43:25.9698579Z [0m[[0m[0minfo[0m] [0m[0m[32m- should hold all four fields[0m[0m
Test (ubuntu-latest, 21)	Run tests	2026-06-22T17:43:25.9729324Z [0m[[0m[0minfo[0m] [0m[0m[32mLangfuseTracingCacheEventsSpec:[0m[0m
Test (ubuntu-latest, 21)	Run tests	2026-06-22T17:43:25.9741006Z [0m[[0m[0minfo[0m] [0m[0m[32m- LangfuseTracing handles CacheHit event and generates correct JSON[0m[0m
Test (ubuntu-latest, 21)	Run tests	2026-06-22T17:43:25.9751873Z [0m[[0m[0minfo[0m] [0m[0m[32m- LangfuseTracing handles CacheMiss with LowSimilarity reason[0m[0m
Test (ubuntu-latest, 21)	Run tests	2026-06-22T17:43:25.9756111Z [0m[[0m[0minfo[0m] [0m[0m[32m- LangfuseTracing handles CacheMiss with TtlExpired reason[0m[0m
Test (ubuntu-latest, 21)	Run tests	2026-06-22T17:43:25.9760432Z [0m[[0m[0minfo[0m] [0m[0m[32m- LangfuseTracing handles CacheMiss with OptionsMismatch reason[0m[0m
Test (ubuntu-latest, 21)	Run tests	2026-06-22T17:43:25.9776565Z [0m[[0m[0minfo[0m] [0m[0m[32mNotificationSpec:[0m[0m
Test (ubuntu-latest, 21)	Run tests	2026-06-22T17:43:25.9796601Z [0m[[0m[0minfo[0m] [0m[0m[32mMCPServer Notification Support[0m[0m
Test (ubuntu-latest, 21)	Run tests	2026-06-22T17:43:25.9847095Z [0m[[0m[0minfo[0m] [0m[0m[32m- should handle standard requests (with id) normally[0m[0m
Test (ubuntu-latest, 21)	Run tests	2026-06-22T17:43:25.9870812Z [0m[[0m[0minfo[0m] [0m[0m[32m- should handle notifications (without id) and return 200 OK with no body[0m[0m
Test (ubuntu-latest, 21)	Run tests	2026-06-22T17:43:25.9886387Z [0m[[0m[0minfo[0m] [0m[0m[32m- should handle unknown notifications gracefully[0m[0m
Test (ubuntu-latest, 21)	Run tests	2026-06-22T17:43:25.9915027Z [0m[[0m[0minfo[0m] [0m[0m[32mSchemaGuidedExtractorTest:[0m[0m
Test (ubuntu-latest, 21)	Run tests	2026-06-22T17:43:25.9929560Z [0m[[0m[0minfo[0m] [0m[0m[32m- SchemaGuidedExtractor should extract graph with schema-constrained types[0m[0m
Test (ubuntu-latest, 21)	Run tests	2026-06-22T17:43:25.9937426Z [0m[[0m[0minfo[0m] [0m[0m[32m- SchemaGuidedExtractor should handle plain JSON without markdown[0m[0m
Test (ubuntu-latest, 21)	Run tests	2026-06-22T17:43:25.9945908Z 17:43:25.994 [pool-1-thread-1-ScalaTest-running-SchemaGuidedExtractorTest] ERROR o.l.k.extraction.GraphJsonParser$ - Failed to parse graph JSON: not valid json {
Test (ubuntu-latest, 21)	Run tests	2026-06-22T17:43:25.9948733Z [0m[[0m[0minfo[0m] [0m[0m[32m- SchemaGuidedExtractor should fail on invalid JSON[0m[0m
Test (ubuntu-latest, 21)	Run tests	2026-06-22T17:43:25.9968455Z [0m[[0m[0minfo[0m] [0m[0m[32m- SchemaGuidedExtractor should fail on missing nodes field[0m[0m
Test (ubuntu-latest, 21)	Run tests	2026-06-22T17:43:25.9976004Z [0m[[0m[0minfo[0m] [0m[0m[32m- SchemaGuidedExtractor should fail on missing edges field[0m[0m
Test (ubuntu-latest, 21)	Run tests	2026-06-22T17:43:25.9977395Z [0m[[0m[0minfo[0m] [0m[0m[32m- SchemaGuidedExtractor should propagate LLM errors[0m[0m
Test (ubuntu-latest, 21)	Run tests	2026-06-22T17:43:25.9986651Z [0m[[0m[0minfo[0m] [0m[0m[32m- SchemaGuidedExtractor should handle nodes and edges without properties[0m[0m
Test (ubuntu-latest, 21)	Run tests	2026-06-22T17:43:26.0344011Z [0m[[0m[0minfo[0m] [0m[0m[32mLLMConnectEnvReaderRoutingTest:[0m[0m
Test (ubuntu-latest, 21)	Run tests	2026-06-22T17:43:26.0358646Z [0m[[0m[0minfo[0m] [0m[0m[32m- LLMConnect.getClient returns OpenRouterClient when OpenAI baseUrl points to openrouter.ai[0m[0m
Test (ubuntu-latest, 21)	Run tests	2026-06-22T17:43:26.0370394Z [0m[[0m[0minfo[0m] [0m[0m[32m- LLMConnect.getClient returns OllamaClient for Ollama provider[0m[0m
Test (ubuntu-latest, 21)	Run tests	2026-06-22T17:43:26.0385324Z [0m[[0m[0minfo[0m] [0m[0m[32mQueryTransformerSpec:[0m[0m
Test (ubuntu-latest, 21)	Run tests	2026-06-22T17:43:26.0387873Z [0m[[0m[0minfo[0m] [0m[0m[32mQueryTransformer.applyChain[0m[0m
Test (ubuntu-latest, 21)	Run tests	2026-06-22T17:43:26.0390343Z [0m[[0m[0minfo[0m] [0m[0m[32m- should return original query when no transforms[0m[0m
Test (ubuntu-latest, 21)	Run tests	2026-06-22T17:43:26.0392825Z [0m[[0m[0minfo[0m] [0m[0m[32m- should apply a single transform[0m[0m
Test (ubuntu-latest, 21)	Run tests	2026-06-22T17:43:26.0396266Z [0m[[0m[0minfo[0m] [0m[0m[32m- should apply transforms sequentially[0m[0m
Test (ubuntu-latest, 21)	Run tests	2026-06-22T17:43:26.0400338Z [0m[[0m[0minfo[0m] [0m[0m[32m- should short-circuit on first error[0m[0m
Test (ubuntu-latest, 21)	Run tests	2026-06-22T17:43:26.0403156Z [0m[[0m[0minfo[0m] [0m[0m[32m- should chain three transforms correctly[0m[0m
Test (ubuntu-latest, 21)	Run tests	2026-06-22T17:43:26.0415065Z [0m[[0m[0minfo[0m] [0m[0m[32m- should handle empty query string[0m[0m
Test (ubuntu-latest, 21)	Run tests	2026-06-22T17:43:26.0432747Z [0m[[0m[0minfo[0m] [0m[0m[32mPoliciesSpec:[0m[0m
Test (ubuntu-latest, 21)	Run tests	2026-06-22T17:43:26.0434630Z [0m[[0m[0minfo[0m] [0m[0m[32mPolicies.withRetry[0m[0m
Test (ubuntu-latest, 21)	Run tests	2026-06-22T17:43:26.0461385Z 17:43:26.045 [scala-execution-context-global-211] WARN  o.l.agent.orchestration.Policies$ - Agent flaky failed on attempt 1 of 3, retrying: NodeExecutionError: Node execution failed [flaky:flaky]: Temporary failure[component=node-execution,nodeId=flaky,nodeName=flaky,recoverable=true]
Test (ubuntu-latest, 21)	Run tests	2026-06-22T17:43:26.0572213Z 17:43:26.056 [scala-execution-context-global-211] WARN  o.l.agent.orchestration.Policies$ - Agent flaky failed on attempt 2 of 3, retrying: NodeExecutionError: Node execution failed [flaky:flaky]: Temporary failure[component=node-execution,nodeId=flaky,nodeName=flaky,recoverable=true]
Test (ubuntu-latest, 21)	Run tests	2026-06-22T17:43:26.0780801Z [0m[[0m[0minfo[0m] [0m[0m[32m- should retry recoverable failures[0m[0m
Test (ubuntu-latest, 21)	Run tests	2026-06-22T17:43:26.0783311Z [0m[[0m[0minfo[0m] [0m[0m[32mPolicies.withRetry[0m[0m
Test (ubuntu-latest, 21)	Run tests	2026-06-22T17:43:26.0788847Z 17:43:26.078 [scala-execution-context-global-127] ERROR o.l.agent.orchestration.Policies$ - Agent non-recoverable-failure failed with non-recoverable error on attempt 1: PlanValidationError(Plan validation failed: Non-recoverable error,None,List())
Test (ubuntu-latest, 21)	Run tests	2026-06-22T17:43:26.0793832Z [0m[[0m[0minfo[0m] [0m[0m[32m- should not retry non-recoverable failures[0m[0m
Test (ubuntu-latest, 21)	Run tests	2026-06-22T17:43:26.0795176Z [0m[[0m[0minfo[0m] [0m[0m[32mPolicies.withRetry[0m[0m
Test (ubuntu-latest, 21)	Run tests	2026-06-22T17:43:26.0799450Z [0m[[0m[0minfo[0m] [0m[0m[32m- should succeed immediately if first attempt succeeds[0m[0m
Test (ubuntu-latest, 21)	Run tests	2026-06-22T17:43:26.0800898Z [0m[[0m[0minfo[0m] [0m[0m[32mPolicies.withTimeout[0m[0m
Test (ubuntu-latest, 21)	Run tests	2026-06-22T17:43:26.1809229Z 17:43:26.180 [scala-execution-context-global-207] WARN  o.l.agent.orchestration.Policies$ - Agent slow timed out after 100 milliseconds
Test (ubuntu-latest, 21)	Run tests	2026-06-22T17:43:26.1813906Z [0m[[0m[0minfo[0m] [0m[0m[32m- should timeout slow operations[0m[0m
Test (ubuntu-latest, 21)	Run tests	2026-06-22T17:43:26.1816512Z [0m[[0m[0minfo[0m] [0m[0m[32mPolicies.withTimeout[0m[0m
Test (ubuntu-latest, 21)	Run tests	2026-06-22T17:43:26.1925759Z [0m[[0m[0minfo[0m] [0m[0m[32m- should succeed for fast operations[0m[0m
Test (ubuntu-latest, 21)	Run tests	2026-06-22T17:43:26.1928159Z [0m[[0m[0minfo[0m] [0m[0m[32mPolicies.withFallback[0m[0m
Test (ubuntu-latest, 21)	Run tests	2026-06-22T17:43:26.1939670Z 17:43:26.193 [scala-execution-context-global-127] WARN  o.l.agent.orchestration.Policies$ - Primary agent recoverable-failure failed, trying fallback fallback: NodeExecutionError(Node execution failed [test:recoverable]: Recoverable error,test,recoverable,None,true)
Test (ubuntu-latest, 21)	Run tests	2026-06-22T17:43:26.1945996Z [0m[[0m[0minfo[0m] [0m[0m[32m- should use fallback when primary fails[0m[0m
Test (ubuntu-latest, 21)	Run tests	2026-06-22T17:43:26.1947399Z [0m[[0m[0minfo[0m] [0m[0m[32mPolicies.withFallback[0m[0m
Test (ubuntu-latest, 21)	Run tests	2026-06-22T17:43:26.1950649Z [0m[[0m[0minfo[0m] [0m[0m[32m- should use primary when it succeeds[0m[0m
Test (ubuntu-latest, 21)	Run tests	2026-06-22T17:43:26.1951877Z [0m[[0m[0minfo[0m] [0m[0m[32mPolicies.withFallback[0m[0m
Test (ubuntu-latest, 21)	Run tests	2026-06-22T17:43:26.1957490Z 17:43:26.195 [scala-execution-context-global-212] WARN  o.l.agent.orchestration.Policies$ - Primary agent primary failed, trying fallback fallback: NodeExecutionError(Node execution failed [primary:primary]: Primary failure,primary,primary,None,true)
Test (ubuntu-latest, 21)	Run tests	2026-06-22T17:43:26.1960753Z 17:43:26.195 [scala-execution-context-global-212] ERROR o.l.agent.orchestration.Policies$ - Both primary primary and fallback fallback agents failed. Primary: NodeExecutionError(Node execution failed [primary:primary]: Primary failure,primary,primary,None,true), Fallback: NodeExecutionError(Node execution failed [fallback:fallback]: Fallback failure,fallback,fallback,None,true)
Test (ubuntu-latest, 21)	Run tests	2026-06-22T17:43:26.1964232Z [0m[[0m[0minfo[0m] [0m[0m[32m- should return primary error when both fail[0m[0m
Test (ubuntu-latest, 21)	Run tests	2026-06-22T17:43:26.1965745Z [0m[[0m[0minfo[0m] [0m[0m[32mPolicies.withPolicies[0m[0m
Test (ubuntu-latest, 21)	Run tests	2026-06-22T17:43:26.1976638Z 17:43:26.197 [scala-execution-context-global-212] WARN  o.l.agent.orchestration.Policies$ - Agent policy-test-timeout failed on attempt 1 of 3, retrying: NodeExecutionError: Node execution failed [test:test]: Temporary failure[component=node-execution,nodeId=test,nodeName=test,recoverable=true]
Test (ubuntu-latest, 21)	Run tests	2026-06-22T17:43:26.2080572Z 17:43:26.207 [scala-execution-context-global-212] WARN  o.l.agent.orchestration.Policies$ - Agent policy-test-timeout failed on attempt 2 of 3, retrying: NodeExecutionError: Node execution failed [test:test]: Temporary failure[component=node-execution,nodeId=test,nodeName=test,recoverable=true]
Test (ubuntu-latest, 21)	Run tests	2026-06-22T17:43:26.2291173Z [0m[[0m[0minfo[0m] [0m[0m[32m- should combine multiple policies correctly[0m[0m
Test (ubuntu-latest, 21)	Run tests	2026-06-22T17:43:26.2292775Z [0m[[0m[0minfo[0m] [0m[0m[32mPolicies.withPolicies[0m[0m
Test (ubuntu-latest, 21)	Run tests	2026-06-22T17:43:26.2300235Z 17:43:26.229 [scala-execution-context-global-207] WARN  o.l.agent.orchestration.Policies$ - Agent always-failing failed on attempt 1 of 2, retrying: NodeExecutionError: Node execution failed [failing:failing]: Always fails[component=node-execution,nodeId=failing,nodeName=failing,recoverable=true]
Test (ubuntu-latest, 21)	Run tests	2026-06-22T17:43:26.2310901Z 17:43:26.230 [scala-execution-context-global-127] ERROR o.l.agent.orchestration.Policies$ - Agent always-failing exhausted all 2 attempts, final error: NodeExecutionError(Node execution failed [failing:failing]: Always fails,failing,failing,None,true)
Test (ubuntu-latest, 21)	Run tests	2026-06-22T17:43:26.2316308Z 17:43:26.230 [scala-execution-context-global-127] WARN  o.l.agent.orchestration.Policies$ - Primary agent always-failing-retry failed, trying fallback fallback: NodeExecutionError(Node execution failed [failing:failing]: Always fails,failing,failing,None,true)
Test (ubuntu-latest, 21)	Run tests	2026-06-22T17:43:26.2319820Z [0m[[0m[0minfo[0m] [0m[0m[32m- should use fallback when retries are exhausted[0m[0m
Test (ubuntu-latest, 21)	Run tests	2026-06-22T17:43:26.2321434Z [0m[[0m[0minfo[0m] [0m[0m[32mPolicy composition[0m[0m
Test (ubuntu-latest, 21)	Run tests	2026-06-22T17:43:26.2821535Z 17:43:26.281 [scala-execution-context-global-212] WARN  o.l.agent.orchestration.Policies$ - Agent slow-then-success timed out after 50 milliseconds
Test (ubuntu-latest, 21)	Run tests	2026-06-22T17:43:26.2828633Z 17:43:26.281 [scala-execution-context-global-212] ERROR o.l.agent.orchestration.Policies$ - Agent slow-then-success-timeout failed with non-recoverable error on attempt 1: AgentTimeoutError(Agent 'slow-then-success' timed out after 50ms,slow-then-success,50)
Test (ubuntu-latest, 21)	Run tests	2026-06-22T17:43:26.2842873Z 17:43:26.282 [scala-execution-context-global-212] WARN  o.l.agent.orchestration.Policies$ - Primary agent slow-then-success-timeout-retry failed, trying fallback fallback: AgentTimeoutError(Agent 'slow-then-success' timed out after 50ms,slow-then-success,50)
Test (ubuntu-latest, 21)	Run tests	2026-06-22T17:43:26.2847083Z [0m[[0m[0minfo[0m] [0m[0m[32m- should have correct ordering (timeout -> retry -> fallback)[0m[0m
Test (ubuntu-latest, 21)	Run tests	2026-06-22T17:43:26.2866766Z [0m[[0m[0minfo[0m] [0m[0m[32mFaithfulnessSpec:[0m[0m
Test (ubuntu-latest, 21)	Run tests	2026-06-22T17:43:26.2872308Z [0m[[0m[0minfo[0m] [0m[0m[32mFaithfulness[0m[0m
Test (ubuntu-latest, 21)	Run tests	2026-06-22T17:43:26.2873460Z [0m[[0m[0minfo[0m] [0m[0m[32m- should have correct metadata[0m[0m
Test (ubuntu-latest, 21)	Run tests	2026-06-22T17:43:26.2875998Z [0m[[0m[0minfo[0m] [0m[0m[32m- should return score 1.0 when all claims are supported[0m[0m
Test (ubuntu-latest, 21)	Run tests	2026-06-22T17:43:26.2880068Z [0m[[0m[0minfo[0m] [0m[0m[32m- should return score 0.5 when half claims are supported[0m[0m
Test (ubuntu-latest, 21)	Run tests	2026-06-22T17:43:26.2883021Z [0m[[0m[0minfo[0m] [0m[0m[32m- should return score 0.0 when no claims are supported[0m[0m
Test (ubuntu-latest, 21)	Run tests	2026-06-22T17:43:26.2886113Z [0m[[0m[0minfo[0m] [0m[0m[32m- should return score 1.0 for empty answer (no claims to verify)[0m[0m
Test (ubuntu-latest, 21)	Run tests	2026-06-22T17:43:26.2889640Z [0m[[0m[0minfo[0m] [0m[0m[32m- should return score 0.0 when no contexts provided[0m[0m
Test (ubuntu-latest, 21)	Run tests	2026-06-22T17:43:26.2890985Z [0m[[0m[0minfo[0m] [0m[0m[32m- should return score 1.0 when no claims extracted[0m[0m
Test (ubuntu-latest, 21)	Run tests	2026-06-22T17:43:26.2895044Z [0m[[0m[0minfo[0m] [0m[0m[32m- should handle JSON response wrapped in markdown code blocks[0m[0m
Test (ubuntu-latest, 21)	Run tests	2026-06-22T17:43:26.2901138Z [0m[[0m[0minfo[0m] [0m[0m[32m- should reject invalid batch size[0m[0m
Test (ubuntu-latest, 21)	Run tests	2026-06-22T17:43:26.2905109Z [0m[[0m[0minfo[0m] [0m[0m[32m- should include details about claims in result[0m[0m
Test (ubuntu-latest, 21)	Run tests	2026-06-22T17:43:26.2908152Z [0m[[0m[0minfo[0m] [0m[0m[32m- should propagate LLM client errors[0m[0m
Test (ubuntu-latest, 21)	Run tests	2026-06-22T17:43:26.2910664Z [0m[[0m[0minfo[0m] [0m[0m[32m- should return error on malformed JSON response[0m[0m
Test (ubuntu-latest, 21)	Run tests	2026-06-22T17:43:26.2913029Z [0m[[0m[0minfo[0m] [0m[0m[32m- should treat whitespace-only contexts as empty[0m[0m
Test (ubuntu-latest, 21)	Run tests	2026-06-22T17:43:26.2937709Z [0m[[0m[0minfo[0m] [0m[0m[32mRetryPolicyEdgeCasesSpec:[0m[0m
Test (ubuntu-latest, 21)	Run tests	2026-06-22T17:43:26.2939726Z [0m[[0m[0minfo[0m] [0m[0m[32mlinearBackoff[0m[0m
Test (ubuntu-latest, 21)	Run tests	2026-06-22T17:43:26.2948054Z [0m[[0m[0minfo[0m] [0m[0m[32m- should use server-provided Retry-After when available[0m[0m
Test (ubuntu-latest, 21)	Run tests	2026-06-22T17:43:26.2949277Z [0m[[0m[0minfo[0m] [0m[0m[32m- should use linear calculation when no server delay[0m[0m
Test (ubuntu-latest, 21)	Run tests	2026-06-22T17:43:26.2950220Z [0m[[0m[0minfo[0m] [0m[0m[32mfixedDelay[0m[0m
Test (ubuntu-latest, 21)	Run tests	2026-06-22T17:43:26.2957620Z [0m[[0m[0minfo[0m] [0m[0m[32m- should use server-provided Retry-After when available[0m[0m
Test (ubuntu-latest, 21)	Run tests	2026-06-22T17:43:26.2961904Z [0m[[0m[0minfo[0m] [0m[0m[32m- should use fixed delay when no server delay[0m[0m
Test (ubuntu-latest, 21)	Run tests	2026-06-22T17:43:26.2963122Z [0m[[0m[0minfo[0m] [0m[0m[32mnoRetry[0m[0m
Test (ubuntu-latest, 21)	Run tests	2026-06-22T17:43:26.2964277Z [0m[[0m[0minfo[0m] [0m[0m[32m- should return Duration.Zero for delayFor[0m[0m
Test (ubuntu-latest, 21)	Run tests	2026-06-22T17:43:26.2966404Z [0m[[0m[0minfo[0m] [0m[0m[32m- should report nothing as retryable[0m[0m
Test (ubuntu-latest, 21)	Run tests	2026-06-22T17:43:26.2968054Z [0m[[0m[0minfo[0m] [0m[0m[32mexponentialBackoff[0m[0m
Test (ubuntu-latest, 21)	Run tests	2026-06-22T17:43:26.2969499Z [0m[[0m[0minfo[0m] [0m[0m[32m- should use exponential calculation for RateLimitError without server delay[0m[0m
Test (ubuntu-latest, 21)	Run tests	2026-06-22T17:43:26.2970802Z [0m[[0m[0minfo[0m] [0m[0m[32mcustom[0m[0m
Test (ubuntu-latest, 21)	Run tests	2026-06-22T17:43:26.2973617Z [0m[[0m[0minfo[0m] [0m[0m[32m- should use custom retryable function[0m[0m
Test (ubuntu-latest, 21)	Run tests	2026-06-22T17:43:26.2977230Z [0m[[0m[0minfo[0m] [0m[0m[32m- should use custom delay function[0m[0m
Test (ubuntu-latest, 21)	Run tests	2026-06-22T17:43:26.2978635Z [0m[[0m[0minfo[0m] [0m[0m[32misRetryable[0m[0m
Test (ubuntu-latest, 21)	Run tests	2026-06-22T17:43:26.2979582Z [0m[[0m[0minfo[0m] [0m[0m[32m- should return false for ProcessingError[0m[0m
Test (ubuntu-latest, 21)	Run tests	2026-06-22T17:43:26.2980668Z [0m[[0m[0minfo[0m] [0m[0m[32m- should return false for ExecutionError[0m[0m
Test (ubuntu-latest, 21)	Run tests	2026-06-22T17:43:26.3020956Z [0m[[0m[0minfo[0m] [0m[0m[32mVectorStoreSpec:[0m[0m
Test (ubuntu-latest, 21)	Run tests	2026-06-22T17:43:26.3021799Z [0m[[0m[0minfo[0m] [0m[0m[32mVectorStore[0m[0m
Test (ubuntu-latest, 21)	Run tests	2026-06-22T17:43:26.3045043Z [0m[[0m[0minfo[0m] [0m[0m[32m- should store and retrieve a single record[0m[0m
Test (ubuntu-latest, 21)	Run tests	2026-06-22T17:43:26.3054018Z [0m[[0m[0minfo[0m] [0m[0m[32m- should return None for non-existent record[0m[0m
Test (ubuntu-latest, 21)	Run tests	2026-06-22T17:43:26.3067918Z [0m[[0m[0minfo[0m] [0m[0m[32m- should upsert (replace) existing record[0m[0m
Test (ubuntu-latest, 21)	Run tests	2026-06-22T17:43:26.3088676Z [0m[[0m[0minfo[0m] [0m[0m[32m- should store multiple records in batch[0m[0m
Test (ubuntu-latest, 21)	Run tests	2026-06-22T17:43:26.3103966Z [0m[[0m[0minfo[0m] [0m[0m[32m- should delete a record[0m[0m
Test (ubuntu-latest, 21)	Run tests	2026-06-22T17:43:26.3127644Z [0m[[0m[0minfo[0m] [0m[0m[32m- should delete multiple records in batch[0m[0m
Test (ubuntu-latest, 21)	Run tests	2026-06-22T17:43:26.3216644Z [0m[[0m[0minfo[0m] [0m[0m[32m- should clear all records[0m[0m
Test (ubuntu-latest, 21)	Run tests	2026-06-22T17:43:26.3217614Z [0m[[0m[0minfo[0m] [0m[0m[32m- should search by vector similarity[0m[0m
Test (ubuntu-latest, 21)	Run tests	2026-06-22T17:43:26.3218424Z [0m[[0m[0minfo[0m] [0m[0m[32m- should filter records by metadata[0m[0m
Test (ubuntu-latest, 21)	Run tests	2026-06-22T17:43:26.3250047Z [0m[[0m[0minfo[0m] [0m[0m[32m- should combine filters with AND/OR[0m[0m
Test (ubuntu-latest, 21)	Run tests	2026-06-22T17:43:26.3266200Z [0m[[0m[0minfo[0m] [0m[0m[32m- should return correct statistics[0m[0m
Test (ubuntu-latest, 21)	Run tests	2026-06-22T17:43:26.3289699Z [0m[[0m[0minfo[0m] [0m[0m[32m- should paginate results with list[0m[0m
Test (ubuntu-latest, 21)	Run tests	2026-06-22T17:43:26.3306273Z [0m[[0m[0minfo[0m] [0m[0m[32m- should search with metadata filter[0m[0m
Test (ubuntu-latest, 21)	Run tests	2026-06-22T17:43:26.3332304Z [0m[[0m[0minfo[0m] [0m[0m[32m- should fail-fast on dimension mismatch during search[0m[0m
Test (ubuntu-latest, 21)	Run tests	2026-06-22T17:43:26.3337193Z [0m[[0m[0minfo[0m] [0m[0m[32m- should return empty sequence when searching an empty store[0m[0m
Test (ubuntu-latest, 21)	Run tests	2026-06-22T17:43:26.3348622Z [0m[[0m[0minfo[0m] [0m[0m[32m- should successfully search with matching dimensions[0m[0m
Test (ubuntu-latest, 21)	Run tests	2026-06-22T17:43:26.3349704Z [0m[[0m[0minfo[0m] [0m[0m[32mVectorStoreFactory[0m[0m
Test (ubuntu-latest, 21)	Run tests	2026-06-22T17:43:26.3365054Z [0m[[0m[0minfo[0m] [0m[0m[32m- should create in-memory SQLite store[0m[0m
Test (ubuntu-latest, 21)	Run tests	2026-06-22T17:43:26.3387552Z [0m[[0m[0minfo[0m] [0m[0m[32m- should create store from config[0m[0m
Test (ubuntu-latest, 21)	Run tests	2026-06-22T17:43:26.3405845Z [0m[[0m[0minfo[0m] [0m[0m[32m- should create store from provider name[0m[0m
Test (ubuntu-latest, 21)	Run tests	2026-06-22T17:43:26.3417166Z [0m[[0m[0minfo[0m] [0m[0m[32m- should reject unknown provider[0m[0m
Test (ubuntu-latest, 21)	Run tests	2026-06-22T17:43:26.3418530Z [0m[[0m[0minfo[0m] [0m[0m[32mVectorRecord[0m[0m
Test (ubuntu-latest, 21)	Run tests	2026-06-22T17:43:26.3426157Z [0m[[0m[0minfo[0m] [0m[0m[32m- should create with auto-generated ID[0m[0m
Test (ubuntu-latest, 21)	Run tests	2026-06-22T17:43:26.3435645Z [0m[[0m[0minfo[0m] [0m[0m[32m- should support metadata operations[0m[0m
Test (ubuntu-latest, 21)	Run tests	2026-06-22T17:43:26.3436987Z [0m[[0m[0minfo[0m] [0m[0m[32mMetadataFilter[0m[0m
Test (ubuntu-latest, 21)	Run tests	2026-06-22T17:43:26.3448907Z [0m[[0m[0minfo[0m] [0m[0m[32m- should support DSL syntax[0m[0m
Test (ubuntu-latest, 21)	Run tests	2026-06-22T17:43:26.3495021Z [0m[[0m[0minfo[0m] [0m[0m[32mCollectionSpec:[0m[0m
Test (ubuntu-latest, 21)	Run tests	2026-06-22T17:43:26.3497841Z [0m[[0m[0minfo[0m] [0m[0m[32mCollection[0m[0m
Test (ubuntu-latest, 21)	Run tests	2026-06-22T17:43:26.3498967Z [0m[[0m[0minfo[0m] [0m[0m[32m- should identify public collections[0m[0m
Test (ubuntu-latest, 21)	Run tests	2026-06-22T17:43:26.3502841Z [0m[[0m[0minfo[0m] [0m[0m[32m- should identify restricted collections[0m[0m
Test (ubuntu-latest, 21)	Run tests	2026-06-22T17:43:26.3506300Z [0m[[0m[0minfo[0m] [0m[0m[32m- should identify root collections[0m[0m
Test (ubuntu-latest, 21)	Run tests	2026-06-22T17:43:26.3509877Z [0m[[0m[0minfo[0m] [0m[0m[32m- should identify non-root collections[0m[0m
Test (ubuntu-latest, 21)	Run tests	2026-06-22T17:43:26.3512935Z [0m[[0m[0minfo[0m] [0m[0m[32m- should return the collection name[0m[0m
Test (ubuntu-latest, 21)	Run tests	2026-06-22T17:43:26.3515215Z [0m[[0m[0minfo[0m] [0m[0m[32m- should return the collection depth[0m[0m
Test (ubuntu-latest, 21)	Run tests	2026-06-22T17:43:26.3518532Z [0m[[0m[0minfo[0m] [0m[0m[32m- should allow query for public collection by anyone[0m[0m
Test (ubuntu-latest, 21)	Run tests	2026-06-22T17:43:26.3521536Z [0m[[0m[0minfo[0m] [0m[0m[32m- should allow query for restricted collection by authorized user[0m[0m
Test (ubuntu-latest, 21)	Run tests	2026-06-22T17:43:26.3525052Z [0m[[0m[0minfo[0m] [0m[0m[32m- should deny query for restricted collection by unauthorized user[0m[0m
Test (ubuntu-latest, 21)	Run tests	2026-06-22T17:43:26.3529657Z [0m[[0m[0minfo[0m] [0m[0m[32m- should allow query for restricted collection by admin[0m[0m
Test (ubuntu-latest, 21)	Run tests	2026-06-22T17:43:26.3532696Z [0m[[0m[0minfo[0m] [0m[0m[32m- should deny query for restricted collection by anonymous[0m[0m
Test (ubuntu-latest, 21)	Run tests	2026-06-22T17:43:26.3537811Z [0m[[0m[0minfo[0m] [0m[0m[32m- should allow query when user has matching group[0m[0m
Test (ubuntu-latest, 21)	Run tests	2026-06-22T17:43:26.3539092Z [0m[[0m[0minfo[0m] [0m[0m[32m- should support metadata[0m[0m
Test (ubuntu-latest, 21)	Run tests	2026-06-22T17:43:26.3540441Z [0m[[0m[0minfo[0m] [0m[0m[32mCollectionConfig[0m[0m
Test (ubuntu-latest, 21)	Run tests	2026-06-22T17:43:26.3541490Z [0m[[0m[0minfo[0m] [0m[0m[32m- should create public leaf by default[0m[0m
Test (ubuntu-latest, 21)	Run tests	2026-06-22T17:43:26.3542637Z [0m[[0m[0minfo[0m] [0m[0m[32m- should compute parentPath from path[0m[0m
Test (ubuntu-latest, 21)	Run tests	2026-06-22T17:43:26.3543898Z [0m[[0m[0minfo[0m] [0m[0m[32m- should accumulate principals with withQueryableBy[0m[0m
Test (ubuntu-latest, 21)	Run tests	2026-06-22T17:43:26.3545524Z [0m[[0m[0minfo[0m] [0m[0m[32m- should add multiple principals at once[0m[0m
Test (ubuntu-latest, 21)	Run tests	2026-06-22T17:43:26.3546812Z [0m[[0m[0minfo[0m] [0m[0m[32m- should toggle leaf/parent[0m[0m
Test (ubuntu-latest, 21)	Run tests	2026-06-22T17:43:26.3548013Z [0m[[0m[0minfo[0m] [0m[0m[32m- should accumulate metadata[0m[0m
Test (ubuntu-latest, 21)	Run tests	2026-06-22T17:43:26.3549365Z [0m[[0m[0minfo[0m] [0m[0m[32m- should add multiple metadata entries at once[0m[0m
Test (ubuntu-latest, 21)	Run tests	2026-06-22T17:43:26.3551077Z [0m[[0m[0minfo[0m] [0m[0m[32m- should override existing metadata key[0m[0m
Test (ubuntu-latest, 21)	Run tests	2026-06-22T17:43:26.3552380Z [0m[[0m[0minfo[0m] [0m[0m[32mCollectionConfig.publicLeaf[0m[0m
Test (ubuntu-latest, 21)	Run tests	2026-06-22T17:43:26.3553661Z [0m[[0m[0minfo[0m] [0m[0m[32m- should create a public leaf config[0m[0m
Test (ubuntu-latest, 21)	Run tests	2026-06-22T17:43:26.3555234Z [0m[[0m[0minfo[0m] [0m[0m[32mCollectionConfig.restrictedLeaf[0m[0m
Test (ubuntu-latest, 21)	Run tests	2026-06-22T17:43:26.3556612Z [0m[[0m[0minfo[0m] [0m[0m[32m- should create a restricted leaf config[0m[0m
Test (ubuntu-latest, 21)	Run tests	2026-06-22T17:43:26.3557947Z [0m[[0m[0minfo[0m] [0m[0m[32mCollectionConfig.publicParent[0m[0m
Test (ubuntu-latest, 21)	Run tests	2026-06-22T17:43:26.3559451Z [0m[[0m[0minfo[0m] [0m[0m[32m- should create a public parent config[0m[0m
Test (ubuntu-latest, 21)	Run tests	2026-06-22T17:43:26.3560765Z [0m[[0m[0minfo[0m] [0m[0m[32mCollectionConfig.restrictedParent[0m[0m
Test (ubuntu-latest, 21)	Run tests	2026-06-22T17:43:26.3562098Z [0m[[0m[0minfo[0m] [0m[0m[32m- should create a restricted parent config[0m[0m
Test (ubuntu-latest, 21)	Run tests	2026-06-22T17:43:26.3610294Z [0m[[0m[0minfo[0m] [0m[0m[32mConversationConvenienceMethodsSpec:[0m[0m
Test (ubuntu-latest, 21)	Run tests	2026-06-22T17:43:26.3611166Z [0m[[0m[0minfo[0m] [0m[0m[32mConversation.fromPrompts[0m[0m
Test (ubuntu-latest, 21)	Run tests	2026-06-22T17:43:26.3625990Z [0m[[0m[0minfo[0m] [0m[0m[32m- should create a valid conversation with system and user messages[0m[0m
Test (ubuntu-latest, 21)	Run tests	2026-06-22T17:43:26.3627391Z [0m[[0m[0minfo[0m] [0m[0m[32m- should validate message content is not empty[0m[0m
Test (ubuntu-latest, 21)	Run tests	2026-06-22T17:43:26.3628493Z [0m[[0m[0minfo[0m] [0m[0m[32m- should fail when user prompt is empty[0m[0m
Test (ubuntu-latest, 21)	Run tests	2026-06-22T17:43:26.3629579Z [0m[[0m[0minfo[0m] [0m[0m[32m- should fail when both prompts are empty[0m[0m
Test (ubuntu-latest, 21)	Run tests	2026-06-22T17:43:26.3646056Z [0m[[0m[0minfo[0m] [0m[0m[32m- should trim whitespace and fail on whitespace-only prompts[0m[0m
Test (ubuntu-latest, 21)	Run tests	2026-06-22T17:43:26.3647586Z [0m[[0m[0minfo[0m] [0m[0m[32m- should preserve leading/trailing whitespace in valid prompts[0m[0m
Test (ubuntu-latest, 21)	Run tests	2026-06-22T17:43:26.3648754Z [0m[[0m[0minfo[0m] [0m[0m[32mConversation.userOnly[0m[0m
Test (ubuntu-latest, 21)	Run tests	2026-06-22T17:43:26.3649928Z [0m[[0m[0minfo[0m] [0m[0m[32m- should create a valid conversation with single user message[0m[0m
Test (ubuntu-latest, 21)	Run tests	2026-06-22T17:43:26.3651129Z [0m[[0m[0minfo[0m] [0m[0m[32m- should fail when prompt is empty[0m[0m
Test (ubuntu-latest, 21)	Run tests	2026-06-22T17:43:26.3652169Z [0m[[0m[0minfo[0m] [0m[0m[32m- should fail when prompt is whitespace-only[0m[0m
Test (ubuntu-latest, 21)	Run tests	2026-06-22T17:43:26.3669443Z [0m[[0m[0minfo[0m] [0m[0m[32m- should preserve leading/trailing whitespace in valid prompts[0m[0m
Test (ubuntu-latest, 21)	Run tests	2026-06-22T17:43:26.3673366Z [0m[[0m[0minfo[0m] [0m[0m[32mConversation.systemOnly[0m[0m
Test (ubuntu-latest, 21)	Run tests	2026-06-22T17:43:26.3679253Z [0m[[0m[0minfo[0m] [0m[0m[32m- should create a valid conversation with single system message[0m[0m
Test (ubuntu-latest, 21)	Run tests	2026-06-22T17:43:26.3681865Z [0m[[0m[0minfo[0m] [0m[0m[32m- should fail when prompt is empty[0m[0m
Test (ubuntu-latest, 21)	Run tests	2026-06-22T17:43:26.3683189Z [0m[[0m[0minfo[0m] [0m[0m[32m- should fail when prompt is whitespace-only[0m[0m
Test (ubuntu-latest, 21)	Run tests	2026-06-22T17:43:26.3686753Z [0m[[0m[0minfo[0m] [0m[0m[32m- should preserve leading/trailing whitespace in valid prompts[0m[0m
Test (ubuntu-latest, 21)	Run tests	2026-06-22T17:43:26.3689154Z [0m[[0m[0minfo[0m] [0m[0m[32mConversation.lastMessage[0m[0m
Test (ubuntu-latest, 21)	Run tests	2026-06-22T17:43:26.3691365Z [0m[[0m[0minfo[0m] [0m[0m[32m- should return the last message in a conversation[0m[0m
Test (ubuntu-latest, 21)	Run tests	2026-06-22T17:43:26.3692653Z [0m[[0m[0minfo[0m] [0m[0m[32m- should return None for an empty conversation[0m[0m
Test (ubuntu-latest, 21)	Run tests	2026-06-22T17:43:26.3694989Z [0m[[0m[0minfo[0m] [0m[0m[32m- should return the only message in a single-message conversation[0m[0m
Test (ubuntu-latest, 21)	Run tests	2026-06-22T17:43:26.3696524Z [0m[[0m[0minfo[0m] [0m[0m[32mConversation.messageCount[0m[0m
Test (ubuntu-latest, 21)	Run tests	2026-06-22T17:43:26.3697906Z [0m[[0m[0minfo[0m] [0m[0m[32m- should return correct count for multi-message conversation[0m[0m
Test (ubuntu-latest, 21)	Run tests	2026-06-22T17:43:26.3699437Z [0m[[0m[0minfo[0m] [0m[0m[32m- should return 0 for empty conversation[0m[0m
Test (ubuntu-latest, 21)	Run tests	2026-06-22T17:43:26.3704480Z [0m[[0m[0minfo[0m] [0m[0m[32m- should return 1 for single-message conversation[0m[0m
Test (ubuntu-latest, 21)	Run tests	2026-06-22T17:43:26.3721995Z [0m[[0m[0minfo[0m] [0m[0m[32mConversation.filterByRole[0m[0m
Test (ubuntu-latest, 21)	Run tests	2026-06-22T17:43:26.3722692Z [0m[[0m[0minfo[0m] [0m[0m[32m- should filter user messages[0m[0m
Test (ubuntu-latest, 21)	Run tests	2026-06-22T17:43:26.3723383Z [0m[[0m[0minfo[0m] [0m[0m[32m- should filter system messages[0m[0m
Test (ubuntu-latest, 21)	Run tests	2026-06-22T17:43:26.3724055Z [0m[[0m[0minfo[0m] [0m[0m[32m- should filter assistant messages[0m[0m
Test (ubuntu-latest, 21)	Run tests	2026-06-22T17:43:26.3725413Z [0m[[0m[0minfo[0m] [0m[0m[32m- should return empty sequence when no messages match role[0m[0m
Test (ubuntu-latest, 21)	Run tests	2026-06-22T17:43:26.3727568Z [0m[[0m[0minfo[0m] [0m[0m[32m- should return empty sequence for empty conversation[0m[0m
Test (ubuntu-latest, 21)	Run tests	2026-06-22T17:43:26.3730021Z [0m[[0m[0minfo[0m] [0m[0m[32mConvenience methods[0m[0m
Test (ubuntu-latest, 21)	Run tests	2026-06-22T17:43:26.3732767Z [0m[[0m[0minfo[0m] [0m[0m[32m- should work together for common workflow[0m[0m
Test (ubuntu-latest, 21)	Run tests	2026-06-22T17:43:26.3736168Z [0m[[0m[0minfo[0m] [0m[0m[32m- should chain operations functionally[0m[0m
Test (ubuntu-latest, 21)	Run tests	2026-06-22T17:43:26.3738547Z [0m[[0m[0minfo[0m] [0m[0m[32mMemoryManagerConfigBinaryCompatSpec:[0m[0m
Test (ubuntu-latest, 21)	Run tests	2026-06-22T17:43:26.3739774Z [0m[[0m[0minfo[0m] [0m[0m[32mMemoryManagerConfig auxiliary constructor[0m[0m
Test (ubuntu-latest, 21)	Run tests	2026-06-22T17:43:26.3741013Z [0m[[0m[0minfo[0m] [0m[0m[32m- should support old 5-parameter signature[0m[0m
Test (ubuntu-latest, 21)	Run tests	2026-06-22T17:43:26.3742380Z [0m[[0m[0minfo[0m] [0m[0m[32mMemoryManagerConfig companion apply[0m[0m
Test (ubuntu-latest, 21)	Run tests	2026-06-22T17:43:26.3745080Z [0m[[0m[0minfo[0m] [0m[0m[32m- should support old 5-parameter signature[0m[0m
Test (ubuntu-latest, 21)	Run tests	2026-06-22T17:43:26.3761116Z [0m[[0m[0minfo[0m] [0m[0m[32m- should use default ConsolidationConfig when not specified[0m[0m
Test (ubuntu-latest, 21)	Run tests	2026-06-22T17:43:26.3763026Z [0m[[0m[0minfo[0m] [0m[0m[32m- should support new 6-parameter signature with custom ConsolidationConfig[0m[0m
Test (ubuntu-latest, 21)	Run tests	2026-06-22T17:43:26.3764644Z [0m[[0m[0minfo[0m] [0m[0m[32mMemoryManagerConfig copy method[0m[0m
Test (ubuntu-latest, 21)	Run tests	2026-06-22T17:43:26.3766313Z [0m[[0m[0minfo[0m] [0m[0m[32m- should support 5-parameter signature[0m[0m
Test (ubuntu-latest, 21)	Run tests	2026-06-22T17:43:26.3767858Z [0m[[0m[0minfo[0m] [0m[0m[32m- should support 6-parameter signature with custom ConsolidationConfig[0m[0m
Test (ubuntu-latest, 21)	Run tests	2026-06-22T17:43:26.3769487Z [0m[[0m[0minfo[0m] [0m[0m[32mMemoryManagerConfig equals and hashCode[0m[0m
Test (ubuntu-latest, 21)	Run tests	2026-06-22T17:43:26.3770713Z [0m[[0m[0minfo[0m] [0m[0m[32m- should work correctly[0m[0m
Test (ubuntu-latest, 21)	Run tests	2026-06-22T17:43:26.3771611Z [0m[[0m[0minfo[0m] [0m[0m[32mConsolidationConfig[0m[0m
Test (ubuntu-latest, 21)	Run tests	2026-06-22T17:43:26.3772316Z [0m[[0m[0minfo[0m] [0m[0m[32m- should provide default and strict presets[0m[0m
Test (ubuntu-latest, 21)	Run tests	2026-06-22T17:43:26.3773102Z [0m[[0m[0minfo[0m] [0m[0m[32mMemoryManagerConfig.default[0m[0m
Test (ubuntu-latest, 21)	Run tests	2026-06-22T17:43:26.3773904Z [0m[[0m[0minfo[0m] [0m[0m[32m- should have sensible defaults including ConsolidationConfig[0m[0m
Test (ubuntu-latest, 21)	Run tests	2026-06-22T17:43:26.3795351Z [0m[[0m[0minfo[0m] [0m[0m[32mWhisperSpeechToTextImplementationSpec:[0m[0m
Test (ubuntu-latest, 21)	Run tests	2026-06-22T17:43:26.3797677Z [0m[[0m[0minfo[0m] [0m[0m[32mWhisperSpeechToText.transcribe[0m[0m
Test (ubuntu-latest, 21)	Run tests	2026-06-22T17:43:26.3824547Z [0m[[0m[0minfo[0m] [0m[0m[32m- should handle BytesAudio gracefully (creates temp WAV)[0m[0m
Test (ubuntu-latest, 21)	Run tests	2026-06-22T17:43:26.3827816Z [0m[[0m[0minfo[0m] [0m[0m[32m- should have non-null name and supportedFormats[0m[0m
Test (ubuntu-latest, 21)	Run tests	2026-06-22T17:43:26.3829227Z [0m[[0m[0minfo[0m] [0m[0m[32msupportedFormats field[0m[0m
Test (ubuntu-latest, 21)	Run tests	2026-06-22T17:43:26.3831083Z [0m[[0m[0minfo[0m] [0m[0m[32m- should be properly initialized[0m[0m
Test (ubuntu-latest, 21)	Run tests	2026-06-22T17:43:26.3833997Z [0m[[0m[0minfo[0m] [0m[0m[32m- should be consistent across instances[0m[0m
Test (ubuntu-latest, 21)	Run tests	2026-06-22T17:43:26.3836762Z [0m[[0m[0minfo[0m] [0m[0m[32mCustom command parameter[0m[0m
Test (ubuntu-latest, 21)	Run tests	2026-06-22T17:43:26.3839148Z [0m[[0m[0minfo[0m] [0m[0m[32m- should be accepted in constructor[0m[0m
Test (ubuntu-latest, 21)	Run tests	2026-06-22T17:43:26.3840450Z [0m[[0m[0minfo[0m] [0m[0m[32m- should accept empty command[0m[0m
Test (ubuntu-latest, 21)	Run tests	2026-06-22T17:43:26.3841493Z [0m[[0m[0minfo[0m] [0m[0m[32mModel parameter[0m[0m
Test (ubuntu-latest, 21)	Run tests	2026-06-22T17:43:26.3843923Z [0m[[0m[0minfo[0m] [0m[0m[32m- should accept various model names[0m[0m
Test (ubuntu-latest, 21)	Run tests	2026-06-22T17:43:26.3847571Z [0m[[0m[0minfo[0m] [0m[0m[32mOutput format parameter[0m[0m
Test (ubuntu-latest, 21)	Run tests	2026-06-22T17:43:26.3849926Z [0m[[0m[0minfo[0m] [0m[0m[32m- should accept various formats[0m[0m
Test (ubuntu-latest, 21)	Run tests	2026-06-22T17:43:26.3851009Z [0m[[0m[0minfo[0m] [0m[0m[32mDefault command[0m[0m
Test (ubuntu-latest, 21)	Run tests	2026-06-22T17:43:26.3851977Z [0m[[0m[0minfo[0m] [0m[0m[32m- should be Seq("whisper")[0m[0m
Test (ubuntu-latest, 21)	Run tests	2026-06-22T17:43:26.3852987Z [0m[[0m[0minfo[0m] [0m[0m[32mDefault model[0m[0m
Test (ubuntu-latest, 21)	Run tests	2026-06-22T17:43:26.3854008Z [0m[[0m[0minfo[0m] [0m[0m[32m- should be 'base'[0m[0m
Test (ubuntu-latest, 21)	Run tests	2026-06-22T17:43:26.3855254Z [0m[[0m[0minfo[0m] [0m[0m[32mDefault outputFormat[0m[0m
Test (ubuntu-latest, 21)	Run tests	2026-06-22T17:43:26.3856241Z [0m[[0m[0minfo[0m] [0m[0m[32m- should be 'txt'[0m[0m
Test (ubuntu-latest, 21)	Run tests	2026-06-22T17:43:26.3857139Z [0m[[0m[0minfo[0m] [0m[0m[32mFileAudio input[0m[0m
Test (ubuntu-latest, 21)	Run tests	2026-06-22T17:43:26.3872984Z [0m[[0m[0minfo[0m] [0m[0m[32m- should try to read from file path[0m[0m
Test (ubuntu-latest, 21)	Run tests	2026-06-22T17:43:26.3875742Z [0m[[0m[0minfo[0m] [0m[0m[32mStreamAudio input[0m[0m
Test (ubuntu-latest, 21)	Run tests	2026-06-22T17:43:26.3896589Z [0m[[0m[0minfo[0m] [0m[0m[32m- should read from ByteArrayInputStream[0m[0m
Test (ubuntu-latest, 21)	Run tests	2026-06-22T17:43:26.3932991Z [0m[[0m[0minfo[0m] [0m[0m[32m- should handle stream with multiple reads[0m[0m
Test (ubuntu-latest, 21)	Run tests	2026-06-22T17:43:26.3934377Z [0m[[0m[0minfo[0m] [0m[0m[32mSTTOptions with all fields set[0m[0m
Test (ubuntu-latest, 21)	Run tests	2026-06-22T17:43:26.3954514Z [0m[[0m[0minfo[0m] [0m[0m[32m- should be processed without error[0m[0m
Test (ubuntu-latest, 21)	Run tests	2026-06-22T17:43:26.3974279Z [0m[[0m[0minfo[0m] [0m[0m[32m- should handle None values gracefully[0m[0m
Test (ubuntu-latest, 21)	Run tests	2026-06-22T17:43:26.3981011Z [0m[[0m[0minfo[0m] [0m[0m[32mDifferent audio metadata[0m[0m
Test (ubuntu-latest, 21)	Run tests	2026-06-22T17:43:26.4069118Z [0m[[0m[0minfo[0m] [0m[0m[32m- should be handled in transcribe[0m[0m
Test (ubuntu-latest, 21)	Run tests	2026-06-22T17:43:26.4070725Z [0m[[0m[0minfo[0m] [0m[0m[32mComplex configuration[0m[0m
Test (ubuntu-latest, 21)	Run tests	2026-06-22T17:43:26.4087934Z [0m[[0m[0minfo[0m] [0m[0m[32m- should combine all custom parameters[0m[0m
Test (ubuntu-latest, 21)	Run tests	2026-06-22T17:43:26.4089564Z [0m[[0m[0minfo[0m] [0m[0m[32mVarious audio data sizes[0m[0m
Test (ubuntu-latest, 21)	Run tests	2026-06-22T17:43:26.4196337Z [0m[[0m[0minfo[0m] [0m[0m[32m- should be processed[0m[0m
Test (ubuntu-latest, 21)	Run tests	2026-06-22T17:43:26.4201290Z [0m[[0m[0minfo[0m] [0m[0m[32mResult return type[0m[0m
Test (ubuntu-latest, 21)	Run tests	2026-06-22T17:43:26.4217122Z [0m[[0m[0minfo[0m] [0m[0m[32m- should be Either[LLMError, Transcription][0m[0m
Test (ubuntu-latest, 21)	Run tests	2026-06-22T17:43:26.4241169Z [0m[[0m[0minfo[0m] [0m[0m[32m- should have proper error or success value[0m[0m
Test (ubuntu-latest, 21)	Run tests	2026-06-22T17:43:26.4243035Z [0m[[0m[0minfo[0m] [0m[0m[32mMultiple successive transcribe calls[0m[0m
Test (ubuntu-latest, 21)	Run tests	2026-06-22T17:43:26.4274858Z [0m[[0m[0minfo[0m] [0m[0m[32m- should work independently[0m[0m
Test (ubuntu-latest, 21)	Run tests	2026-06-22T17:43:26.4283834Z [0m[[0m[0minfo[0m] [0m[0m[32mname field[0m[0m
Test (ubuntu-latest, 21)	Run tests	2026-06-22T17:43:26.4285149Z [0m[[0m[0minfo[0m] [0m[0m[32m- should return 'whisper-cli'[0m[0m
Test (ubuntu-latest, 21)	Run tests	2026-06-22T17:43:26.4286405Z [0m[[0m[0minfo[0m] [0m[0m[32m- should be immutable[0m[0m
Test (ubuntu-latest, 21)	Run tests	2026-06-22T17:43:26.4301663Z [0m[[0m[0minfo[0m] [0m[0m[32mVertexAIClientSpec:[0m[0m
Test (ubuntu-latest, 21)	Run tests	2026-06-22T17:43:26.4667392Z [0m[[0m[0minfo[0m] [0m[0m[32m- vertex ai client accepts custom metrics collector[0m[0m
Test (ubuntu-latest, 21)	Run tests	2026-06-22T17:43:26.4670478Z [0m[[0m[0minfo[0m] [0m[0m[32m- vertex ai client uses noop metrics by default[0m[0m
Test (ubuntu-latest, 21)	Run tests	2026-06-22T17:43:26.4672613Z [0m[[0m[0minfo[0m] [0m[0m[32m- vertex ai client returns correct context window[0m[0m
Test (ubuntu-latest, 21)	Run tests	2026-06-22T17:43:26.4677073Z [0m[[0m[0minfo[0m] [0m[0m[32m- vertex ai client returns correct reserve completion[0m[0m
Test (ubuntu-latest, 21)	Run tests	2026-06-22T17:43:26.4679782Z [0m[[0m[0minfo[0m] [0m[0m[32m- vertex ai client computes correct base URL from location[0m[0m
Test (ubuntu-latest, 21)	Run tests	2026-06-22T17:43:26.4682039Z [0m[[0m[0minfo[0m] [0m[0m[32m- vertex ai config defaults to us-central1 location[0m[0m
Test (ubuntu-latest, 21)	Run tests	2026-06-22T17:43:26.4683529Z [0m[[0m[0minfo[0m] [0m[0m[32m- vertex ai config computes us-central1 base URL[0m[0m
Test (ubuntu-latest, 21)	Run tests	2026-06-22T17:43:26.4700520Z [0m[[0m[0minfo[0m] [0m[0m[32mEmbeddingServiceSpec:[0m[0m
Test (ubuntu-latest, 21)	Run tests	2026-06-22T17:43:26.4702608Z [0m[[0m[0minfo[0m] [0m[0m[32mMockEmbeddingService[0m[0m
Test (ubuntu-latest, 21)	Run tests	2026-06-22T17:43:26.4727295Z [0m[[0m[0minfo[0m] [0m[0m[32m- should generate embeddings with correct dimensions[0m[0m
Test (ubuntu-latest, 21)	Run tests	2026-06-22T17:43:26.4734085Z [0m[[0m[0minfo[0m] [0m[0m[32m- should generate normalized unit vectors[0m[0m
Test (ubuntu-latest, 21)	Run tests	2026-06-22T17:43:26.4737085Z [0m[[0m[0minfo[0m] [0m[0m[32m- should generate deterministic embeddings for same content[0m[0m
Test (ubuntu-latest, 21)	Run tests	2026-06-22T17:43:26.4740154Z [0m[[0m[0minfo[0m] [0m[0m[32m- should generate different embeddings for different content[0m[0m
Test (ubuntu-latest, 21)	Run tests	2026-06-22T17:43:26.4744198Z [0m[[0m[0minfo[0m] [0m[0m[32m- should batch embed multiple texts[0m[0m
Test (ubuntu-latest, 21)	Run tests	2026-06-22T17:43:26.4770594Z [0m[[0m[0minfo[0m] [0m[0m[32mReliableClientTest:[0m[0m
Test (ubuntu-latest, 21)	Run tests	2026-06-22T17:43:26.4778607Z [0m[[0m[0minfo[0m] [0m[0m[32m- ReliableClient succeeds on first attempt without retries[0m[0m
Test (ubuntu-latest, 21)	Run tests	2026-06-22T17:43:26.4989525Z [0m[[0m[0minfo[0m] [0m[0m[32m- ReliableClient retries on retryable error and succeeds[0m[0m
Test (ubuntu-latest, 21)	Run tests	2026-06-22T17:43:26.4996073Z [0m[[0m[0minfo[0m] [0m[0m[32m- ReliableClient does not retry non-retryable errors[0m[0m
Test (ubuntu-latest, 21)	Run tests	2026-06-22T17:43:26.5000563Z [0m[[0m[0minfo[0m] [0m[0m[32m- ReliableClient does not retry 4xx ServiceError[0m[0m
Test (ubuntu-latest, 21)	Run tests	2026-06-22T17:43:26.5104145Z [0m[[0m[0minfo[0m] [0m[0m[32m- ReliableClient retries 5xx ServiceError[0m[0m
Test (ubuntu-latest, 21)	Run tests	2026-06-22T17:43:26.5109882Z [0m[[0m[0minfo[0m] [0m[0m[32m- Circuit breaker opens after consecutive failures[0m[0m
Test (ubuntu-latest, 21)	Run tests	2026-06-22T17:43:26.5118535Z [0m[[0m[0minfo[0m] [0m[0m[32m- Circuit breaker transitions to half-open after recovery timeout[0m[0m
Test (ubuntu-latest, 21)	Run tests	2026-06-22T17:43:26.5123992Z [0m[[0m[0minfo[0m] [0m[0m[32m- Circuit breaker closes after successful request in half-open state[0m[0m
Test (ubuntu-latest, 21)	Run tests	2026-06-22T17:43:26.5129602Z [0m[[0m[0minfo[0m] [0m[0m[32m- Half-open probe permit is released after each successful probe[0m[0m
Test (ubuntu-latest, 21)	Run tests	2026-06-22T17:43:26.5134624Z [0m[[0m[0minfo[0m] [0m[0m[32m- Deadline exceeded before first attempt returns TimeoutError[0m[0m
Test (ubuntu-latest, 21)	Run tests	2026-06-22T17:43:26.5140200Z [0m[[0m[0minfo[0m] [0m[0m[32m- Custom retry policy does not retry 4xx ServiceError by default[0m[0m
Test (ubuntu-latest, 21)	Run tests	2026-06-22T17:43:26.5247185Z [0m[[0m[0minfo[0m] [0m[0m[32m- Custom retry policy retries 5xx ServiceError by default[0m[0m
Test (ubuntu-latest, 21)	Run tests	2026-06-22T17:43:26.7756561Z [0m[[0m[0minfo[0m] [0m[0m[32m- Deadline enforcement stops retries when time limit exceeded[0m[0m
Test (ubuntu-latest, 21)	Run tests	2026-06-22T17:43:26.7797602Z [0m[[0m[0minfo[0m] [0m[0m[32m- Circuit breaker is thread-safe under concurrent failures[0m[0m
Test (ubuntu-latest, 21)	Run tests	2026-06-22T17:43:26.7801066Z [0m[[0m[0minfo[0m] [0m[0m[32m- ReliableClient with disabled config passes through directly[0m[0m
Test (ubuntu-latest, 21)	Run tests	2026-06-22T17:43:26.7818595Z [0m[[0m[0minfo[0m] [0m[0m[32m- ReliableClient preserves original error type after retries[0m[0m
Test (ubuntu-latest, 21)	Run tests	2026-06-22T17:43:26.7839463Z [0m[[0m[0minfo[0m] [0m[0m[32m- ReliableClient.resetCircuitBreaker resets state correctly[0m[0m
Test (ubuntu-latest, 21)	Run tests	2026-06-22T17:43:26.7841692Z [0m[[0m[0minfo[0m] [0m[0m[32mCachedEmbeddingClientSpec:[0m[0m
Test (ubuntu-latest, 21)	Run tests	2026-06-22T17:43:26.7842826Z [0m[[0m[0minfo[0m] [0m[0m[32mCachedEmbeddingClient[0m[0m
Test (ubuntu-latest, 21)	Run tests	2026-06-22T17:43:26.7906339Z [0m[[0m[0minfo[0m] [0m[0m[32m- should only call the base client for cache misses[0m[0m
Test (ubuntu-latest, 21)	Run tests	2026-06-22T17:43:26.7915976Z [0m[[0m[0minfo[0m] [0m[0m[32m- should process batch requests by hitting cache for existing strings[0m[0m
Test (ubuntu-latest, 21)	Run tests	2026-06-22T17:43:26.7923763Z [0m[[0m[0minfo[0m] [0m[0m[32m- should not cache base client errors, allowing the next call to retry[0m[0m
Test (ubuntu-latest, 21)	Run tests	2026-06-22T17:43:26.7934672Z [0m[[0m[0minfo[0m] [0m[0m[32m- should deduplicate identical texts within the same batch before calling the base client[0m[0m
Test (ubuntu-latest, 21)	Run tests	2026-06-22T17:43:26.7959064Z [0m[[0m[0minfo[0m] [0m[0m[32mRAGASEvaluatorEdgeCasesSpec:[0m[0m
Test (ubuntu-latest, 21)	Run tests	2026-06-22T17:43:26.7960944Z [0m[[0m[0minfo[0m] [0m[0m[32mRAGASEvaluator.evaluateMetric[0m[0m
Test (ubuntu-latest, 21)	Run tests	2026-06-22T17:43:26.8349827Z [0m[[0m[0minfo[0m] [0m[0m[32m- should evaluate a single metric by name[0m[0m
Test (ubuntu-latest, 21)	Run tests	2026-06-22T17:43:26.8354006Z [0m[[0m[0minfo[0m] [0m[0m[32m- should return error for unknown metric[0m[0m
Test (ubuntu-latest, 21)	Run tests	2026-06-22T17:43:26.8356205Z [0m[[0m[0minfo[0m] [0m[0m[32m- should return error when metric cannot evaluate the sample[0m[0m
Test (ubuntu-latest, 21)	Run tests	2026-06-22T17:43:26.8358007Z [0m[[0m[0minfo[0m] [0m[0m[32mRAGASEvaluator.withMetrics[0m[0m
Test (ubuntu-latest, 21)	Run tests	2026-06-22T17:43:26.8361319Z [0m[[0m[0minfo[0m] [0m[0m[32m- should create evaluator with subset of metrics[0m[0m
Test (ubuntu-latest, 21)	Run tests	2026-06-22T17:43:26.8364286Z [0m[[0m[0minfo[0m] [0m[0m[32m- should fall back to defaults when filtering results in empty metrics[0m[0m
Test (ubuntu-latest, 21)	Run tests	2026-06-22T17:43:26.8366894Z [0m[[0m[0minfo[0m] [0m[0m[32mRAGASEvaluator.withOptions[0m[0m
Test (ubuntu-latest, 21)	Run tests	2026-06-22T17:43:26.8368184Z [0m[[0m[0minfo[0m] [0m[0m[32m- should create evaluator with new options[0m[0m
Test (ubuntu-latest, 21)	Run tests	2026-06-22T17:43:26.8370273Z [0m[[0m[0minfo[0m] [0m[0m[32mRAGASEvaluator.evaluate[0m[0m
Test (ubuntu-latest, 21)	Run tests	2026-06-22T17:43:26.8371435Z [0m[[0m[0minfo[0m] [0m[0m[32m- should return error when no metrics are applicable[0m[0m
Test (ubuntu-latest, 21)	Run tests	2026-06-22T17:43:26.8372860Z [0m[[0m[0minfo[0m] [0m[0m[32m- should succeed with partial metric failures[0m[0m
Test (ubuntu-latest, 21)	Run tests	2026-06-22T17:43:26.8375824Z [0m[[0m[0minfo[0m] [0m[0m[32m- should return first error when all metrics fail[0m[0m
Test (ubuntu-latest, 21)	Run tests	2026-06-22T17:43:26.8377982Z [0m[[0m[0minfo[0m] [0m[0m[32mRAGASEvaluator.evaluateBatch[0m[0m
Test (ubuntu-latest, 21)	Run tests	2026-06-22T17:43:26.8379295Z [0m[[0m[0minfo[0m] [0m[0m[32m- should return empty summary for empty batch[0m[0m
Test (ubuntu-latest, 21)	Run tests	2026-06-22T17:43:26.8384098Z [0m[[0m[0minfo[0m] [0m[0m[32m- should compute averages across samples[0m[0m
Test (ubuntu-latest, 21)	Run tests	2026-06-22T17:43:26.8385719Z [0m[[0m[0minfo[0m] [0m[0m[32mRAGASEvaluator.evaluateDataset[0m[0m
Test (ubuntu-latest, 21)	Run tests	2026-06-22T17:43:26.8388343Z [0m[[0m[0minfo[0m] [0m[0m[32m- should evaluate all samples in dataset[0m[0m
Test (ubuntu-latest, 21)	Run tests	2026-06-22T17:43:26.8389591Z [0m[[0m[0minfo[0m] [0m[0m[32mRAGASEvaluator.basic[0m[0m
Test (ubuntu-latest, 21)	Run tests	2026-06-22T17:43:26.8392761Z [0m[[0m[0minfo[0m] [0m[0m[32m- should only include metrics that don't require ground truth[0m[0m
Test (ubuntu-latest, 21)	Run tests	2026-06-22T17:43:26.8394990Z [0m[[0m[0minfo[0m] [0m[0m[32mRAGASEvaluator constants[0m[0m
Test (ubuntu-latest, 21)	Run tests	2026-06-22T17:43:26.8406716Z [0m[[0m[0minfo[0m] [0m[0m[32m- should have correct values[0m[0m
Test (ubuntu-latest, 21)	Run tests	2026-06-22T17:43:26.8437723Z [0m[[0m[0minfo[0m] [0m[0m[32mBenchmarkConfigEdgeCasesSpec:[0m[0m
Test (ubuntu-latest, 21)	Run tests	2026-06-22T17:43:26.8440673Z [0m[[0m[0minfo[0m] [0m[0m[32mRAGExperimentConfig.shortName[0m[0m
Test (ubuntu-latest, 21)	Run tests	2026-06-22T17:43:26.8443077Z [0m[[0m[0minfo[0m] [0m[0m[32m- should return the full name when under 30 chars[0m[0m
Test (ubuntu-latest, 21)	Run tests	2026-06-22T17:43:26.8446736Z [0m[[0m[0minfo[0m] [0m[0m[32m- should truncate names longer than 30 characters[0m[0m
Test (ubuntu-latest, 21)	Run tests	2026-06-22T17:43:26.8448951Z [0m[[0m[0minfo[0m] [0m[0m[32m- should return exactly 30 chars for a 30-char name[0m[0m
Test (ubuntu-latest, 21)	Run tests	2026-06-22T17:43:26.8452308Z [0m[[0m[0minfo[0m] [0m[0m[32mRAGExperimentConfig.fullDescription[0m[0m
Test (ubuntu-latest, 21)	Run tests	2026-06-22T17:43:26.8454628Z [0m[[0m[0minfo[0m] [0m[0m[32m- should use custom description when provided[0m[0m
Test (ubuntu-latest, 21)	Run tests	2026-06-22T17:43:26.8458804Z [0m[[0m[0minfo[0m] [0m[0m[32m- should generate description with WeightedScore fusion strategy[0m[0m
Test (ubuntu-latest, 21)	Run tests	2026-06-22T17:43:26.8463665Z [0m[[0m[0minfo[0m] [0m[0m[32m- should generate description with VectorOnly fusion strategy[0m[0m
Test (ubuntu-latest, 21)	Run tests	2026-06-22T17:43:26.8468053Z [0m[[0m[0minfo[0m] [0m[0m[32m- should generate description with KeywordOnly fusion strategy[0m[0m
Test (ubuntu-latest, 21)	Run tests	2026-06-22T17:43:26.8471389Z [0m[[0m[0minfo[0m] [0m[0m[32m- should generate description with RRF fusion strategy[0m[0m
Test (ubuntu-latest, 21)	Run tests	2026-06-22T17:43:26.8474291Z [0m[[0m[0minfo[0m] [0m[0m[32m- should include embedding provider and model in generated description[0m[0m
Test (ubuntu-latest, 21)	Run tests	2026-06-22T17:43:26.8477821Z [0m[[0m[0minfo[0m] [0m[0m[32mRAGExperimentConfig[0m[0m
Test (ubuntu-latest, 21)	Run tests	2026-06-22T17:43:26.8479977Z [0m[[0m[0minfo[0m] [0m[0m[32m- should accept topK of 1 (minimum valid)[0m[0m
Test (ubuntu-latest, 21)	Run tests	2026-06-22T17:43:26.8483600Z [0m[[0m[0minfo[0m] [0m[0m[32m- should reject negative topK[0m[0m
Test (ubuntu-latest, 21)	Run tests	2026-06-22T17:43:26.8486892Z [0m[[0m[0minfo[0m] [0m[0m[32m- should accept rerankTopK equal to topK[0m[0m
Test (ubuntu-latest, 21)	Run tests	2026-06-22T17:43:26.8488840Z [0m[[0m[0minfo[0m] [0m[0m[32mRAGExperimentConfig.forFusion[0m[0m
Test (ubuntu-latest, 21)	Run tests	2026-06-22T17:43:26.8491010Z [0m[[0m[0minfo[0m] [0m[0m[32m- should create config for WeightedScore[0m[0m
Test (ubuntu-latest, 21)	Run tests	2026-06-22T17:43:26.8494434Z [0m[[0m[0minfo[0m] [0m[0m[32m- should create config for VectorOnly[0m[0m
Test (ubuntu-latest, 21)	Run tests	2026-06-22T17:43:26.8496352Z [0m[[0m[0minfo[0m] [0m[0m[32m- should create config for KeywordOnly[0m[0m
Test (ubuntu-latest, 21)	Run tests	2026-06-22T17:43:26.8497414Z [0m[[0m[0minfo[0m] [0m[0m[32mBenchmarkSuite.size[0m[0m
Test (ubuntu-latest, 21)	Run tests	2026-06-22T17:43:26.8498462Z [0m[[0m[0minfo[0m] [0m[0m[32m- should return the number of experiments[0m[0m
Test (ubuntu-latest, 21)	Run tests	2026-06-22T17:43:26.8499696Z [0m[[0m[0minfo[0m] [0m[0m[32m- should return 1 for a single-experiment suite[0m[0m
Test (ubuntu-latest, 21)	Run tests	2026-06-22T17:43:26.8500726Z [0m[[0m[0minfo[0m] [0m[0m[32mBenchmarkSuite.custom[0m[0m
Test (ubuntu-latest, 21)	Run tests	2026-06-22T17:43:26.8501820Z [0m[[0m[0minfo[0m] [0m[0m[32m- should create a suite with given parameters[0m[0m
Test (ubuntu-latest, 21)	Run tests	2026-06-22T17:43:26.8502867Z [0m[[0m[0minfo[0m] [0m[0m[32mBenchmarkSuite.comprehensiveSuite[0m[0m
Test (ubuntu-latest, 21)	Run tests	2026-06-22T17:43:26.8504147Z [0m[[0m[0minfo[0m] [0m[0m[32m- should create suite with chunking, fusion, and embedding experiments[0m[0m
Test (ubuntu-latest, 21)	Run tests	2026-06-22T17:43:26.8505823Z [0m[[0m[0minfo[0m] [0m[0m[32mEmbeddingConfig[0m[0m
Test (ubuntu-latest, 21)	Run tests	2026-06-22T17:43:26.8506986Z [0m[[0m[0minfo[0m] [0m[0m[32m- should have correct default model for each provider[0m[0m
Test (ubuntu-latest, 21)	Run tests	2026-06-22T17:43:26.8508168Z [0m[[0m[0minfo[0m] [0m[0m[32m- should allow custom dimensions for OpenAI[0m[0m
Test (ubuntu-latest, 21)	Run tests	2026-06-22T17:43:26.8515985Z [0m[[0m[0minfo[0m] [0m[0m[32m- should allow custom base URL for Ollama[0m[0m
Test (ubuntu-latest, 21)	Run tests	2026-06-22T17:43:26.8517002Z [0m[[0m[0minfo[0m] [0m[0m[32mEmbeddingConfig.default[0m[0m
Test (ubuntu-latest, 21)	Run tests	2026-06-22T17:43:26.8518084Z [0m[[0m[0minfo[0m] [0m[0m[32m- should be OpenAI text-embedding-3-small[0m[0m
Test (ubuntu-latest, 21)	Run tests	2026-06-22T17:43:26.8519099Z [0m[[0m[0minfo[0m] [0m[0m[32mBenchmarkSuite.quick[0m[0m
Test (ubuntu-latest, 21)	Run tests	2026-06-22T17:43:26.8520188Z [0m[[0m[0minfo[0m] [0m[0m[32m- should preserve experiments while setting subsetSize[0m[0m
Test (ubuntu-latest, 21)	Run tests	2026-06-22T17:43:26.8521345Z [0m[[0m[0minfo[0m] [0m[0m[32m- should use default of 10 samples[0m[0m
Test (ubuntu-latest, 21)	Run tests	2026-06-22T17:43:26.8525590Z [0m[[0m[0minfo[0m] [0m[0m[32mEmbeddingParserSpec:[0m[0m
Test (ubuntu-latest, 21)	Run tests	2026-06-22T17:43:26.8527657Z [0m[[0m[0minfo[0m] [0m[0m[32mEmbeddingParser.parse[0m[0m
Test (ubuntu-latest, 21)	Run tests	2026-06-22T17:43:26.8537925Z [0m[[0m[0minfo[0m] [0m[0m[32m- should parse valid embedding strings[0m[0m
Test (ubuntu-latest, 21)	Run tests	2026-06-22T17:43:26.8539078Z [0m[[0m[0minfo[0m] [0m[0m[32m- should parse embedding with negative values[0m[0m
Test (ubuntu-latest, 21)	Run tests	2026-06-22T17:43:26.8542675Z [0m[[0m[0minfo[0m] [0m[0m[32m- should parse embedding with spaces[0m[0m
Test (ubuntu-latest, 21)	Run tests	2026-06-22T17:43:26.8544049Z [0m[[0m[0minfo[0m] [0m[0m[32m- should return None for null input[0m[0m
Test (ubuntu-latest, 21)	Run tests	2026-06-22T17:43:26.8546110Z [0m[[0m[0minfo[0m] [0m[0m[32m- should return None for empty string[0m[0m
Test (ubuntu-latest, 21)	Run tests	2026-06-22T17:43:26.8547277Z [0m[[0m[0minfo[0m] [0m[0m[32m- should return None for empty brackets (zero dimensions)[0m[0m
Test (ubuntu-latest, 21)	Run tests	2026-06-22T17:43:26.8558951Z [0m[[0m[0minfo[0m] [0m[0m[32m- should return None for non-numeric tokens[0m[0m
Test (ubuntu-latest, 21)	Run tests	2026-06-22T17:43:26.8559702Z [0m[[0m[0minfo[0m] [0m[0m[32m- should return None for malformed brackets[0m[0m
Test (ubuntu-latest, 21)	Run tests	2026-06-22T17:43:26.8560352Z [0m[[0m[0minfo[0m] [0m[0m[32m- should return None for missing commas[0m[0m
Test (ubuntu-latest, 21)	Run tests	2026-06-22T17:43:26.8560955Z [0m[[0m[0minfo[0m] [0m[0m[32m- should return None for double commas[0m[0m
Test (ubuntu-latest, 21)	Run tests	2026-06-22T17:43:26.8561572Z [0m[[0m[0minfo[0m] [0m[0m[32m- should return None for text without brackets[0m[0m
Test (ubuntu-latest, 21)	Run tests	2026-06-22T17:43:26.8562518Z [0m[[0m[0minfo[0m] [0m[0m[32m- should return None for incomplete numbers[0m[0m
Test (ubuntu-latest, 21)	Run tests	2026-06-22T17:43:26.8563534Z [0m[[0m[0minfo[0m] [0m[0m[32m- should return None for special characters[0m[0m
Test (ubuntu-latest, 21)	Run tests	2026-06-22T17:43:26.8675503Z [0m[[0m[0minfo[0m] [0m[0m[32m- should return None for embeddings exceeding MAX_EMBEDDING_DIM[0m[0m
Test (ubuntu-latest, 21)	Run tests	2026-06-22T17:43:26.8757816Z [0m[[0m[0minfo[0m] [0m[0m[32m- should accept embeddings at MAX_EMBEDDING_DIM boundary[0m[0m
Test (ubuntu-latest, 21)	Run tests	2026-06-22T17:43:26.8789917Z [0m[[0m[0minfo[0m] [0m[0m[32mFileSystemToolsSpec:[0m[0m
Test (ubuntu-latest, 21)	Run tests	2026-06-22T17:43:26.8791268Z [0m[[0m[0minfo[0m] [0m[0m[32mFileConfig[0m[0m
Test (ubuntu-latest, 21)	Run tests	2026-06-22T17:43:26.8802447Z [0m[[0m[0minfo[0m] [0m[0m[32m- should block system paths by default[0m[0m
Test (ubuntu-latest, 21)	Run tests	2026-06-22T17:43:26.8806535Z [0m[[0m[0minfo[0m] [0m[0m[32m- should allow paths when allowedPaths is set[0m[0m
Test (ubuntu-latest, 21)	Run tests	2026-06-22T17:43:26.8809626Z [0m[[0m[0minfo[0m] [0m[0m[32m- should block paths in blocklist even if in allowlist[0m[0m
Test (ubuntu-latest, 21)	Run tests	2026-06-22T17:43:26.8810696Z [0m[[0m[0minfo[0m] [0m[0m[32mWriteConfig[0m[0m
Test (ubuntu-latest, 21)	Run tests	2026-06-22T17:43:26.8817982Z [0m[[0m[0minfo[0m] [0m[0m[32m- should require explicit allowed paths[0m[0m
Test (ubuntu-latest, 21)	Run tests	2026-06-22T17:43:26.8819170Z [0m[[0m[0minfo[0m] [0m[0m[32mReadFileTool[0m[0m
Test (ubuntu-latest, 21)	Run tests	2026-06-22T17:43:26.8870994Z [0m[[0m[0minfo[0m] [0m[0m[32m- should read existing files[0m[0m
Test (ubuntu-latest, 21)	Run tests	2026-06-22T17:43:26.8880846Z [0m[[0m[0minfo[0m] [0m[0m[32m- should deny access to blocked paths[0m[0m
Test (ubuntu-latest, 21)	Run tests	2026-06-22T17:43:26.8890420Z [0m[[0m[0minfo[0m] [0m[0m[32m- should return error for non-existent files[0m[0m
Test (ubuntu-latest, 21)	Run tests	2026-06-22T17:43:26.8905925Z [0m[[0m[0minfo[0m] [0m[0m[32m- should limit lines when max_lines is specified[0m[0m
Test (ubuntu-latest, 21)	Run tests	2026-06-22T17:43:26.8907626Z [0m[[0m[0minfo[0m] [0m[0m[32mListDirectoryTool[0m[0m
Test (ubuntu-latest, 21)	Run tests	2026-06-22T17:43:26.8976325Z [0m[[0m[0minfo[0m] [0m[0m[32m- should list directory contents[0m[0m
Test (ubuntu-latest, 21)	Run tests	2026-06-22T17:43:26.8989481Z [0m[[0m[0minfo[0m] [0m[0m[32m- should hide hidden files by default[0m[0m
Test (ubuntu-latest, 21)	Run tests	2026-06-22T17:43:26.9002519Z [0m[[0m[0minfo[0m] [0m[0m[32m- should include hidden files when requested[0m[0m
Test (ubuntu-latest, 21)	Run tests	2026-06-22T17:43:26.9004263Z [0m[[0m[0minfo[0m] [0m[0m[32mFileInfoTool[0m[0m
Test (ubuntu-latest, 21)	Run tests	2026-06-22T17:43:26.9042985Z [0m[[0m[0minfo[0m] [0m[0m[32m- should get file information[0m[0m
Test (ubuntu-latest, 21)	Run tests	2026-06-22T17:43:26.9052954Z [0m[[0m[0minfo[0m] [0m[0m[32m- should report non-existent file info[0m[0m
Test (ubuntu-latest, 21)	Run tests	2026-06-22T17:43:26.9054347Z [0m[[0m[0minfo[0m] [0m[0m[32mWriteFileTool[0m[0m
Test (ubuntu-latest, 21)	Run tests	2026-06-22T17:43:26.9101193Z [0m[[0m[0minfo[0m] [0m[0m[32m- should write to allowed paths[0m[0m
Test (ubuntu-latest, 21)	Run tests	2026-06-22T17:43:26.9110496Z [0m[[0m[0minfo[0m] [0m[0m[32m- should deny write to non-allowed paths[0m[0m
Test (ubuntu-latest, 21)	Run tests	2026-06-22T17:43:26.9123074Z [0m[[0m[0minfo[0m] [0m[0m[32m- should support append mode[0m[0m
Test (ubuntu-latest, 21)	Run tests	2026-06-22T17:43:26.9269327Z [0m[[0m[0minfo[0m] [0m[0m[32mDocumentLoaderSpec:[0m[0m
Test (ubuntu-latest, 21)	Run tests	2026-06-22T17:43:26.9287445Z [0m[[0m[0minfo[0m] [0m[0m[32mDocument[0m[0m
Test (ubuntu-latest, 21)	Run tests	2026-06-22T17:43:26.9289064Z [0m[[0m[0minfo[0m] [0m[0m[32m- should create with auto-generated ID[0m[0m
Test (ubuntu-latest, 21)	Run tests	2026-06-22T17:43:26.9295996Z [0m[[0m[0minfo[0m] [0m[0m[32m- should compute content hash for versioning[0m[0m
Test (ubuntu-latest, 21)	Run tests	2026-06-22T17:43:26.9302172Z [0m[[0m[0minfo[0m] [0m[0m[32m- should preserve metadata when adding more[0m[0m
Test (ubuntu-latest, 21)	Run tests	2026-06-22T17:43:26.9305628Z [0m[[0m[0minfo[0m] [0m[0m[32mDocumentVersion[0m[0m
Test (ubuntu-latest, 21)	Run tests	2026-06-22T17:43:26.9306897Z [0m[[0m[0minfo[0m] [0m[0m[32m- should generate consistent hashes for same content[0m[0m
Test (ubuntu-latest, 21)	Run tests	2026-06-22T17:43:26.9308417Z [0m[[0m[0minfo[0m] [0m[0m[32m- should generate different hashes for different content[0m[0m
Test (ubuntu-latest, 21)	Run tests	2026-06-22T17:43:26.9309758Z [0m[[0m[0minfo[0m] [0m[0m[32mDocumentHints[0m[0m
Test (ubuntu-latest, 21)	Run tests	2026-06-22T17:43:26.9314247Z [0m[[0m[0minfo[0m] [0m[0m[32m- should provide markdown preset[0m[0m
Test (ubuntu-latest, 21)	Run tests	2026-06-22T17:43:26.9315785Z [0m[[0m[0minfo[0m] [0m[0m[32m- should provide code preset[0m[0m
Test (ubuntu-latest, 21)	Run tests	2026-06-22T17:43:26.9317996Z [0m[[0m[0minfo[0m] [0m[0m[32m- should provide skip hint with reason[0m[0m
Test (ubuntu-latest, 21)	Run tests	2026-06-22T17:43:26.9318896Z [0m[[0m[0minfo[0m] [0m[0m[32mTextLoader[0m[0m
Test (ubuntu-latest, 21)	Run tests	2026-06-22T17:43:26.9320081Z [0m[[0m[0minfo[0m] [0m[0m[32m- should load documents from content[0m[0m
Test (ubuntu-latest, 21)	Run tests	2026-06-22T17:43:26.9322972Z [0m[[0m[0minfo[0m] [0m[0m[32m- should create multiple documents from pairs[0m[0m
Test (ubuntu-latest, 21)	Run tests	2026-06-22T17:43:26.9324050Z [0m[[0m[0minfo[0m] [0m[0m[32m- should build documents fluently[0m[0m
Test (ubuntu-latest, 21)	Run tests	2026-06-22T17:43:26.9325218Z [0m[[0m[0minfo[0m] [0m[0m[32mFileLoader[0m[0m
Test (ubuntu-latest, 21)	Run tests	2026-06-22T17:43:26.9333495Z [0m[[0m[0minfo[0m] [0m[0m[32m- should fail for non-existent files[0m[0m
Test (ubuntu-latest, 21)	Run tests	2026-06-22T17:43:26.9337656Z [0m[[0m[0minfo[0m] [0m[0m[32m- should fail when path is a directory[0m[0m
Test (ubuntu-latest, 21)	Run tests	2026-06-22T17:43:26.9360254Z [0m[[0m[0minfo[0m] [0m[0m[32m- should successfully load a text file[0m[0m
Test (ubuntu-latest, 21)	Run tests	2026-06-22T17:43:26.9381604Z [0m[[0m[0minfo[0m] [0m[0m[32m- should detect prose hints for text files[0m[0m
Test (ubuntu-latest, 21)	Run tests	2026-06-22T17:43:26.9404436Z [0m[[0m[0minfo[0m] [0m[0m[32m- should detect markdown hints for .md files[0m[0m
Test (ubuntu-latest, 21)	Run tests	2026-06-22T17:43:26.9426664Z [0m[[0m[0minfo[0m] [0m[0m[32m- should detect code hints for .scala files[0m[0m
Test (ubuntu-latest, 21)	Run tests	2026-06-22T17:43:26.9448237Z [0m[[0m[0minfo[0m] [0m[0m[32m- should include version information[0m[0m
Test (ubuntu-latest, 21)	Run tests	2026-06-22T17:43:26.9468436Z [0m[[0m[0minfo[0m] [0m[0m[32m- should attach custom metadata[0m[0m
Test (ubuntu-latest, 21)	Run tests	2026-06-22T17:43:26.9471171Z [0m[[0m[0minfo[0m] [0m[0m[32m- should have estimatedCount of 1[0m[0m
Test (ubuntu-latest, 21)	Run tests	2026-06-22T17:43:26.9473819Z [0m[[0m[0minfo[0m] [0m[0m[32m- should provide description[0m[0m
Test (ubuntu-latest, 21)	Run tests	2026-06-22T17:43:26.9477085Z [0m[[0m[0minfo[0m] [0m[0m[32mFileLoader companion object[0m[0m
Test (ubuntu-latest, 21)	Run tests	2026-06-22T17:43:26.9479145Z [0m[[0m[0minfo[0m] [0m[0m[32m- should create from string path[0m[0m
Test (ubuntu-latest, 21)	Run tests	2026-06-22T17:43:26.9481257Z [0m[[0m[0minfo[0m] [0m[0m[32m- should create from string path with metadata[0m[0m
Test (ubuntu-latest, 21)	Run tests	2026-06-22T17:43:26.9482803Z [0m[[0m[0minfo[0m] [0m[0m[32m- should create from File object[0m[0m
Test (ubuntu-latest, 21)	Run tests	2026-06-22T17:43:26.9484091Z [0m[[0m[0minfo[0m] [0m[0m[32mDirectoryLoader[0m[0m
Test (ubuntu-latest, 21)	Run tests	2026-06-22T17:43:26.9490682Z [0m[[0m[0minfo[0m] [0m[0m[32m- should fail for non-existent directories[0m[0m
Test (ubuntu-latest, 21)	Run tests	2026-06-22T17:43:26.9492770Z [0m[[0m[0minfo[0m] [0m[0m[32m- should fail when path is a file[0m[0m
Test (ubuntu-latest, 21)	Run tests	2026-06-22T17:43:26.9603795Z [0m[[0m[0minfo[0m] [0m[0m[32m- should load files from directory[0m[0m
Test (ubuntu-latest, 21)	Run tests	2026-06-22T17:43:26.9664362Z [0m[[0m[0minfo[0m] [0m[0m[32m- should filter by extensions[0m[0m
Test (ubuntu-latest, 21)	Run tests	2026-06-22T17:43:26.9671342Z [0m[[0m[0minfo[0m] [0m[0m[32m- should add extension with withExtension[0m[0m
Test (ubuntu-latest, 21)	Run tests	2026-06-22T17:43:26.9672477Z [0m[[0m[0minfo[0m] [0m[0m[32m- should strip dot from extensions[0m[0m
Test (ubuntu-latest, 21)	Run tests	2026-06-22T17:43:26.9743397Z [0m[[0m[0minfo[0m] [0m[0m[32m- should load non-recursively when recursive is false[0m[0m
Test (ubuntu-latest, 21)	Run tests	2026-06-22T17:43:26.9810257Z [0m[[0m[0minfo[0m] [0m[0m[32m- should respect maxDepth[0m[0m
Test (ubuntu-latest, 21)	Run tests	2026-06-22T17:43:26.9868093Z [0m[[0m[0minfo[0m] [0m[0m[32m- should attach metadata to all documents[0m[0m
Test (ubuntu-latest, 21)	Run tests	2026-06-22T17:43:26.9874410Z [0m[[0m[0minfo[0m] [0m[0m[32m- should provide estimated count[0m[0m
Test (ubuntu-latest, 21)	Run tests	2026-06-22T17:43:26.9877183Z [0m[[0m[0minfo[0m] [0m[0m[32m- should return None for estimated count on non-existent directory[0m[0m
Test (ubuntu-latest, 21)	Run tests	2026-06-22T17:43:26.9882966Z [0m[[0m[0minfo[0m] [0m[0m[32m- should provide description[0m[0m
Test (ubuntu-latest, 21)	Run tests	2026-06-22T17:43:26.9887119Z [0m[[0m[0minfo[0m] [0m[0m[32mDirectoryLoader companion object[0m[0m
Test (ubuntu-latest, 21)	Run tests	2026-06-22T17:43:26.9888529Z [0m[[0m[0minfo[0m] [0m[0m[32m- should create from string path[0m[0m
Test (ubuntu-latest, 21)	Run tests	2026-06-22T17:43:26.9891141Z [0m[[0m[0minfo[0m] [0m[0m[32m- should create from string path with extensions[0m[0m
Test (ubuntu-latest, 21)	Run tests	2026-06-22T17:43:26.9892501Z [0m[[0m[0minfo[0m] [0m[0m[32m- should create from File object[0m[0m
Test (ubuntu-latest, 21)	Run tests	2026-06-22T17:43:26.9893738Z [0m[[0m[0minfo[0m] [0m[0m[32m- should have default extensions[0m[0m
Test (ubuntu-latest, 21)	Run tests	2026-06-22T17:43:26.9895154Z [0m[[0m[0minfo[0m] [0m[0m[32mDirectoryLoader.markdown[0m[0m
Test (ubuntu-latest, 21)	Run tests	2026-06-22T17:43:26.9901518Z [0m[[0m[0minfo[0m] [0m[0m[32m- should only load markdown files[0m[0m
Test (ubuntu-latest, 21)	Run tests	2026-06-22T17:43:26.9903190Z [0m[[0m[0minfo[0m] [0m[0m[32mDirectoryLoader.code[0m[0m
Test (ubuntu-latest, 21)	Run tests	2026-06-22T17:43:26.9904261Z [0m[[0m[0minfo[0m] [0m[0m[32m- should load code files[0m[0m
Test (ubuntu-latest, 21)	Run tests	2026-06-22T17:43:26.9905393Z [0m[[0m[0minfo[0m] [0m[0m[32mDirectoryLoader.text[0m[0m
Test (ubuntu-latest, 21)	Run tests	2026-06-22T17:43:26.9906430Z [0m[[0m[0minfo[0m] [0m[0m[32m- should only load text files[0m[0m
Test (ubuntu-latest, 21)	Run tests	2026-06-22T17:43:26.9907371Z [0m[[0m[0minfo[0m] [0m[0m[32mDirectoryLoader.pdf[0m[0m
Test (ubuntu-latest, 21)	Run tests	2026-06-22T17:43:26.9908279Z [0m[[0m[0minfo[0m] [0m[0m[32m- should only load PDF files[0m[0m
Test (ubuntu-latest, 21)	Run tests	2026-06-22T17:43:26.9909175Z [0m[[0m[0minfo[0m] [0m[0m[32mDirectoryLoader.docx[0m[0m
Test (ubuntu-latest, 21)	Run tests	2026-06-22T17:43:26.9910101Z [0m[[0m[0minfo[0m] [0m[0m[32m- should only load Word documents[0m[0m
Test (ubuntu-latest, 21)	Run tests	2026-06-22T17:43:26.9911032Z [0m[[0m[0minfo[0m] [0m[0m[32mDocumentLoaders.combine[0m[0m
Test (ubuntu-latest, 21)	Run tests	2026-06-22T17:43:26.9911922Z [0m[[0m[0minfo[0m] [0m[0m[32m- should combine multiple loaders[0m[0m
Test (ubuntu-latest, 21)	Run tests	2026-06-22T17:43:26.9912793Z [0m[[0m[0minfo[0m] [0m[0m[32mDocumentLoaders.filter[0m[0m
Test (ubuntu-latest, 21)	Run tests	2026-06-22T17:43:26.9919137Z [0m[[0m[0minfo[0m] [0m[0m[32m- should filter documents by predicate[0m[0m
Test (ubuntu-latest, 21)	Run tests	2026-06-22T17:43:26.9921972Z [0m[[0m[0minfo[0m] [0m[0m[32mDocumentLoaders.map[0m[0m
Test (ubuntu-latest, 21)	Run tests	2026-06-22T17:43:26.9929933Z [0m[[0m[0minfo[0m] [0m[0m[32m- should transform documents[0m[0m
Test (ubuntu-latest, 21)	Run tests	2026-06-22T17:43:26.9932518Z [0m[[0m[0minfo[0m] [0m[0m[32mDocumentLoaders.take[0m[0m
Test (ubuntu-latest, 21)	Run tests	2026-06-22T17:43:26.9937484Z [0m[[0m[0minfo[0m] [0m[0m[32m- should limit number of documents[0m[0m
Test (ubuntu-latest, 21)	Run tests	2026-06-22T17:43:26.9938919Z [0m[[0m[0minfo[0m] [0m[0m[32mDocumentLoader.++[0m[0m
Test (ubuntu-latest, 21)	Run tests	2026-06-22T17:43:26.9942923Z [0m[[0m[0minfo[0m] [0m[0m[32m- should combine loaders using operator[0m[0m
Test (ubuntu-latest, 21)	Run tests	2026-06-22T17:43:26.9945536Z [0m[[0m[0minfo[0m] [0m[0m[32mLoadResult[0m[0m
Test (ubuntu-latest, 21)	Run tests	2026-06-22T17:43:26.9948323Z [0m[[0m[0minfo[0m] [0m[0m[32m- should create success results[0m[0m
Test (ubuntu-latest, 21)	Run tests	2026-06-22T17:43:26.9950118Z [0m[[0m[0minfo[0m] [0m[0m[32m- should create failure results[0m[0m
Test (ubuntu-latest, 21)	Run tests	2026-06-22T17:43:26.9951366Z [0m[[0m[0minfo[0m] [0m[0m[32m- should create skipped results[0m[0m
Test (ubuntu-latest, 21)	Run tests	2026-06-22T17:43:26.9952475Z [0m[[0m[0minfo[0m] [0m[0m[32mLoadStats[0m[0m
Test (ubuntu-latest, 21)	Run tests	2026-06-22T17:43:26.9959657Z [0m[[0m[0minfo[0m] [0m[0m[32m- should calculate derived statistics[0m[0m
Test (ubuntu-latest, 21)	Run tests	2026-06-22T17:43:26.9965007Z [0m[[0m[0minfo[0m] [0m[0m[32m- should report no errors when all successful[0m[0m
Test (ubuntu-latest, 21)	Run tests	2026-06-22T17:43:26.9968002Z [0m[[0m[0minfo[0m] [0m[0m[32mSyncStats[0m[0m
Test (ubuntu-latest, 21)	Run tests	2026-06-22T17:43:26.9969574Z [0m[[0m[0minfo[0m] [0m[0m[32m- should calculate total and changed counts[0m[0m
Test (ubuntu-latest, 21)	Run tests	2026-06-22T17:43:26.9972065Z [0m[[0m[0minfo[0m] [0m[0m[32mInMemoryDocumentRegistry[0m[0m
Test (ubuntu-latest, 21)	Run tests	2026-06-22T17:43:26.9974453Z [0m[[0m[0minfo[0m] [0m[0m[32m- should register and retrieve versions[0m[0m
Test (ubuntu-latest, 21)	Run tests	2026-06-22T17:43:26.9976211Z [0m[[0m[0minfo[0m] [0m[0m[32m- should return None for unknown documents[0m[0m
Test (ubuntu-latest, 21)	Run tests	2026-06-22T17:43:26.9981133Z [0m[[0m[0minfo[0m] [0m[0m[32m- should unregister documents[0m[0m
Test (ubuntu-latest, 21)	Run tests	2026-06-22T17:43:26.9985185Z [0m[[0m[0minfo[0m] [0m[0m[32m- should list all document IDs[0m[0m
Test (ubuntu-latest, 21)	Run tests	2026-06-22T17:43:26.9988764Z [0m[[0m[0minfo[0m] [0m[0m[32m- should clear all registrations[0m[0m
Test (ubuntu-latest, 21)	Run tests	2026-06-22T17:43:26.9990338Z [0m[[0m[0minfo[0m] [0m[0m[32mLoadingConfig[0m[0m
Test (ubuntu-latest, 21)	Run tests	2026-06-22T17:43:26.9991850Z [0m[[0m[0minfo[0m] [0m[0m[32m- should have sensible defaults[0m[0m
Test (ubuntu-latest, 21)	Run tests	2026-06-22T17:43:26.9993578Z [0m[[0m[0minfo[0m] [0m[0m[32m- should provide strict preset[0m[0m
Test (ubuntu-latest, 21)	Run tests	2026-06-22T17:43:26.9995403Z [0m[[0m[0minfo[0m] [0m[0m[32m- should provide lenient preset[0m[0m
Test (ubuntu-latest, 21)	Run tests	2026-06-22T17:43:26.9997002Z [0m[[0m[0minfo[0m] [0m[0m[32m- should provide high performance preset[0m[0m
Test (ubuntu-latest, 21)	Run tests	2026-06-22T17:43:26.9999729Z [0m[[0m[0minfo[0m] [0m[0m[32m- should support fluent configuration[0m[0m
Test (ubuntu-latest, 21)	Run tests	2026-06-22T17:43:27.0001046Z [0m[[0m[0minfo[0m] [0m[0m[32mDocumentLoaders.empty[0m[0m
Test (ubuntu-latest, 21)	Run tests	2026-06-22T17:43:27.0002482Z [0m[[0m[0minfo[0m] [0m[0m[32m- should return no documents[0m[0m
Test (ubuntu-latest, 21)	Run tests	2026-06-22T17:43:27.0003746Z [0m[[0m[0minfo[0m] [0m[0m[32mDocumentLoaders.successesOnly[0m[0m
Test (ubuntu-latest, 21)	Run tests	2026-06-22T17:43:27.0005302Z [0m[[0m[0minfo[0m] [0m[0m[32m- should filter out failures and skips[0m[0m
Test (ubuntu-latest, 21)	Run tests	2026-06-22T17:43:27.0006827Z [0m[[0m[0minfo[0m] [0m[0m[32mDocumentLoaders.fromIterator[0m[0m
Test (ubuntu-latest, 21)	Run tests	2026-06-22T17:43:27.0008172Z [0m[[0m[0minfo[0m] [0m[0m[32m- should create loader from iterator[0m[0m
Test (ubuntu-latest, 21)	Run tests	2026-06-22T17:43:27.0013301Z [0m[[0m[0minfo[0m] [0m[0m[32m- should use default description[0m[0m
Test (ubuntu-latest, 21)	Run tests	2026-06-22T17:43:27.0014507Z [0m[[0m[0minfo[0m] [0m[0m[32mDocumentLoaders.fromDocuments[0m[0m
Test (ubuntu-latest, 21)	Run tests	2026-06-22T17:43:27.0023983Z [0m[[0m[0minfo[0m] [0m[0m[32m- should create loader from sequence[0m[0m
Test (ubuntu-latest, 21)	Run tests	2026-06-22T17:43:27.0025230Z [0m[[0m[0minfo[0m] [0m[0m[32mDocumentLoaders.defer[0m[0m
Test (ubuntu-latest, 21)	Run tests	2026-06-22T17:43:27.0027904Z [0m[[0m[0minfo[0m] [0m[0m[32m- should lazily create the loader[0m[0m
Test (ubuntu-latest, 21)	Run tests	2026-06-22T17:43:27.0033326Z [0m[[0m[0minfo[0m] [0m[0m[32m- should cache the underlying loader[0m[0m
Test (ubuntu-latest, 21)	Run tests	2026-06-22T17:43:27.0034347Z [0m[[0m[0minfo[0m] [0m[0m[32mDocumentLoaders.withMetadata[0m[0m
Test (ubuntu-latest, 21)	Run tests	2026-06-22T17:43:27.0041913Z [0m[[0m[0minfo[0m] [0m[0m[32m- should add metadata to all documents[0m[0m
Test (ubuntu-latest, 21)	Run tests	2026-06-22T17:43:27.0042942Z [0m[[0m[0minfo[0m] [0m[0m[32mDocumentLoaders.withHints[0m[0m
Test (ubuntu-latest, 21)	Run tests	2026-06-22T17:43:27.0052313Z [0m[[0m[0minfo[0m] [0m[0m[32m- should add hints to all documents[0m[0m
Test (ubuntu-latest, 21)	Run tests	2026-06-22T17:43:27.0058094Z [0m[[0m[0minfo[0m] [0m[0m[32m- should merge with existing hints[0m[0m
Test (ubuntu-latest, 21)	Run tests	2026-06-22T17:43:27.0059310Z [0m[[0m[0minfo[0m] [0m[0m[32mDocumentLoaders.drop[0m[0m
Test (ubuntu-latest, 21)	Run tests	2026-06-22T17:43:27.0067739Z [0m[[0m[0minfo[0m] [0m[0m[32m- should skip first n documents[0m[0m
Test (ubuntu-latest, 21)	Run tests	2026-06-22T17:43:27.0083820Z [0m[[0m[0minfo[0m] [0m[0m[32m- should handle drop more than available[0m[0m
Test (ubuntu-latest, 21)	Run tests	2026-06-22T17:43:27.0085109Z [0m[[0m[0minfo[0m] [0m[0m[32m- should update estimatedCount correctly[0m[0m
Test (ubuntu-latest, 21)	Run tests	2026-06-22T17:43:27.0086243Z [0m[[0m[0minfo[0m] [0m[0m[32mDocumentLoaders.combine estimatedCount[0m[0m
Test (ubuntu-latest, 21)	Run tests	2026-06-22T17:43:27.0087145Z [0m[[0m[0minfo[0m] [0m[0m[32m- should sum all counts when all defined[0m[0m
Test (ubuntu-latest, 21)	Run tests	2026-06-22T17:43:27.0088217Z [0m[[0m[0minfo[0m] [0m[0m[32m- should return None when any count is undefined[0m[0m
Test (ubuntu-latest, 21)	Run tests	2026-06-22T17:43:27.0089284Z [0m[[0m[0minfo[0m] [0m[0m[32mDocumentLoaders.filter[0m[0m
Test (ubuntu-latest, 21)	Run tests	2026-06-22T17:43:27.0090051Z [0m[[0m[0minfo[0m] [0m[0m[32m- should preserve errors in output[0m[0m
Test (ubuntu-latest, 21)	Run tests	2026-06-22T17:43:27.0090652Z [0m[[0m[0minfo[0m] [0m[0m[32mDocumentLoaders.map[0m[0m
Test (ubuntu-latest, 21)	Run tests	2026-06-22T17:43:27.0095581Z [0m[[0m[0minfo[0m] [0m[0m[32m- should preserve errors[0m[0m
Test (ubuntu-latest, 21)	Run tests	2026-06-22T17:43:27.0098842Z [0m[[0m[0minfo[0m] [0m[0m[32m- should preserve estimatedCount[0m[0m
Test (ubuntu-latest, 21)	Run tests	2026-06-22T17:43:27.0100128Z [0m[[0m[0minfo[0m] [0m[0m[32mDocumentLoaders.take[0m[0m
Test (ubuntu-latest, 21)	Run tests	2026-06-22T17:43:27.0108157Z [0m[[0m[0minfo[0m] [0m[0m[32m- should update estimatedCount[0m[0m
Test (ubuntu-latest, 21)	Run tests	2026-06-22T17:43:27.0109415Z [0m[[0m[0minfo[0m] [0m[0m[32m- should not exceed original count[0m[0m
Test (ubuntu-latest, 21)	Run tests	2026-06-22T17:43:27.0110747Z [0m[[0m[0minfo[0m] [0m[0m[32mTextLoader.empty[0m[0m
Test (ubuntu-latest, 21)	Run tests	2026-06-22T17:43:27.0111985Z [0m[[0m[0minfo[0m] [0m[0m[32m- should return no documents[0m[0m
Test (ubuntu-latest, 21)	Run tests	2026-06-22T17:43:27.0113275Z [0m[[0m[0minfo[0m] [0m[0m[32mTextLoader.apply(content)[0m[0m
Test (ubuntu-latest, 21)	Run tests	2026-06-22T17:43:27.0114625Z [0m[[0m[0minfo[0m] [0m[0m[32m- should create with auto-generated ID[0m[0m
Test (ubuntu-latest, 21)	Run tests	2026-06-22T17:43:27.0116420Z [0m[[0m[0minfo[0m] [0m[0m[32mTextLoader.apply(content, id, metadata)[0m[0m
Test (ubuntu-latest, 21)	Run tests	2026-06-22T17:43:27.0118977Z [0m[[0m[0minfo[0m] [0m[0m[32m- should create with metadata[0m[0m
Test (ubuntu-latest, 21)	Run tests	2026-06-22T17:43:27.0120477Z [0m[[0m[0minfo[0m] [0m[0m[32mTextLoader.fromMap[0m[0m
Test (ubuntu-latest, 21)	Run tests	2026-06-22T17:43:27.0130365Z [0m[[0m[0minfo[0m] [0m[0m[32m- should create from ID -> content map[0m[0m
Test (ubuntu-latest, 21)	Run tests	2026-06-22T17:43:27.0133118Z [0m[[0m[0minfo[0m] [0m[0m[32mTextLoader.fromContents[0m[0m
Test (ubuntu-latest, 21)	Run tests	2026-06-22T17:43:27.0143100Z [0m[[0m[0minfo[0m] [0m[0m[32m- should create with auto-generated IDs[0m[0m
Test (ubuntu-latest, 21)	Run tests	2026-06-22T17:43:27.0146673Z [0m[[0m[0minfo[0m] [0m[0m[32mTextLoader.withDocument(doc)[0m[0m
Test (ubuntu-latest, 21)	Run tests	2026-06-22T17:43:27.0147644Z [0m[[0m[0minfo[0m] [0m[0m[32m- should add a document[0m[0m
Test (ubuntu-latest, 21)	Run tests	2026-06-22T17:43:27.0148556Z [0m[[0m[0minfo[0m] [0m[0m[32mTextLoaderBuilder.add(doc)[0m[0m
Test (ubuntu-latest, 21)	Run tests	2026-06-22T17:43:27.0152118Z [0m[[0m[0minfo[0m] [0m[0m[32m- should add a document object[0m[0m
Test (ubuntu-latest, 21)	Run tests	2026-06-22T17:43:27.0154602Z [0m[[0m[0minfo[0m] [0m[0m[32mLoadResult.isSuccess[0m[0m
Test (ubuntu-latest, 21)	Run tests	2026-06-22T17:43:27.0157850Z [0m[[0m[0minfo[0m] [0m[0m[32m- should return correct values[0m[0m
Test (ubuntu-latest, 21)	Run tests	2026-06-22T17:43:27.0160056Z [0m[[0m[0minfo[0m] [0m[0m[32mLoadResult.isFailure[0m[0m
Test (ubuntu-latest, 21)	Run tests	2026-06-22T17:43:27.0165439Z [0m[[0m[0minfo[0m] [0m[0m[32m- should return correct values[0m[0m
Test (ubuntu-latest, 21)	Run tests	2026-06-22T17:43:27.0166319Z [0m[[0m[0minfo[0m] [0m[0m[32mLoadResult.isSkipped[0m[0m
Test (ubuntu-latest, 21)	Run tests	2026-06-22T17:43:27.0167270Z [0m[[0m[0minfo[0m] [0m[0m[32m- should return correct values[0m[0m
Test (ubuntu-latest, 21)	Run tests	2026-06-22T17:43:27.0168190Z [0m[[0m[0minfo[0m] [0m[0m[32mLoadResult.toOption[0m[0m
Test (ubuntu-latest, 21)	Run tests	2026-06-22T17:43:27.0169197Z [0m[[0m[0minfo[0m] [0m[0m[32m- should return Some for success, None otherwise[0m[0m
Test (ubuntu-latest, 21)	Run tests	2026-06-22T17:43:27.0170151Z [0m[[0m[0minfo[0m] [0m[0m[32mDocument.length[0m[0m
Test (ubuntu-latest, 21)	Run tests	2026-06-22T17:43:27.0170967Z [0m[[0m[0minfo[0m] [0m[0m[32m- should return content length[0m[0m
Test (ubuntu-latest, 21)	Run tests	2026-06-22T17:43:27.0171791Z [0m[[0m[0minfo[0m] [0m[0m[32mDocument.isEmpty[0m[0m
Test (ubuntu-latest, 21)	Run tests	2026-06-22T17:43:27.0172653Z [0m[[0m[0minfo[0m] [0m[0m[32m- should return true for empty content[0m[0m
Test (ubuntu-latest, 21)	Run tests	2026-06-22T17:43:27.0173579Z [0m[[0m[0minfo[0m] [0m[0m[32mDocument.nonEmpty[0m[0m
Test (ubuntu-latest, 21)	Run tests	2026-06-22T17:43:27.0174485Z [0m[[0m[0minfo[0m] [0m[0m[32m- should return true for non-empty content[0m[0m
Test (ubuntu-latest, 21)	Run tests	2026-06-22T17:43:27.0175676Z [0m[[0m[0minfo[0m] [0m[0m[32mLoadStats.formattedErrors[0m[0m
Test (ubuntu-latest, 21)	Run tests	2026-06-22T17:43:27.0176675Z [0m[[0m[0minfo[0m] [0m[0m[32m- should return formatted error list[0m[0m
Test (ubuntu-latest, 21)	Run tests	2026-06-22T17:43:27.0191481Z [0m[[0m[0minfo[0m] [0m[0m[32m- should return empty string when no errors[0m[0m
Test (ubuntu-latest, 21)	Run tests	2026-06-22T17:43:27.0192467Z [0m[[0m[0minfo[0m] [0m[0m[32mSyncStats.hasChanges[0m[0m
Test (ubuntu-latest, 21)	Run tests	2026-06-22T17:43:27.0193231Z [0m[[0m[0minfo[0m] [0m[0m[32m- should return true when any changes[0m[0m
Test (ubuntu-latest, 21)	Run tests	2026-06-22T17:43:27.0194074Z [0m[[0m[0minfo[0m] [0m[0m[32mDocumentHints.merge[0m[0m
Test (ubuntu-latest, 21)	Run tests	2026-06-22T17:43:27.0194924Z [0m[[0m[0minfo[0m] [0m[0m[32m- should combine hints with skipReason[0m[0m
Test (ubuntu-latest, 21)	Run tests	2026-06-22T17:43:27.0195959Z [0m[[0m[0minfo[0m] [0m[0m[32m- should prefer this instance's values over other[0m[0m
Test (ubuntu-latest, 21)	Run tests	2026-06-22T17:43:27.0197047Z [0m[[0m[0minfo[0m] [0m[0m[32mDocumentHints.shouldSkip[0m[0m
Test (ubuntu-latest, 21)	Run tests	2026-06-22T17:43:27.0198388Z [0m[[0m[0minfo[0m] [0m[0m[32m- should return true when skip reason is set[0m[0m
Test (ubuntu-latest, 21)	Run tests	2026-06-22T17:43:27.0199460Z [0m[[0m[0minfo[0m] [0m[0m[32mDocumentVersion.isDifferentFrom[0m[0m
Test (ubuntu-latest, 21)	Run tests	2026-06-22T17:43:27.0200444Z [0m[[0m[0minfo[0m] [0m[0m[32m- should detect changes[0m[0m
Test (ubuntu-latest, 21)	Run tests	2026-06-22T17:43:27.0201456Z [0m[[0m[0minfo[0m] [0m[0m[32mLoadingConfig.withContinueOnError[0m[0m
Test (ubuntu-latest, 21)	Run tests	2026-06-22T17:43:27.0202386Z [0m[[0m[0minfo[0m] [0m[0m[32m- should set failFast to false[0m[0m
Test (ubuntu-latest, 21)	Run tests	2026-06-22T17:43:27.0203320Z [0m[[0m[0minfo[0m] [0m[0m[32mLoadingConfig.withVersioning[0m[0m
Test (ubuntu-latest, 21)	Run tests	2026-06-22T17:43:27.0204208Z [0m[[0m[0minfo[0m] [0m[0m[32m- should enable versioning[0m[0m
Test (ubuntu-latest, 21)	Run tests	2026-06-22T17:43:27.0205402Z [0m[[0m[0minfo[0m] [0m[0m[32m- should disable versioning[0m[0m
Test (ubuntu-latest, 21)	Run tests	2026-06-22T17:43:27.0206337Z [0m[[0m[0minfo[0m] [0m[0m[32mLoadingConfig.withSkipEmpty[0m[0m
Test (ubuntu-latest, 21)	Run tests	2026-06-22T17:43:27.0207298Z [0m[[0m[0minfo[0m] [0m[0m[32m- should enable skip empty[0m[0m
Test (ubuntu-latest, 21)	Run tests	2026-06-22T17:43:27.0208240Z [0m[[0m[0minfo[0m] [0m[0m[32m- should disable skip empty[0m[0m
Test (ubuntu-latest, 21)	Run tests	2026-06-22T17:43:27.0209377Z [0m[[0m[0minfo[0m] [0m[0m[32mLoadingConfig.withHints[0m[0m
Test (ubuntu-latest, 21)	Run tests	2026-06-22T17:43:27.0210186Z [0m[[0m[0minfo[0m] [0m[0m[32m- should enable hints[0m[0m
Test (ubuntu-latest, 21)	Run tests	2026-06-22T17:43:27.0210983Z [0m[[0m[0minfo[0m] [0m[0m[32m- should disable hints[0m[0m
Test (ubuntu-latest, 21)	Run tests	2026-06-22T17:43:27.0211844Z [0m[[0m[0minfo[0m] [0m[0m[32mLoadingConfig.conservative[0m[0m
Test (ubuntu-latest, 21)	Run tests	2026-06-22T17:43:27.0212719Z [0m[[0m[0minfo[0m] [0m[0m[32m- should have lower parallelism[0m[0m
Test (ubuntu-latest, 21)	Run tests	2026-06-22T17:43:27.0245216Z 
Test (ubuntu-latest, 21)	Run tests	2026-06-22T17:43:27.0245763Z [32m[1m--- CACHE HIT ---[0m
Test (ubuntu-latest, 21)	Run tests	2026-06-22T17:43:27.0246418Z [90mTimestamp: 2026-06-22T17:43:27.024074204Z[0m
Test (ubuntu-latest, 21)	Run tests	2026-06-22T17:43:27.0247125Z [32mSimilarity: 0.9500[0m
Test (ubuntu-latest, 21)	Run tests	2026-06-22T17:43:27.0257059Z [32mThreshold: 0.9000[0m
Test (ubuntu-latest, 21)	Run tests	2026-06-22T17:43:27.0257612Z 
Test (ubuntu-latest, 21)	Run tests	2026-06-22T17:43:27.0257859Z 
Test (ubuntu-latest, 21)	Run tests	2026-06-22T17:43:27.0258420Z [33m[1m--- CACHE MISS ---[0m
Test (ubuntu-latest, 21)	Run tests	2026-06-22T17:43:27.0259352Z [90mTimestamp: 2026-06-22T17:43:27.025057645Z[0m
Test (ubuntu-latest, 21)	Run tests	2026-06-22T17:43:27.0260256Z [33mReason: low_similarity[0m
Test (ubuntu-latest, 21)	Run tests	2026-06-22T17:43:27.0265138Z 
Test (ubuntu-latest, 21)	Run tests	2026-06-22T17:43:27.0265375Z 
Test (ubuntu-latest, 21)	Run tests	2026-06-22T17:43:27.0265797Z [33m[1m--- CACHE MISS ---[0m
Test (ubuntu-latest, 21)	Run tests	2026-06-22T17:43:27.0266636Z [90mTimestamp: 2026-06-22T17:43:27.025358472Z[0m
Test (ubuntu-latest, 21)	Run tests	2026-06-22T17:43:27.0267472Z [33mReason: ttl_expired[0m
Test (ubuntu-latest, 21)	Run tests	2026-06-22T17:43:27.0267865Z 
Test (ubuntu-latest, 21)	Run tests	2026-06-22T17:43:27.0273693Z [0m[[0m[0minfo[0m] [0m[0m[32mConsoleTracingCacheEventsSpec:[0m[0m
Test (ubuntu-latest, 21)	Run tests	2026-06-22T17:43:27.0275421Z [0m[[0m[0minfo[0m] [0m[0m[32m- ConsoleTracing handles CacheHit event without errors[0m[0m
Test (ubuntu-latest, 21)	Run tests	2026-06-22T17:43:27.0277177Z [0m[[0m[0minfo[0m] [0m[0m[32m- ConsoleTracing handles CacheMiss with LowSimilarity reason[0m[0m
Test (ubuntu-latest, 21)	Run tests	2026-06-22T17:43:27.0279027Z [0m[[0m[0minfo[0m] [0m[0m[32m- ConsoleTracing handles CacheMiss with TtlExpired reason[0m[0m
Test (ubuntu-latest, 21)	Run tests	2026-06-22T17:43:27.0280856Z [0m[[0m[0minfo[0m] [0m[0m[32m- ConsoleTracing handles CacheMiss with OptionsMismatch reason[0m[0m
Test (ubuntu-latest, 21)	Run tests	2026-06-22T17:43:27.0281920Z 
Test (ubuntu-latest, 21)	Run tests	2026-06-22T17:43:27.0282440Z [33m[1m--- CACHE MISS ---[0m
Test (ubuntu-latest, 21)	Run tests	2026-06-22T17:43:27.0283400Z [90mTimestamp: 2026-06-22T17:43:27.025714392Z[0m
Test (ubuntu-latest, 21)	Run tests	2026-06-22T17:43:27.0284389Z [33mReason: options_mismatch[0m
Test (ubuntu-latest, 21)	Run tests	2026-06-22T17:43:27.0285239Z 
Test (ubuntu-latest, 21)	Run tests	2026-06-22T17:43:27.0307193Z [0m[[0m[0minfo[0m] [0m[0m[32mAgentStateSpec:[0m[0m
Test (ubuntu-latest, 21)	Run tests	2026-06-22T17:43:27.0308546Z [0m[[0m[0minfo[0m] [0m[0m[32mAgentState.addMessage[0m[0m
Test (ubuntu-latest, 21)	Run tests	2026-06-22T17:43:27.0311352Z [0m[[0m[0minfo[0m] [0m[0m[32m- should add a single message to conversation[0m[0m
Test (ubuntu-latest, 21)	Run tests	2026-06-22T17:43:27.0332001Z [0m[[0m[0minfo[0m] [0m[0m[32m- should append to existing messages[0m[0m
Test (ubuntu-latest, 21)	Run tests	2026-06-22T17:43:27.0333116Z [0m[[0m[0minfo[0m] [0m[0m[32m- should not mutate original state[0m[0m
Test (ubuntu-latest, 21)	Run tests	2026-06-22T17:43:27.0334118Z [0m[[0m[0minfo[0m] [0m[0m[32mAgentState.addMessages[0m[0m
Test (ubuntu-latest, 21)	Run tests	2026-06-22T17:43:27.0335422Z [0m[[0m[0minfo[0m] [0m[0m[32m- should add multiple messages at once[0m[0m
Test (ubuntu-latest, 21)	Run tests	2026-06-22T17:43:27.0336809Z [0m[[0m[0minfo[0m] [0m[0m[32m- should handle empty sequence[0m[0m
Test (ubuntu-latest, 21)	Run tests	2026-06-22T17:43:27.0337734Z [0m[[0m[0minfo[0m] [0m[0m[32mAgentState.log[0m[0m
Test (ubuntu-latest, 21)	Run tests	2026-06-22T17:43:27.0338601Z [0m[[0m[0minfo[0m] [0m[0m[32m- should add log entry[0m[0m
Test (ubuntu-latest, 21)	Run tests	2026-06-22T17:43:27.0339558Z [0m[[0m[0minfo[0m] [0m[0m[32m- should append to existing logs[0m[0m
Test (ubuntu-latest, 21)	Run tests	2026-06-22T17:43:27.0340555Z [0m[[0m[0minfo[0m] [0m[0m[32mAgentState.withStatus[0m[0m
Test (ubuntu-latest, 21)	Run tests	2026-06-22T17:43:27.0341459Z [0m[[0m[0minfo[0m] [0m[0m[32m- should update status[0m[0m
Test (ubuntu-latest, 21)	Run tests	2026-06-22T17:43:27.0342459Z [0m[[0m[0minfo[0m] [0m[0m[32m- should update to Failed status with error[0m[0m
Test (ubuntu-latest, 21)	Run tests	2026-06-22T17:43:27.0343502Z [0m[[0m[0minfo[0m] [0m[0m[32mAgentState.toApiConversation[0m[0m
Test (ubuntu-latest, 21)	Run tests	2026-06-22T17:43:27.0344574Z [0m[[0m[0minfo[0m] [0m[0m[32m- should inject system message at beginning[0m[0m
Test (ubuntu-latest, 21)	Run tests	2026-06-22T17:43:27.0346464Z [0m[[0m[0minfo[0m] [0m[0m[32m- should return conversation as-is when no system message[0m[0m
Test (ubuntu-latest, 21)	Run tests	2026-06-22T17:43:27.0347759Z [0m[[0m[0minfo[0m] [0m[0m[32mAgentState.pruneConversation with OldestFirst[0m[0m
Test (ubuntu-latest, 21)	Run tests	2026-06-22T17:43:27.0349178Z [0m[[0m[0minfo[0m] [0m[0m[32m- should not prune when under limit[0m[0m
Test (ubuntu-latest, 21)	Run tests	2026-06-22T17:43:27.0350295Z [0m[[0m[0minfo[0m] [0m[0m[32m- should remove oldest messages when over limit[0m[0m
Test (ubuntu-latest, 21)	Run tests	2026-06-22T17:43:27.0351530Z [0m[[0m[0minfo[0m] [0m[0m[32m- should preserve system message when configured[0m[0m
Test (ubuntu-latest, 21)	Run tests	2026-06-22T17:43:27.0352699Z [0m[[0m[0minfo[0m] [0m[0m[32mAgentState.pruneConversation with MiddleOut[0m[0m
Test (ubuntu-latest, 21)	Run tests	2026-06-22T17:43:27.0353793Z [0m[[0m[0minfo[0m] [0m[0m[32m- should keep start and end messages[0m[0m
Test (ubuntu-latest, 21)	Run tests	2026-06-22T17:43:27.0355178Z [0m[[0m[0minfo[0m] [0m[0m[32m- should preserve system message when configured[0m[0m
Test (ubuntu-latest, 21)	Run tests	2026-06-22T17:43:27.0356422Z [0m[[0m[0minfo[0m] [0m[0m[32mAgentState.pruneConversation with RecentTurnsOnly[0m[0m
Test (ubuntu-latest, 21)	Run tests	2026-06-22T17:43:27.0357643Z [0m[[0m[0minfo[0m] [0m[0m[32m- should keep only recent turns[0m[0m
Test (ubuntu-latest, 21)	Run tests	2026-06-22T17:43:27.0358704Z [0m[[0m[0minfo[0m] [0m[0m[32m- should keep all turns when fewer than limit[0m[0m
Test (ubuntu-latest, 21)	Run tests	2026-06-22T17:43:27.0359862Z [0m[[0m[0minfo[0m] [0m[0m[32m- should preserve system message when configured[0m[0m
Test (ubuntu-latest, 21)	Run tests	2026-06-22T17:43:27.0361004Z [0m[[0m[0minfo[0m] [0m[0m[32mAgentState.pruneConversation with Custom[0m[0m
Test (ubuntu-latest, 21)	Run tests	2026-06-22T17:43:27.0365579Z [0m[[0m[0minfo[0m] [0m[0m[32m- should apply custom function[0m[0m
Test (ubuntu-latest, 21)	Run tests	2026-06-22T17:43:27.0366603Z [0m[[0m[0minfo[0m] [0m[0m[32mAgentState.pruneConversation with token limit[0m[0m
Test (ubuntu-latest, 21)	Run tests	2026-06-22T17:43:27.0387260Z [0m[[0m[0minfo[0m] [0m[0m[32m- should prune based on token count[0m[0m
Test (ubuntu-latest, 21)	Run tests	2026-06-22T17:43:27.0388604Z [0m[[0m[0minfo[0m] [0m[0m[32mAgentState.saveToFile and loadFromFile[0m[0m
Test (ubuntu-latest, 21)	Run tests	2026-06-22T17:43:27.0432244Z [0m[[0m[0minfo[0m] [0m[0m[32m- should round-trip state to file[0m[0m
Test (ubuntu-latest, 21)	Run tests	2026-06-22T17:43:27.0436388Z [0m[[0m[0minfo[0m] [0m[0m[32m- should return error for non-existent file[0m[0m
Test (ubuntu-latest, 21)	Run tests	2026-06-22T17:43:27.0440955Z [0m[[0m[0minfo[0m] [0m[0m[32m- should return error for invalid JSON[0m[0m
Test (ubuntu-latest, 21)	Run tests	2026-06-22T17:43:27.0442030Z [0m[[0m[0minfo[0m] [0m[0m[32mAgentState[0m[0m
Test (ubuntu-latest, 21)	Run tests	2026-06-22T17:43:27.0445180Z [0m[[0m[0minfo[0m] [0m[0m[32m- should handle empty conversation[0m[0m
Test (ubuntu-latest, 21)	Run tests	2026-06-22T17:43:27.0446226Z [0m[[0m[0minfo[0m] [0m[0m[32m- should chain multiple operations[0m[0m
Test (ubuntu-latest, 21)	Run tests	2026-06-22T17:43:27.0454389Z [0m[[0m[0minfo[0m] [0m[0m[32m- should preserve tools reference through operations[0m[0m
Test (ubuntu-latest, 21)	Run tests	2026-06-22T17:43:27.0465865Z [0m[[0m[0minfo[0m] [0m[0m[32m- should preserve completionOptions through operations[0m[0m
Test (ubuntu-latest, 21)	Run tests	2026-06-22T17:43:27.0479603Z [0m[[0m[0minfo[0m] [0m[0m[32mRAGAsyncSpec:[0m[0m
Test (ubuntu-latest, 21)	Run tests	2026-06-22T17:43:27.0483822Z [0m[[0m[0minfo[0m] [0m[0m[32mingestAsync[0m[0m
Test (ubuntu-latest, 21)	Run tests	2026-06-22T17:43:27.0488212Z [0m[[0m[0minfo[0m] [0m[0m[32m- should complete a Future[0m[0m
Test (ubuntu-latest, 21)	Run tests	2026-06-22T17:43:27.0489017Z [0m[[0m[0minfo[0m] [0m[0m[32msyncAsync[0m[0m
Test (ubuntu-latest, 21)	Run tests	2026-06-22T17:43:27.0496636Z [0m[[0m[0minfo[0m] [0m[0m[32m- should support change detection structure[0m[0m
Test (ubuntu-latest, 21)	Run tests	2026-06-22T17:43:27.0497979Z [0m[[0m[0minfo[0m] [0m[0m[32mLoadStats.fromResults[0m[0m
Test (ubuntu-latest, 21)	Run tests	2026-06-22T17:43:27.0502208Z [0m[[0m[0minfo[0m] [0m[0m[32m- should aggregate results correctly[0m[0m
Test (ubuntu-latest, 21)	Run tests	2026-06-22T17:43:27.0504625Z [0m[[0m[0minfo[0m] [0m[0m[32mSyncStats[0m[0m
Test (ubuntu-latest, 21)	Run tests	2026-06-22T17:43:27.0508436Z [0m[[0m[0minfo[0m] [0m[0m[32m- should track changes correctly[0m[0m
Test (ubuntu-latest, 21)	Run tests	2026-06-22T17:43:27.0509778Z [0m[[0m[0minfo[0m] [0m[0m[32m- should report no changes when empty[0m[0m
Test (ubuntu-latest, 21)	Run tests	2026-06-22T17:43:27.0511018Z [0m[[0m[0minfo[0m] [0m[0m[32mLoadingConfig[0m[0m
Test (ubuntu-latest, 21)	Run tests	2026-06-22T17:43:27.0512345Z [0m[[0m[0minfo[0m] [0m[0m[32m- should configure parallelism for async operations[0m[0m
Test (ubuntu-latest, 21)	Run tests	2026-06-22T17:43:27.0513738Z [0m[[0m[0minfo[0m] [0m[0m[32m- should support custom parallelism settings[0m[0m
Test (ubuntu-latest, 21)	Run tests	2026-06-22T17:43:27.0515208Z [0m[[0m[0minfo[0m] [0m[0m[32mFuture operations[0m[0m
Test (ubuntu-latest, 21)	Run tests	2026-06-22T17:43:27.0516504Z [0m[[0m[0minfo[0m] [0m[0m[32m- should work with execution context[0m[0m
Test (ubuntu-latest, 21)	Run tests	2026-06-22T17:43:27.0524233Z [0m[[0m[0minfo[0m] [0m[0m[32m- should support Future.sequence for batch processing pattern[0m[0m
Test (ubuntu-latest, 21)	Run tests	2026-06-22T17:43:27.0555891Z [0m[[0m[0minfo[0m] [0m[0m[32mBenchmarkRunnerSpec:[0m[0m
Test (ubuntu-latest, 21)	Run tests	2026-06-22T17:43:27.0556856Z [0m[[0m[0minfo[0m] [0m[0m[32mBenchmarkRunnerOptions[0m[0m
Test (ubuntu-latest, 21)	Run tests	2026-06-22T17:43:27.0565519Z [0m[[0m[0minfo[0m] [0m[0m[32m- should carry the expected defaults[0m[0m
Test (ubuntu-latest, 21)	Run tests	2026-06-22T17:43:27.0570791Z [0m[[0m[0minfo[0m] [0m[0m[32m- should allow overriding individual fields[0m[0m
Test (ubuntu-latest, 21)	Run tests	2026-06-22T17:43:27.0572106Z [0m[[0m[0minfo[0m] [0m[0m[32mBenchmarkRunner.apply[0m[0m
Test (ubuntu-latest, 21)	Run tests	2026-06-22T17:43:27.0995054Z [0m[[0m[0minfo[0m] [0m[0m[32m- should create a runner with default options[0m[0m
Test (ubuntu-latest, 21)	Run tests	2026-06-22T17:43:27.0999719Z [0m[[0m[0minfo[0m] [0m[0m[32m- should accept and expose custom options[0m[0m
Test (ubuntu-latest, 21)	Run tests	2026-06-22T17:43:27.1002302Z [0m[[0m[0minfo[0m] [0m[0m[32mBenchmarkRunner.runSuite[0m[0m
Test (ubuntu-latest, 21)	Run tests	2026-06-22T17:43:27.1006608Z [0m[[0m[0minfo[0m] [0m[0m[32m- should return Left when the dataset file does not exist[0m[0m
Test (ubuntu-latest, 21)	Run tests	2026-06-22T17:43:27.1064035Z 17:43:27.106 [pool-1-thread-1-ScalaTest-running-BenchmarkRunnerSpec] WARN  o.l.rag.benchmark.BenchmarkRunner -   Experiment failed: embedding provider down
Test (ubuntu-latest, 21)	Run tests	2026-06-22T17:43:27.1079639Z 17:43:27.107 [pool-1-thread-1-ScalaTest-running-BenchmarkRunnerSpec] WARN  o.l.rag.benchmark.BenchmarkRunner -   Experiment failed: embedding provider down
Test (ubuntu-latest, 21)	Run tests	2026-06-22T17:43:27.1083171Z [0m[[0m[0minfo[0m] [0m[0m[32m- should return Right(BenchmarkResults) even when all experiments fail[0m[0m
Test (ubuntu-latest, 21)	Run tests	2026-06-22T17:43:27.1097462Z 17:43:27.109 [pool-1-thread-1-ScalaTest-running-BenchmarkRunnerSpec] WARN  o.l.rag.benchmark.BenchmarkRunner -   Experiment failed: embedding provider down
Test (ubuntu-latest, 21)	Run tests	2026-06-22T17:43:27.1109142Z 17:43:27.110 [pool-1-thread-1-ScalaTest-running-BenchmarkRunnerSpec] WARN  o.l.rag.benchmark.BenchmarkRunner -   Experiment failed: embedding provider down
Test (ubuntu-latest, 21)	Run tests	2026-06-22T17:43:27.1113218Z [0m[[0m[0minfo[0m] [0m[0m[32m- should mark every experiment as failed when embedding is unavailable[0m[0m
Test (ubuntu-latest, 21)	Run tests	2026-06-22T17:43:27.1128238Z 17:43:27.112 [pool-1-thread-1-ScalaTest-running-BenchmarkRunnerSpec] WARN  o.l.rag.benchmark.BenchmarkRunner -   Experiment failed: embedding provider down
Test (ubuntu-latest, 21)	Run tests	2026-06-22T17:43:27.1142439Z 17:43:27.113 [pool-1-thread-1-ScalaTest-running-BenchmarkRunnerSpec] WARN  o.l.rag.benchmark.BenchmarkRunner -   Experiment failed: embedding provider down
Test (ubuntu-latest, 21)	Run tests	2026-06-22T17:43:27.1146678Z [0m[[0m[0minfo[0m] [0m[0m[32m- should produce one ExperimentResult per experiment in the suite[0m[0m
Test (ubuntu-latest, 21)	Run tests	2026-06-22T17:43:27.1157875Z 17:43:27.115 [pool-1-thread-1-ScalaTest-running-BenchmarkRunnerSpec] WARN  o.l.rag.benchmark.BenchmarkRunner -   Experiment failed: embedding provider down
Test (ubuntu-latest, 21)	Run tests	2026-06-22T17:43:27.1170283Z 17:43:27.116 [pool-1-thread-1-ScalaTest-running-BenchmarkRunnerSpec] WARN  o.l.rag.benchmark.BenchmarkRunner -   Experiment failed: embedding provider down
Test (ubuntu-latest, 21)	Run tests	2026-06-22T17:43:27.1173714Z [0m[[0m[0minfo[0m] [0m[0m[32m- should record a start time no later than the end time[0m[0m
Test (ubuntu-latest, 21)	Run tests	2026-06-22T17:43:27.1187777Z 17:43:27.118 [pool-1-thread-1-ScalaTest-running-BenchmarkRunnerSpec] WARN  o.l.rag.benchmark.BenchmarkRunner -   Experiment failed: embedding provider down
Test (ubuntu-latest, 21)	Run tests	2026-06-22T17:43:27.1200113Z 17:43:27.119 [pool-1-thread-1-ScalaTest-running-BenchmarkRunnerSpec] WARN  o.l.rag.benchmark.BenchmarkRunner -   Experiment failed: embedding provider down
Test (ubuntu-latest, 21)	Run tests	2026-06-22T17:43:27.1206497Z [0m[[0m[0minfo[0m] [0m[0m[32m- should include the failure reason in each failed ExperimentResult[0m[0m
Test (ubuntu-latest, 21)	Run tests	2026-06-22T17:43:27.1207931Z [0m[[0m[0minfo[0m] [0m[0m[32mBenchmarkRunner with verbose = true[0m[0m
Test (ubuntu-latest, 21)	Run tests	2026-06-22T17:43:27.1222450Z 17:43:27.122 [pool-1-thread-1-ScalaTest-running-BenchmarkRunnerSpec] WARN  o.l.rag.benchmark.BenchmarkRunner -   Experiment failed: embedding provider down
Test (ubuntu-latest, 21)	Run tests	2026-06-22T17:43:27.1236175Z 17:43:27.123 [pool-1-thread-1-ScalaTest-running-BenchmarkRunnerSpec] WARN  o.l.rag.benchmark.BenchmarkRunner -   Experiment failed: embedding provider down
Test (ubuntu-latest, 21)	Run tests	2026-06-22T17:43:27.1239860Z [0m[[0m[0minfo[0m] [0m[0m[32m- should not throw when running a suite[0m[0m
Test (ubuntu-latest, 21)	Run tests	2026-06-22T17:43:27.1241591Z [0m[[0m[0minfo[0m] [0m[0m[32mBenchmarkRunner.quickTest[0m[0m
Test (ubuntu-latest, 21)	Run tests	2026-06-22T17:43:27.1244168Z [0m[[0m[0minfo[0m] [0m[0m[32m- should return Left when the dataset file does not exist[0m[0m
Test (ubuntu-latest, 21)	Run tests	2026-06-22T17:43:27.1261756Z [0m[[0m[0minfo[0m] [0m[0m[32m- should propagate the experiment failure when embedding is unavailable[0m[0m
Test (ubuntu-latest, 21)	Run tests	2026-06-22T17:43:27.1263809Z [0m[[0m[0minfo[0m] [0m[0m[32mBenchmarkRunner.compareConfigs[0m[0m
Test (ubuntu-latest, 21)	Run tests	2026-06-22T17:43:27.1266740Z [0m[[0m[0minfo[0m] [0m[0m[32m- should return Left when the dataset file does not exist[0m[0m
Test (ubuntu-latest, 21)	Run tests	2026-06-22T17:43:27.1285128Z [0m[[0m[0minfo[0m] [0m[0m[32m- should return Left when both experiments fail (for comprehension short-circuits)[0m[0m
Test (ubuntu-latest, 21)	Run tests	2026-06-22T17:43:27.1287106Z [0m[[0m[0minfo[0m] [0m[0m[32mBenchmarkRunner document extraction[0m[0m
Test (ubuntu-latest, 21)	Run tests	2026-06-22T17:43:27.1304402Z 17:43:27.130 [pool-1-thread-1-ScalaTest-running-BenchmarkRunnerSpec] WARN  o.l.rag.benchmark.BenchmarkRunner -   Experiment failed: capture complete ΓÇö stop indexing
Test (ubuntu-latest, 21)	Run tests	2026-06-22T17:43:27.1317662Z 17:43:27.131 [pool-1-thread-1-ScalaTest-running-BenchmarkRunnerSpec] WARN  o.l.rag.benchmark.BenchmarkRunner -   Experiment failed: capture complete ΓÇö stop indexing
Test (ubuntu-latest, 21)	Run tests	2026-06-22T17:43:27.1332408Z [0m[[0m[0minfo[0m] [0m[0m[32m- should deduplicate identical contexts across samples[0m[0m
Test (ubuntu-latest, 21)	Run tests	2026-06-22T17:43:27.1344356Z [0m[[0m[0minfo[0m] [0m[0m[32mDocumentFormatSpec:[0m[0m
Test (ubuntu-latest, 21)	Run tests	2026-06-22T17:43:27.1346760Z [0m[[0m[0minfo[0m] [0m[0m[32mDocumentFormat.fromMimeType[0m[0m
Test (ubuntu-latest, 21)	Run tests	2026-06-22T17:43:27.1347462Z [0m[[0m[0minfo[0m] [0m[0m[32m- should convert PDF MIME type[0m[0m
Test (ubuntu-latest, 21)	Run tests	2026-06-22T17:43:27.1348127Z [0m[[0m[0minfo[0m] [0m[0m[32m- should convert DOCX MIME type[0m[0m
Test (ubuntu-latest, 21)	Run tests	2026-06-22T17:43:27.1356185Z [0m[[0m[0minfo[0m] [0m[0m[32m- should convert text MIME types[0m[0m
Test (ubuntu-latest, 21)	Run tests	2026-06-22T17:43:27.1364032Z [0m[[0m[0minfo[0m] [0m[0m[32m- should convert JSON and XML[0m[0m
Test (ubuntu-latest, 21)	Run tests	2026-06-22T17:43:27.1366427Z [0m[[0m[0minfo[0m] [0m[0m[32m- should return Unknown for unrecognized types[0m[0m
Test (ubuntu-latest, 21)	Run tests	2026-06-22T17:43:27.1367543Z [0m[[0m[0minfo[0m] [0m[0m[32mDocumentFormat.fromExtension[0m[0m
Test (ubuntu-latest, 21)	Run tests	2026-06-22T17:43:27.1368574Z [0m[[0m[0minfo[0m] [0m[0m[32m- should detect format from file extension[0m[0m
Test (ubuntu-latest, 21)	Run tests	2026-06-22T17:43:27.1369299Z [0m[[0m[0minfo[0m] [0m[0m[32m- should handle case insensitivity[0m[0m
Test (ubuntu-latest, 21)	Run tests	2026-06-22T17:43:27.1370010Z [0m[[0m[0minfo[0m] [0m[0m[32m- should return Unknown for unrecognized extensions[0m[0m
Test (ubuntu-latest, 21)	Run tests	2026-06-22T17:43:27.1391426Z [0m[[0m[0minfo[0m] [0m[0m[32mSessionManagerSpec:[0m[0m
Test (ubuntu-latest, 21)	Run tests	2026-06-22T17:43:27.1392654Z [0m[[0m[0minfo[0m] [0m[0m[32mSessionManager.saveSession[0m[0m
Test (ubuntu-latest, 21)	Run tests	2026-06-22T17:43:27.1404586Z [0m[[0m[0minfo[0m] [0m[0m[32m- should save session with default title[0m[0m
Test (ubuntu-latest, 21)	Run tests	2026-06-22T17:43:27.1423962Z [0m[[0m[0minfo[0m] [0m[0m[32m- should create both JSON and markdown files[0m[0m
Test (ubuntu-latest, 21)	Run tests	2026-06-22T17:43:27.1429000Z [0m[[0m[0minfo[0m] [0m[0m[32m- should return error when no agent state to save[0m[0m
Test (ubuntu-latest, 21)	Run tests	2026-06-22T17:43:27.1441975Z [0m[[0m[0minfo[0m] [0m[0m[32m- should sanitize special characters in title[0m[0m
Test (ubuntu-latest, 21)	Run tests	2026-06-22T17:43:27.1445237Z [0m[[0m[0minfo[0m] [0m[0m[32mSessionManager.loadSession[0m[0m
Test (ubuntu-latest, 21)	Run tests	2026-06-22T17:43:27.1478932Z [0m[[0m[0minfo[0m] [0m[0m[32m- should load previously saved session[0m[0m
Test (ubuntu-latest, 21)	Run tests	2026-06-22T17:43:27.1490428Z [0m[[0m[0minfo[0m] [0m[0m[32m- should preserve conversation content[0m[0m
Test (ubuntu-latest, 21)	Run tests	2026-06-22T17:43:27.1496328Z [0m[[0m[0minfo[0m] [0m[0m[32m- should return error for non-existent session[0m[0m
Test (ubuntu-latest, 21)	Run tests	2026-06-22T17:43:27.1498552Z [0m[[0m[0minfo[0m] [0m[0m[32mSessionManager.listRecentSessions[0m[0m
Test (ubuntu-latest, 21)	Run tests	2026-06-22T17:43:27.1731655Z [0m[[0m[0minfo[0m] [0m[0m[32m- should list saved sessions[0m[0m
Test (ubuntu-latest, 21)	Run tests	2026-06-22T17:43:27.2292022Z [0m[[0m[0minfo[0m] [0m[0m[32m- should limit number of results[0m[0m
Test (ubuntu-latest, 21)	Run tests	2026-06-22T17:43:27.2819051Z [0m[[0m[0minfo[0m] [0m[0m[32m- should return most recent sessions first[0m[0m
Test (ubuntu-latest, 21)	Run tests	2026-06-22T17:43:27.2826830Z [0m[[0m[0minfo[0m] [0m[0m[32m- should return empty list for empty directory[0m[0m
Test (ubuntu-latest, 21)	Run tests	2026-06-22T17:43:27.2828200Z [0m[[0m[0minfo[0m] [0m[0m[32mSessionManager[0m[0m
Test (ubuntu-latest, 21)	Run tests	2026-06-22T17:43:27.2835868Z [0m[[0m[0minfo[0m] [0m[0m[32m- should round-trip session with logs[0m[0m
Test (ubuntu-latest, 21)	Run tests	2026-06-22T17:43:27.2846780Z [0m[[0m[0minfo[0m] [0m[0m[32m- should round-trip session with initial query[0m[0m
Test (ubuntu-latest, 21)	Run tests	2026-06-22T17:43:27.2882435Z [0m[[0m[0minfo[0m] [0m[0m[32m- should round-trip session with different statuses[0m[0m
Test (ubuntu-latest, 21)	Run tests	2026-06-22T17:43:27.2917615Z [0m[[0m[0minfo[0m] [0m[0m[32mLoggingMiddlewareSpec:[0m[0m
Test (ubuntu-latest, 21)	Run tests	2026-06-22T17:43:27.2919914Z [0m[[0m[0minfo[0m] [0m[0m[32mLoggingMiddleware[0m[0m
Test (ubuntu-latest, 21)	Run tests	2026-06-22T17:43:27.2925050Z [0m[[0m[0minfo[0m] [0m[0m[32m- should log requests and successful responses[0m[0m
Test (ubuntu-latest, 21)	Run tests	2026-06-22T17:43:27.2926402Z [0m[[0m[0minfo[0m] [0m[0m[32m- should log failures as warnings[0m[0m
Test (ubuntu-latest, 21)	Run tests	2026-06-22T17:43:27.2946222Z [0m[[0m[0minfo[0m] [0m[0m[32mHandoffIntegrationSpec:[0m[0m
Test (ubuntu-latest, 21)	Run tests	2026-06-22T17:43:27.2947574Z [0m[[0m[0minfo[0m] [0m[0m[32mAgent with handoffs[0m[0m
Test (ubuntu-latest, 21)	Run tests	2026-06-22T17:43:27.2957117Z [0m[[0m[0minfo[0m] [0m[0m[32m- should create handoff tools[0m[0m
Test (ubuntu-latest, 21)	Run tests	2026-06-22T17:43:27.2965517Z 17:43:27.296 [pool-1-thread-1-ScalaTest-running-HandoffIntegrationSpec] WARN  org.llm4s.agent.ToolProcessor$ - Tool handoff_to_agent_2517b743 failed in 1ms with error: Tool call 'handoff_to_agent_2517b743' failed with error: cannot access parameter 'reason' because parent 'root' is string, not an object
Test (ubuntu-latest, 21)	Run tests	2026-06-22T17:43:27.2977097Z [0m[[0m[0minfo[0m] [0m[0m[32m- should detect handoff from tool call[0m[0m
Test (ubuntu-latest, 21)	Run tests	2026-06-22T17:43:27.2978496Z [0m[[0m[0minfo[0m] [0m[0m[32m- should preserve context when preserveContext = true[0m[0m
Test (ubuntu-latest, 21)	Run tests	2026-06-22T17:43:27.2980041Z [0m[[0m[0minfo[0m] [0m[0m[32m- should not preserve context when preserveContext = false[0m[0m
Test (ubuntu-latest, 21)	Run tests	2026-06-22T17:43:27.2981265Z [0m[[0m[0minfo[0m] [0m[0m[32mHandoff state building[0m[0m
Test (ubuntu-latest, 21)	Run tests	2026-06-22T17:43:27.2982384Z [0m[[0m[0minfo[0m] [0m[0m[32m- should transfer system message when configured[0m[0m
Test (ubuntu-latest, 21)	Run tests	2026-06-22T17:43:27.3000178Z [0m[[0m[0minfo[0m] [0m[0m[32mIntegrationSpec:[0m[0m
Test (ubuntu-latest, 21)	Run tests	2026-06-22T17:43:27.3001602Z [0m[[0m[0minfo[0m] [0m[0m[32mComplete document processing workflow[0m[0m
Test (ubuntu-latest, 21)	Run tests	2026-06-22T17:43:27.3152355Z [0m[[0m[0minfo[0m] [0m[0m[32m- should execute successfully[0m[0m
Test (ubuntu-latest, 21)	Run tests	2026-06-22T17:43:27.3153996Z [0m[[0m[0minfo[0m] [0m[0m[32mError recovery in complex workflow[0m[0m
Test (ubuntu-latest, 21)	Run tests	2026-06-22T17:43:27.3275167Z [0m[[0m[0minfo[0m] [0m[0m[32m- should handle partial failures gracefully[0m[0m
Test (ubuntu-latest, 21)	Run tests	2026-06-22T17:43:27.3278369Z [0m[[0m[0minfo[0m] [0m[0m[32mPerformance test with parallel execution[0m[0m
Test (ubuntu-latest, 21)	Run tests	2026-06-22T17:43:27.3801581Z [0m[[0m[0minfo[0m] [0m[0m[32m- should demonstrate concurrency benefits[0m[0m
Test (ubuntu-latest, 21)	Run tests	2026-06-22T17:43:27.3804578Z [0m[[0m[0minfo[0m] [0m[0m[32mComplex DAG with multiple merge points[0m[0m
Test (ubuntu-latest, 21)	Run tests	2026-06-22T17:43:27.3843913Z [0m[[0m[0minfo[0m] [0m[0m[32m- should execute correctly[0m[0m
Test (ubuntu-latest, 21)	Run tests	2026-06-22T17:43:27.3845913Z [0m[[0m[0minfo[0m] [0m[0m[32mWorkflow with policies and error handling[0m[0m
Test (ubuntu-latest, 21)	Run tests	2026-06-22T17:43:27.6875225Z [0m[[0m[0minfo[0m] [0m[0m[32m- should demonstrate production-ready resilience[0m[0m
Test (ubuntu-latest, 21)	Run tests	2026-06-22T17:43:27.6921078Z [0m[[0m[0minfo[0m] [0m[0m[32mInMemoryGraphStoreSpec:[0m[0m
Test (ubuntu-latest, 21)	Run tests	2026-06-22T17:43:27.7009059Z [0m[[0m[0minfo[0m] [0m[0m[32m- concurrent writes from multiple threads should not lose updates or corrupt state[0m[0m
Test (ubuntu-latest, 21)	Run tests	2026-06-22T17:43:27.7015003Z [0m[[0m[0minfo[0m] [0m[0m[32m- upsertNode should insert a new node[0m[0m
Test (ubuntu-latest, 21)	Run tests	2026-06-22T17:43:27.7021859Z [0m[[0m[0minfo[0m] [0m[0m[32m- upsertNode should update existing node with new properties[0m[0m
Test (ubuntu-latest, 21)	Run tests	2026-06-22T17:43:27.7025987Z [0m[[0m[0minfo[0m] [0m[0m[32m- upsertEdge should fail if source node doesn't exist[0m[0m
Test (ubuntu-latest, 21)	Run tests	2026-06-22T17:43:27.7027623Z [0m[[0m[0minfo[0m] [0m[0m[32m- upsertEdge should fail if target node doesn't exist[0m[0m
Test (ubuntu-latest, 21)	Run tests	2026-06-22T17:43:27.7029325Z [0m[[0m[0minfo[0m] [0m[0m[32m- upsertEdge should insert edge between existing nodes[0m[0m
Test (ubuntu-latest, 21)	Run tests	2026-06-22T17:43:27.7034486Z [0m[[0m[0minfo[0m] [0m[0m[32m- upsertEdge should replace existing edge with same source, target, and relationship[0m[0m
Test (ubuntu-latest, 21)	Run tests	2026-06-22T17:43:27.7036477Z [0m[[0m[0minfo[0m] [0m[0m[32m- getNode should return None for non-existent node[0m[0m
Test (ubuntu-latest, 21)	Run tests	2026-06-22T17:43:27.7038789Z [0m[[0m[0minfo[0m] [0m[0m[32m- getNeighbors should return empty for non-existent node[0m[0m
Test (ubuntu-latest, 21)	Run tests	2026-06-22T17:43:27.7042375Z [0m[[0m[0minfo[0m] [0m[0m[32m- getNeighbors with Direction.Outgoing should return targets[0m[0m
Test (ubuntu-latest, 21)	Run tests	2026-06-22T17:43:27.7047031Z [0m[[0m[0minfo[0m] [0m[0m[32m- getNeighbors with Direction.Incoming should return sources[0m[0m
Test (ubuntu-latest, 21)	Run tests	2026-06-22T17:43:27.7050544Z [0m[[0m[0minfo[0m] [0m[0m[32m- query should filter by node label[0m[0m
Test (ubuntu-latest, 21)	Run tests	2026-06-22T17:43:27.7057692Z [0m[[0m[0minfo[0m] [0m[0m[32m- query should filter by property value[0m[0m
Test (ubuntu-latest, 21)	Run tests	2026-06-22T17:43:27.7061383Z [0m[[0m[0minfo[0m] [0m[0m[32m- query should filter by relationship type[0m[0m
Test (ubuntu-latest, 21)	Run tests	2026-06-22T17:43:27.7074644Z [0m[[0m[0minfo[0m] [0m[0m[32m- traverse should return empty for non-existent start node[0m[0m
Test (ubuntu-latest, 21)	Run tests	2026-06-22T17:43:27.7088605Z [0m[[0m[0minfo[0m] [0m[0m[32m- traverse with BFS should visit nodes in breadth-first order[0m[0m
Test (ubuntu-latest, 21)	Run tests	2026-06-22T17:43:27.7094237Z [0m[[0m[0minfo[0m] [0m[0m[32m- traverse with maxDepth should respect depth limit[0m[0m
Test (ubuntu-latest, 21)	Run tests	2026-06-22T17:43:27.7099394Z [0m[[0m[0minfo[0m] [0m[0m[32m- traverse with Direction.Outgoing should follow outgoing edges[0m[0m
Test (ubuntu-latest, 21)	Run tests	2026-06-22T17:43:27.7103345Z [0m[[0m[0minfo[0m] [0m[0m[32m- traverse with Direction.Incoming should follow incoming edges[0m[0m
Test (ubuntu-latest, 21)	Run tests	2026-06-22T17:43:27.7108955Z [0m[[0m[0minfo[0m] [0m[0m[32m- traverse with Direction.Both should follow edges in both directions[0m[0m
Test (ubuntu-latest, 21)	Run tests	2026-06-22T17:43:27.7115634Z [0m[[0m[0minfo[0m] [0m[0m[32m- deleteNode should remove node and all connected edges[0m[0m
Test (ubuntu-latest, 21)	Run tests	2026-06-22T17:43:27.7125810Z [0m[[0m[0minfo[0m] [0m[0m[32m- deleteEdge should remove only specific edge[0m[0m
Test (ubuntu-latest, 21)	Run tests	2026-06-22T17:43:27.7132291Z [0m[[0m[0minfo[0m] [0m[0m[32m- loadAll should return complete graph[0m[0m
Test (ubuntu-latest, 21)	Run tests	2026-06-22T17:43:27.7141510Z [0m[[0m[0minfo[0m] [0m[0m[32m- stats should compute correct statistics[0m[0m
Test (ubuntu-latest, 21)	Run tests	2026-06-22T17:43:27.7143517Z [0m[[0m[0minfo[0m] [0m[0m[32m- snapshot should return immutable graph state[0m[0m
Test (ubuntu-latest, 21)	Run tests	2026-06-22T17:43:27.7148031Z [0m[[0m[0minfo[0m] [0m[0m[32m- concurrent operations should succeed (thread-safe via CAS)[0m[0m
Test (ubuntu-latest, 21)	Run tests	2026-06-22T17:43:27.7149607Z [0m[[0m[0minfo[0m] [0m[0m[32m- property filtering should work with complex properties[0m[0m
Test (ubuntu-latest, 21)	Run tests	2026-06-22T17:43:27.7153271Z [0m[[0m[0minfo[0m] [0m[0m[32m- traverse should handle disconnected components[0m[0m
Test (ubuntu-latest, 21)	Run tests	2026-06-22T17:43:27.7178322Z [0m[[0m[0minfo[0m] [0m[0m[32mSessionStateSpec:[0m[0m
Test (ubuntu-latest, 21)	Run tests	2026-06-22T17:43:27.7180391Z [0m[[0m[0minfo[0m] [0m[0m[32mSessionState[0m[0m
Test (ubuntu-latest, 21)	Run tests	2026-06-22T17:43:27.7185498Z [0m[[0m[0minfo[0m] [0m[0m[32m- should create with no agent state[0m[0m
Test (ubuntu-latest, 21)	Run tests	2026-06-22T17:43:27.7187337Z [0m[[0m[0minfo[0m] [0m[0m[32m- should have a default created timestamp[0m[0m
Test (ubuntu-latest, 21)	Run tests	2026-06-22T17:43:27.7210304Z [0m[[0m[0minfo[0m] [0m[0m[32m- should create new session with withNewSession[0m[0m
Test (ubuntu-latest, 21)	Run tests	2026-06-22T17:43:27.7212798Z [0m[[0m[0minfo[0m] [0m[0m[32mSessionInfo[0m[0m
Test (ubuntu-latest, 21)	Run tests	2026-06-22T17:43:27.7215233Z [0m[[0m[0minfo[0m] [0m[0m[32m- should store all fields correctly[0m[0m
Test (ubuntu-latest, 21)	Run tests	2026-06-22T17:43:27.7220611Z [0m[[0m[0minfo[0m] [0m[0m[32m- should serialize to JSON[0m[0m
Test (ubuntu-latest, 21)	Run tests	2026-06-22T17:43:27.7223049Z [0m[[0m[0minfo[0m] [0m[0m[32mSessionSummary[0m[0m
Test (ubuntu-latest, 21)	Run tests	2026-06-22T17:43:27.7236389Z [0m[[0m[0minfo[0m] [0m[0m[32m- should store all fields correctly[0m[0m
Test (ubuntu-latest, 21)	Run tests	2026-06-22T17:43:27.7239994Z [0m[[0m[0minfo[0m] [0m[0m[32m- should serialize to JSON[0m[0m
Test (ubuntu-latest, 21)	Run tests	2026-06-22T17:43:27.7241438Z [0m[[0m[0minfo[0m] [0m[0m[32mSessionState.localDateTimeRW[0m[0m
Test (ubuntu-latest, 21)	Run tests	2026-06-22T17:43:27.7243054Z [0m[[0m[0minfo[0m] [0m[0m[32m- should serialize LocalDateTime to string[0m[0m
Test (ubuntu-latest, 21)	Run tests	2026-06-22T17:43:27.7245020Z [0m[[0m[0minfo[0m] [0m[0m[32m- should handle various datetime formats[0m[0m
Test (ubuntu-latest, 21)	Run tests	2026-06-22T17:43:27.7265890Z [0m[[0m[0minfo[0m] [0m[0m[32mCostTrackerSpec:[0m[0m
Test (ubuntu-latest, 21)	Run tests	2026-06-22T17:43:27.7267741Z [0m[[0m[0minfo[0m] [0m[0m[32mCostTracker[0m[0m
Test (ubuntu-latest, 21)	Run tests	2026-06-22T17:43:27.7285672Z [0m[[0m[0minfo[0m] [0m[0m[32m- should return zeros when empty[0m[0m
Test (ubuntu-latest, 21)	Run tests	2026-06-22T17:43:27.7297356Z [0m[[0m[0minfo[0m] [0m[0m[32m- should accumulate a single request[0m[0m
Test (ubuntu-latest, 21)	Run tests	2026-06-22T17:43:27.7300422Z [0m[[0m[0minfo[0m] [0m[0m[32m- should track multiple models separately[0m[0m
Test (ubuntu-latest, 21)	Run tests	2026-06-22T17:43:27.7367234Z [0m[[0m[0minfo[0m] [0m[0m[32m- should maintain BigDecimal precision over many small additions[0m[0m
Test (ubuntu-latest, 21)	Run tests	2026-06-22T17:43:27.7406020Z [0m[[0m[0minfo[0m] [0m[0m[32m- should handle concurrent updates correctly[0m[0m
Test (ubuntu-latest, 21)	Run tests	2026-06-22T17:43:27.7408758Z [0m[[0m[0minfo[0m] [0m[0m[32m- should reset to empty state[0m[0m
Test (ubuntu-latest, 21)	Run tests	2026-06-22T17:43:27.7434944Z [0m[[0m[0minfo[0m] [0m[0m[32m- should produce a summary string with key fields[0m[0m
Test (ubuntu-latest, 21)	Run tests	2026-06-22T17:43:27.7445206Z [0m[[0m[0minfo[0m] [0m[0m[32m- should return a valid UsageSummary from snapshot[0m[0m
Test (ubuntu-latest, 21)	Run tests	2026-06-22T17:43:27.7462613Z [0m[[0m[0minfo[0m] [0m[0m[32m- should produce a snapshot where totals match byModel breakdown[0m[0m
Test (ubuntu-latest, 21)	Run tests	2026-06-22T17:43:27.7465341Z [0m[[0m[0minfo[0m] [0m[0m[32mMetricsCollector.compose[0m[0m
Test (ubuntu-latest, 21)	Run tests	2026-06-22T17:43:27.7486688Z [0m[[0m[0minfo[0m] [0m[0m[32m- should fan out to all collectors[0m[0m
Test (ubuntu-latest, 21)	Run tests	2026-06-22T17:43:27.7505465Z [0m[[0m[0minfo[0m] [0m[0m[32m- should continue to remaining collectors when one throws[0m[0m
Test (ubuntu-latest, 21)	Run tests	2026-06-22T17:43:27.7527264Z [0m[[0m[0minfo[0m] [0m[0m[32mLLMRerankerSpec:[0m[0m
Test (ubuntu-latest, 21)	Run tests	2026-06-22T17:43:27.7529346Z [0m[[0m[0minfo[0m] [0m[0m[32mLLMReranker[0m[0m
Test (ubuntu-latest, 21)	Run tests	2026-06-22T17:43:27.7532087Z [0m[[0m[0minfo[0m] [0m[0m[32m- should have correct default values[0m[0m
Test (ubuntu-latest, 21)	Run tests	2026-06-22T17:43:27.7544132Z [0m[[0m[0minfo[0m] [0m[0m[32m- should create reranker with default parameters[0m[0m
Test (ubuntu-latest, 21)	Run tests	2026-06-22T17:43:27.7547605Z [0m[[0m[0minfo[0m] [0m[0m[32m- should create reranker with custom batch size[0m[0m
Test (ubuntu-latest, 21)	Run tests	2026-06-22T17:43:27.7549155Z [0m[[0m[0minfo[0m] [0m[0m[32m- should create reranker with custom system prompt[0m[0m
Test (ubuntu-latest, 21)	Run tests	2026-06-22T17:43:27.7552249Z [0m[[0m[0minfo[0m] [0m[0m[32m- should reject invalid batch size[0m[0m
Test (ubuntu-latest, 21)	Run tests	2026-06-22T17:43:27.7554470Z [0m[[0m[0minfo[0m] [0m[0m[32m- should return empty results for empty documents[0m[0m
Test (ubuntu-latest, 21)	Run tests	2026-06-22T17:43:27.7578981Z [0m[[0m[0minfo[0m] [0m[0m[32m- should parse JSON array of scores[0m[0m
Test (ubuntu-latest, 21)	Run tests	2026-06-22T17:43:27.7583763Z [0m[[0m[0minfo[0m] [0m[0m[32m- should handle markdown code block wrapping[0m[0m
Test (ubuntu-latest, 21)	Run tests	2026-06-22T17:43:27.7587115Z [0m[[0m[0minfo[0m] [0m[0m[32m- should handle scores as strings[0m[0m
Test (ubuntu-latest, 21)	Run tests	2026-06-22T17:43:27.7591963Z [0m[[0m[0minfo[0m] [0m[0m[32m- should clamp scores to valid range[0m[0m
Test (ubuntu-latest, 21)	Run tests	2026-06-22T17:43:27.7595196Z [0m[[0m[0minfo[0m] [0m[0m[32m- should respect topK parameter[0m[0m
Test (ubuntu-latest, 21)	Run tests	2026-06-22T17:43:27.7601365Z [0m[[0m[0minfo[0m] [0m[0m[32m- should return documents when returnDocuments is true[0m[0m
Test (ubuntu-latest, 21)	Run tests	2026-06-22T17:43:27.7605632Z [0m[[0m[0minfo[0m] [0m[0m[32m- should not return documents when returnDocuments is false[0m[0m
Test (ubuntu-latest, 21)	Run tests	2026-06-22T17:43:27.7608105Z [0m[[0m[0minfo[0m] [0m[0m[32m- should include provider metadata[0m[0m
Test (ubuntu-latest, 21)	Run tests	2026-06-22T17:43:27.7614518Z [0m[[0m[0minfo[0m] [0m[0m[32m- should pad with neutral scores when LLM returns fewer scores[0m[0m
Test (ubuntu-latest, 21)	Run tests	2026-06-22T17:43:27.7625219Z [0m[[0m[0minfo[0m] [0m[0m[32m- should handle LLM errors gracefully[0m[0m
Test (ubuntu-latest, 21)	Run tests	2026-06-22T17:43:27.7627875Z [0m[[0m[0minfo[0m] [0m[0m[32m- should send correct messages to LLM[0m[0m
Test (ubuntu-latest, 21)	Run tests	2026-06-22T17:43:27.7629909Z [0m[[0m[0minfo[0m] [0m[0m[32mRerankerFactory[0m[0m
Test (ubuntu-latest, 21)	Run tests	2026-06-22T17:43:27.7635261Z [0m[[0m[0minfo[0m] [0m[0m[32m- should create LLM reranker[0m[0m
Test (ubuntu-latest, 21)	Run tests	2026-06-22T17:43:27.7637534Z [0m[[0m[0minfo[0m] [0m[0m[32m- should create LLM reranker with custom parameters[0m[0m
Test (ubuntu-latest, 21)	Run tests	2026-06-22T17:43:27.7670949Z [0m[[0m[0minfo[0m] [0m[0m[32mThrowableOpsSpec:[0m[0m
Test (ubuntu-latest, 21)	Run tests	2026-06-22T17:43:27.7672823Z [0m[[0m[0minfo[0m] [0m[0m[32mThrowableOps.toLLMError[0m[0m
Test (ubuntu-latest, 21)	Run tests	2026-06-22T17:43:27.7674619Z [0m[[0m[0minfo[0m] [0m[0m[32m- should convert SocketTimeoutException to NetworkError[0m[0m
Test (ubuntu-latest, 21)	Run tests	2026-06-22T17:43:27.7676832Z [0m[[0m[0minfo[0m] [0m[0m[32m- should convert ConnectException to NetworkError[0m[0m
Test (ubuntu-latest, 21)	Run tests	2026-06-22T17:43:27.7678971Z [0m[[0m[0minfo[0m] [0m[0m[32m- should convert exception with 401 in message to AuthenticationError[0m[0m
Test (ubuntu-latest, 21)	Run tests	2026-06-22T17:43:27.7681637Z [0m[[0m[0minfo[0m] [0m[0m[32m- should convert exception with 429 in message to RateLimitError[0m[0m
Test (ubuntu-latest, 21)	Run tests	2026-06-22T17:43:27.7683496Z [0m[[0m[0minfo[0m] [0m[0m[32m- should prioritize authentication error when both 401 and 429 are present in message[0m[0m
Test (ubuntu-latest, 21)	Run tests	2026-06-22T17:43:27.7685667Z [0m[[0m[0minfo[0m] [0m[0m[32m- should convert unknown exception to UnknownError[0m[0m
Test (ubuntu-latest, 21)	Run tests	2026-06-22T17:43:27.7686860Z [0m[[0m[0minfo[0m] [0m[0m[32m- should handle exception with null message[0m[0m
Test (ubuntu-latest, 21)	Run tests	2026-06-22T17:43:27.7689964Z [0m[[0m[0minfo[0m] [0m[0m[32m- should use custom ErrorMapper when provided[0m[0m
Test (ubuntu-latest, 21)	Run tests	2026-06-22T17:43:27.7692406Z [0m[[0m[0minfo[0m] [0m[0m[32m- should use explicit mapper over implicit[0m[0m
Test (ubuntu-latest, 21)	Run tests	2026-06-22T17:43:27.7693777Z [0m[[0m[0minfo[0m] [0m[0m[32mDefaultErrorMapper[0m[0m
Test (ubuntu-latest, 21)	Run tests	2026-06-22T17:43:27.7695494Z [0m[[0m[0minfo[0m] [0m[0m[32m- should handle all network-related exceptions[0m[0m
Test (ubuntu-latest, 21)	Run tests	2026-06-22T17:43:27.7697125Z [0m[[0m[0minfo[0m] [0m[0m[32m- should detect HTTP status codes in exception messages[0m[0m
Test (ubuntu-latest, 21)	Run tests	2026-06-22T17:43:27.7699444Z [0m[[0m[0minfo[0m] [0m[0m[32m- should preserve exception type in UnknownError context[0m[0m
Test (ubuntu-latest, 21)	Run tests	2026-06-22T17:43:27.7700846Z [0m[[0m[0minfo[0m] [0m[0m[32mThrowableOps[0m[0m
Test (ubuntu-latest, 21)	Run tests	2026-06-22T17:43:27.7702229Z [0m[[0m[0minfo[0m] [0m[0m[32m- should work with nested exceptions[0m[0m
Test (ubuntu-latest, 21)	Run tests	2026-06-22T17:43:27.7704630Z [0m[[0m[0minfo[0m] [0m[0m[32m- should handle Error subclasses[0m[0m
Test (ubuntu-latest, 21)	Run tests	2026-06-22T17:43:27.7706868Z [0m[[0m[0minfo[0m] [0m[0m[32m- should handle exceptions with empty message[0m[0m
Test (ubuntu-latest, 21)	Run tests	2026-06-22T17:43:27.7708098Z [0m[[0m[0minfo[0m] [0m[0m[32mLLMError from Throwable[0m[0m
Test (ubuntu-latest, 21)	Run tests	2026-06-22T17:43:27.7709446Z [0m[[0m[0minfo[0m] [0m[0m[32m- should be usable in error handling patterns[0m[0m
Test (ubuntu-latest, 21)	Run tests	2026-06-22T17:43:27.7712005Z [0m[[0m[0minfo[0m] [0m[0m[32m- should preserve recoverability based on error type[0m[0m
Test (ubuntu-latest, 21)	Run tests	2026-06-22T17:43:27.7745880Z [0m[[0m[0minfo[0m] [0m[0m[32mAudioValidationsSpec:[0m[0m
Test (ubuntu-latest, 21)	Run tests	2026-06-22T17:43:27.7746842Z [0m[[0m[0minfo[0m] [0m[0m[32mvalidateInputNotEmpty[0m[0m
Test (ubuntu-latest, 21)	Run tests	2026-06-22T17:43:27.7749565Z [0m[[0m[0minfo[0m] [0m[0m[32m- should accept non-empty audio payloads[0m[0m
Test (ubuntu-latest, 21)	Run tests	2026-06-22T17:43:27.7828768Z [0m[[0m[0minfo[0m] [0m[0m[32m- should reject empty audio payloads[0m[0m
Test (ubuntu-latest, 21)	Run tests	2026-06-22T17:43:27.7829691Z [0m[[0m[0minfo[0m] [0m[0m[32mvalidateFrameSize[0m[0m
Test (ubuntu-latest, 21)	Run tests	2026-06-22T17:43:27.7835422Z [0m[[0m[0minfo[0m] [0m[0m[32m- should accept audio payloads aligned to frame size[0m[0m
Test (ubuntu-latest, 21)	Run tests	2026-06-22T17:43:27.7836988Z [0m[[0m[0minfo[0m] [0m[0m[32m- should reject payloads with partial frames[0m[0m
Test (ubuntu-latest, 21)	Run tests	2026-06-22T17:43:27.7839925Z [0m[[0m[0minfo[0m] [0m[0m[32mvalidateSampleRate[0m[0m
Test (ubuntu-latest, 21)	Run tests	2026-06-22T17:43:27.7841726Z [0m[[0m[0minfo[0m] [0m[0m[32m- should accept positive sample rates[0m[0m
Test (ubuntu-latest, 21)	Run tests	2026-06-22T17:43:27.7845136Z [0m[[0m[0minfo[0m] [0m[0m[32m- should reject non-positive sample rates[0m[0m
Test (ubuntu-latest, 21)	Run tests	2026-06-22T17:43:27.7848202Z [0m[[0m[0minfo[0m] [0m[0m[32mvalidateNumChannels[0m[0m
Test (ubuntu-latest, 21)	Run tests	2026-06-22T17:43:27.7849947Z [0m[[0m[0minfo[0m] [0m[0m[32m- should accept positive channel counts[0m[0m
Test (ubuntu-latest, 21)	Run tests	2026-06-22T17:43:27.7862680Z [0m[[0m[0minfo[0m] [0m[0m[32m- should reject non-positive channel counts[0m[0m
Test (ubuntu-latest, 21)	Run tests	2026-06-22T17:43:27.7863293Z [0m[[0m[0minfo[0m] [0m[0m[32mvalidateBitDepth[0m[0m
Test (ubuntu-latest, 21)	Run tests	2026-06-22T17:43:27.7863815Z [0m[[0m[0minfo[0m] [0m[0m[32m- should accept 16-bit audio[0m[0m
Test (ubuntu-latest, 21)	Run tests	2026-06-22T17:43:27.7864387Z [0m[[0m[0minfo[0m] [0m[0m[32m- should reject unsupported bit depths[0m[0m
Test (ubuntu-latest, 21)	Run tests	2026-06-22T17:43:27.7865599Z [0m[[0m[0minfo[0m] [0m[0m[32mvalidateSampleRateIsNotTooHigh[0m[0m
Test (ubuntu-latest, 21)	Run tests	2026-06-22T17:43:27.7866436Z [0m[[0m[0minfo[0m] [0m[0m[32m- should accept sample rates at or below 48kHz[0m[0m
Test (ubuntu-latest, 21)	Run tests	2026-06-22T17:43:27.7867166Z [0m[[0m[0minfo[0m] [0m[0m[32m- should reject overly high sample rates[0m[0m
Test (ubuntu-latest, 21)	Run tests	2026-06-22T17:43:27.7889299Z [0m[[0m[0minfo[0m] [0m[0m[32mDeterministicCompressorSpec:[0m[0m
Test (ubuntu-latest, 21)	Run tests	2026-06-22T17:43:27.7890224Z [0m[[0m[0minfo[0m] [0m[0m[32mDeterministicCompressor.compressToCap[0m[0m
Test (ubuntu-latest, 21)	Run tests	2026-06-22T17:43:27.7923295Z [0m[[0m[0minfo[0m] [0m[0m[32m- should return messages unchanged when under cap[0m[0m
Test (ubuntu-latest, 21)	Run tests	2026-06-22T17:43:27.7952272Z [0m[[0m[0minfo[0m] [0m[0m[32m- should apply tool compaction by default[0m[0m
Test (ubuntu-latest, 21)	Run tests	2026-06-22T17:43:27.7955003Z [0m[[0m[0minfo[0m] [0m[0m[32m- should skip subjective edits when disabled (default)[0m[0m
Test (ubuntu-latest, 21)	Run tests	2026-06-22T17:43:27.7957913Z [0m[[0m[0minfo[0m] [0m[0m[32m- should apply subjective rules when enabled and over cap[0m[0m
Test (ubuntu-latest, 21)	Run tests	2026-06-22T17:43:27.7959764Z [0m[[0m[0minfo[0m] [0m[0m[32mCompressionRule.removeFillerWords[0m[0m
Test (ubuntu-latest, 21)	Run tests	2026-06-22T17:43:27.7988676Z [0m[[0m[0minfo[0m] [0m[0m[32m- should clean transcript-like content[0m[0m
Test (ubuntu-latest, 21)	Run tests	2026-06-22T17:43:27.7994971Z [0m[[0m[0minfo[0m] [0m[0m[32m- should preserve code blocks unchanged[0m[0m
Test (ubuntu-latest, 21)	Run tests	2026-06-22T17:43:27.7996476Z [0m[[0m[0minfo[0m] [0m[0m[32m- should preserve JSON content unchanged[0m[0m
Test (ubuntu-latest, 21)	Run tests	2026-06-22T17:43:27.7998505Z [0m[[0m[0minfo[0m] [0m[0m[32m- should never modify user messages[0m[0m
Test (ubuntu-latest, 21)	Run tests	2026-06-22T17:43:27.8000194Z [0m[[0m[0minfo[0m] [0m[0m[32mCompressionRule.compressRepetitiveContent[0m[0m
Test (ubuntu-latest, 21)	Run tests	2026-06-22T17:43:27.8007006Z [0m[[0m[0minfo[0m] [0m[0m[32m- should deduplicate repeated sentences[0m[0m
Test (ubuntu-latest, 21)	Run tests	2026-06-22T17:43:27.8014168Z [0m[[0m[0minfo[0m] [0m[0m[32m- should handle single sentence content[0m[0m
Test (ubuntu-latest, 21)	Run tests	2026-06-22T17:43:27.8016097Z [0m[[0m[0minfo[0m] [0m[0m[32mCompressionRule.truncateVerboseResponses[0m[0m
Test (ubuntu-latest, 21)	Run tests	2026-06-22T17:43:27.8018746Z [0m[[0m[0minfo[0m] [0m[0m[32m- should truncate very long assistant responses[0m[0m
Test (ubuntu-latest, 21)	Run tests	2026-06-22T17:43:27.8019986Z [0m[[0m[0minfo[0m] [0m[0m[32m- should not truncate short responses[0m[0m
Test (ubuntu-latest, 21)	Run tests	2026-06-22T17:43:27.8021925Z [0m[[0m[0minfo[0m] [0m[0m[32m- should never truncate user messages[0m[0m
Test (ubuntu-latest, 21)	Run tests	2026-06-22T17:43:27.8026175Z [0m[[0m[0minfo[0m] [0m[0m[32m- should never truncate tool messages[0m[0m
Test (ubuntu-latest, 21)	Run tests	2026-06-22T17:43:27.8027408Z [0m[[0m[0minfo[0m] [0m[0m[32mCompressionRule.consolidateExamples[0m[0m
Test (ubuntu-latest, 21)	Run tests	2026-06-22T17:43:27.8029952Z [0m[[0m[0minfo[0m] [0m[0m[32m- should consolidate multiple example messages[0m[0m
Test (ubuntu-latest, 21)	Run tests	2026-06-22T17:43:27.8031516Z [0m[[0m[0minfo[0m] [0m[0m[32m- should not consolidate non-example messages[0m[0m
Test (ubuntu-latest, 21)	Run tests	2026-06-22T17:43:27.8035676Z [0m[[0m[0minfo[0m] [0m[0m[32mCompressionRule.removeRedundantPhrases[0m[0m
Test (ubuntu-latest, 21)	Run tests	2026-06-22T17:43:27.8038103Z [0m[[0m[0minfo[0m] [0m[0m[32m- should remove 'as I mentioned before'[0m[0m
Test (ubuntu-latest, 21)	Run tests	2026-06-22T17:43:27.8039847Z [0m[[0m[0minfo[0m] [0m[0m[32m- should remove 'like I said'[0m[0m
Test (ubuntu-latest, 21)	Run tests	2026-06-22T17:43:27.8040834Z [0m[[0m[0minfo[0m] [0m[0m[32mDeterministicCompressor[0m[0m
Test (ubuntu-latest, 21)	Run tests	2026-06-22T17:43:27.8047487Z [0m[[0m[0minfo[0m] [0m[0m[32m- should handle empty message list[0m[0m
Test (ubuntu-latest, 21)	Run tests	2026-06-22T17:43:27.8048825Z [0m[[0m[0minfo[0m] [0m[0m[32m- should handle mixed message types[0m[0m
Test (ubuntu-latest, 21)	Run tests	2026-06-22T17:43:27.8053455Z [0m[[0m[0minfo[0m] [0m[0m[32m- should preserve message order[0m[0m
Test (ubuntu-latest, 21)	Run tests	2026-06-22T17:43:27.8085498Z [0m[[0m[0minfo[0m] [0m[0m[32mAsyncToolExecutionSpec:[0m[0m
Test (ubuntu-latest, 21)	Run tests	2026-06-22T17:43:27.8086766Z [0m[[0m[0minfo[0m] [0m[0m[32mToolExecutionStrategy.Sequential[0m[0m
Test (ubuntu-latest, 21)	Run tests	2026-06-22T17:43:27.8089616Z [0m[[0m[0minfo[0m] [0m[0m[32m- should be the default[0m[0m
Test (ubuntu-latest, 21)	Run tests	2026-06-22T17:43:27.8090758Z [0m[[0m[0minfo[0m] [0m[0m[32mToolExecutionStrategy.ParallelWithLimit[0m[0m
Test (ubuntu-latest, 21)	Run tests	2026-06-22T17:43:27.8097995Z [0m[[0m[0minfo[0m] [0m[0m[32m- should require positive concurrency[0m[0m
Test (ubuntu-latest, 21)	Run tests	2026-06-22T17:43:27.8099430Z [0m[[0m[0minfo[0m] [0m[0m[32mToolRegistry.executeAsync[0m[0m
Test (ubuntu-latest, 21)	Run tests	2026-06-22T17:43:27.8117285Z [0m[[0m[0minfo[0m] [0m[0m[32m- should execute a tool asynchronously[0m[0m
Test (ubuntu-latest, 21)	Run tests	2026-06-22T17:43:27.8127985Z [0m[[0m[0minfo[0m] [0m[0m[32m- should return error for unknown function[0m[0m
Test (ubuntu-latest, 21)	Run tests	2026-06-22T17:43:27.8129200Z [0m[[0m[0minfo[0m] [0m[0m[32mToolRegistry.executeAll[0m[0m
Test (ubuntu-latest, 21)	Run tests	2026-06-22T17:43:27.9659185Z [0m[[0m[0minfo[0m] [0m[0m[32m- should execute requests sequentially with Sequential strategy[0m[0m
Test (ubuntu-latest, 21)	Run tests	2026-06-22T17:43:28.0686938Z [0m[[0m[0minfo[0m] [0m[0m[32m- should execute requests in parallel with Parallel strategy[0m[0m
Test (ubuntu-latest, 21)	Run tests	2026-06-22T17:43:28.2710528Z [0m[[0m[0minfo[0m] [0m[0m[32m- should respect concurrency limit with ParallelWithLimit strategy[0m[0m
Test (ubuntu-latest, 21)	Run tests	2026-06-22T17:43:28.2726806Z [0m[[0m[0minfo[0m] [0m[0m[32m- should handle mixed success and failure results[0m[0m
Test (ubuntu-latest, 21)	Run tests	2026-06-22T17:43:28.2732154Z [0m[[0m[0minfo[0m] [0m[0m[32m- should handle empty request list[0m[0m
Test (ubuntu-latest, 21)	Run tests	2026-06-22T17:43:28.2739640Z [0m[[0m[0minfo[0m] [0m[0m[32m- should handle single request[0m[0m
Test (ubuntu-latest, 21)	Run tests	2026-06-22T17:43:28.3772365Z [0m[[0m[0minfo[0m] [0m[0m[32m- should use Sequential by default[0m[0m
Test (ubuntu-latest, 21)	Run tests	2026-06-22T17:43:28.3774361Z [0m[[0m[0minfo[0m] [0m[0m[32mLlm4sConfigTextModelSpec:[0m[0m
Test (ubuntu-latest, 21)	Run tests	2026-06-22T17:43:28.3776462Z [0m[[0m[0minfo[0m] [0m[0m[32mLlm4sConfig.textEmbeddingModel[0m[0m
Test (ubuntu-latest, 21)	Run tests	2026-06-22T17:43:28.3850269Z [0m[[0m[0minfo[0m] [0m[0m[32m- should return OpenAI text model settings with dimensions from the registry[0m[0m
Test (ubuntu-latest, 21)	Run tests	2026-06-22T17:43:28.3882762Z [0m[[0m[0minfo[0m] [0m[0m[32mWavFileGeneratorSpec:[0m[0m
Test (ubuntu-latest, 21)	Run tests	2026-06-22T17:43:28.3884198Z [0m[[0m[0minfo[0m] [0m[0m[32mcreateWavHeader[0m[0m
Test (ubuntu-latest, 21)	Run tests	2026-06-22T17:43:28.3906962Z [0m[[0m[0minfo[0m] [0m[0m[32m- should produce a 44-byte result[0m[0m
Test (ubuntu-latest, 21)	Run tests	2026-06-22T17:43:28.3932563Z [0m[[0m[0minfo[0m] [0m[0m[32m- should start with RIFF magic bytes[0m[0m
Test (ubuntu-latest, 21)	Run tests	2026-06-22T17:43:28.3933792Z [0m[[0m[0minfo[0m] [0m[0m[32m- should have WAVE marker at bytes 8-11[0m[0m
Test (ubuntu-latest, 21)	Run tests	2026-06-22T17:43:28.3935639Z [0m[[0m[0minfo[0m] [0m[0m[32m- should correctly encode NumChannels at offset 22[0m[0m
Test (ubuntu-latest, 21)	Run tests	2026-06-22T17:43:28.3937496Z [0m[[0m[0minfo[0m] [0m[0m[32m- should correctly encode SampleRate at offset 24[0m[0m
Test (ubuntu-latest, 21)	Run tests	2026-06-22T17:43:28.3941499Z [0m[[0m[0minfo[0m] [0m[0m[32m- should correctly encode BitsPerSample at offset 34[0m[0m
Test (ubuntu-latest, 21)	Run tests	2026-06-22T17:43:28.3942970Z [0m[[0m[0minfo[0m] [0m[0m[32m- should encode ChunkSize as dataSize + 36 at offset 4[0m[0m
Test (ubuntu-latest, 21)	Run tests	2026-06-22T17:43:28.3944255Z [0m[[0m[0minfo[0m] [0m[0m[32m- should have the fmt subchunk marker at offset 12[0m[0m
Test (ubuntu-latest, 21)	Run tests	2026-06-22T17:43:28.3946336Z [0m[[0m[0minfo[0m] [0m[0m[32m- should have the data subchunk marker at offset 36[0m[0m
Test (ubuntu-latest, 21)	Run tests	2026-06-22T17:43:28.3951228Z [0m[[0m[0minfo[0m] [0m[0m[32m- should encode the data chunk size at offset 40[0m[0m
Test (ubuntu-latest, 21)	Run tests	2026-06-22T17:43:28.3955331Z [0m[[0m[0minfo[0m] [0m[0m[32m- should encode the byte rate at offset 28[0m[0m
Test (ubuntu-latest, 21)	Run tests	2026-06-22T17:43:28.3958602Z [0m[[0m[0minfo[0m] [0m[0m[32m- should encode the block align at offset 32[0m[0m
Test (ubuntu-latest, 21)	Run tests	2026-06-22T17:43:28.3962087Z [0m[[0m[0minfo[0m] [0m[0m[32m- should handle large data sizes[0m[0m
Test (ubuntu-latest, 21)	Run tests	2026-06-22T17:43:28.3967533Z [0m[[0m[0minfo[0m] [0m[0m[32m- should reject invalid metadata[0m[0m
Test (ubuntu-latest, 21)	Run tests	2026-06-22T17:43:28.3973759Z [0m[[0m[0minfo[0m] [0m[0m[32mvalidateMetadata[0m[0m
Test (ubuntu-latest, 21)	Run tests	2026-06-22T17:43:28.3976437Z [0m[[0m[0minfo[0m] [0m[0m[32m- should accept valid mono PCM audio[0m[0m
Test (ubuntu-latest, 21)	Run tests	2026-06-22T17:43:28.3977633Z [0m[[0m[0minfo[0m] [0m[0m[32m- should accept all supported bit depths[0m[0m
Test (ubuntu-latest, 21)	Run tests	2026-06-22T17:43:28.3978811Z [0m[[0m[0minfo[0m] [0m[0m[32m- should reject an unsupported bit depth[0m[0m
Test (ubuntu-latest, 21)	Run tests	2026-06-22T17:43:28.3985669Z [0m[[0m[0minfo[0m] [0m[0m[32m- should reject a non-positive sample rate[0m[0m
Test (ubuntu-latest, 21)	Run tests	2026-06-22T17:43:28.3988966Z [0m[[0m[0minfo[0m] [0m[0m[32m- should reject zero channels[0m[0m
Test (ubuntu-latest, 21)	Run tests	2026-06-22T17:43:28.3996035Z [0m[[0m[0minfo[0m] [0m[0m[32m- should reject more than the maximum number of channels[0m[0m
Test (ubuntu-latest, 21)	Run tests	2026-06-22T17:43:28.3997618Z [0m[[0m[0minfo[0m] [0m[0m[32mwriteToTempWav + readWavFile[0m[0m
Test (ubuntu-latest, 21)	Run tests	2026-06-22T17:43:28.4021630Z [0m[[0m[0minfo[0m] [0m[0m[32m- should roundtrip AudioMeta correctly[0m[0m
Test (ubuntu-latest, 21)	Run tests	2026-06-22T17:43:28.4045862Z [0m[[0m[0minfo[0m] [0m[0m[32mCoreferenceResolverTest:[0m[0m
Test (ubuntu-latest, 21)	Run tests	2026-06-22T17:43:28.4051692Z [0m[[0m[0minfo[0m] [0m[0m[32m- CoreferenceResolver should replace pronouns with explicit entity names[0m[0m
Test (ubuntu-latest, 21)	Run tests	2026-06-22T17:43:28.4058084Z [0m[[0m[0minfo[0m] [0m[0m[32m- CoreferenceResolver should return unchanged text when no pronouns exist[0m[0m
Test (ubuntu-latest, 21)	Run tests	2026-06-22T17:43:28.4065083Z 17:43:28.406 [pool-1-thread-1-ScalaTest-running-CoreferenceResolverTest] ERROR o.l.k.extraction.CoreferenceResolver - Coreference resolution failed: Processing failed during llm_error: LLM request failed
Test (ubuntu-latest, 21)	Run tests	2026-06-22T17:43:28.4067693Z [0m[[0m[0minfo[0m] [0m[0m[32m- CoreferenceResolver should propagate LLM errors[0m[0m
Test (ubuntu-latest, 21)	Run tests	2026-06-22T17:43:28.4072558Z [0m[[0m[0minfo[0m] [0m[0m[32m- CoreferenceResolver should handle empty text[0m[0m
Test (ubuntu-latest, 21)	Run tests	2026-06-22T17:43:28.4080299Z [0m[[0m[0minfo[0m] [0m[0m[32m- CoreferenceResolver should resolve indirect references[0m[0m
Test (ubuntu-latest, 21)	Run tests	2026-06-22T17:43:28.4466151Z [0m[[0m[0minfo[0m] [0m[0m[32mEmbedxV2Spec:[0m[0m
Test (ubuntu-latest, 21)	Run tests	2026-06-22T17:43:28.4561767Z [0m[[0m[0minfo[0m] [0m[0m[32m- Non-text: image/audio/video ΓåÆ 501 by default (stubs disabled)[0m[0m
Test (ubuntu-latest, 21)	Run tests	2026-06-22T17:43:28.4568220Z [0m[[0m[0minfo[0m] [0m[0m[33m- Experimental stubs: image/audio/video produce vectors and experimental=true !!! CANCELED !!![0m[0m
Test (ubuntu-latest, 21)	Run tests	2026-06-22T17:43:28.4573145Z [0m[[0m[0minfo[0m] [0m[0m[33m  ENABLE_EXPERIMENTAL_STUBS!=true; set it to run this test. (EmbedxV2Spec.scala:159)[0m[0m
Test (ubuntu-latest, 21)	Run tests	2026-06-22T17:43:28.4583540Z [0m[[0m[0minfo[0m] [0m[0m[32m- Local model dimensions (Image/Audio/Video) match registry[0m[0m
Test (ubuntu-latest, 21)	Run tests	2026-06-22T17:43:28.4631981Z [0m[[0m[0minfo[0m] [0m[0m[32mSQLiteMemoryStoreSpec:[0m[0m
Test (ubuntu-latest, 21)	Run tests	2026-06-22T17:43:28.4633268Z [0m[[0m[0minfo[0m] [0m[0m[32mSQLiteMemoryStore[0m[0m
Test (ubuntu-latest, 21)	Run tests	2026-06-22T17:43:28.4682690Z [0m[[0m[0minfo[0m] [0m[0m[32m- should store and retrieve a memory[0m[0m
Test (ubuntu-latest, 21)	Run tests	2026-06-22T17:43:28.4692408Z [0m[[0m[0minfo[0m] [0m[0m[32m- should return None for non-existent memory[0m[0m
Test (ubuntu-latest, 21)	Run tests	2026-06-22T17:43:28.4711339Z [0m[[0m[0minfo[0m] [0m[0m[32m- should update existing memory on store with same ID[0m[0m
Test (ubuntu-latest, 21)	Run tests	2026-06-22T17:43:28.4736071Z [0m[[0m[0minfo[0m] [0m[0m[32m- should store and retrieve memory with all fields[0m[0m
Test (ubuntu-latest, 21)	Run tests	2026-06-22T17:43:28.4774098Z [0m[[0m[0minfo[0m] [0m[0m[32m- should recall memories by type[0m[0m
Test (ubuntu-latest, 21)	Run tests	2026-06-22T17:43:28.4810341Z [0m[[0m[0minfo[0m] [0m[0m[32m- should recall memories by conversation ID[0m[0m
Test (ubuntu-latest, 21)	Run tests	2026-06-22T17:43:28.4839855Z [0m[[0m[0minfo[0m] [0m[0m[32m- should recall memories by entity ID[0m[0m
Test (ubuntu-latest, 21)	Run tests	2026-06-22T17:43:28.4861696Z [0m[[0m[0minfo[0m] [0m[0m[32m- should recall memories by time range[0m[0m
Test (ubuntu-latest, 21)	Run tests	2026-06-22T17:43:28.4886043Z [0m[[0m[0minfo[0m] [0m[0m[32m- should recall memories by minimum importance[0m[0m
Test (ubuntu-latest, 21)	Run tests	2026-06-22T17:43:28.4916075Z [0m[[0m[0minfo[0m] [0m[0m[32m- should recall memories with metadata filter[0m[0m
Test (ubuntu-latest, 21)	Run tests	2026-06-22T17:43:28.4931177Z [0m[[0m[0minfo[0m] [0m[0m[32m- should support combined filters with And[0m[0m
Test (ubuntu-latest, 21)	Run tests	2026-06-22T17:43:28.4956516Z [0m[[0m[0minfo[0m] [0m[0m[32m- should support combined filters with Or[0m[0m
Test (ubuntu-latest, 21)	Run tests	2026-06-22T17:43:28.4977306Z [0m[[0m[0minfo[0m] [0m[0m[32m- should support Not filter[0m[0m
Test (ubuntu-latest, 21)	Run tests	2026-06-22T17:43:28.5020190Z [0m[[0m[0minfo[0m] [0m[0m[32m- should search memories using full-text search[0m[0m
Test (ubuntu-latest, 21)	Run tests	2026-06-22T17:43:28.5042582Z [0m[[0m[0minfo[0m] [0m[0m[32m- should delete a memory[0m[0m
Test (ubuntu-latest, 21)	Run tests	2026-06-22T17:43:28.5084371Z [0m[[0m[0minfo[0m] [0m[0m[32m- should delete matching memories[0m[0m
Test (ubuntu-latest, 21)	Run tests	2026-06-22T17:43:28.5112180Z [0m[[0m[0minfo[0m] [0m[0m[32m- should deleteMatching deletes correctly for compound SQL filters[0m[0m
Test (ubuntu-latest, 21)	Run tests	2026-06-22T17:43:28.5140121Z [0m[[0m[0minfo[0m] [0m[0m[32m- should deleteMatching cleans up FTS entries[0m[0m
Test (ubuntu-latest, 21)	Run tests	2026-06-22T17:43:28.5176132Z [0m[[0m[0minfo[0m] [0m[0m[32m- should deleteMatching with Custom filter uses safe fallback[0m[0m
Test (ubuntu-latest, 21)	Run tests	2026-06-22T17:43:28.5207669Z [0m[[0m[0minfo[0m] [0m[0m[32m- should deleteMatching with nested Custom filter uses safe fallback[0m[0m
Test (ubuntu-latest, 21)	Run tests	2026-06-22T17:43:28.5239883Z [0m[[0m[0minfo[0m] [0m[0m[32m- should deleteMatching with Custom inside Or uses safe fallback[0m[0m
Test (ubuntu-latest, 21)	Run tests	2026-06-22T17:43:28.5265598Z [0m[[0m[0minfo[0m] [0m[0m[32m- should deleteMatching with Custom inside Not uses safe fallback[0m[0m
Test (ubuntu-latest, 21)	Run tests	2026-06-22T17:43:28.5287332Z [0m[[0m[0minfo[0m] [0m[0m[32m- should deleteMatching with MemoryFilter.All falls back to safe row-by-row[0m[0m
Test (ubuntu-latest, 21)	Run tests	2026-06-22T17:43:28.5313305Z [0m[[0m[0minfo[0m] [0m[0m[32m- should update a memory[0m[0m
Test (ubuntu-latest, 21)	Run tests	2026-06-22T17:43:28.5325154Z [0m[[0m[0minfo[0m] [0m[0m[32m- should return error when updating non-existent memory[0m[0m
Test (ubuntu-latest, 21)	Run tests	2026-06-22T17:43:28.5345659Z [0m[[0m[0minfo[0m] [0m[0m[32m- should count all memories[0m[0m
Test (ubuntu-latest, 21)	Run tests	2026-06-22T17:43:28.5366740Z [0m[[0m[0minfo[0m] [0m[0m[32m- should count memories with filter[0m[0m
Test (ubuntu-latest, 21)	Run tests	2026-06-22T17:43:28.5389806Z [0m[[0m[0minfo[0m] [0m[0m[32m- should clear all memories[0m[0m
Test (ubuntu-latest, 21)	Run tests	2026-06-22T17:43:28.5413790Z [0m[[0m[0minfo[0m] [0m[0m[32m- should get recent memories in order[0m[0m
Test (ubuntu-latest, 21)	Run tests	2026-06-22T17:43:28.5444653Z [0m[[0m[0minfo[0m] [0m[0m[32m- should respect limit in recall[0m[0m
Test (ubuntu-latest, 21)	Run tests	2026-06-22T17:43:28.5458972Z [0m[[0m[0minfo[0m] [0m[0m[32m- should handle custom memory types[0m[0m
Test (ubuntu-latest, 21)	Run tests	2026-06-22T17:43:28.5474257Z [0m[[0m[0minfo[0m] [0m[0m[32m- should handle special characters in content[0m[0m
Test (ubuntu-latest, 21)	Run tests	2026-06-22T17:43:28.5490635Z [0m[[0m[0minfo[0m] [0m[0m[32m- should handle special characters in metadata[0m[0m
Test (ubuntu-latest, 21)	Run tests	2026-06-22T17:43:28.5493400Z [0m[[0m[0minfo[0m] [0m[0m[32mSQLiteMemoryStore.apply[0m[0m
Test (ubuntu-latest, 21)	Run tests	2026-06-22T17:43:28.5623909Z [0m[[0m[0minfo[0m] [0m[0m[32m- should create store with file path[0m[0m
Test (ubuntu-latest, 21)	Run tests	2026-06-22T17:43:28.5658632Z [0m[[0m[0minfo[0m] [0m[0m[32mTracingSettingsSpec:[0m[0m
Test (ubuntu-latest, 21)	Run tests	2026-06-22T17:43:28.5660641Z [0m[[0m[0minfo[0m] [0m[0m[32mLlm4sConfig.tracing + Tracing.create[0m[0m
Test (ubuntu-latest, 21)	Run tests	2026-06-22T17:43:28.5689818Z [0m[[0m[0minfo[0m] [0m[0m[32m- should return Console tracing by default[0m[0m
Test (ubuntu-latest, 21)	Run tests	2026-06-22T17:43:28.5711488Z [0m[[0m[0minfo[0m] [0m[0m[32mJsonSchemaValidatorSpec:[0m[0m
Test (ubuntu-latest, 21)	Run tests	2026-06-22T17:43:28.5715705Z [0m[[0m[0minfo[0m] [0m[0m[32mJsonSchemaValidator.validate[0m[0m
Test (ubuntu-latest, 21)	Run tests	2026-06-22T17:43:28.5741543Z [0m[[0m[0minfo[0m] [0m[0m[32m- should return Right for valid value[0m[0m
Test (ubuntu-latest, 21)	Run tests	2026-06-22T17:43:28.5745252Z [0m[[0m[0minfo[0m] [0m[0m[32m- should return Left with errors for invalid value[0m[0m
Test (ubuntu-latest, 21)	Run tests	2026-06-22T17:43:28.5746616Z [0m[[0m[0minfo[0m] [0m[0m[32mtype keyword[0m[0m
Test (ubuntu-latest, 21)	Run tests	2026-06-22T17:43:28.5747652Z [0m[[0m[0minfo[0m] [0m[0m[32m- should match string type[0m[0m
Test (ubuntu-latest, 21)	Run tests	2026-06-22T17:43:28.5751151Z [0m[[0m[0minfo[0m] [0m[0m[32m- should reject number for string type[0m[0m
Test (ubuntu-latest, 21)	Run tests	2026-06-22T17:43:28.5753324Z [0m[[0m[0minfo[0m] [0m[0m[32m- should match object type[0m[0m
Test (ubuntu-latest, 21)	Run tests	2026-06-22T17:43:28.5757507Z [0m[[0m[0minfo[0m] [0m[0m[32m- should match array type[0m[0m
Test (ubuntu-latest, 21)	Run tests	2026-06-22T17:43:28.5762322Z [0m[[0m[0minfo[0m] [0m[0m[32m- should match number type[0m[0m
Test (ubuntu-latest, 21)	Run tests	2026-06-22T17:43:28.5764102Z [0m[[0m[0minfo[0m] [0m[0m[32m- should match boolean type[0m[0m
Test (ubuntu-latest, 21)	Run tests	2026-06-22T17:43:28.5764967Z [0m[[0m[0minfo[0m] [0m[0m[32m- should match null type[0m[0m
Test (ubuntu-latest, 21)	Run tests	2026-06-22T17:43:28.5765906Z [0m[[0m[0minfo[0m] [0m[0m[32m- should silently ignore unsupported type strings[0m[0m
Test (ubuntu-latest, 21)	Run tests	2026-06-22T17:43:28.5766938Z [0m[[0m[0minfo[0m] [0m[0m[32mrequired keyword[0m[0m
Test (ubuntu-latest, 21)	Run tests	2026-06-22T17:43:28.5767903Z [0m[[0m[0minfo[0m] [0m[0m[32m- should pass when all required keys present[0m[0m
Test (ubuntu-latest, 21)	Run tests	2026-06-22T17:43:28.5768893Z [0m[[0m[0minfo[0m] [0m[0m[32m- should fail with missing key in error message[0m[0m
Test (ubuntu-latest, 21)	Run tests	2026-06-22T17:43:28.5773814Z [0m[[0m[0minfo[0m] [0m[0m[32m- should report multiple missing keys[0m[0m
Test (ubuntu-latest, 21)	Run tests	2026-06-22T17:43:28.5776710Z [0m[[0m[0minfo[0m] [0m[0m[32m- should be ignored for non-object values[0m[0m
Test (ubuntu-latest, 21)	Run tests	2026-06-22T17:43:28.5777439Z [0m[[0m[0minfo[0m] [0m[0m[32mproperties keyword[0m[0m
Test (ubuntu-latest, 21)	Run tests	2026-06-22T17:43:28.5781377Z [0m[[0m[0minfo[0m] [0m[0m[32m- should validate nested type[0m[0m
Test (ubuntu-latest, 21)	Run tests	2026-06-22T17:43:28.5783121Z [0m[[0m[0minfo[0m] [0m[0m[32m- should pass for missing optional property[0m[0m
Test (ubuntu-latest, 21)	Run tests	2026-06-22T17:43:28.5789309Z [0m[[0m[0minfo[0m] [0m[0m[32m- should report multiple property errors[0m[0m
Test (ubuntu-latest, 21)	Run tests	2026-06-22T17:43:28.5793090Z [0m[[0m[0minfo[0m] [0m[0m[32m- should validate nested properties recursively[0m[0m
Test (ubuntu-latest, 21)	Run tests	2026-06-22T17:43:28.5797254Z [0m[[0m[0minfo[0m] [0m[0m[32munknown keywords[0m[0m
Test (ubuntu-latest, 21)	Run tests	2026-06-22T17:43:28.5798025Z [0m[[0m[0minfo[0m] [0m[0m[32m- should be silently ignored[0m[0m
Test (ubuntu-latest, 21)	Run tests	2026-06-22T17:43:28.5799138Z [0m[[0m[0minfo[0m] [0m[0m[32mempty schema[0m[0m
Test (ubuntu-latest, 21)	Run tests	2026-06-22T17:43:28.5801693Z [0m[[0m[0minfo[0m] [0m[0m[32m- should accept any value[0m[0m
Test (ubuntu-latest, 21)	Run tests	2026-06-22T17:43:28.5851210Z [0m[[0m[0minfo[0m] [0m[0m[32mRobotsTxtParserSpec:[0m[0m
Test (ubuntu-latest, 21)	Run tests	2026-06-22T17:43:28.5853244Z [0m[[0m[0minfo[0m] [0m[0m[32mRobotsTxtParser.parse[0m[0m
Test (ubuntu-latest, 21)	Run tests	2026-06-22T17:43:28.5889062Z [0m[[0m[0minfo[0m] [0m[0m[32m- should parse simple disallow rules[0m[0m
Test (ubuntu-latest, 21)	Run tests	2026-06-22T17:43:28.5891882Z [0m[[0m[0minfo[0m] [0m[0m[32m- should parse allow rules[0m[0m
Test (ubuntu-latest, 21)	Run tests	2026-06-22T17:43:28.5895576Z [0m[[0m[0minfo[0m] [0m[0m[32m- should prefer longer matching rules[0m[0m
Test (ubuntu-latest, 21)	Run tests	2026-06-22T17:43:28.5900888Z [0m[[0m[0minfo[0m] [0m[0m[32m- should parse crawl-delay[0m[0m
Test (ubuntu-latest, 21)	Run tests	2026-06-22T17:43:28.5903790Z [0m[[0m[0minfo[0m] [0m[0m[32m- should use specific user-agent rules over wildcard[0m[0m
Test (ubuntu-latest, 21)	Run tests	2026-06-22T17:43:28.5906508Z [0m[[0m[0minfo[0m] [0m[0m[32m- should support multiple user-agent lines in a group[0m[0m
Test (ubuntu-latest, 21)	Run tests	2026-06-22T17:43:28.5909037Z [0m[[0m[0minfo[0m] [0m[0m[32m- should not fall back to wildcard when specific group has no rules[0m[0m
Test (ubuntu-latest, 21)	Run tests	2026-06-22T17:43:28.5911811Z [0m[[0m[0minfo[0m] [0m[0m[32m- should fall back to wildcard when no specific match[0m[0m
Test (ubuntu-latest, 21)	Run tests	2026-06-22T17:43:28.5914052Z [0m[[0m[0minfo[0m] [0m[0m[32m- should treat regex metacharacters as literals[0m[0m
Test (ubuntu-latest, 21)	Run tests	2026-06-22T17:43:28.5917203Z [0m[[0m[0minfo[0m] [0m[0m[32m- should ignore comments[0m[0m
Test (ubuntu-latest, 21)	Run tests	2026-06-22T17:43:28.5919889Z [0m[[0m[0minfo[0m] [0m[0m[32m- should handle empty content[0m[0m
Test (ubuntu-latest, 21)	Run tests	2026-06-22T17:43:28.5921126Z [0m[[0m[0minfo[0m] [0m[0m[32mRobotsTxt.isAllowed[0m[0m
Test (ubuntu-latest, 21)	Run tests	2026-06-22T17:43:28.5923095Z [0m[[0m[0minfo[0m] [0m[0m[32m- should allow all paths by default[0m[0m
Test (ubuntu-latest, 21)	Run tests	2026-06-22T17:43:28.5926410Z [0m[[0m[0minfo[0m] [0m[0m[32m- should handle root disallow[0m[0m
Test (ubuntu-latest, 21)	Run tests	2026-06-22T17:43:28.5927676Z [0m[[0m[0minfo[0m] [0m[0m[32m- should allow ties go to allow rules[0m[0m
Test (ubuntu-latest, 21)	Run tests	2026-06-22T17:43:28.5929714Z [0m[[0m[0minfo[0m] [0m[0m[32m- should handle empty disallow rule[0m[0m
Test (ubuntu-latest, 21)	Run tests	2026-06-22T17:43:28.5931677Z [0m[[0m[0minfo[0m] [0m[0m[32mRobotsTxtParser wildcard patterns[0m[0m
Test (ubuntu-latest, 21)	Run tests	2026-06-22T17:43:28.5939894Z [0m[[0m[0minfo[0m] [0m[0m[32m- should support * wildcard[0m[0m
Test (ubuntu-latest, 21)	Run tests	2026-06-22T17:43:28.5942003Z [0m[[0m[0minfo[0m] [0m[0m[32m- should support $ anchor for exact end matching[0m[0m
Test (ubuntu-latest, 21)	Run tests	2026-06-22T17:43:28.5943325Z [0m[[0m[0minfo[0m] [0m[0m[32m- should support * and $ together[0m[0m
Test (ubuntu-latest, 21)	Run tests	2026-06-22T17:43:28.5945607Z [0m[[0m[0minfo[0m] [0m[0m[32mRobotsTxt.empty[0m[0m
Test (ubuntu-latest, 21)	Run tests	2026-06-22T17:43:28.5947584Z [0m[[0m[0minfo[0m] [0m[0m[32m- should have no rules[0m[0m
Test (ubuntu-latest, 21)	Run tests	2026-06-22T17:43:28.5949563Z [0m[[0m[0minfo[0m] [0m[0m[32mRobotsTxtParser.parse edge cases[0m[0m
Test (ubuntu-latest, 21)	Run tests	2026-06-22T17:43:28.5951654Z [0m[[0m[0minfo[0m] [0m[0m[32m- should handle crawl-delay with decimal value[0m[0m
Test (ubuntu-latest, 21)	Run tests	2026-06-22T17:43:28.5954017Z [0m[[0m[0minfo[0m] [0m[0m[32m- should handle invalid crawl-delay gracefully[0m[0m
Test (ubuntu-latest, 21)	Run tests	2026-06-22T17:43:28.5956612Z [0m[[0m[0minfo[0m] [0m[0m[32m- should handle multiple groups separated by blank lines[0m[0m
Test (ubuntu-latest, 21)	Run tests	2026-06-22T17:43:28.5958823Z [0m[[0m[0minfo[0m] [0m[0m[32m- should handle empty value for user-agent[0m[0m
Test (ubuntu-latest, 21)	Run tests	2026-06-22T17:43:28.5961422Z [0m[[0m[0minfo[0m] [0m[0m[32m- should handle empty value for allow/disallow[0m[0m
Test (ubuntu-latest, 21)	Run tests	2026-06-22T17:43:28.5962921Z [0m[[0m[0minfo[0m] [0m[0m[32m- should handle unknown directives gracefully[0m[0m
Test (ubuntu-latest, 21)	Run tests	2026-06-22T17:43:28.5964380Z [0m[[0m[0minfo[0m] [0m[0m[32m- should handle malformed lines[0m[0m
Test (ubuntu-latest, 21)	Run tests	2026-06-22T17:43:28.5966237Z [0m[[0m[0minfo[0m] [0m[0m[32m- should handle user-agent followed by directive then more user-agents[0m[0m
Test (ubuntu-latest, 21)	Run tests	2026-06-22T17:43:28.5967842Z [0m[[0m[0minfo[0m] [0m[0m[32mRobotsTxtParser.clearCache[0m[0m
Test (ubuntu-latest, 21)	Run tests	2026-06-22T17:43:28.5969130Z [0m[[0m[0minfo[0m] [0m[0m[32m- should clear the cache[0m[0m
Test (ubuntu-latest, 21)	Run tests	2026-06-22T17:43:28.5970450Z [0m[[0m[0minfo[0m] [0m[0m[32mRobotsTxtParser.getRules[0m[0m
Test (ubuntu-latest, 21)	Run tests	2026-06-22T17:43:28.5979868Z [0m[[0m[0minfo[0m] [0m[0m[32m- should return empty rules for invalid URL[0m[0m
Test (ubuntu-latest, 21)	Run tests	2026-06-22T17:43:28.5982924Z [0m[[0m[0minfo[0m] [0m[0m[32m- should return empty rules for URL with no host[0m[0m
Test (ubuntu-latest, 21)	Run tests	2026-06-22T17:43:28.5984300Z [0m[[0m[0minfo[0m] [0m[0m[32mRobotsTxtParser.isAllowed[0m[0m
Test (ubuntu-latest, 21)	Run tests	2026-06-22T17:43:28.5988961Z [0m[[0m[0minfo[0m] [0m[0m[32m- should return true for invalid URL[0m[0m
Test (ubuntu-latest, 21)	Run tests	2026-06-22T17:43:28.5991725Z [0m[[0m[0minfo[0m] [0m[0m[32m- should return true for URL with no host[0m[0m
Test (ubuntu-latest, 21)	Run tests	2026-06-22T17:43:28.5993859Z [0m[[0m[0minfo[0m] [0m[0m[32mRobotsTxtParser rule selection[0m[0m
Test (ubuntu-latest, 21)	Run tests	2026-06-22T17:43:28.5996340Z [0m[[0m[0minfo[0m] [0m[0m[32m- should prefer exact user-agent match over prefix[0m[0m
Test (ubuntu-latest, 21)	Run tests	2026-06-22T17:43:28.5998420Z [0m[[0m[0minfo[0m] [0m[0m[32m- should select wildcard when no other match[0m[0m
Test (ubuntu-latest, 21)	Run tests	2026-06-22T17:43:28.6019013Z [0m[[0m[0minfo[0m] [0m[0m[32m- should return empty when no matching groups[0m[0m
Test (ubuntu-latest, 21)	Run tests	2026-06-22T17:43:28.6041532Z [0m[[0m[0minfo[0m] [0m[0m[32mAudioValidatorSpec:[0m[0m
Test (ubuntu-latest, 21)	Run tests	2026-06-22T17:43:28.6043410Z [0m[[0m[0minfo[0m] [0m[0m[32mSTTMetadataValidator[0m[0m
Test (ubuntu-latest, 21)	Run tests	2026-06-22T17:43:28.6363611Z [0m[[0m[0minfo[0m] [0m[0m[32m- should accept valid STT metadata[0m[0m
Test (ubuntu-latest, 21)	Run tests	2026-06-22T17:43:28.6368346Z [0m[[0m[0minfo[0m] [0m[0m[32m- should reject invalid sample rate[0m[0m
Test (ubuntu-latest, 21)	Run tests	2026-06-22T17:43:28.6370714Z [0m[[0m[0minfo[0m] [0m[0m[32m- should reject non-16-bit depth[0m[0m
Test (ubuntu-latest, 21)	Run tests	2026-06-22T17:43:28.6372935Z [0m[[0m[0minfo[0m] [0m[0m[32m- should reject sample rate too high[0m[0m
Test (ubuntu-latest, 21)	Run tests	2026-06-22T17:43:28.6375481Z [0m[[0m[0minfo[0m] [0m[0m[32m- should reject non-AudioMeta input[0m[0m
Test (ubuntu-latest, 21)	Run tests	2026-06-22T17:43:28.6377691Z [0m[[0m[0minfo[0m] [0m[0m[32m- should have correct name[0m[0m
Test (ubuntu-latest, 21)	Run tests	2026-06-22T17:43:28.6379655Z [0m[[0m[0minfo[0m] [0m[0m[32mAudioDataValidator[0m[0m
Test (ubuntu-latest, 21)	Run tests	2026-06-22T17:43:28.6383035Z [0m[[0m[0minfo[0m] [0m[0m[32m- should accept properly aligned audio data[0m[0m
Test (ubuntu-latest, 21)	Run tests	2026-06-22T17:43:28.6390868Z [0m[[0m[0minfo[0m] [0m[0m[32m- should reject misaligned audio data[0m[0m
Test (ubuntu-latest, 21)	Run tests	2026-06-22T17:43:28.6396006Z [0m[[0m[0minfo[0m] [0m[0m[32m- should reject non-tuple input[0m[0m
Test (ubuntu-latest, 21)	Run tests	2026-06-22T17:43:28.6397417Z [0m[[0m[0minfo[0m] [0m[0m[32m- should have correct name[0m[0m
Test (ubuntu-latest, 21)	Run tests	2026-06-22T17:43:28.6398773Z [0m[[0m[0minfo[0m] [0m[0m[32mNonEmptyAudioValidator[0m[0m
Test (ubuntu-latest, 21)	Run tests	2026-06-22T17:43:28.6402621Z [0m[[0m[0minfo[0m] [0m[0m[32m- should accept non-empty audio[0m[0m
Test (ubuntu-latest, 21)	Run tests	2026-06-22T17:43:28.6404302Z [0m[[0m[0minfo[0m] [0m[0m[32m- should reject empty audio[0m[0m
Test (ubuntu-latest, 21)	Run tests	2026-06-22T17:43:28.6405990Z [0m[[0m[0minfo[0m] [0m[0m[32m- should reject non-tuple input[0m[0m
Test (ubuntu-latest, 21)	Run tests	2026-06-22T17:43:28.6407628Z [0m[[0m[0minfo[0m] [0m[0m[32m- should have correct name[0m[0m
Test (ubuntu-latest, 21)	Run tests	2026-06-22T17:43:28.6408252Z [0m[[0m[0minfo[0m] [0m[0m[32mCompositeValidator[0m[0m
Test (ubuntu-latest, 21)	Run tests	2026-06-22T17:43:28.6419105Z [0m[[0m[0minfo[0m] [0m[0m[32m- should pass when all validators pass[0m[0m
Test (ubuntu-latest, 21)	Run tests	2026-06-22T17:43:28.6423645Z [0m[[0m[0minfo[0m] [0m[0m[32m- should fail on first failing validator[0m[0m
Test (ubuntu-latest, 21)	Run tests	2026-06-22T17:43:28.6425141Z [0m[[0m[0minfo[0m] [0m[0m[32m- should combine validator names[0m[0m
Test (ubuntu-latest, 21)	Run tests	2026-06-22T17:43:28.6426676Z [0m[[0m[0minfo[0m] [0m[0m[32mValidatedSTTMetadataValidator[0m[0m
Test (ubuntu-latest, 21)	Run tests	2026-06-22T17:43:28.6432889Z [0m[[0m[0minfo[0m] [0m[0m[32m- should accept valid metadata[0m[0m
Test (ubuntu-latest, 21)	Run tests	2026-06-22T17:43:28.6434618Z [0m[[0m[0minfo[0m] [0m[0m[32m- should accumulate multiple errors[0m[0m
Test (ubuntu-latest, 21)	Run tests	2026-06-22T17:43:28.6436283Z [0m[[0m[0minfo[0m] [0m[0m[32m- should have correct name[0m[0m
Test (ubuntu-latest, 21)	Run tests	2026-06-22T17:43:28.6441836Z [0m[[0m[0minfo[0m] [0m[0m[32mvalidatedSttValidatorAsResult[0m[0m
Test (ubuntu-latest, 21)	Run tests	2026-06-22T17:43:28.6447639Z [0m[[0m[0minfo[0m] [0m[0m[32m- should return Right for valid input[0m[0m
Test (ubuntu-latest, 21)	Run tests	2026-06-22T17:43:28.6448726Z [0m[[0m[0minfo[0m] [0m[0m[32m- should return Left for empty input[0m[0m
Test (ubuntu-latest, 21)	Run tests	2026-06-22T17:43:28.6468646Z [0m[[0m[0minfo[0m] [0m[0m[32mPgVectorStoreFactoryIntegrationSpec:[0m[0m
Test (ubuntu-latest, 21)	Run tests	2026-06-22T17:43:28.6470098Z [0m[[0m[0minfo[0m] [0m[0m[32mPgVectorStore.create[0m[0m
Test (ubuntu-latest, 21)	Run tests	2026-06-22T17:43:28.6486520Z [0m[[0m[0minfo[0m] [0m[0m[32m- should reject invalid table names before any database operations[0m[0m
Test (ubuntu-latest, 21)	Run tests	2026-06-22T17:43:28.6512089Z [0m[[0m[0minfo[0m] [0m[0m[32m- should accept valid tableName patterns[0m[0m
Test (ubuntu-latest, 21)	Run tests	2026-06-22T17:43:28.6514948Z [0m[[0m[0minfo[0m] [0m[0m[32mPgVectorStore.apply(dataSource, tableName)[0m[0m
Test (ubuntu-latest, 21)	Run tests	2026-06-22T17:43:28.6518418Z [0m[[0m[0minfo[0m] [0m[0m[32m- should use the same validation as create()[0m[0m
Test (ubuntu-latest, 21)	Run tests	2026-06-22T17:43:28.6520128Z [0m[[0m[0minfo[0m] [0m[0m[32mPgVectorStore.Config[0m[0m
Test (ubuntu-latest, 21)	Run tests	2026-06-22T17:43:28.6525242Z [0m[[0m[0minfo[0m] [0m[0m[32m- should provide safe defaults[0m[0m
Test (ubuntu-latest, 21)	Run tests	2026-06-22T17:43:28.6526711Z [0m[[0m[0minfo[0m] [0m[0m[32m- should allow custom tableName[0m[0m
Test (ubuntu-latest, 21)	Run tests	2026-06-22T17:43:28.6528348Z [0m[[0m[0minfo[0m] [0m[0m[32m- should build correct JDBC URL[0m[0m
Test (ubuntu-latest, 21)	Run tests	2026-06-22T17:43:28.6530095Z [0m[[0m[0minfo[0m] [0m[0m[32mownsDataSource default[0m[0m
Test (ubuntu-latest, 21)	Run tests	2026-06-22T17:43:28.6532625Z [0m[[0m[0minfo[0m] [0m[0m[32m- should be false in create() to prevent accidental pool closure[0m[0m
Test (ubuntu-latest, 21)	Run tests	2026-06-22T17:43:28.6576099Z [0m[[0m[0minfo[0m] [0m[0m[32mDocumentLoadersCombinatorsSpec:[0m[0m
Test (ubuntu-latest, 21)	Run tests	2026-06-22T17:43:28.6577390Z [0m[[0m[0minfo[0m] [0m[0m[32mDocumentLoaders.combine[0m[0m
Test (ubuntu-latest, 21)	Run tests	2026-06-22T17:43:28.6585733Z [0m[[0m[0minfo[0m] [0m[0m[32m- should merge results from multiple loaders[0m[0m
Test (ubuntu-latest, 21)	Run tests	2026-06-22T17:43:28.6590252Z [0m[[0m[0minfo[0m] [0m[0m[32m- should handle empty sequence of loaders[0m[0m
Test (ubuntu-latest, 21)	Run tests	2026-06-22T17:43:28.6591701Z [0m[[0m[0minfo[0m] [0m[0m[32m- should handle single loader[0m[0m
Test (ubuntu-latest, 21)	Run tests	2026-06-22T17:43:28.6593178Z [0m[[0m[0minfo[0m] [0m[0m[32m- should report combined estimated count[0m[0m
Test (ubuntu-latest, 21)	Run tests	2026-06-22T17:43:28.6594618Z [0m[[0m[0minfo[0m] [0m[0m[32mDocumentLoaders.map[0m[0m
Test (ubuntu-latest, 21)	Run tests	2026-06-22T17:43:28.6600601Z [0m[[0m[0minfo[0m] [0m[0m[32m- should transform documents[0m[0m
Test (ubuntu-latest, 21)	Run tests	2026-06-22T17:43:28.6607235Z [0m[[0m[0minfo[0m] [0m[0m[32m- should pass through failures unchanged[0m[0m
Test (ubuntu-latest, 21)	Run tests	2026-06-22T17:43:28.6608605Z [0m[[0m[0minfo[0m] [0m[0m[32mDocumentLoaders.filter[0m[0m
Test (ubuntu-latest, 21)	Run tests	2026-06-22T17:43:28.6613477Z [0m[[0m[0minfo[0m] [0m[0m[32m- should remove documents not matching predicate[0m[0m
Test (ubuntu-latest, 21)	Run tests	2026-06-22T17:43:28.6619169Z [0m[[0m[0minfo[0m] [0m[0m[32m- should return empty when nothing matches[0m[0m
Test (ubuntu-latest, 21)	Run tests	2026-06-22T17:43:28.6621166Z [0m[[0m[0minfo[0m] [0m[0m[32mDocumentLoaders.successesOnly[0m[0m
Test (ubuntu-latest, 21)	Run tests	2026-06-22T17:43:28.6625462Z [0m[[0m[0minfo[0m] [0m[0m[32m- should filter out failures and skipped[0m[0m
Test (ubuntu-latest, 21)	Run tests	2026-06-22T17:43:28.6628595Z [0m[[0m[0minfo[0m] [0m[0m[32mDocumentLoaders.empty[0m[0m
Test (ubuntu-latest, 21)	Run tests	2026-06-22T17:43:28.6629703Z [0m[[0m[0minfo[0m] [0m[0m[32m- should return no results[0m[0m
Test (ubuntu-latest, 21)	Run tests	2026-06-22T17:43:28.6632659Z [0m[[0m[0minfo[0m] [0m[0m[32m- should report zero estimated count[0m[0m
Test (ubuntu-latest, 21)	Run tests	2026-06-22T17:43:28.6633566Z [0m[[0m[0minfo[0m] [0m[0m[32mDocumentLoaders.fromDocuments[0m[0m
Test (ubuntu-latest, 21)	Run tests	2026-06-22T17:43:28.6634310Z [0m[[0m[0minfo[0m] [0m[0m[32m- should wrap document sequence[0m[0m
Test (ubuntu-latest, 21)	Run tests	2026-06-22T17:43:28.6635282Z [0m[[0m[0minfo[0m] [0m[0m[32mDocumentLoaders.take[0m[0m
Test (ubuntu-latest, 21)	Run tests	2026-06-22T17:43:28.6638481Z [0m[[0m[0minfo[0m] [0m[0m[32m- should limit the number of documents[0m[0m
Test (ubuntu-latest, 21)	Run tests	2026-06-22T17:43:28.6644266Z [0m[[0m[0minfo[0m] [0m[0m[32m- should return all if n exceeds count[0m[0m
Test (ubuntu-latest, 21)	Run tests	2026-06-22T17:43:28.6645971Z [0m[[0m[0minfo[0m] [0m[0m[32mDocumentLoaders.drop[0m[0m
Test (ubuntu-latest, 21)	Run tests	2026-06-22T17:43:28.6651885Z [0m[[0m[0minfo[0m] [0m[0m[32m- should skip the first n documents[0m[0m
Test (ubuntu-latest, 21)	Run tests	2026-06-22T17:43:28.6655001Z [0m[[0m[0minfo[0m] [0m[0m[32m- should return empty when n >= count[0m[0m
Test (ubuntu-latest, 21)	Run tests	2026-06-22T17:43:28.6656251Z [0m[[0m[0minfo[0m] [0m[0m[32mDocumentLoaders.defer[0m[0m
Test (ubuntu-latest, 21)	Run tests	2026-06-22T17:43:28.6658683Z [0m[[0m[0minfo[0m] [0m[0m[32m- should delay loader creation until first access[0m[0m
Test (ubuntu-latest, 21)	Run tests	2026-06-22T17:43:28.6659953Z [0m[[0m[0minfo[0m] [0m[0m[32mDocumentLoaders.withMetadata[0m[0m
Test (ubuntu-latest, 21)	Run tests	2026-06-22T17:43:28.6665027Z [0m[[0m[0minfo[0m] [0m[0m[32m- should add metadata to all documents[0m[0m
Test (ubuntu-latest, 21)	Run tests	2026-06-22T17:43:28.6675853Z [0m[[0m[0minfo[0m] [0m[0m[32mDocumentLoaders.withHints[0m[0m
Test (ubuntu-latest, 21)	Run tests	2026-06-22T17:43:28.6677002Z [0m[[0m[0minfo[0m] [0m[0m[32m- should add hints to all documents[0m[0m
Test (ubuntu-latest, 21)	Run tests	2026-06-22T17:43:28.6677934Z [0m[[0m[0minfo[0m] [0m[0m[32mDocumentLoaders.fromIterator[0m[0m
Test (ubuntu-latest, 21)	Run tests	2026-06-22T17:43:28.6678952Z [0m[[0m[0minfo[0m] [0m[0m[32m- should wrap an iterator of documents[0m[0m
Test (ubuntu-latest, 21)	Run tests	2026-06-22T17:43:28.6679904Z [0m[[0m[0minfo[0m] [0m[0m[32mDocumentLoader.++[0m[0m
Test (ubuntu-latest, 21)	Run tests	2026-06-22T17:43:28.6684103Z [0m[[0m[0minfo[0m] [0m[0m[32m- should compose two loaders[0m[0m
Test (ubuntu-latest, 21)	Run tests	2026-06-22T17:43:28.6685382Z [0m[[0m[0minfo[0m] [0m[0m[32mLoadResult.toOption[0m[0m
Test (ubuntu-latest, 21)	Run tests	2026-06-22T17:43:28.6686452Z [0m[[0m[0minfo[0m] [0m[0m[32m- should return Some for Success[0m[0m
Test (ubuntu-latest, 21)	Run tests	2026-06-22T17:43:28.6694185Z [0m[[0m[0minfo[0m] [0m[0m[32m- should return None for Failure[0m[0m
Test (ubuntu-latest, 21)	Run tests	2026-06-22T17:43:28.6697129Z [0m[[0m[0minfo[0m] [0m[0m[32m- should return None for Skipped[0m[0m
Test (ubuntu-latest, 21)	Run tests	2026-06-22T17:43:28.6698367Z [0m[[0m[0minfo[0m] [0m[0m[32mLoadStats[0m[0m
Test (ubuntu-latest, 21)	Run tests	2026-06-22T17:43:28.6699627Z [0m[[0m[0minfo[0m] [0m[0m[32m- should calculate success rate[0m[0m
Test (ubuntu-latest, 21)	Run tests	2026-06-22T17:43:28.6700744Z [0m[[0m[0minfo[0m] [0m[0m[32m- should handle zero total attempted[0m[0m
Test (ubuntu-latest, 21)	Run tests	2026-06-22T17:43:28.6701779Z [0m[[0m[0minfo[0m] [0m[0m[32m- should report hasErrors[0m[0m
Test (ubuntu-latest, 21)	Run tests	2026-06-22T17:43:28.6702747Z [0m[[0m[0minfo[0m] [0m[0m[32mSyncStats[0m[0m
Test (ubuntu-latest, 21)	Run tests	2026-06-22T17:43:28.6703788Z [0m[[0m[0minfo[0m] [0m[0m[32m- should compute total and changed[0m[0m
Test (ubuntu-latest, 21)	Run tests	2026-06-22T17:43:28.6705208Z [0m[[0m[0minfo[0m] [0m[0m[32m- should detect no changes[0m[0m
Test (ubuntu-latest, 21)	Run tests	2026-06-22T17:43:28.6761779Z [0m[[0m[0minfo[0m] [0m[0m[32mHttpErrorMapperSpec:[0m[0m
Test (ubuntu-latest, 21)	Run tests	2026-06-22T17:43:28.6769589Z [0m[[0m[0minfo[0m] [0m[0m[32mHttpErrorMapper.mapHttpError[0m[0m
Test (ubuntu-latest, 21)	Run tests	2026-06-22T17:43:28.6771614Z [0m[[0m[0minfo[0m] [0m[0m[32m- should return AuthenticationError for 401[0m[0m
Test (ubuntu-latest, 21)	Run tests	2026-06-22T17:43:28.6774330Z [0m[[0m[0minfo[0m] [0m[0m[32m- should return AuthenticationError for 403[0m[0m
Test (ubuntu-latest, 21)	Run tests	2026-06-22T17:43:28.6775844Z [0m[[0m[0minfo[0m] [0m[0m[32m- should return RateLimitError for 429[0m[0m
Test (ubuntu-latest, 21)	Run tests	2026-06-22T17:43:28.6779285Z [0m[[0m[0minfo[0m] [0m[0m[32m- should return ValidationError for 400[0m[0m
Test (ubuntu-latest, 21)	Run tests	2026-06-22T17:43:28.6783956Z [0m[[0m[0minfo[0m] [0m[0m[32m- should return ServiceError for 500[0m[0m
Test (ubuntu-latest, 21)	Run tests	2026-06-22T17:43:28.6789558Z [0m[[0m[0minfo[0m] [0m[0m[32m- should return ServiceError for 502[0m[0m
Test (ubuntu-latest, 21)	Run tests	2026-06-22T17:43:28.6796531Z [0m[[0m[0minfo[0m] [0m[0m[32m- should return ServiceError for 503[0m[0m
Test (ubuntu-latest, 21)	Run tests	2026-06-22T17:43:28.6799331Z [0m[[0m[0minfo[0m] [0m[0m[32m- should return ServiceError for unknown status codes like 418[0m[0m
Test (ubuntu-latest, 21)	Run tests	2026-06-22T17:43:28.6800971Z [0m[[0m[0minfo[0m] [0m[0m[32mHttpErrorMapper.extractErrorDetails[0m[0m
Test (ubuntu-latest, 21)	Run tests	2026-06-22T17:43:28.6802702Z [0m[[0m[0minfo[0m] [0m[0m[32m- should extract top-level message field[0m[0m
Test (ubuntu-latest, 21)	Run tests	2026-06-22T17:43:28.6806331Z [0m[[0m[0minfo[0m] [0m[0m[32m- should extract nested error.message field[0m[0m
Test (ubuntu-latest, 21)	Run tests	2026-06-22T17:43:28.6808571Z [0m[[0m[0minfo[0m] [0m[0m[32m- should extract error as plain string[0m[0m
Test (ubuntu-latest, 21)	Run tests	2026-06-22T17:43:28.6811484Z [0m[[0m[0minfo[0m] [0m[0m[32m- should prefer top-level message over error.message[0m[0m
Test (ubuntu-latest, 21)	Run tests	2026-06-22T17:43:28.6815271Z [0m[[0m[0minfo[0m] [0m[0m[32m- should fall back to default message on invalid JSON[0m[0m
Test (ubuntu-latest, 21)	Run tests	2026-06-22T17:43:28.6819350Z [0m[[0m[0minfo[0m] [0m[0m[32m- should fall back to default message when no known fields present[0m[0m
Test (ubuntu-latest, 21)	Run tests	2026-06-22T17:43:28.6825003Z [0m[[0m[0minfo[0m] [0m[0m[32m- should fall back to default message on empty body[0m[0m
Test (ubuntu-latest, 21)	Run tests	2026-06-22T17:43:28.6832914Z [0m[[0m[0minfo[0m] [0m[0m[32m- should truncate long error messages[0m[0m
Test (ubuntu-latest, 21)	Run tests	2026-06-22T17:43:28.6837093Z [0m[[0m[0minfo[0m] [0m[0m[32m- should trim whitespace from error messages[0m[0m
Test (ubuntu-latest, 21)	Run tests	2026-06-22T17:43:28.6841594Z [0m[[0m[0minfo[0m] [0m[0m[32m- should redact an OpenAI API key embedded in a provider error message[0m[0m
Test (ubuntu-latest, 21)	Run tests	2026-06-22T17:43:28.6843270Z [0m[[0m[0minfo[0m] [0m[0m[32m- should redact an Anthropic API key embedded in a provider error message[0m[0m
Test (ubuntu-latest, 21)	Run tests	2026-06-22T17:43:28.6846684Z [0m[[0m[0minfo[0m] [0m[0m[32m- should redact a Google API key embedded in a provider error message[0m[0m
Test (ubuntu-latest, 21)	Run tests	2026-06-22T17:43:28.6850362Z [0m[[0m[0minfo[0m] [0m[0m[32m- should redact a Voyage API key embedded in a provider error message[0m[0m
Test (ubuntu-latest, 21)	Run tests	2026-06-22T17:43:28.6853471Z [0m[[0m[0minfo[0m] [0m[0m[32m- should redact a Langfuse key embedded in a provider error message[0m[0m
Test (ubuntu-latest, 21)	Run tests	2026-06-22T17:43:28.6856791Z [0m[[0m[0minfo[0m] [0m[0m[32m- should not alter messages that contain no credentials[0m[0m
Test (ubuntu-latest, 21)	Run tests	2026-06-22T17:43:28.6860452Z [0m[[0m[0minfo[0m] [0m[0m[32m- should redact API key in the LLMError.message returned by mapHttpError for 401[0m[0m
Test (ubuntu-latest, 21)	Run tests	2026-06-22T17:43:28.6864192Z [0m[[0m[0minfo[0m] [0m[0m[32m- should redact API key in the LLMError.message returned by mapHttpError for 400[0m[0m
Test (ubuntu-latest, 21)	Run tests	2026-06-22T17:43:28.6871425Z [0m[[0m[0minfo[0m] [0m[0m[32m- should redact API key in the LLMError.message returned by mapHttpError for 500[0m[0m
Test (ubuntu-latest, 21)	Run tests	2026-06-22T17:43:28.6873358Z [0m[[0m[0minfo[0m] [0m[0m[32m- should redact an AWS access key embedded in a provider error message[0m[0m
Test (ubuntu-latest, 21)	Run tests	2026-06-22T17:43:28.6875403Z [0m[[0m[0minfo[0m] [0m[0m[32m- should redact a JWT token embedded in a provider error message[0m[0m
Test (ubuntu-latest, 21)	Run tests	2026-06-22T17:43:28.6887275Z [0m[[0m[0minfo[0m] [0m[0m[32m- should fully redact a key that straddles the 256-char truncation boundary[0m[0m
Test (ubuntu-latest, 21)	Run tests	2026-06-22T17:43:28.6888563Z [0m[[0m[0minfo[0m] [0m[0m[32m- should include provider name in AuthenticationError[0m[0m
Test (ubuntu-latest, 21)	Run tests	2026-06-22T17:43:28.6889836Z [0m[[0m[0minfo[0m] [0m[0m[32m- should include provider name in RateLimitError[0m[0m
Test (ubuntu-latest, 21)	Run tests	2026-06-22T17:43:28.6891401Z [0m[[0m[0minfo[0m] [0m[0m[32m- should include provider name in ServiceError[0m[0m
Test (ubuntu-latest, 21)	Run tests	2026-06-22T17:43:28.6916614Z [0m[[0m[0minfo[0m] [0m[0m[32mValidationModeSpec:[0m[0m
Test (ubuntu-latest, 21)	Run tests	2026-06-22T17:43:28.6917638Z [0m[[0m[0minfo[0m] [0m[0m[32mValidationMode[0m[0m
Test (ubuntu-latest, 21)	Run tests	2026-06-22T17:43:28.6921412Z [0m[[0m[0minfo[0m] [0m[0m[32m- should have All, Any, and First variants[0m[0m
Test (ubuntu-latest, 21)	Run tests	2026-06-22T17:43:28.6924669Z [0m[[0m[0minfo[0m] [0m[0m[32m- should have distinct variants[0m[0m
Test (ubuntu-latest, 21)	Run tests	2026-06-22T17:43:28.6954176Z [0m[[0m[0minfo[0m] [0m[0m[32mMCPServerConfigSpec:[0m[0m
Test (ubuntu-latest, 21)	Run tests	2026-06-22T17:43:28.6958053Z [0m[[0m[0minfo[0m] [0m[0m[32mMCPServerConfig[0m[0m
Test (ubuntu-latest, 21)	Run tests	2026-06-22T17:43:28.6960667Z [0m[[0m[0minfo[0m] [0m[0m[32m- should have default timeout of 30 seconds[0m[0m
Test (ubuntu-latest, 21)	Run tests	2026-06-22T17:43:28.6963939Z [0m[[0m[0minfo[0m] [0m[0m[32m- should allow custom timeout[0m[0m
Test (ubuntu-latest, 21)	Run tests	2026-06-22T17:43:28.6967390Z [0m[[0m[0minfo[0m] [0m[0m[32mMCPServerConfig.stdio[0m[0m
Test (ubuntu-latest, 21)	Run tests	2026-06-22T17:43:28.6968846Z [0m[[0m[0minfo[0m] [0m[0m[32m- should create stdio transport config[0m[0m
Test (ubuntu-latest, 21)	Run tests	2026-06-22T17:43:28.6970253Z [0m[[0m[0minfo[0m] [0m[0m[32m- should accept custom timeout[0m[0m
Test (ubuntu-latest, 21)	Run tests	2026-06-22T17:43:28.6971774Z [0m[[0m[0minfo[0m] [0m[0m[32m- should pass name to transport[0m[0m
Test (ubuntu-latest, 21)	Run tests	2026-06-22T17:43:28.6974394Z [0m[[0m[0minfo[0m] [0m[0m[32mMCPServerConfig.streamableHTTP[0m[0m
Test (ubuntu-latest, 21)	Run tests	2026-06-22T17:43:28.6977936Z [0m[[0m[0minfo[0m] [0m[0m[32m- should create streamable HTTP transport config[0m[0m
Test (ubuntu-latest, 21)	Run tests	2026-06-22T17:43:28.6981070Z [0m[[0m[0minfo[0m] [0m[0m[32m- should accept custom timeout[0m[0m
Test (ubuntu-latest, 21)	Run tests	2026-06-22T17:43:28.6985823Z [0m[[0m[0minfo[0m] [0m[0m[32m- should pass name to transport[0m[0m
Test (ubuntu-latest, 21)	Run tests	2026-06-22T17:43:28.7003202Z [0m[[0m[0minfo[0m] [0m[0m[32mMCPServerConfig.sse[0m[0m
Test (ubuntu-latest, 21)	Run tests	2026-06-22T17:43:28.7011251Z [0m[[0m[0minfo[0m] [0m[0m[32m- should create SSE transport config[0m[0m
Test (ubuntu-latest, 21)	Run tests	2026-06-22T17:43:28.7012356Z [0m[[0m[0minfo[0m] [0m[0m[32m- should accept custom timeout[0m[0m
Test (ubuntu-latest, 21)	Run tests	2026-06-22T17:43:28.7013360Z [0m[[0m[0minfo[0m] [0m[0m[32m- should pass name to transport[0m[0m
Test (ubuntu-latest, 21)	Run tests	2026-06-22T17:43:28.7014295Z [0m[[0m[0minfo[0m] [0m[0m[32mStdioTransport[0m[0m
Test (ubuntu-latest, 21)	Run tests	2026-06-22T17:43:28.7015507Z [0m[[0m[0minfo[0m] [0m[0m[32m- should store command and name[0m[0m
Test (ubuntu-latest, 21)	Run tests	2026-06-22T17:43:28.7016569Z [0m[[0m[0minfo[0m] [0m[0m[32m- should be sealed under MCPTransport[0m[0m
Test (ubuntu-latest, 21)	Run tests	2026-06-22T17:43:28.7017528Z [0m[[0m[0minfo[0m] [0m[0m[32mSSETransport[0m[0m
Test (ubuntu-latest, 21)	Run tests	2026-06-22T17:43:28.7018394Z [0m[[0m[0minfo[0m] [0m[0m[32m- should store url and name[0m[0m
Test (ubuntu-latest, 21)	Run tests	2026-06-22T17:43:28.7020990Z [0m[[0m[0minfo[0m] [0m[0m[32m- should be sealed under MCPTransport[0m[0m
Test (ubuntu-latest, 21)	Run tests	2026-06-22T17:43:28.7025680Z [0m[[0m[0minfo[0m] [0m[0m[32mStreamableHTTPTransport[0m[0m
Test (ubuntu-latest, 21)	Run tests	2026-06-22T17:43:28.7026604Z [0m[[0m[0minfo[0m] [0m[0m[32m- should store url and name[0m[0m
Test (ubuntu-latest, 21)	Run tests	2026-06-22T17:43:28.7027875Z [0m[[0m[0minfo[0m] [0m[0m[32m- should be sealed under MCPTransport[0m[0m
Test (ubuntu-latest, 21)	Run tests	2026-06-22T17:43:28.7028637Z [0m[[0m[0minfo[0m] [0m[0m[32mMCPTransport[0m[0m
Test (ubuntu-latest, 21)	Run tests	2026-06-22T17:43:28.7029520Z [0m[[0m[0minfo[0m] [0m[0m[32m- should support exhaustive pattern matching[0m[0m
Test (ubuntu-latest, 21)	Run tests	2026-06-22T17:43:28.7030623Z [0m[[0m[0minfo[0m] [0m[0m[32mImageGenerationCostTrackingSpec:[0m[0m
Test (ubuntu-latest, 21)	Run tests	2026-06-22T17:43:28.7031659Z [0m[[0m[0minfo[0m] [0m[0m[32mTraceEvent.ImageGenerationCompleted[0m[0m
Test (ubuntu-latest, 21)	Run tests	2026-06-22T17:43:28.7044699Z [0m[[0m[0minfo[0m] [0m[0m[32m- should serialize to JSON correctly[0m[0m
Test (ubuntu-latest, 21)	Run tests	2026-06-22T17:43:28.7047258Z [0m[[0m[0minfo[0m] [0m[0m[32m- should omit optional fields when None[0m[0m
Test (ubuntu-latest, 21)	Run tests	2026-06-22T17:43:28.7049893Z [0m[[0m[0minfo[0m] [0m[0m[32m- should include error message on failure[0m[0m
Test (ubuntu-latest, 21)	Run tests	2026-06-22T17:43:28.7051375Z [0m[[0m[0minfo[0m] [0m[0m[32mInstrumentedImageGenerationClient[0m[0m
Test (ubuntu-latest, 21)	Run tests	2026-06-22T17:43:28.7154627Z [0m[[0m[0minfo[0m] [0m[0m[32m- should record metrics on successful generation[0m[0m
Test (ubuntu-latest, 21)	Run tests	2026-06-22T17:43:28.7169004Z [0m[[0m[0minfo[0m] [0m[0m[32m- should record cost metrics when pricing is available[0m[0m
Test (ubuntu-latest, 21)	Run tests	2026-06-22T17:43:28.7191663Z [0m[[0m[0minfo[0m] [0m[0m[32m- should record metrics on failed generation[0m[0m
Test (ubuntu-latest, 21)	Run tests	2026-06-22T17:43:28.7201876Z [0m[[0m[0minfo[0m] [0m[0m[32m- should record image generation error counter on failure[0m[0m
Test (ubuntu-latest, 21)	Run tests	2026-06-22T17:43:28.7224267Z [0m[[0m[0minfo[0m] [0m[0m[32m- should record duration histogram[0m[0m
Test (ubuntu-latest, 21)	Run tests	2026-06-22T17:43:28.7240621Z [0m[[0m[0minfo[0m] [0m[0m[32m- should record multiple images count correctly[0m[0m
Test (ubuntu-latest, 21)	Run tests	2026-06-22T17:43:28.7244087Z [0m[[0m[0minfo[0m] [0m[0m[32m- should emit ImageGenerationCompleted trace event on success[0m[0m
Test (ubuntu-latest, 21)	Run tests	2026-06-22T17:43:28.7248349Z [0m[[0m[0minfo[0m] [0m[0m[32m- should emit error trace event on failure[0m[0m
Test (ubuntu-latest, 21)	Run tests	2026-06-22T17:43:28.7251225Z [0m[[0m[0minfo[0m] [0m[0m[32mMetricsCollector.noop[0m[0m
Test (ubuntu-latest, 21)	Run tests	2026-06-22T17:43:28.7252961Z [0m[[0m[0minfo[0m] [0m[0m[32m- should not throw on image generation methods[0m[0m
Test (ubuntu-latest, 21)	Run tests	2026-06-22T17:43:28.7254985Z [0m[[0m[0minfo[0m] [0m[0m[32mImageGeneration.client with metrics and tracing[0m[0m
Test (ubuntu-latest, 21)	Run tests	2026-06-22T17:43:28.7268661Z [0m[[0m[0minfo[0m] [0m[0m[32m- should return an instrumented client[0m[0m
Test (ubuntu-latest, 21)	Run tests	2026-06-22T17:43:28.7270353Z [0m[[0m[0minfo[0m] [0m[0m[32mImageGeneration.client without args[0m[0m
Test (ubuntu-latest, 21)	Run tests	2026-06-22T17:43:28.7272620Z [0m[[0m[0minfo[0m] [0m[0m[32m- should still work (backward compatible)[0m[0m
Test (ubuntu-latest, 21)	Run tests	2026-06-22T17:43:28.7310369Z [0m[[0m[0minfo[0m] [0m[0m[32mConsoleTracingSpec:[0m[0m
Test (ubuntu-latest, 21)	Run tests	2026-06-22T17:43:28.7313988Z [0m[[0m[0minfo[0m] [0m[0m[32mConsoleTracing[0m[0m
Test (ubuntu-latest, 21)	Run tests	2026-06-22T17:43:28.7320327Z [0m[[0m[0minfo[0m] [0m[0m[32m- should trace events without throwing[0m[0m
Test (ubuntu-latest, 21)	Run tests	2026-06-22T17:43:28.7325443Z [0m[[0m[0minfo[0m] [0m[0m[32m- should trace tool calls without throwing[0m[0m
Test (ubuntu-latest, 21)	Run tests	2026-06-22T17:43:28.7326380Z 
Test (ubuntu-latest, 21)	Run tests	2026-06-22T17:43:28.7326939Z [33m[1m--- CUSTOM EVENT ---[0m
Test (ubuntu-latest, 21)	Run tests	2026-06-22T17:43:28.7327938Z [90mTimestamp: 2026-06-22T17:43:28.731456169Z[0m
Test (ubuntu-latest, 21)	Run tests	2026-06-22T17:43:28.7330817Z [33mName: Test event occurred[0m
Test (ubuntu-latest, 21)	Run tests	2026-06-22T17:43:28.7331654Z [33mData: {}[0m
Test (ubuntu-latest, 21)	Run tests	2026-06-22T17:43:28.7332107Z 
Test (ubuntu-latest, 21)	Run tests	2026-06-22T17:43:28.7332285Z 
Test (ubuntu-latest, 21)	Run tests	2026-06-22T17:43:28.7332779Z [36m[1m--- TOOL EXECUTED ---[0m
Test (ubuntu-latest, 21)	Run tests	2026-06-22T17:43:28.7335975Z [90mTimestamp: 2026-06-22T17:43:28.732049266Z[0m
Test (ubuntu-latest, 21)	Run tests	2026-06-22T17:43:28.7336640Z [36mTool: calculator[0m
Test (ubuntu-latest, 21)	Run tests	2026-06-22T17:43:28.7337119Z [36mSuccess: true[0m
Test (ubuntu-latest, 21)	Run tests	2026-06-22T17:43:28.7337443Z [36mDuration: 0ms[0m
Test (ubuntu-latest, 21)	Run tests	2026-06-22T17:43:28.7337828Z [33mInput: {"operation": "add", "a": 1, "b": 2}[0m
Test (ubuntu-latest, 21)	Run tests	2026-06-22T17:43:28.7338230Z [32mOutput: 3[0m
Test (ubuntu-latest, 21)	Run tests	2026-06-22T17:43:28.7338498Z 
Test (ubuntu-latest, 21)	Run tests	2026-06-22T17:43:28.7338523Z 
Test (ubuntu-latest, 21)	Run tests	2026-06-22T17:43:28.7338900Z [36m[1m============================================================[0m
Test (ubuntu-latest, 21)	Run tests	2026-06-22T17:43:28.7339639Z [36m[1mERROR OCCURRED[0m
Test (ubuntu-latest, 21)	Run tests	2026-06-22T17:43:28.7340647Z [36m[1m============================================================[0m
Test (ubuntu-latest, 21)	Run tests	2026-06-22T17:43:28.7341451Z [90mTimestamp: 2026-06-22T17:43:28.732683330Z[0m
Test (ubuntu-latest, 21)	Run tests	2026-06-22T17:43:28.7342100Z [31mType: RuntimeException[0m
Test (ubuntu-latest, 21)	Run tests	2026-06-22T17:43:28.7342610Z [31mMessage: Something went wrong[0m
Test (ubuntu-latest, 21)	Run tests	2026-06-22T17:43:28.7342962Z [31mContext: [0m
Test (ubuntu-latest, 21)	Run tests	2026-06-22T17:43:28.7343118Z 
Test (ubuntu-latest, 21)	Run tests	2026-06-22T17:43:28.7343437Z [0m[[0m[0minfo[0m] [0m[0m[32m- should trace errors without throwing[0m[0m
Test (ubuntu-latest, 21)	Run tests	2026-06-22T17:43:28.7343952Z 
Test (ubuntu-latest, 21)	Run tests	2026-06-22T17:43:28.7344347Z [36m[1m============================================================[0m
Test (ubuntu-latest, 21)	Run tests	2026-06-22T17:43:28.7345346Z [36m[1mERROR OCCURRED[0m
Test (ubuntu-latest, 21)	Run tests	2026-06-22T17:43:28.7346030Z [36m[1m============================================================[0m
Test (ubuntu-latest, 21)	Run tests	2026-06-22T17:43:28.7346706Z [90mTimestamp: 2026-06-22T17:43:28.733209982Z[0m
Test (ubuntu-latest, 21)	Run tests	2026-06-22T17:43:28.7347120Z [31mType: RuntimeException[0m
Test (ubuntu-latest, 21)	Run tests	2026-06-22T17:43:28.7347470Z [31mMessage: Outer error[0m
Test (ubuntu-latest, 21)	Run tests	2026-06-22T17:43:28.7347809Z [31mContext: [0m
Test (ubuntu-latest, 21)	Run tests	2026-06-22T17:43:28.7347972Z 
Test (ubuntu-latest, 21)	Run tests	2026-06-22T17:43:28.7348358Z [0m[[0m[0minfo[0m] [0m[0m[32m- should trace errors with nested cause[0m[0m
Test (ubuntu-latest, 21)	Run tests	2026-06-22T17:43:28.7358797Z 
Test (ubuntu-latest, 21)	Run tests	2026-06-22T17:43:28.7359164Z [34m[1m--- AGENT STATE UPDATED ---[0m
Test (ubuntu-latest, 21)	Run tests	2026-06-22T17:43:28.7359904Z [90mTimestamp: 2026-06-22T17:43:28.733776218Z[0m
Test (ubuntu-latest, 21)	Run tests	2026-06-22T17:43:28.7360605Z [34mStatus: InProgress[0m
Test (ubuntu-latest, 21)	Run tests	2026-06-22T17:43:28.7361130Z [34mMessages: 0[0m
Test (ubuntu-latest, 21)	Run tests	2026-06-22T17:43:28.7361603Z [34mLogs: 0[0m
Test (ubuntu-latest, 21)	Run tests	2026-06-22T17:43:28.7361844Z 
Test (ubuntu-latest, 21)	Run tests	2026-06-22T17:43:28.7362452Z [0m[[0m[0minfo[0m] [0m[0m[32m- should trace agent state with minimal configuration[0m[0m
Test (ubuntu-latest, 21)	Run tests	2026-06-22T17:43:28.7363109Z 
Test (ubuntu-latest, 21)	Run tests	2026-06-22T17:43:28.7363409Z [34m[1m--- AGENT STATE UPDATED ---[0m
Test (ubuntu-latest, 21)	Run tests	2026-06-22T17:43:28.7364116Z [90mTimestamp: 2026-06-22T17:43:28.734305715Z[0m
Test (ubuntu-latest, 21)	Run tests	2026-06-22T17:43:28.7365466Z [34mStatus: Complete[0m
Test (ubuntu-latest, 21)	Run tests	2026-06-22T17:43:28.7366043Z [34mMessages: 3[0m
Test (ubuntu-latest, 21)	Run tests	2026-06-22T17:43:28.7366501Z [34mLogs: 2[0m
Test (ubuntu-latest, 21)	Run tests	2026-06-22T17:43:28.7366748Z 
Test (ubuntu-latest, 21)	Run tests	2026-06-22T17:43:28.7367316Z [0m[[0m[0minfo[0m] [0m[0m[32m- should trace agent state with full configuration[0m[0m
Test (ubuntu-latest, 21)	Run tests	2026-06-22T17:43:28.7367973Z 
Test (ubuntu-latest, 21)	Run tests	2026-06-22T17:43:28.7368252Z [34m[1m--- AGENT STATE UPDATED ---[0m
Test (ubuntu-latest, 21)	Run tests	2026-06-22T17:43:28.7368904Z [90mTimestamp: 2026-06-22T17:43:28.734741726Z[0m
Test (ubuntu-latest, 21)	Run tests	2026-06-22T17:43:28.7369555Z [34mStatus: InProgress[0m
Test (ubuntu-latest, 21)	Run tests	2026-06-22T17:43:28.7370089Z [34mMessages: 2[0m
Test (ubuntu-latest, 21)	Run tests	2026-06-22T17:43:28.7370567Z [34mLogs: 0[0m
Test (ubuntu-latest, 21)	Run tests	2026-06-22T17:43:28.7370822Z 
Test (ubuntu-latest, 21)	Run tests	2026-06-22T17:43:28.7371374Z [0m[[0m[0minfo[0m] [0m[0m[32m- should trace agent state with system message[0m[0m
Test (ubuntu-latest, 21)	Run tests	2026-06-22T17:43:28.7371991Z 
Test (ubuntu-latest, 21)	Run tests	2026-06-22T17:43:28.7372290Z [34m[1m--- AGENT STATE UPDATED ---[0m
Test (ubuntu-latest, 21)	Run tests	2026-06-22T17:43:28.7372971Z [90mTimestamp: 2026-06-22T17:43:28.735357694Z[0m
Test (ubuntu-latest, 21)	Run tests	2026-06-22T17:43:28.7373615Z [34mStatus: Complete[0m
Test (ubuntu-latest, 21)	Run tests	2026-06-22T17:43:28.7374106Z [34mMessages: 3[0m
Test (ubuntu-latest, 21)	Run tests	2026-06-22T17:43:28.7374540Z [34mLogs: 0[0m
Test (ubuntu-latest, 21)	Run tests	2026-06-22T17:43:28.7374989Z 
Test (ubuntu-latest, 21)	Run tests	2026-06-22T17:43:28.7375568Z [0m[[0m[0minfo[0m] [0m[0m[32m- should trace agent state with assistant tool calls[0m[0m
Test (ubuntu-latest, 21)	Run tests	2026-06-22T17:43:28.7376226Z 
Test (ubuntu-latest, 21)	Run tests	2026-06-22T17:43:28.7376480Z [34m[1m--- AGENT STATE UPDATED ---[0m
Test (ubuntu-latest, 21)	Run tests	2026-06-22T17:43:28.7377162Z [90mTimestamp: 2026-06-22T17:43:28.735723924Z[0m
Test (ubuntu-latest, 21)	Run tests	2026-06-22T17:43:28.7377851Z [34mStatus: InProgress[0m
Test (ubuntu-latest, 21)	Run tests	2026-06-22T17:43:28.7378383Z [34mMessages: 0[0m
Test (ubuntu-latest, 21)	Run tests	2026-06-22T17:43:28.7378852Z [34mLogs: 5[0m
Test (ubuntu-latest, 21)	Run tests	2026-06-22T17:43:28.7379088Z 
Test (ubuntu-latest, 21)	Run tests	2026-06-22T17:43:28.7379662Z [0m[[0m[0minfo[0m] [0m[0m[32m- should trace agent state with various log types[0m[0m
Test (ubuntu-latest, 21)	Run tests	2026-06-22T17:43:28.7380823Z [0m[[0m[0minfo[0m] [0m[0m[32m- should trace completion with token usage[0m[0m
Test (ubuntu-latest, 21)	Run tests	2026-06-22T17:43:28.7381419Z 
Test (ubuntu-latest, 21)	Run tests	2026-06-22T17:43:28.7381812Z [36m[1m============================================================[0m
Test (ubuntu-latest, 21)	Run tests	2026-06-22T17:43:28.7382540Z [36m[1mCOMPLETION RECEIVED[0m
Test (ubuntu-latest, 21)	Run tests	2026-06-22T17:43:28.7383244Z [36m[1m============================================================[0m
Test (ubuntu-latest, 21)	Run tests	2026-06-22T17:43:28.7384008Z [90mTimestamp: 2026-06-22T17:43:28.736163902Z[0m
Test (ubuntu-latest, 21)	Run tests	2026-06-22T17:43:28.7385119Z [32mModel: gpt-4[0m
Test (ubuntu-latest, 21)	Run tests	2026-06-22T17:43:28.7385647Z [32mID: cmpl-123456[0m
Test (ubuntu-latest, 21)	Run tests	2026-06-22T17:43:28.7386132Z [32mTool Calls: 0[0m
Test (ubuntu-latest, 21)	Run tests	2026-06-22T17:43:28.7386653Z [32mContent: Hello, I'm an AI assistant.[0m
Test (ubuntu-latest, 21)	Run tests	2026-06-22T17:43:28.7387041Z 
Test (ubuntu-latest, 21)	Run tests	2026-06-22T17:43:28.7387051Z 
Test (ubuntu-latest, 21)	Run tests	2026-06-22T17:43:28.7387401Z [36m[1m============================================================[0m
Test (ubuntu-latest, 21)	Run tests	2026-06-22T17:43:28.7388064Z [36m[1mCOMPLETION RECEIVED[0m
Test (ubuntu-latest, 21)	Run tests	2026-06-22T17:43:28.7388735Z [36m[1m============================================================[0m
Test (ubuntu-latest, 21)	Run tests	2026-06-22T17:43:28.7389504Z [90mTimestamp: 2026-06-22T17:43:28.736618538Z[0m
Test (ubuntu-latest, 21)	Run tests	2026-06-22T17:43:28.7390091Z [32mModel: gpt-4[0m
Test (ubuntu-latest, 21)	Run tests	2026-06-22T17:43:28.7390546Z [32mID: cmpl-789[0m
Test (ubuntu-latest, 21)	Run tests	2026-06-22T17:43:28.7390992Z [32mTool Calls: 0[0m
Test (ubuntu-latest, 21)	Run tests	2026-06-22T17:43:28.7391487Z [32mContent: Response without usage[0m
Test (ubuntu-latest, 21)	Run tests	2026-06-22T17:43:28.7392893Z 
Test (ubuntu-latest, 21)	Run tests	2026-06-22T17:43:28.7393505Z [0m[[0m[0minfo[0m] [0m[0m[32m- should trace completion without token usage[0m[0m
Test (ubuntu-latest, 21)	Run tests	2026-06-22T17:43:28.7394113Z 
Test (ubuntu-latest, 21)	Run tests	2026-06-22T17:43:28.7394488Z [36m[1m============================================================[0m
Test (ubuntu-latest, 21)	Run tests	2026-06-22T17:43:28.7395659Z [36m[1mCOMPLETION RECEIVED[0m
Test (ubuntu-latest, 21)	Run tests	2026-06-22T17:43:28.7396315Z [36m[1m============================================================[0m
Test (ubuntu-latest, 21)	Run tests	2026-06-22T17:43:28.7397207Z [90mTimestamp: 2026-06-22T17:43:28.737333966Z[0m
Test (ubuntu-latest, 21)	Run tests	2026-06-22T17:43:28.7397902Z [32mModel: gpt-4[0m
Test (ubuntu-latest, 21)	Run tests	2026-06-22T17:43:28.7398418Z [32mID: cmpl-tools[0m
Test (ubuntu-latest, 21)	Run tests	2026-06-22T17:43:28.7398907Z [32mTool Calls: 1[0m
Test (ubuntu-latest, 21)	Run tests	2026-06-22T17:43:28.7399451Z [32mContent: I'll search for that.[0m
Test (ubuntu-latest, 21)	Run tests	2026-06-22T17:43:28.7399804Z 
Test (ubuntu-latest, 21)	Run tests	2026-06-22T17:43:28.7400304Z [0m[[0m[0minfo[0m] [0m[0m[32m- should trace completion with tool calls[0m[0m
Test (ubuntu-latest, 21)	Run tests	2026-06-22T17:43:28.7400866Z 
Test (ubuntu-latest, 21)	Run tests	2026-06-22T17:43:28.7401121Z [35m[1m--- TOKEN USAGE ---[0m
Test (ubuntu-latest, 21)	Run tests	2026-06-22T17:43:28.7401733Z [90mTimestamp: 2026-06-22T17:43:28.737897427Z[0m
Test (ubuntu-latest, 21)	Run tests	2026-06-22T17:43:28.7402321Z [35mModel: gpt-4[0m
Test (ubuntu-latest, 21)	Run tests	2026-06-22T17:43:28.7402814Z [35mOperation: completion[0m
Test (ubuntu-latest, 21)	Run tests	2026-06-22T17:43:28.7403397Z [35mPrompt Tokens: 1000[0m
Test (ubuntu-latest, 21)	Run tests	2026-06-22T17:43:28.7403997Z [35mCompletion Tokens: 500[0m
Test (ubuntu-latest, 21)	Run tests	2026-06-22T17:43:28.7404549Z [35mTotal Tokens: 1500[0m
Test (ubuntu-latest, 21)	Run tests	2026-06-22T17:43:28.7405029Z 
Test (ubuntu-latest, 21)	Run tests	2026-06-22T17:43:28.7405582Z [0m[[0m[0minfo[0m] [0m[0m[32m- should trace token usage with non-zero values[0m[0m
Test (ubuntu-latest, 21)	Run tests	2026-06-22T17:43:28.7406175Z 
Test (ubuntu-latest, 21)	Run tests	2026-06-22T17:43:28.7406416Z [35m[1m--- TOKEN USAGE ---[0m
Test (ubuntu-latest, 21)	Run tests	2026-06-22T17:43:28.7407017Z [90mTimestamp: 2026-06-22T17:43:28.738292952Z[0m
Test (ubuntu-latest, 21)	Run tests	2026-06-22T17:43:28.7407631Z [35mModel: gpt-4[0m
Test (ubuntu-latest, 21)	Run tests	2026-06-22T17:43:28.7408120Z [35mOperation: empty_request[0m
Test (ubuntu-latest, 21)	Run tests	2026-06-22T17:43:28.7408673Z [35mPrompt Tokens: 0[0m
Test (ubuntu-latest, 21)	Run tests	2026-06-22T17:43:28.7409209Z [35mCompletion Tokens: 0[0m
Test (ubuntu-latest, 21)	Run tests	2026-06-22T17:43:28.7409743Z [35mTotal Tokens: 0[0m
Test (ubuntu-latest, 21)	Run tests	2026-06-22T17:43:28.7410005Z 
Test (ubuntu-latest, 21)	Run tests	2026-06-22T17:43:28.7410489Z [0m[[0m[0minfo[0m] [0m[0m[32m- should trace token usage with zero values[0m[0m
Test (ubuntu-latest, 21)	Run tests	2026-06-22T17:43:28.7411964Z [0m[[0m[0minfo[0m] [0m[0m[32m- should trace token usage with large values[0m[0m
Test (ubuntu-latest, 21)	Run tests	2026-06-22T17:43:28.7413081Z [0m[[0m[0minfo[0m] [0m[0m[32m- should handle truncation of long JSON in tool calls[0m[0m
Test (ubuntu-latest, 21)	Run tests	2026-06-22T17:43:28.7413699Z 
Test (ubuntu-latest, 21)	Run tests	2026-06-22T17:43:28.7413937Z [35m[1m--- TOKEN USAGE ---[0m
Test (ubuntu-latest, 21)	Run tests	2026-06-22T17:43:28.7414526Z [90mTimestamp: 2026-06-22T17:43:28.738704417Z[0m
Test (ubuntu-latest, 21)	Run tests	2026-06-22T17:43:28.7415389Z [35mModel: gpt-4-32k[0m
Test (ubuntu-latest, 21)	Run tests	2026-06-22T17:43:28.7415891Z [35mOperation: large_context[0m
Test (ubuntu-latest, 21)	Run tests	2026-06-22T17:43:28.7416428Z [35mPrompt Tokens: 100000[0m
Test (ubuntu-latest, 21)	Run tests	2026-06-22T17:43:28.7416957Z [35mCompletion Tokens: 50000[0m
Test (ubuntu-latest, 21)	Run tests	2026-06-22T17:43:28.7417493Z [35mTotal Tokens: 150000[0m
Test (ubuntu-latest, 21)	Run tests	2026-06-22T17:43:28.7417812Z 
Test (ubuntu-latest, 21)	Run tests	2026-06-22T17:43:28.7417820Z 
Test (ubuntu-latest, 21)	Run tests	2026-06-22T17:43:28.7418071Z [36m[1m--- TOOL EXECUTED ---[0m
Test (ubuntu-latest, 21)	Run tests	2026-06-22T17:43:28.7418709Z [90mTimestamp: 2026-06-22T17:43:28.739107235Z[0m
Test (ubuntu-latest, 21)	Run tests	2026-06-22T17:43:28.7419343Z [36mTool: tool[0m
Test (ubuntu-latest, 21)	Run tests	2026-06-22T17:43:28.7419796Z [36mSuccess: true[0m
Test (ubuntu-latest, 21)	Run tests	2026-06-22T17:43:28.7420276Z [36mDuration: 0ms[0m
Test (ubuntu-latest, 21)	Run tests	2026-06-22T17:43:28.7421376Z [33mInput: {"key":"value","key":"value","key":"value","key":"value","key":"value","key":"value","key":"value","...[0m
Test (ubuntu-latest, 21)	Run tests	2026-06-22T17:43:28.7422712Z [32mOutput: result[0m
Test (ubuntu-latest, 21)	Run tests	2026-06-22T17:43:28.7423006Z 
Test (ubuntu-latest, 21)	Run tests	2026-06-22T17:43:28.7423023Z 
Test (ubuntu-latest, 21)	Run tests	2026-06-22T17:43:28.7423383Z [36m[1m============================================================[0m
Test (ubuntu-latest, 21)	Run tests	2026-06-22T17:43:28.7424088Z [36m[1mCOMPLETION RECEIVED[0m
Test (ubuntu-latest, 21)	Run tests	2026-06-22T17:43:28.7425091Z [36m[1m============================================================[0m
Test (ubuntu-latest, 21)	Run tests	2026-06-22T17:43:28.7425931Z [90mTimestamp: 2026-06-22T17:43:28.739562412Z[0m
Test (ubuntu-latest, 21)	Run tests	2026-06-22T17:43:28.7426607Z [32mModel: gpt-4[0m
Test (ubuntu-latest, 21)	Run tests	2026-06-22T17:43:28.7427122Z [32mID: cmpl-long[0m
Test (ubuntu-latest, 21)	Run tests	2026-06-22T17:43:28.7427590Z [32mTool Calls: 0[0m
Test (ubuntu-latest, 21)	Run tests	2026-06-22T17:43:28.7429212Z [32mContent: AAAAAAAAAAAAAAAAAAAAAAAAAAAAAAAAAAAAAAAAAAAAAAAAAAAAAAAAAAAAAAAAAAAAAAAAAAAAAAAAAAAAAAAAAAAAAAAAAAAAAAAAAAAAAAAAAAAAAAAAAAAAAAAAAAAAAAAAAAAAAAAAAAAAAAAAAAAAAAAAAAAAAAAAAAAAAAAAAAAAAAAAAAAAAAAAAAAAAAAA...[0m
Test (ubuntu-latest, 21)	Run tests	2026-06-22T17:43:28.7430653Z 
Test (ubuntu-latest, 21)	Run tests	2026-06-22T17:43:28.7431030Z [0m[[0m[0minfo[0m] [0m[0m[32m- should handle truncation of long content in completions[0m[0m
Test (ubuntu-latest, 21)	Run tests	2026-06-22T17:43:28.7431633Z 
Test (ubuntu-latest, 21)	Run tests	2026-06-22T17:43:28.7431793Z [36m[1m--- TOOL EXECUTED ---[0m
Test (ubuntu-latest, 21)	Run tests	2026-06-22T17:43:28.7432170Z [90mTimestamp: 2026-06-22T17:43:28.740038829Z[0m
Test (ubuntu-latest, 21)	Run tests	2026-06-22T17:43:28.7432529Z [36mTool: tool[0m
Test (ubuntu-latest, 21)	Run tests	2026-06-22T17:43:28.7432794Z [36mSuccess: true[0m
Test (ubuntu-latest, 21)	Run tests	2026-06-22T17:43:28.7433063Z [36mDuration: 0ms[0m
Test (ubuntu-latest, 21)	Run tests	2026-06-22T17:43:28.7433328Z [33mInput: {}[0m
Test (ubuntu-latest, 21)	Run tests	2026-06-22T17:43:28.7434102Z [32mOutput: Result: xxxxxxxxxxxxxxxxxxxxxxxxxxxxxxxxxxxxxxxxxxxxxxxxxxxxxxxxxxxxxxxxxxxxxxxxxxxxxxxxxxxxxxxxxxxx...[0m
Test (ubuntu-latest, 21)	Run tests	2026-06-22T17:43:28.7435058Z 
Test (ubuntu-latest, 21)	Run tests	2026-06-22T17:43:28.7435372Z [0m[[0m[0minfo[0m] [0m[0m[32m- should handle very long tool output[0m[0m
Test (ubuntu-latest, 21)	Run tests	2026-06-22T17:43:28.7436020Z [0m[[0m[0minfo[0m] [0m[0m[32m- should use AnsiColors constants for formatting[0m[0m
Test (ubuntu-latest, 21)	Run tests	2026-06-22T17:43:28.7452111Z [0m[[0m[0minfo[0m] [0m[0m[32mContextManagerSpec:[0m[0m
Test (ubuntu-latest, 21)	Run tests	2026-06-22T17:43:28.7454249Z [0m[[0m[0minfo[0m] [0m[0m[32mContextManager.create[0m[0m
Test (ubuntu-latest, 21)	Run tests	2026-06-22T17:43:28.7475970Z [0m[[0m[0minfo[0m] [0m[0m[32m- should create manager with valid config[0m[0m
Test (ubuntu-latest, 21)	Run tests	2026-06-22T17:43:28.7480516Z [0m[[0m[0minfo[0m] [0m[0m[32m- should reject invalid headroom percentage[0m[0m
Test (ubuntu-latest, 21)	Run tests	2026-06-22T17:43:28.7482039Z [0m[[0m[0minfo[0m] [0m[0m[32mContextManager.withDefaults[0m[0m
Test (ubuntu-latest, 21)	Run tests	2026-06-22T17:43:28.7483819Z [0m[[0m[0minfo[0m] [0m[0m[32m- should create manager with default configuration[0m[0m
Test (ubuntu-latest, 21)	Run tests	2026-06-22T17:43:28.7485451Z [0m[[0m[0minfo[0m] [0m[0m[32mContextManager.manageContext[0m[0m
Test (ubuntu-latest, 21)	Run tests	2026-06-22T17:43:28.7572716Z [0m[[0m[0minfo[0m] [0m[0m[32m- should skip all steps when conversation fits budget[0m[0m
Test (ubuntu-latest, 21)	Run tests	2026-06-22T17:43:28.7621510Z [0m[[0m[0minfo[0m] [0m[0m[32m- should apply steps in correct order[0m[0m
Test (ubuntu-latest, 21)	Run tests	2026-06-22T17:43:28.7648639Z [0m[[0m[0minfo[0m] [0m[0m[32m- should achieve budget target in multi-step scenario[0m[0m
Test (ubuntu-latest, 21)	Run tests	2026-06-22T17:43:28.7653071Z [0m[[0m[0minfo[0m] [0m[0m[32m- should skip deterministic compression when disabled[0m[0m
Test (ubuntu-latest, 21)	Run tests	2026-06-22T17:43:28.7685462Z [0m[[0m[0minfo[0m] [0m[0m[32m- should skip LLM compression when disabled[0m[0m
Test (ubuntu-latest, 21)	Run tests	2026-06-22T17:43:28.7711208Z [0m[[0m[0minfo[0m] [0m[0m[32m- should skip LLM compression when no client provided[0m[0m
Test (ubuntu-latest, 21)	Run tests	2026-06-22T17:43:28.7713117Z [0m[[0m[0minfo[0m] [0m[0m[32mManagedConversation[0m[0m
Test (ubuntu-latest, 21)	Run tests	2026-06-22T17:43:28.7719177Z [0m[[0m[0minfo[0m] [0m[0m[32m- should calculate correct summary statistics[0m[0m
Test (ubuntu-latest, 21)	Run tests	2026-06-22T17:43:28.7723338Z [0m[[0m[0minfo[0m] [0m[0m[32m- should provide readable summary[0m[0m
Test (ubuntu-latest, 21)	Run tests	2026-06-22T17:43:28.7725209Z [0m[[0m[0minfo[0m] [0m[0m[32mContextStep[0m[0m
Test (ubuntu-latest, 21)	Run tests	2026-06-22T17:43:28.7726082Z [0m[[0m[0minfo[0m] [0m[0m[32m- should provide correct summary for applied step[0m[0m
Test (ubuntu-latest, 21)	Run tests	2026-06-22T17:43:28.7727111Z [0m[[0m[0minfo[0m] [0m[0m[32m- should provide correct summary for skipped step[0m[0m
Test (ubuntu-latest, 21)	Run tests	2026-06-22T17:43:28.7728187Z [0m[[0m[0minfo[0m] [0m[0m[32mContextConfig.default[0m[0m
Test (ubuntu-latest, 21)	Run tests	2026-06-22T17:43:28.7729063Z [0m[[0m[0minfo[0m] [0m[0m[32m- should have reasonable default values[0m[0m
Test (ubuntu-latest, 21)	Run tests	2026-06-22T17:43:28.7729874Z [0m[[0m[0minfo[0m] [0m[0m[32mContextConfig.legacy[0m[0m
Test (ubuntu-latest, 21)	Run tests	2026-06-22T17:43:28.7731387Z [0m[[0m[0minfo[0m] [0m[0m[32m- should support backward compatible configuration[0m[0m
Test (ubuntu-latest, 21)	Run tests	2026-06-22T17:43:28.7732873Z [0m[[0m[0minfo[0m] [0m[0m[32mContextManager[0m[0m
Test (ubuntu-latest, 21)	Run tests	2026-06-22T17:43:28.7735211Z [0m[[0m[0minfo[0m] [0m[0m[32m- should handle empty conversation[0m[0m
Test (ubuntu-latest, 21)	Run tests	2026-06-22T17:43:28.7737496Z [0m[[0m[0minfo[0m] [0m[0m[32m- should handle single message conversation[0m[0m
Test (ubuntu-latest, 21)	Run tests	2026-06-22T17:43:28.7742922Z [0m[[0m[0minfo[0m] [0m[0m[32m- should handle conversation with existing HISTORY_SUMMARY[0m[0m
Test (ubuntu-latest, 21)	Run tests	2026-06-22T17:43:28.7775638Z [0m[[0m[0minfo[0m] [0m[0m[32mTokenWindowSpec:[0m[0m
Test (ubuntu-latest, 21)	Run tests	2026-06-22T17:43:28.7778732Z [0m[[0m[0minfo[0m] [0m[0m[32mTokenWindow.trimToBudget[0m[0m
Test (ubuntu-latest, 21)	Run tests	2026-06-22T17:43:28.7781040Z [0m[[0m[0minfo[0m] [0m[0m[32m- should return original conversation when within budget[0m[0m
Test (ubuntu-latest, 21)	Run tests	2026-06-22T17:43:28.7783473Z [0m[[0m[0minfo[0m] [0m[0m[32m- should trim oldest messages when over budget[0m[0m
Test (ubuntu-latest, 21)	Run tests	2026-06-22T17:43:28.7787452Z [0m[[0m[0minfo[0m] [0m[0m[32m- should preserve pinned HISTORY_SUMMARY messages[0m[0m
Test (ubuntu-latest, 21)	Run tests	2026-06-22T17:43:28.7789961Z [0m[[0m[0minfo[0m] [0m[0m[32m- should apply headroom percentage correctly[0m[0m
Test (ubuntu-latest, 21)	Run tests	2026-06-22T17:43:28.7791444Z [0m[[0m[0minfo[0m] [0m[0m[32m- should reject negative budget[0m[0m
Test (ubuntu-latest, 21)	Run tests	2026-06-22T17:43:28.7792892Z [0m[[0m[0minfo[0m] [0m[0m[32m- should reject zero budget[0m[0m
Test (ubuntu-latest, 21)	Run tests	2026-06-22T17:43:28.7794913Z [0m[[0m[0minfo[0m] [0m[0m[32m- should reject invalid headroom percentage (negative)[0m[0m
Test (ubuntu-latest, 21)	Run tests	2026-06-22T17:43:28.7796392Z [0m[[0m[0minfo[0m] [0m[0m[32m- should reject invalid headroom percentage (>=1.0)[0m[0m
Test (ubuntu-latest, 21)	Run tests	2026-06-22T17:43:28.7797652Z [0m[[0m[0minfo[0m] [0m[0m[32m- should reject empty conversation[0m[0m
Test (ubuntu-latest, 21)	Run tests	2026-06-22T17:43:28.7799006Z [0m[[0m[0minfo[0m] [0m[0m[32mTokenWindow.fitsInBudget[0m[0m
Test (ubuntu-latest, 21)	Run tests	2026-06-22T17:43:28.7800178Z [0m[[0m[0minfo[0m] [0m[0m[32m- should return true when conversation fits[0m[0m
Test (ubuntu-latest, 21)	Run tests	2026-06-22T17:43:28.7801629Z [0m[[0m[0minfo[0m] [0m[0m[32m- should return false when conversation exceeds budget[0m[0m
Test (ubuntu-latest, 21)	Run tests	2026-06-22T17:43:28.7803234Z [0m[[0m[0minfo[0m] [0m[0m[32m- should account for headroom in budget check[0m[0m
Test (ubuntu-latest, 21)	Run tests	2026-06-22T17:43:28.7804342Z [0m[[0m[0minfo[0m] [0m[0m[32mTokenWindow.getUsageInfo[0m[0m
Test (ubuntu-latest, 21)	Run tests	2026-06-22T17:43:28.7805720Z [0m[[0m[0minfo[0m] [0m[0m[32m- should calculate correct utilization percentage[0m[0m
Test (ubuntu-latest, 21)	Run tests	2026-06-22T17:43:28.7807315Z [0m[[0m[0minfo[0m] [0m[0m[32m- should report correct withinBudget status[0m[0m
Test (ubuntu-latest, 21)	Run tests	2026-06-22T17:43:28.7809218Z [0m[[0m[0minfo[0m] [0m[0m[32m- should return zero utilization when budget is zero[0m[0m
Test (ubuntu-latest, 21)	Run tests	2026-06-22T17:43:28.7810321Z [0m[[0m[0minfo[0m] [0m[0m[32mTokenWindow[0m[0m
Test (ubuntu-latest, 21)	Run tests	2026-06-22T17:43:28.7811479Z [0m[[0m[0minfo[0m] [0m[0m[32m- should handle single message conversation[0m[0m
Test (ubuntu-latest, 21)	Run tests	2026-06-22T17:43:28.7812997Z [0m[[0m[0minfo[0m] [0m[0m[32m- should trim to single message if budget is very tight[0m[0m
Test (ubuntu-latest, 21)	Run tests	2026-06-22T17:43:28.7843153Z [0m[[0m[0minfo[0m] [0m[0m[32mHandoffExecutorSpec:[0m[0m
Test (ubuntu-latest, 21)	Run tests	2026-06-22T17:43:28.7844442Z [0m[[0m[0minfo[0m] [0m[0m[32mHandoffExecutor.detectHandoff[0m[0m
Test (ubuntu-latest, 21)	Run tests	2026-06-22T17:43:28.7846170Z [0m[[0m[0minfo[0m] [0m[0m[32m- should return None when no assistant message is present[0m[0m
Test (ubuntu-latest, 21)	Run tests	2026-06-22T17:43:28.7847837Z [0m[[0m[0minfo[0m] [0m[0m[32m- should return None when assistant has no tool calls[0m[0m
Test (ubuntu-latest, 21)	Run tests	2026-06-22T17:43:28.7850319Z [0m[[0m[0minfo[0m] [0m[0m[32m- should return None when tool calls are present but none match the handoff prefix[0m[0m
Test (ubuntu-latest, 21)	Run tests	2026-06-22T17:43:28.7856938Z [0m[[0m[0minfo[0m] [0m[0m[32m- should return Some((handoff, reason)) when a matching handoff tool call is found[0m[0m
Test (ubuntu-latest, 21)	Run tests	2026-06-22T17:43:28.7861604Z [0m[[0m[0minfo[0m] [0m[0m[32m- should return None when handoff prefix matches but no matching handoff in availableHandoffs[0m[0m
Test (ubuntu-latest, 21)	Run tests	2026-06-22T17:43:28.7864415Z [0m[[0m[0minfo[0m] [0m[0m[32mHandoffExecutor.buildHandoffState[0m[0m
Test (ubuntu-latest, 21)	Run tests	2026-06-22T17:43:28.7868150Z [0m[[0m[0minfo[0m] [0m[0m[32m- should transfer full conversation when preserveContext=true[0m[0m
Test (ubuntu-latest, 21)	Run tests	2026-06-22T17:43:28.7873551Z [0m[[0m[0minfo[0m] [0m[0m[32m- should transfer only the last user message when preserveContext=false[0m[0m
Test (ubuntu-latest, 21)	Run tests	2026-06-22T17:43:28.7876385Z [0m[[0m[0minfo[0m] [0m[0m[32m- should include system message when transferSystemMessage=true[0m[0m
Test (ubuntu-latest, 21)	Run tests	2026-06-22T17:43:28.7877993Z [0m[[0m[0minfo[0m] [0m[0m[32m- should clear system message when transferSystemMessage=false[0m[0m
Test (ubuntu-latest, 21)	Run tests	2026-06-22T17:43:28.7879489Z [0m[[0m[0minfo[0m] [0m[0m[32m- should start with no available handoffs[0m[0m
Test (ubuntu-latest, 21)	Run tests	2026-06-22T17:43:28.7880586Z [0m[[0m[0minfo[0m] [0m[0m[32m- should include a handoff log entry[0m[0m
Test (ubuntu-latest, 21)	Run tests	2026-06-22T17:43:28.7881293Z [0m[[0m[0minfo[0m] [0m[0m[32mHandoffExecutor.createHandoffTools[0m[0m
Test (ubuntu-latest, 21)	Run tests	2026-06-22T17:43:28.7882214Z [0m[[0m[0minfo[0m] [0m[0m[32m- should return empty seq when no handoffs are provided[0m[0m
Test (ubuntu-latest, 21)	Run tests	2026-06-22T17:43:28.7890921Z [0m[[0m[0minfo[0m] [0m[0m[32m- should create one ToolFunction per handoff[0m[0m
Test (ubuntu-latest, 21)	Run tests	2026-06-22T17:43:28.7906386Z [0m[[0m[0minfo[0m] [0m[0m[32m- should use the handoffId as the tool name[0m[0m
Test (ubuntu-latest, 21)	Run tests	2026-06-22T17:43:28.7931084Z [0m[[0m[0minfo[0m] [0m[0m[32mGroundTruthGeneratorSpec:[0m[0m
Test (ubuntu-latest, 21)	Run tests	2026-06-22T17:43:28.7932964Z [0m[[0m[0minfo[0m] [0m[0m[32mGeneratorOptions[0m[0m
Test (ubuntu-latest, 21)	Run tests	2026-06-22T17:43:28.7938975Z [0m[[0m[0minfo[0m] [0m[0m[32m- should have sensible defaults[0m[0m
Test (ubuntu-latest, 21)	Run tests	2026-06-22T17:43:28.7940217Z [0m[[0m[0minfo[0m] [0m[0m[32m- should allow custom temperature and token limit[0m[0m
Test (ubuntu-latest, 21)	Run tests	2026-06-22T17:43:28.7941409Z [0m[[0m[0minfo[0m] [0m[0m[32mGroundTruthGenerator.apply(client)[0m[0m
Test (ubuntu-latest, 21)	Run tests	2026-06-22T17:43:28.7954952Z [0m[[0m[0minfo[0m] [0m[0m[32m- should create a generator with default options[0m[0m
Test (ubuntu-latest, 21)	Run tests	2026-06-22T17:43:28.7956571Z [0m[[0m[0minfo[0m] [0m[0m[32mGroundTruthGenerator.apply(client, options)[0m[0m
Test (ubuntu-latest, 21)	Run tests	2026-06-22T17:43:28.7958120Z [0m[[0m[0minfo[0m] [0m[0m[32m- should create a generator with custom options[0m[0m
Test (ubuntu-latest, 21)	Run tests	2026-06-22T17:43:28.7961813Z [0m[[0m[0minfo[0m] [0m[0m[32mgenerateFromDocuments[0m[0m
Test (ubuntu-latest, 21)	Run tests	2026-06-22T17:43:28.7963385Z [0m[[0m[0minfo[0m] [0m[0m[32m- should return Left for an empty document list[0m[0m
Test (ubuntu-latest, 21)	Run tests	2026-06-22T17:43:28.7967188Z [0m[[0m[0minfo[0m] [0m[0m[32m- should return Left when all LLM calls fail[0m[0m
Test (ubuntu-latest, 21)	Run tests	2026-06-22T17:43:28.7980951Z [0m[[0m[0minfo[0m] [0m[0m[32m- should skip failed documents and include successful ones[0m[0m
Test (ubuntu-latest, 21)	Run tests	2026-06-22T17:43:28.7985662Z [0m[[0m[0minfo[0m] [0m[0m[32m- should return Right with a named TestDataset on success[0m[0m
Test (ubuntu-latest, 21)	Run tests	2026-06-22T17:43:28.7987981Z [0m[[0m[0minfo[0m] [0m[0m[32m- should embed generation provenance in dataset metadata[0m[0m
Test (ubuntu-latest, 21)	Run tests	2026-06-22T17:43:28.7989884Z [0m[[0m[0minfo[0m] [0m[0m[32mgenerateFromDocument[0m[0m
Test (ubuntu-latest, 21)	Run tests	2026-06-22T17:43:28.7992687Z [0m[[0m[0minfo[0m] [0m[0m[32m- should return EvalSamples with correct source metadata[0m[0m
Test (ubuntu-latest, 21)	Run tests	2026-06-22T17:43:28.7997820Z [0m[[0m[0minfo[0m] [0m[0m[32m- should set the document content as the context for each sample[0m[0m
Test (ubuntu-latest, 21)	Run tests	2026-06-22T17:43:28.8001697Z [0m[[0m[0minfo[0m] [0m[0m[32m- should set groundTruth equal to the generated answer[0m[0m
Test (ubuntu-latest, 21)	Run tests	2026-06-22T17:43:28.8006115Z [0m[[0m[0minfo[0m] [0m[0m[32m- should parse JSON wrapped in a markdown code block[0m[0m
Test (ubuntu-latest, 21)	Run tests	2026-06-22T17:43:28.8009537Z [0m[[0m[0minfo[0m] [0m[0m[32m- should return Left when the LLM response is not valid JSON[0m[0m
Test (ubuntu-latest, 21)	Run tests	2026-06-22T17:43:28.8013306Z [0m[[0m[0minfo[0m] [0m[0m[32m- should return Left when JSON is an array but items are missing required fields[0m[0m
Test (ubuntu-latest, 21)	Run tests	2026-06-22T17:43:28.8017269Z [0m[[0m[0minfo[0m] [0m[0m[32m- should return Left when the LLM call fails[0m[0m
Test (ubuntu-latest, 21)	Run tests	2026-06-22T17:43:28.8019018Z [0m[[0m[0minfo[0m] [0m[0m[32mgenerateMultiHop[0m[0m
Test (ubuntu-latest, 21)	Run tests	2026-06-22T17:43:28.8020414Z [0m[[0m[0minfo[0m] [0m[0m[32m- should return Left with fewer than 2 documents[0m[0m
Test (ubuntu-latest, 21)	Run tests	2026-06-22T17:43:28.8027946Z [0m[[0m[0minfo[0m] [0m[0m[32m- should return Right with empty list when LLM response cannot be parsed as a single QA object[0m[0m
Test (ubuntu-latest, 21)	Run tests	2026-06-22T17:43:28.8032715Z [0m[[0m[0minfo[0m] [0m[0m[32m- should return samples that each carry two contexts[0m[0m
Test (ubuntu-latest, 21)	Run tests	2026-06-22T17:43:28.8037419Z [0m[[0m[0minfo[0m] [0m[0m[32m- should mark multi-hop samples with appropriate metadata[0m[0m
Test (ubuntu-latest, 21)	Run tests	2026-06-22T17:43:28.8043066Z [0m[[0m[0minfo[0m] [0m[0m[32m- should respect the count parameter for sliding window pairs[0m[0m
Test (ubuntu-latest, 21)	Run tests	2026-06-22T17:43:28.8044686Z [0m[[0m[0minfo[0m] [0m[0m[32mGroundTruthGenerator.generateAndSave[0m[0m
Test (ubuntu-latest, 21)	Run tests	2026-06-22T17:43:28.8065666Z [0m[[0m[0minfo[0m] [0m[0m[32m- should write a JSON file to the given path[0m[0m
Test (ubuntu-latest, 21)	Run tests	2026-06-22T17:43:28.8068496Z [0m[[0m[0minfo[0m] [0m[0m[32m- should return Left when LLM fails during generation[0m[0m
Test (ubuntu-latest, 21)	Run tests	2026-06-22T17:43:28.8100942Z [0m[[0m[0minfo[0m] [0m[0m[32mInMemoryDatasetStoreSpec:[0m[0m
Test (ubuntu-latest, 21)	Run tests	2026-06-22T17:43:28.8102895Z [0m[[0m[0minfo[0m] [0m[0m[32mInMemoryDatasetStore[0m[0m
Test (ubuntu-latest, 21)	Run tests	2026-06-22T17:43:28.8112490Z [0m[[0m[0minfo[0m] [0m[0m[32m- should create a dataset and return its ID[0m[0m
Test (ubuntu-latest, 21)	Run tests	2026-06-22T17:43:28.8119113Z [0m[[0m[0minfo[0m] [0m[0m[32m- should create dataset with zero examples[0m[0m
Test (ubuntu-latest, 21)	Run tests	2026-06-22T17:43:28.8127238Z [0m[[0m[0minfo[0m] [0m[0m[32m- should add examples and retrieve them[0m[0m
Test (ubuntu-latest, 21)	Run tests	2026-06-22T17:43:28.8131748Z [0m[[0m[0minfo[0m] [0m[0m[32m- should accumulate examples in insertion order[0m[0m
Test (ubuntu-latest, 21)	Run tests	2026-06-22T17:43:28.8133853Z [0m[[0m[0minfo[0m] [0m[0m[32m- should filter examples by tags[0m[0m
Test (ubuntu-latest, 21)	Run tests	2026-06-22T17:43:28.8140599Z [0m[[0m[0minfo[0m] [0m[0m[32m- should filter examples by IDs[0m[0m
Test (ubuntu-latest, 21)	Run tests	2026-06-22T17:43:28.8145793Z [0m[[0m[0minfo[0m] [0m[0m[32m- should return empty list for empty tag filter[0m[0m
Test (ubuntu-latest, 21)	Run tests	2026-06-22T17:43:28.8147630Z [0m[[0m[0minfo[0m] [0m[0m[32m- should create snapshot that is unaffected by later additions[0m[0m
Test (ubuntu-latest, 21)	Run tests	2026-06-22T17:43:28.8150393Z [0m[[0m[0minfo[0m] [0m[0m[32m- should retrieve snapshot by ID[0m[0m
Test (ubuntu-latest, 21)	Run tests	2026-06-22T17:43:28.8153713Z [0m[[0m[0minfo[0m] [0m[0m[32m- should delete existing dataset and return true[0m[0m
Test (ubuntu-latest, 21)	Run tests	2026-06-22T17:43:28.8155523Z [0m[[0m[0minfo[0m] [0m[0m[32m- should return false when deleting non-existent dataset[0m[0m
Test (ubuntu-latest, 21)	Run tests	2026-06-22T17:43:28.8157392Z [0m[[0m[0minfo[0m] [0m[0m[32m- should delete snapshots when dataset is deleted[0m[0m
Test (ubuntu-latest, 21)	Run tests	2026-06-22T17:43:28.8165058Z [0m[[0m[0minfo[0m] [0m[0m[32m- should list all datasets[0m[0m
Test (ubuntu-latest, 21)	Run tests	2026-06-22T17:43:28.8166569Z [0m[[0m[0minfo[0m] [0m[0m[32m- should return empty list when no datasets exist[0m[0m
Test (ubuntu-latest, 21)	Run tests	2026-06-22T17:43:28.8180602Z [0m[[0m[0minfo[0m] [0m[0m[32m- should import JSONL with all valid lines[0m[0m
Test (ubuntu-latest, 21)	Run tests	2026-06-22T17:43:28.8182492Z [0m[[0m[0minfo[0m] [0m[0m[32m- should import JSONL skipping malformed lines[0m[0m
Test (ubuntu-latest, 21)	Run tests	2026-06-22T17:43:28.8183454Z [0m[[0m[0minfo[0m] [0m[0m[32m- should import empty iterator[0m[0m
Test (ubuntu-latest, 21)	Run tests	2026-06-22T17:43:28.8186865Z [0m[[0m[0minfo[0m] [0m[0m[32m- should export to JSONL[0m[0m
Test (ubuntu-latest, 21)	Run tests	2026-06-22T17:43:28.8208418Z [0m[[0m[0minfo[0m] [0m[0m[32m- should round-trip via JSONL export and import[0m[0m
Test (ubuntu-latest, 21)	Run tests	2026-06-22T17:43:28.8251384Z [0m[[0m[0minfo[0m] [0m[0m[32mModelCapabilitiesSpec:[0m[0m
Test (ubuntu-latest, 21)	Run tests	2026-06-22T17:43:28.8252659Z [0m[[0m[0minfo[0m] [0m[0m[32mModelCapabilities.fromJson[0m[0m
Test (ubuntu-latest, 21)	Run tests	2026-06-22T17:43:28.8257936Z [0m[[0m[0minfo[0m] [0m[0m[32m- should parse all boolean capability flags as true[0m[0m
Test (ubuntu-latest, 21)	Run tests	2026-06-22T17:43:28.8263033Z [0m[[0m[0minfo[0m] [0m[0m[32m- should parse all boolean capability flags as false[0m[0m
Test (ubuntu-latest, 21)	Run tests	2026-06-22T17:43:28.8265498Z [0m[[0m[0minfo[0m] [0m[0m[32m- should return None for all flags when JSON fields are absent[0m[0m
Test (ubuntu-latest, 21)	Run tests	2026-06-22T17:43:28.8270543Z [0m[[0m[0minfo[0m] [0m[0m[32m- should return None for all flags when JSON fields are null[0m[0m
Test (ubuntu-latest, 21)	Run tests	2026-06-22T17:43:28.8272483Z [0m[[0m[0minfo[0m] [0m[0m[32m- should parse supported_regions list[0m[0m
Test (ubuntu-latest, 21)	Run tests	2026-06-22T17:43:28.8275868Z [0m[[0m[0minfo[0m] [0m[0m[32m- should return None for supported_regions when field is absent[0m[0m
Test (ubuntu-latest, 21)	Run tests	2026-06-22T17:43:28.8277454Z [0m[[0m[0minfo[0m] [0m[0m[32m- should return None for supported_regions when field is null[0m[0m
Test (ubuntu-latest, 21)	Run tests	2026-06-22T17:43:28.8278755Z [0m[[0m[0minfo[0m] [0m[0m[32m- should parse disallowed_params set[0m[0m
Test (ubuntu-latest, 21)	Run tests	2026-06-22T17:43:28.8285186Z [0m[[0m[0minfo[0m] [0m[0m[32m- should return None for disallowed_params when field is absent[0m[0m
Test (ubuntu-latest, 21)	Run tests	2026-06-22T17:43:28.8286078Z [0m[[0m[0minfo[0m] [0m[0m[32m- should parse temperature_constraint range[0m[0m
Test (ubuntu-latest, 21)	Run tests	2026-06-22T17:43:28.8287343Z [0m[[0m[0minfo[0m] [0m[0m[32m- should return None for temperature_constraint when field is absent[0m[0m
Test (ubuntu-latest, 21)	Run tests	2026-06-22T17:43:28.8289265Z [0m[[0m[0minfo[0m] [0m[0m[32m- should return None for temperature_constraint when field is null[0m[0m
Test (ubuntu-latest, 21)	Run tests	2026-06-22T17:43:28.8290592Z [0m[[0m[0minfo[0m] [0m[0m[32mModelMetadata.supports[0m[0m
Test (ubuntu-latest, 21)	Run tests	2026-06-22T17:43:28.8291755Z [0m[[0m[0minfo[0m] [0m[0m[32m- should return true for function_calling and its 'tools' alias[0m[0m
Test (ubuntu-latest, 21)	Run tests	2026-06-22T17:43:28.8293239Z [0m[[0m[0minfo[0m] [0m[0m[32m- should return true for parallel_function_calling[0m[0m
Test (ubuntu-latest, 21)	Run tests	2026-06-22T17:43:28.8295126Z [0m[[0m[0minfo[0m] [0m[0m[32m- should return true for vision and its 'images' alias[0m[0m
Test (ubuntu-latest, 21)	Run tests	2026-06-22T17:43:28.8296936Z [0m[[0m[0minfo[0m] [0m[0m[32m- should return true for prompt_caching and its 'caching' alias[0m[0m
Test (ubuntu-latest, 21)	Run tests	2026-06-22T17:43:28.8298515Z [0m[[0m[0minfo[0m] [0m[0m[32m- should return true for reasoning[0m[0m
Test (ubuntu-latest, 21)	Run tests	2026-06-22T17:43:28.8299998Z [0m[[0m[0minfo[0m] [0m[0m[32m- should return true for response_schema and its 'structured' alias[0m[0m
Test (ubuntu-latest, 21)	Run tests	2026-06-22T17:43:28.8302895Z [0m[[0m[0minfo[0m] [0m[0m[32m- should return true for system_messages[0m[0m
Test (ubuntu-latest, 21)	Run tests	2026-06-22T17:43:28.8305790Z [0m[[0m[0minfo[0m] [0m[0m[32m- should return true for pdf_input and its 'pdf' alias[0m[0m
Test (ubuntu-latest, 21)	Run tests	2026-06-22T17:43:28.8308553Z [0m[[0m[0minfo[0m] [0m[0m[32m- should return true for audio_input[0m[0m
Test (ubuntu-latest, 21)	Run tests	2026-06-22T17:43:28.8311077Z [0m[[0m[0minfo[0m] [0m[0m[32m- should return true for audio_output[0m[0m
Test (ubuntu-latest, 21)	Run tests	2026-06-22T17:43:28.8312141Z [0m[[0m[0minfo[0m] [0m[0m[32m- should return true for web_search[0m[0m
Test (ubuntu-latest, 21)	Run tests	2026-06-22T17:43:28.8314954Z [0m[[0m[0minfo[0m] [0m[0m[32m- should return true for computer_use[0m[0m
Test (ubuntu-latest, 21)	Run tests	2026-06-22T17:43:28.8317914Z [0m[[0m[0minfo[0m] [0m[0m[32m- should return true for assistant_prefill and its 'prefill' alias[0m[0m
Test (ubuntu-latest, 21)	Run tests	2026-06-22T17:43:28.8320632Z [0m[[0m[0minfo[0m] [0m[0m[32m- should return true for tool_choice[0m[0m
Test (ubuntu-latest, 21)	Run tests	2026-06-22T17:43:28.8323060Z [0m[[0m[0minfo[0m] [0m[0m[32m- should return true for native_streaming and its 'streaming' alias[0m[0m
Test (ubuntu-latest, 21)	Run tests	2026-06-22T17:43:28.8335672Z [0m[[0m[0minfo[0m] [0m[0m[32m- should default native_streaming to true when capability is None[0m[0m
Test (ubuntu-latest, 21)	Run tests	2026-06-22T17:43:28.8337699Z [0m[[0m[0minfo[0m] [0m[0m[32m- should return false for known capabilities explicitly set to false[0m[0m
Test (ubuntu-latest, 21)	Run tests	2026-06-22T17:43:28.8339709Z [0m[[0m[0minfo[0m] [0m[0m[32m- should return false for all capabilities when all are None (except streaming)[0m[0m
Test (ubuntu-latest, 21)	Run tests	2026-06-22T17:43:28.8341514Z [0m[[0m[0minfo[0m] [0m[0m[32m- should return false for an unrecognised capability key[0m[0m
Test (ubuntu-latest, 21)	Run tests	2026-06-22T17:43:28.8342977Z [0m[[0m[0minfo[0m] [0m[0m[32m- should dispatch capability lookup case-insensitively[0m[0m
Test (ubuntu-latest, 21)	Run tests	2026-06-22T17:43:28.8359006Z [0m[[0m[0minfo[0m] [0m[0m[32mCancellationTokenSpec:[0m[0m
Test (ubuntu-latest, 21)	Run tests	2026-06-22T17:43:28.8362312Z [0m[[0m[0minfo[0m] [0m[0m[32mCancellationToken[0m[0m
Test (ubuntu-latest, 21)	Run tests	2026-06-22T17:43:28.8364223Z [0m[[0m[0minfo[0m] [0m[0m[32m- should start as not cancelled[0m[0m
Test (ubuntu-latest, 21)	Run tests	2026-06-22T17:43:28.8365788Z [0m[[0m[0minfo[0m] [0m[0m[32m- should be cancellable[0m[0m
Test (ubuntu-latest, 21)	Run tests	2026-06-22T17:43:28.8367051Z [0m[[0m[0minfo[0m] [0m[0m[32m- should be idempotent on cancel[0m[0m
Test (ubuntu-latest, 21)	Run tests	2026-06-22T17:43:28.8368334Z [0m[[0m[0minfo[0m] [0m[0m[32mCancellationToken.onCancel[0m[0m
Test (ubuntu-latest, 21)	Run tests	2026-06-22T17:43:28.8369875Z [0m[[0m[0minfo[0m] [0m[0m[32m- should execute callback on cancel[0m[0m
Test (ubuntu-latest, 21)	Run tests	2026-06-22T17:43:28.8375155Z [0m[[0m[0minfo[0m] [0m[0m[32m- should execute multiple callbacks[0m[0m
Test (ubuntu-latest, 21)	Run tests	2026-06-22T17:43:28.8377716Z [0m[[0m[0minfo[0m] [0m[0m[32m- should execute callback immediately if already cancelled[0m[0m
Test (ubuntu-latest, 21)	Run tests	2026-06-22T17:43:28.8380809Z [0m[[0m[0minfo[0m] [0m[0m[32m- should not re-execute callbacks on second cancel[0m[0m
Test (ubuntu-latest, 21)	Run tests	2026-06-22T17:43:28.8382176Z [0m[[0m[0minfo[0m] [0m[0m[32mCancellationToken.throwIfCancelled[0m[0m
Test (ubuntu-latest, 21)	Run tests	2026-06-22T17:43:28.8384075Z [0m[[0m[0minfo[0m] [0m[0m[32m- should not throw when not cancelled[0m[0m
Test (ubuntu-latest, 21)	Run tests	2026-06-22T17:43:28.8395549Z [0m[[0m[0minfo[0m] [0m[0m[32m- should throw CancellationException when cancelled[0m[0m
Test (ubuntu-latest, 21)	Run tests	2026-06-22T17:43:28.8396599Z [0m[[0m[0minfo[0m] [0m[0m[32mCancellationToken.cancellationFuture[0m[0m
Test (ubuntu-latest, 21)	Run tests	2026-06-22T17:43:28.8400744Z [0m[[0m[0minfo[0m] [0m[0m[32m- should fail when cancelled[0m[0m
Test (ubuntu-latest, 21)	Run tests	2026-06-22T17:43:28.8401719Z [0m[[0m[0minfo[0m] [0m[0m[32mCancellationToken.cachedCancellationFuture[0m[0m
Test (ubuntu-latest, 21)	Run tests	2026-06-22T17:43:28.8405382Z [0m[[0m[0minfo[0m] [0m[0m[32m- should return same future on multiple calls[0m[0m
Test (ubuntu-latest, 21)	Run tests	2026-06-22T17:43:28.8408102Z [0m[[0m[0minfo[0m] [0m[0m[32mCancellationToken.none[0m[0m
Test (ubuntu-latest, 21)	Run tests	2026-06-22T17:43:28.8409231Z [0m[[0m[0minfo[0m] [0m[0m[32m- should never be cancelled[0m[0m
Test (ubuntu-latest, 21)	Run tests	2026-06-22T17:43:28.8410500Z [0m[[0m[0minfo[0m] [0m[0m[32m- should not throw on throwIfCancelled[0m[0m
Test (ubuntu-latest, 21)	Run tests	2026-06-22T17:43:28.8411459Z [0m[[0m[0minfo[0m] [0m[0m[32mCancellationException[0m[0m
Test (ubuntu-latest, 21)	Run tests	2026-06-22T17:43:28.8415786Z [0m[[0m[0minfo[0m] [0m[0m[32m- should carry a message[0m[0m
Test (ubuntu-latest, 21)	Run tests	2026-06-22T17:43:28.8426063Z [0m[[0m[0minfo[0m] [0m[0m[32mInMemoryEmbeddingCacheSpec:[0m[0m
Test (ubuntu-latest, 21)	Run tests	2026-06-22T17:43:28.8427169Z [0m[[0m[0minfo[0m] [0m[0m[32mInMemoryEmbeddingCache[0m[0m
Test (ubuntu-latest, 21)	Run tests	2026-06-22T17:43:28.8433447Z [0m[[0m[0minfo[0m] [0m[0m[32m- should evict the least recently used item when maxSize is reached[0m[0m
Test (ubuntu-latest, 21)	Run tests	2026-06-22T17:43:28.8435969Z [0m[[0m[0minfo[0m] [0m[0m[32m- should track cache hits correctly using the CacheStats class[0m[0m
Test (ubuntu-latest, 21)	Run tests	2026-06-22T17:43:28.8440054Z [0m[[0m[0minfo[0m] [0m[0m[32m- should expire entries after the configured TTL duration[0m[0m
Test (ubuntu-latest, 21)	Run tests	2026-06-22T17:43:28.8450450Z [0m[[0m[0minfo[0m] [0m[0m[32mOpenAIToolCallExtractionSpec:[0m[0m
Test (ubuntu-latest, 21)	Run tests	2026-06-22T17:43:28.8452051Z [0m[[0m[0minfo[0m] [0m[0m[32mOpenAIClient.extractToolCalls[0m[0m
Test (ubuntu-latest, 21)	Run tests	2026-06-22T17:43:28.8886827Z [0m[[0m[0minfo[0m] [0m[0m[32m- should extract multiple tool calls with complex arguments[0m[0m
Test (ubuntu-latest, 21)	Run tests	2026-06-22T17:43:28.8889512Z [0m[[0m[0minfo[0m] [0m[0m[32mOpenAIClient.extractToolCalls[0m[0m
Test (ubuntu-latest, 21)	Run tests	2026-06-22T17:43:28.8890971Z [0m[[0m[0minfo[0m] [0m[0m[32m- should ignore tool calls with invalid JSON arguments[0m[0m
Test (ubuntu-latest, 21)	Run tests	2026-06-22T17:43:28.8910108Z [0m[[0m[0minfo[0m] [0m[0m[32mUsageSummarySpec:[0m[0m
Test (ubuntu-latest, 21)	Run tests	2026-06-22T17:43:28.8911425Z [0m[[0m[0minfo[0m] [0m[0m[32mUsageSummary.add[0m[0m
Test (ubuntu-latest, 21)	Run tests	2026-06-22T17:43:28.8913890Z [0m[[0m[0minfo[0m] [0m[0m[32m- should accumulate totals and per-model usage immutably[0m[0m
Test (ubuntu-latest, 21)	Run tests	2026-06-22T17:43:28.8915705Z [0m[[0m[0minfo[0m] [0m[0m[32m- should not add cost when cost is None[0m[0m
Test (ubuntu-latest, 21)	Run tests	2026-06-22T17:43:28.8925077Z [0m[[0m[0minfo[0m] [0m[0m[32m- should accumulate thinking tokens[0m[0m
Test (ubuntu-latest, 21)	Run tests	2026-06-22T17:43:28.8926632Z [0m[[0m[0minfo[0m] [0m[0m[32mUsageSummary.merge[0m[0m
Test (ubuntu-latest, 21)	Run tests	2026-06-22T17:43:28.8927943Z [0m[[0m[0minfo[0m] [0m[0m[32m- should sum totals and merge byModel[0m[0m
Test (ubuntu-latest, 21)	Run tests	2026-06-22T17:43:28.8928971Z [0m[[0m[0minfo[0m] [0m[0m[32mUsageSummary JSON[0m[0m
Test (ubuntu-latest, 21)	Run tests	2026-06-22T17:43:28.8930208Z [0m[[0m[0minfo[0m] [0m[0m[32m- should round-trip correctly[0m[0m
Test (ubuntu-latest, 21)	Run tests	2026-06-22T17:43:28.8931236Z [0m[[0m[0minfo[0m] [0m[0m[32mUsageSummary derived metrics[0m[0m
Test (ubuntu-latest, 21)	Run tests	2026-06-22T17:43:28.8932530Z [0m[[0m[0minfo[0m] [0m[0m[32m- should compute averages correctly[0m[0m
Test (ubuntu-latest, 21)	Run tests	2026-06-22T17:43:28.8933839Z [0m[[0m[0minfo[0m] [0m[0m[32m- should return zero averages when requestCount is zero[0m[0m
Test (ubuntu-latest, 21)	Run tests	2026-06-22T17:43:28.8935532Z [0m[[0m[0minfo[0m] [0m[0m[32m- should compute cost per 1K tokens correctly[0m[0m
Test (ubuntu-latest, 21)	Run tests	2026-06-22T17:43:28.8937348Z [0m[[0m[0minfo[0m] [0m[0m[32m- should return zero cost per 1K tokens when total tokens are zero[0m[0m
Test (ubuntu-latest, 21)	Run tests	2026-06-22T17:43:28.8946412Z [0m[[0m[0minfo[0m] [0m[0m[32m- should produce formatted summary string[0m[0m
Test (ubuntu-latest, 21)	Run tests	2026-06-22T17:43:28.8949174Z [0m[[0m[0minfo[0m] [0m[0m[32m- should handle unexpected JSON values for BigDecimal deserialization[0m[0m
Test (ubuntu-latest, 21)	Run tests	2026-06-22T17:43:28.8951067Z [0m[[0m[0minfo[0m] [0m[0m[32m- should compute average cost per request for ModelUsage[0m[0m
Test (ubuntu-latest, 21)	Run tests	2026-06-22T17:43:28.8953185Z [0m[[0m[0minfo[0m] [0m[0m[32m- should deserialize numeric BigDecimal values correctly[0m[0m
Test (ubuntu-latest, 21)	Run tests	2026-06-22T17:43:28.8961372Z [0m[[0m[0minfo[0m] [0m[0m[32mAudioPreprocessingTest:[0m[0m
Test (ubuntu-latest, 21)	Run tests	2026-06-22T17:43:28.8972014Z [0m[[0m[0minfo[0m] [0m[0m[32m- toMono keeps mono identical[0m[0m
Test (ubuntu-latest, 21)	Run tests	2026-06-22T17:43:28.9004882Z [0m[[0m[0minfo[0m] [0m[0m[32m- toMono averages stereo channels into 2-byte little-endian samples[0m[0m
Test (ubuntu-latest, 21)	Run tests	2026-06-22T17:43:28.9054469Z [0m[[0m[0minfo[0m] [0m[0m[32mJsonSchemaValidatorPropertySpec:[0m[0m
Test (ubuntu-latest, 21)	Run tests	2026-06-22T17:43:28.9055876Z [0m[[0m[0minfo[0m] [0m[0m[32mJsonSchemaValidator.validate[0m[0m
Test (ubuntu-latest, 21)	Run tests	2026-06-22T17:43:28.9073402Z [0m[[0m[0minfo[0m] [0m[0m[32m- should return Right(()) for any value when schema is empty {}[0m[0m
Test (ubuntu-latest, 21)	Run tests	2026-06-22T17:43:28.9075320Z [0m[[0m[0minfo[0m] [0m[0m[32mJsonSchemaValidator type keyword[0m[0m
Test (ubuntu-latest, 21)	Run tests	2026-06-22T17:43:28.9126706Z [0m[[0m[0minfo[0m] [0m[0m[32m- should accept values of the declared type[0m[0m
Test (ubuntu-latest, 21)	Run tests	2026-06-22T17:43:28.9190723Z [0m[[0m[0minfo[0m] [0m[0m[32m- should reject values of a different type with exactly one error[0m[0m
Test (ubuntu-latest, 21)	Run tests	2026-06-22T17:43:28.9232849Z [0m[[0m[0minfo[0m] [0m[0m[32m- should produce an error message that mentions the expected type name[0m[0m
Test (ubuntu-latest, 21)	Run tests	2026-06-22T17:43:28.9252065Z [0m[[0m[0minfo[0m] [0m[0m[32m- should silently skip unknown type strings without producing errors[0m[0m
Test (ubuntu-latest, 21)	Run tests	2026-06-22T17:43:28.9254959Z [0m[[0m[0minfo[0m] [0m[0m[32mJsonSchemaValidator[0m[0m
Test (ubuntu-latest, 21)	Run tests	2026-06-22T17:43:28.9265399Z [0m[[0m[0minfo[0m] [0m[0m[32m- should report 'object' in the error message when the actual value is a JSON object[0m[0m
Test (ubuntu-latest, 21)	Run tests	2026-06-22T17:43:28.9268959Z [0m[[0m[0minfo[0m] [0m[0m[32m- should report 'array' in the error message when the actual value is a JSON array[0m[0m
Test (ubuntu-latest, 21)	Run tests	2026-06-22T17:43:28.9277980Z [0m[[0m[0minfo[0m] [0m[0m[32m- should report 'boolean' in the error message when the actual value is a JSON boolean[0m[0m
Test (ubuntu-latest, 21)	Run tests	2026-06-22T17:43:28.9281664Z [0m[[0m[0minfo[0m] [0m[0m[32m- should report 'null' in the error message when the actual value is JSON null[0m[0m
Test (ubuntu-latest, 21)	Run tests	2026-06-22T17:43:28.9282883Z [0m[[0m[0minfo[0m] [0m[0m[32mJsonSchemaValidator required keyword[0m[0m
Test (ubuntu-latest, 21)	Run tests	2026-06-22T17:43:28.9499181Z [0m[[0m[0minfo[0m] [0m[0m[32m- should return Right when all required keys are present in the object[0m[0m
Test (ubuntu-latest, 21)	Run tests	2026-06-22T17:43:28.9733698Z [0m[[0m[0minfo[0m] [0m[0m[32m- should return Left with one error per missing required field[0m[0m
Test (ubuntu-latest, 21)	Run tests	2026-06-22T17:43:28.9888985Z [0m[[0m[0minfo[0m] [0m[0m[32m- should mention each missing field name in the error messages[0m[0m
Test (ubuntu-latest, 21)	Run tests	2026-06-22T17:43:28.9920217Z [0m[[0m[0minfo[0m] [0m[0m[32m- should prefix missing-field errors with the parent property path when validating nested objects[0m[0m
Test (ubuntu-latest, 21)	Run tests	2026-06-22T17:43:28.9921860Z [0m[[0m[0minfo[0m] [0m[0m[32mJsonSchemaValidator properties keyword[0m[0m
Test (ubuntu-latest, 21)	Run tests	2026-06-22T17:43:28.9936272Z [0m[[0m[0minfo[0m] [0m[0m[32m- should prefix errors with the property key name[0m[0m
Test (ubuntu-latest, 21)	Run tests	2026-06-22T17:43:28.9960838Z [0m[[0m[0minfo[0m] [0m[0m[32m- should produce one error per failing property[0m[0m
Test (ubuntu-latest, 21)	Run tests	2026-06-22T17:43:28.9962880Z [0m[[0m[0minfo[0m] [0m[0m[32mJsonSchemaValidator[0m[0m
Test (ubuntu-latest, 21)	Run tests	2026-06-22T17:43:29.0087253Z [0m[[0m[0minfo[0m] [0m[0m[32m- should accumulate errors from both properties and required checks[0m[0m
Test (ubuntu-latest, 21)	Run tests	2026-06-22T17:43:29.0089313Z [0m[[0m[0minfo[0m] [0m[0m[32mJsonSchemaValidator[0m[0m
Test (ubuntu-latest, 21)	Run tests	2026-06-22T17:43:29.0102675Z [0m[[0m[0minfo[0m] [0m[0m[32m- should produce no errors for a schema with only unknown keywords[0m[0m
Test (ubuntu-latest, 21)	Run tests	2026-06-22T17:43:29.0112810Z [0m[[0m[0minfo[0m] [0m[0m[32m- should ignore standard-but-unsupported JSON Schema keywords such as description and title[0m[0m
Test (ubuntu-latest, 21)	Run tests	2026-06-22T17:43:29.0677716Z [0m[[0m[0minfo[0m] [0m[0m[32mRAGASFactorySpec:[0m[0m
Test (ubuntu-latest, 21)	Run tests	2026-06-22T17:43:29.0683337Z [0m[[0m[0minfo[0m] [0m[0m[32mRAGASFactory.create[0m[0m
Test (ubuntu-latest, 21)	Run tests	2026-06-22T17:43:29.0697653Z [0m[[0m[0minfo[0m] [0m[0m[32m- should create evaluator with all four default metrics[0m[0m
Test (ubuntu-latest, 21)	Run tests	2026-06-22T17:43:29.0703120Z [0m[[0m[0minfo[0m] [0m[0m[32mRAGASFactory.withMetrics[0m[0m
Test (ubuntu-latest, 21)	Run tests	2026-06-22T17:43:29.0704181Z [0m[[0m[0minfo[0m] [0m[0m[32m- should create evaluator with only specified metrics[0m[0m
Test (ubuntu-latest, 21)	Run tests	2026-06-22T17:43:29.0708854Z [0m[[0m[0minfo[0m] [0m[0m[32m- should create evaluator with multiple specified metrics[0m[0m
Test (ubuntu-latest, 21)	Run tests	2026-06-22T17:43:29.0733783Z [0m[[0m[0minfo[0m] [0m[0m[32m- should fall back to defaults when unknown names given[0m[0m
Test (ubuntu-latest, 21)	Run tests	2026-06-22T17:43:29.0760761Z [0m[[0m[0minfo[0m] [0m[0m[32m- should ignore unknown metric names alongside valid ones[0m[0m
Test (ubuntu-latest, 21)	Run tests	2026-06-22T17:43:29.0765278Z [0m[[0m[0minfo[0m] [0m[0m[32mRAGASFactory.basic[0m[0m
Test (ubuntu-latest, 21)	Run tests	2026-06-22T17:43:29.0766765Z [0m[[0m[0minfo[0m] [0m[0m[32m- should create evaluator with only faithfulness and answer_relevancy[0m[0m
Test (ubuntu-latest, 21)	Run tests	2026-06-22T17:43:29.0768114Z [0m[[0m[0minfo[0m] [0m[0m[32mRAGASFactory.faithfulness[0m[0m
Test (ubuntu-latest, 21)	Run tests	2026-06-22T17:43:29.0769368Z [0m[[0m[0minfo[0m] [0m[0m[32m- should create a Faithfulness metric with default batch size[0m[0m
Test (ubuntu-latest, 21)	Run tests	2026-06-22T17:43:29.0770756Z [0m[[0m[0minfo[0m] [0m[0m[32m- should create a Faithfulness metric with custom batch size[0m[0m
Test (ubuntu-latest, 21)	Run tests	2026-06-22T17:43:29.0771939Z [0m[[0m[0minfo[0m] [0m[0m[32mRAGASFactory.answerRelevancy[0m[0m
Test (ubuntu-latest, 21)	Run tests	2026-06-22T17:43:29.0772932Z [0m[[0m[0minfo[0m] [0m[0m[32m- should create an AnswerRelevancy metric[0m[0m
Test (ubuntu-latest, 21)	Run tests	2026-06-22T17:43:29.0774133Z [0m[[0m[0minfo[0m] [0m[0m[32m- should create with custom number of generated questions[0m[0m
Test (ubuntu-latest, 21)	Run tests	2026-06-22T17:43:29.0775551Z [0m[[0m[0minfo[0m] [0m[0m[32mRAGASFactory.contextPrecision[0m[0m
Test (ubuntu-latest, 21)	Run tests	2026-06-22T17:43:29.0776621Z [0m[[0m[0minfo[0m] [0m[0m[32m- should create a ContextPrecision metric[0m[0m
Test (ubuntu-latest, 21)	Run tests	2026-06-22T17:43:29.0778637Z [0m[[0m[0minfo[0m] [0m[0m[32mRAGASFactory.contextRecall[0m[0m
Test (ubuntu-latest, 21)	Run tests	2026-06-22T17:43:29.0779926Z [0m[[0m[0minfo[0m] [0m[0m[32m- should create a ContextRecall metric[0m[0m
Test (ubuntu-latest, 21)	Run tests	2026-06-22T17:43:29.0783046Z [0m[[0m[0minfo[0m] [0m[0m[32mRAGASFactory.availableMetrics[0m[0m
Test (ubuntu-latest, 21)	Run tests	2026-06-22T17:43:29.0784118Z [0m[[0m[0minfo[0m] [0m[0m[32m- should contain all four metric names[0m[0m
Test (ubuntu-latest, 21)	Run tests	2026-06-22T17:43:29.0788413Z [0m[[0m[0minfo[0m] [0m[0m[32mRAGASFactory.metricsRequiringGroundTruth[0m[0m
Test (ubuntu-latest, 21)	Run tests	2026-06-22T17:43:29.0790055Z [0m[[0m[0minfo[0m] [0m[0m[32m- should contain context_precision and context_recall[0m[0m
Test (ubuntu-latest, 21)	Run tests	2026-06-22T17:43:29.0791589Z [0m[[0m[0minfo[0m] [0m[0m[32mRAGASFactory.metricsWithoutGroundTruth[0m[0m
Test (ubuntu-latest, 21)	Run tests	2026-06-22T17:43:29.0793013Z [0m[[0m[0minfo[0m] [0m[0m[32m- should contain faithfulness and answer_relevancy[0m[0m
Test (ubuntu-latest, 21)	Run tests	2026-06-22T17:43:29.0794695Z [0m[[0m[0minfo[0m] [0m[0m[32m- should be disjoint from metricsRequiringGroundTruth[0m[0m
Test (ubuntu-latest, 21)	Run tests	2026-06-22T17:43:29.0797239Z [0m[[0m[0minfo[0m] [0m[0m[32m- should together with metricsRequiringGroundTruth cover all available metrics[0m[0m
Test (ubuntu-latest, 21)	Run tests	2026-06-22T17:43:29.0799271Z [0m[[0m[0minfo[0m] [0m[0m[32mRedactionSpec:[0m[0m
Test (ubuntu-latest, 21)	Run tests	2026-06-22T17:43:29.0802023Z [0m[[0m[0minfo[0m] [0m[0m[32mRedaction.secret[0m[0m
Test (ubuntu-latest, 21)	Run tests	2026-06-22T17:43:29.0803340Z [0m[[0m[0minfo[0m] [0m[0m[32m- should mask any string value[0m[0m
Test (ubuntu-latest, 21)	Run tests	2026-06-22T17:43:29.0804646Z [0m[[0m[0minfo[0m] [0m[0m[32mRedaction.secretOpt[0m[0m
Test (ubuntu-latest, 21)	Run tests	2026-06-22T17:43:29.0807323Z [0m[[0m[0minfo[0m] [0m[0m[32m- should mask Some values[0m[0m
Test (ubuntu-latest, 21)	Run tests	2026-06-22T17:43:29.0808662Z [0m[[0m[0minfo[0m] [0m[0m[32m- should show None[0m[0m
Test (ubuntu-latest, 21)	Run tests	2026-06-22T17:43:29.0811257Z [0m[[0m[0minfo[0m] [0m[0m[32mRedaction.truncateForLog[0m[0m
Test (ubuntu-latest, 21)	Run tests	2026-06-22T17:43:29.0813507Z [0m[[0m[0minfo[0m] [0m[0m[32m- should return short strings unchanged[0m[0m
Test (ubuntu-latest, 21)	Run tests	2026-06-22T17:43:29.0816688Z [0m[[0m[0minfo[0m] [0m[0m[32m- should truncate long strings[0m[0m
Test (ubuntu-latest, 21)	Run tests	2026-06-22T17:43:29.0817778Z [0m[[0m[0minfo[0m] [0m[0m[32mRedaction.redact[0m[0m
Test (ubuntu-latest, 21)	Run tests	2026-06-22T17:43:29.0819011Z [0m[[0m[0minfo[0m] [0m[0m[32m- should redact OpenAI API keys[0m[0m
Test (ubuntu-latest, 21)	Run tests	2026-06-22T17:43:29.0820898Z [0m[[0m[0minfo[0m] [0m[0m[32m- should redact Authorization headers[0m[0m
Test (ubuntu-latest, 21)	Run tests	2026-06-22T17:43:29.0822293Z [0m[[0m[0minfo[0m] [0m[0m[32m- should redact sensitive URL query parameters[0m[0m
Test (ubuntu-latest, 21)	Run tests	2026-06-22T17:43:29.0823526Z [0m[[0m[0minfo[0m] [0m[0m[32m- should redact sensitive JSON fields[0m[0m
Test (ubuntu-latest, 21)	Run tests	2026-06-22T17:43:29.0824609Z [0m[[0m[0minfo[0m] [0m[0m[32m- should handle empty input[0m[0m
Test (ubuntu-latest, 21)	Run tests	2026-06-22T17:43:29.0825978Z [0m[[0m[0minfo[0m] [0m[0m[32m- should handle null input defensively[0m[0m
Test (ubuntu-latest, 21)	Run tests	2026-06-22T17:43:29.0827150Z [0m[[0m[0minfo[0m] [0m[0m[32m- should preserve non-sensitive content[0m[0m
Test (ubuntu-latest, 21)	Run tests	2026-06-22T17:43:29.0828287Z [0m[[0m[0minfo[0m] [0m[0m[32mRedaction.redactForLogging[0m[0m
Test (ubuntu-latest, 21)	Run tests	2026-06-22T17:43:29.0831039Z [0m[[0m[0minfo[0m] [0m[0m[32m- should redact and truncate[0m[0m
Test (ubuntu-latest, 21)	Run tests	2026-06-22T17:43:29.0832463Z [0m[[0m[0minfo[0m] [0m[0m[32mRedaction.safe[0m[0m
Test (ubuntu-latest, 21)	Run tests	2026-06-22T17:43:29.0834440Z [0m[[0m[0minfo[0m] [0m[0m[32m- should handle strings[0m[0m
Test (ubuntu-latest, 21)	Run tests	2026-06-22T17:43:29.0836814Z [0m[[0m[0minfo[0m] [0m[0m[32m- should handle null[0m[0m
Test (ubuntu-latest, 21)	Run tests	2026-06-22T17:43:29.0899958Z [0m[[0m[0minfo[0m] [0m[0m[32mAdaptiveWindowingSpec:[0m[0m
Test (ubuntu-latest, 21)	Run tests	2026-06-22T17:43:29.0902354Z [0m[[0m[0minfo[0m] [0m[0m[32mAdaptiveWindowing[0m[0m
Test (ubuntu-latest, 21)	Run tests	2026-06-22T17:43:29.0905963Z [0m[[0m[0minfo[0m] [0m[0m[32m- should be constructible with context window size[0m[0m
Test (ubuntu-latest, 21)	Run tests	2026-06-22T17:43:29.0907899Z [0m[[0m[0minfo[0m] [0m[0m[32m- should have sensible defaults[0m[0m
Test (ubuntu-latest, 21)	Run tests	2026-06-22T17:43:29.0911670Z [0m[[0m[0minfo[0m] [0m[0m[32m- should reject invalid context window size[0m[0m
Test (ubuntu-latest, 21)	Run tests	2026-06-22T17:43:29.0917405Z [0m[[0m[0minfo[0m] [0m[0m[32m- should reject invalid cost sensitivity[0m[0m
Test (ubuntu-latest, 21)	Run tests	2026-06-22T17:43:29.0919552Z [0m[[0m[0minfo[0m] [0m[0m[32mcalculateOptimalWindow[0m[0m
Test (ubuntu-latest, 21)	Run tests	2026-06-22T17:43:29.0922628Z [0m[[0m[0minfo[0m] [0m[0m[32m- should use 70% by default for medium models[0m[0m
Test (ubuntu-latest, 21)	Run tests	2026-06-22T17:43:29.0925613Z [0m[[0m[0minfo[0m] [0m[0m[32m- should apply conservative ratio for small models (Γëñ32K)[0m[0m
Test (ubuntu-latest, 21)	Run tests	2026-06-22T17:43:29.0929216Z [0m[[0m[0minfo[0m] [0m[0m[32m- should apply balanced ratio for medium models (64K-100K)[0m[0m
Test (ubuntu-latest, 21)	Run tests	2026-06-22T17:43:29.0931731Z [0m[[0m[0minfo[0m] [0m[0m[32m- should apply generous ratio for large models (200K+)[0m[0m
Test (ubuntu-latest, 21)	Run tests	2026-06-22T17:43:29.0934594Z [0m[[0m[0minfo[0m] [0m[0m[32m- should apply very generous ratio for extra-large models (1M+)[0m[0m
Test (ubuntu-latest, 21)	Run tests	2026-06-22T17:43:29.0938368Z [0m[[0m[0minfo[0m] [0m[0m[32m- should never return less than 1000 tokens[0m[0m
Test (ubuntu-latest, 21)	Run tests	2026-06-22T17:43:29.0942471Z [0m[[0m[0minfo[0m] [0m[0m[32m- should reduce window with high cost sensitivity[0m[0m
Test (ubuntu-latest, 21)	Run tests	2026-06-22T17:43:29.0946381Z [0m[[0m[0minfo[0m] [0m[0m[32m- should not reduce window when no cost data provided[0m[0m
Test (ubuntu-latest, 21)	Run tests	2026-06-22T17:43:29.0949715Z [0m[[0m[0minfo[0m] [0m[0m[32m- should be more sensitive to input-heavy pricing[0m[0m
Test (ubuntu-latest, 21)	Run tests	2026-06-22T17:43:29.0951995Z [0m[[0m[0minfo[0m] [0m[0m[32m- should handle cost adjustment with zero costs gracefully[0m[0m
Test (ubuntu-latest, 21)	Run tests	2026-06-22T17:43:29.0955640Z [0m[[0m[0minfo[0m] [0m[0m[32m- should apply maximum cost reduction at 100% cost sensitivity[0m[0m
Test (ubuntu-latest, 21)	Run tests	2026-06-22T17:43:29.0958892Z [0m[[0m[0minfo[0m] [0m[0m[32mTier boundaries[0m[0m
Test (ubuntu-latest, 21)	Run tests	2026-06-22T17:43:29.0960374Z [0m[[0m[0minfo[0m] [0m[0m[32m- should apply 60% for exactly 32K (boundary)[0m[0m
Test (ubuntu-latest, 21)	Run tests	2026-06-22T17:43:29.0963199Z [0m[[0m[0minfo[0m] [0m[0m[32m- should apply 70% for just above 32K[0m[0m
Test (ubuntu-latest, 21)	Run tests	2026-06-22T17:43:29.0965947Z [0m[[0m[0minfo[0m] [0m[0m[32m- should apply 70% for exactly 100K (boundary)[0m[0m
Test (ubuntu-latest, 21)	Run tests	2026-06-22T17:43:29.0968313Z [0m[[0m[0minfo[0m] [0m[0m[32m- should apply 75% for just above 100K[0m[0m
Test (ubuntu-latest, 21)	Run tests	2026-06-22T17:43:29.0970099Z [0m[[0m[0minfo[0m] [0m[0m[32m- should apply 75% for exactly 200K (boundary)[0m[0m
Test (ubuntu-latest, 21)	Run tests	2026-06-22T17:43:29.0971867Z [0m[[0m[0minfo[0m] [0m[0m[32m- should apply 80% for just above 200K[0m[0m
Test (ubuntu-latest, 21)	Run tests	2026-06-22T17:43:29.0974549Z [0m[[0m[0minfo[0m] [0m[0m[32mexplanation method[0m[0m
Test (ubuntu-latest, 21)	Run tests	2026-06-22T17:43:29.0977052Z [0m[[0m[0minfo[0m] [0m[0m[32m- should show 'small' tier for Γëñ32K[0m[0m
Test (ubuntu-latest, 21)	Run tests	2026-06-22T17:43:29.0978381Z [0m[[0m[0minfo[0m] [0m[0m[32m- should show 'medium' tier for 32K-100K[0m[0m
Test (ubuntu-latest, 21)	Run tests	2026-06-22T17:43:29.0980482Z [0m[[0m[0minfo[0m] [0m[0m[32m- should show 'large' tier for >100K[0m[0m
Test (ubuntu-latest, 21)	Run tests	2026-06-22T17:43:29.0981837Z [0m[[0m[0minfo[0m] [0m[0m[32m- should show percentage as integer[0m[0m
Test (ubuntu-latest, 21)	Run tests	2026-06-22T17:43:29.0983564Z [0m[[0m[0minfo[0m] [0m[0m[32m- should show context window in thousands[0m[0m
Test (ubuntu-latest, 21)	Run tests	2026-06-22T17:43:29.0985436Z [0m[[0m[0minfo[0m] [0m[0m[32mCost sensitivity edge cases[0m[0m
Test (ubuntu-latest, 21)	Run tests	2026-06-22T17:43:29.0988489Z [0m[[0m[0minfo[0m] [0m[0m[32m- should handle cost sensitivity at 0.0[0m[0m
Test (ubuntu-latest, 21)	Run tests	2026-06-22T17:43:29.0990216Z [0m[[0m[0minfo[0m] [0m[0m[32m- should handle cost sensitivity at 1.0 (maximum)[0m[0m
Test (ubuntu-latest, 21)	Run tests	2026-06-22T17:43:29.0994060Z [0m[[0m[0minfo[0m] [0m[0m[32mAgentState.pruneConversation with AdaptiveWindowing[0m[0m
Test (ubuntu-latest, 21)	Run tests	2026-06-22T17:43:29.0996006Z [0m[[0m[0minfo[0m] [0m[0m[32m- should prune using calculated window[0m[0m
Test (ubuntu-latest, 21)	Run tests	2026-06-22T17:43:29.0999009Z [0m[[0m[0minfo[0m] [0m[0m[32m- should use adaptive windowing path in pruneConversation[0m[0m
Test (ubuntu-latest, 21)	Run tests	2026-06-22T17:43:29.1002744Z [0m[[0m[0minfo[0m] [0m[0m[32m- should respect preserve system message setting with adaptive windowing[0m[0m
Test (ubuntu-latest, 21)	Run tests	2026-06-22T17:43:29.1034640Z [0m[[0m[0minfo[0m] [0m[0m[32m- should handle minimum recent turns with adaptive windowing[0m[0m
Test (ubuntu-latest, 21)	Run tests	2026-06-22T17:43:29.1036605Z [0m[[0m[0minfo[0m] [0m[0m[32m- should apply adaptive windowing with cost-sensitive configuration[0m[0m
Test (ubuntu-latest, 21)	Run tests	2026-06-22T17:43:29.1038187Z [0m[[0m[0minfo[0m] [0m[0m[32m- should reduce window more aggressively with cost-sensitive adaptive windowing[0m[0m
Test (ubuntu-latest, 21)	Run tests	2026-06-22T17:43:29.1039591Z [0m[[0m[0minfo[0m] [0m[0m[32mAdaptiveWindowing for GPT-4o[0m[0m
Test (ubuntu-latest, 21)	Run tests	2026-06-22T17:43:29.1040264Z GPT-4o optimal window: 94080 tokens
Test (ubuntu-latest, 21)	Run tests	2026-06-22T17:43:29.1040753Z [0m[[0m[0minfo[0m] [0m[0m[32m- should use appropriate window[0m[0m
Test (ubuntu-latest, 21)	Run tests	2026-06-22T17:43:29.1041898Z [0m[[0m[0minfo[0m] [0m[0m[32m- should be more conservative when input is expensive[0m[0m
Test (ubuntu-latest, 21)	Run tests	2026-06-22T17:43:29.1043026Z [0m[[0m[0minfo[0m] [0m[0m[32mAdaptiveWindowing for Claude 3.5[0m[0m
Test (ubuntu-latest, 21)	Run tests	2026-06-22T17:43:29.1043756Z Claude 3.5 optimal window: 147500 tokens
Test (ubuntu-latest, 21)	Run tests	2026-06-22T17:43:29.1044556Z [0m[[0m[0minfo[0m] [0m[0m[32m- should use appropriate window[0m[0m
Test (ubuntu-latest, 21)	Run tests	2026-06-22T17:43:29.1045480Z Ollama optimal window: 2457 tokens
Test (ubuntu-latest, 21)	Run tests	2026-06-22T17:43:29.1046126Z [0m[[0m[0minfo[0m] [0m[0m[32mAdaptiveWindowing for Ollama local[0m[0m
Test (ubuntu-latest, 21)	Run tests	2026-06-22T17:43:29.1046986Z [0m[[0m[0minfo[0m] [0m[0m[32m- should use large window[0m[0m
Test (ubuntu-latest, 21)	Run tests	2026-06-22T17:43:29.1047787Z [0m[[0m[0minfo[0m] [0m[0m[32mAdaptiveWindowing[0m[0m
Test (ubuntu-latest, 21)	Run tests	2026-06-22T17:43:29.1049038Z [0m[[0m[0minfo[0m] [0m[0m[32m- should support copy for modifications[0m[0m
Test (ubuntu-latest, 21)	Run tests	2026-06-22T17:43:29.1049983Z [0m[[0m[0minfo[0m] [0m[0m[32m- should support equality[0m[0m
Test (ubuntu-latest, 21)	Run tests	2026-06-22T17:43:29.1067066Z [0m[[0m[0minfo[0m] [0m[0m[32mAgentGuardrailsIntegrationSpec:[0m[0m
Test (ubuntu-latest, 21)	Run tests	2026-06-22T17:43:29.1068385Z [0m[[0m[0minfo[0m] [0m[0m[32mAgent.run with input guardrails[0m[0m
Test (ubuntu-latest, 21)	Run tests	2026-06-22T17:43:29.1069754Z [0m[[0m[0minfo[0m] [0m[0m[32m- should validate input before processing[0m[0m
Test (ubuntu-latest, 21)	Run tests	2026-06-22T17:43:29.1071193Z [0m[[0m[0minfo[0m] [0m[0m[32m- should pass when input validation succeeds[0m[0m
Test (ubuntu-latest, 21)	Run tests	2026-06-22T17:43:29.1072606Z [0m[[0m[0minfo[0m] [0m[0m[32m- should apply multiple input guardrails[0m[0m
Test (ubuntu-latest, 21)	Run tests	2026-06-22T17:43:29.1074113Z [0m[[0m[0minfo[0m] [0m[0m[32mAgent.run with output guardrails[0m[0m
Test (ubuntu-latest, 21)	Run tests	2026-06-22T17:43:29.1080768Z [0m[[0m[0minfo[0m] [0m[0m[32m- should validate output before returning[0m[0m
Test (ubuntu-latest, 21)	Run tests	2026-06-22T17:43:29.1085107Z [0m[[0m[0minfo[0m] [0m[0m[32m- should pass when output validation succeeds[0m[0m
Test (ubuntu-latest, 21)	Run tests	2026-06-22T17:43:29.1088376Z [0m[[0m[0minfo[0m] [0m[0m[32m- should apply multiple output guardrails[0m[0m
Test (ubuntu-latest, 21)	Run tests	2026-06-22T17:43:29.1090154Z [0m[[0m[0minfo[0m] [0m[0m[32mAgent.run with both input and output guardrails[0m[0m
Test (ubuntu-latest, 21)	Run tests	2026-06-22T17:43:29.1093842Z [0m[[0m[0minfo[0m] [0m[0m[32m- should validate both[0m[0m
Test (ubuntu-latest, 21)	Run tests	2026-06-22T17:43:29.1097368Z [0m[[0m[0minfo[0m] [0m[0m[32m- should fail on input validation first[0m[0m
Test (ubuntu-latest, 21)	Run tests	2026-06-22T17:43:29.1099119Z [0m[[0m[0minfo[0m] [0m[0m[32mAgent.continueConversation with guardrails[0m[0m
Test (ubuntu-latest, 21)	Run tests	2026-06-22T17:43:29.1102518Z [0m[[0m[0minfo[0m] [0m[0m[32m- should validate new message[0m[0m
Test (ubuntu-latest, 21)	Run tests	2026-06-22T17:43:29.1107484Z [0m[[0m[0minfo[0m] [0m[0m[32m- should validate output on continuation[0m[0m
Test (ubuntu-latest, 21)	Run tests	2026-06-22T17:43:29.1118270Z [0m[[0m[0minfo[0m] [0m[0m[32m- should work in multi-turn conversations[0m[0m
Test (ubuntu-latest, 21)	Run tests	2026-06-22T17:43:29.1121573Z [0m[[0m[0minfo[0m] [0m[0m[32mGuardrails[0m[0m
Test (ubuntu-latest, 21)	Run tests	2026-06-22T17:43:29.1135847Z [0m[[0m[0minfo[0m] [0m[0m[32m- should not interfere with normal operation when empty[0m[0m
Test (ubuntu-latest, 21)	Run tests	2026-06-22T17:43:29.1151391Z [0m[[0m[0minfo[0m] [0m[0m[32mBenchmarkReportEdgeCasesSpec:[0m[0m
Test (ubuntu-latest, 21)	Run tests	2026-06-22T17:43:29.1154192Z [0m[[0m[0minfo[0m] [0m[0m[32mBenchmarkReport.console[0m[0m
Test (ubuntu-latest, 21)	Run tests	2026-06-22T17:43:29.1159110Z [0m[[0m[0minfo[0m] [0m[0m[32m- should handle all-failed results[0m[0m
Test (ubuntu-latest, 21)	Run tests	2026-06-22T17:43:29.1161455Z [0m[[0m[0minfo[0m] [0m[0m[32m- should handle empty results[0m[0m
Test (ubuntu-latest, 21)	Run tests	2026-06-22T17:43:29.1167341Z [0m[[0m[0minfo[0m] [0m[0m[32m- should handle experiment with missing metric scores[0m[0m
Test (ubuntu-latest, 21)	Run tests	2026-06-22T17:43:29.1169136Z [0m[[0m[0minfo[0m] [0m[0m[32mBenchmarkReport.json[0m[0m
Test (ubuntu-latest, 21)	Run tests	2026-06-22T17:43:29.1174144Z [0m[[0m[0minfo[0m] [0m[0m[32m- should handle failed experiments with null metrics[0m[0m
Test (ubuntu-latest, 21)	Run tests	2026-06-22T17:43:29.1184948Z [0m[[0m[0minfo[0m] [0m[0m[32m- should include timings in experiment details[0m[0m
Test (ubuntu-latest, 21)	Run tests	2026-06-22T17:43:29.1186602Z [0m[[0m[0minfo[0m] [0m[0m[32mBenchmarkReport.markdown[0m[0m
Test (ubuntu-latest, 21)	Run tests	2026-06-22T17:43:29.1189829Z [0m[[0m[0minfo[0m] [0m[0m[32m- should handle all-failed results without rankings[0m[0m
Test (ubuntu-latest, 21)	Run tests	2026-06-22T17:43:29.1191556Z [0m[[0m[0minfo[0m] [0m[0m[32m- should show metrics as dashes when not available[0m[0m
Test (ubuntu-latest, 21)	Run tests	2026-06-22T17:43:29.1192953Z [0m[[0m[0minfo[0m] [0m[0m[32mBenchmarkReport.save[0m[0m
Test (ubuntu-latest, 21)	Run tests	2026-06-22T17:43:29.1208468Z [0m[[0m[0minfo[0m] [0m[0m[32m- should save console format to file[0m[0m
Test (ubuntu-latest, 21)	Run tests	2026-06-22T17:43:29.1218402Z [0m[[0m[0minfo[0m] [0m[0m[32m- should save JSON format to file[0m[0m
Test (ubuntu-latest, 21)	Run tests	2026-06-22T17:43:29.1229195Z [0m[[0m[0minfo[0m] [0m[0m[32m- should save Markdown format to file[0m[0m
Test (ubuntu-latest, 21)	Run tests	2026-06-22T17:43:29.1238083Z [0m[[0m[0minfo[0m] [0m[0m[32m- should create parent directories if needed[0m[0m
Test (ubuntu-latest, 21)	Run tests	2026-06-22T17:43:29.1241126Z [0m[[0m[0minfo[0m] [0m[0m[32mBenchmarkReport.comparison[0m[0m
Test (ubuntu-latest, 21)	Run tests	2026-06-22T17:43:29.1243564Z [0m[[0m[0minfo[0m] [0m[0m[32m- should show regression details[0m[0m
Test (ubuntu-latest, 21)	Run tests	2026-06-22T17:43:29.1246753Z [0m[[0m[0minfo[0m] [0m[0m[32m- should show per-metric differences[0m[0m
Test (ubuntu-latest, 21)	Run tests	2026-06-22T17:43:29.1316262Z [0m[[0m[0minfo[0m] [0m[0m[32mGraphStoreConsistencySpec:[0m[0m
Test (ubuntu-latest, 21)	Run tests	2026-06-22T17:43:29.1320608Z [0m[[0m[0minfo[0m] [0m[0m[32m- CRUD: insert and retrieve node (InMemoryGraphStore)[0m[0m
Test (ubuntu-latest, 21)	Run tests	2026-06-22T17:43:29.1335813Z [0m[[0m[0minfo[0m] [0m[0m[32m- CRUD: insert and retrieve node (JsonGraphStore)[0m[0m
Test (ubuntu-latest, 21)	Run tests	2026-06-22T17:43:29.1339570Z [0m[[0m[0minfo[0m] [0m[0m[32m- CRUD: update existing node (InMemoryGraphStore)[0m[0m
Test (ubuntu-latest, 21)	Run tests	2026-06-22T17:43:29.1347852Z [0m[[0m[0minfo[0m] [0m[0m[32m- CRUD: update existing node (JsonGraphStore)[0m[0m
Test (ubuntu-latest, 21)	Run tests	2026-06-22T17:43:29.1351114Z [0m[[0m[0minfo[0m] [0m[0m[32m- CRUD: return None for non-existent node (InMemoryGraphStore)[0m[0m
Test (ubuntu-latest, 21)	Run tests	2026-06-22T17:43:29.1353725Z [0m[[0m[0minfo[0m] [0m[0m[32m- CRUD: return None for non-existent node (JsonGraphStore)[0m[0m
Test (ubuntu-latest, 21)	Run tests	2026-06-22T17:43:29.1356972Z [0m[[0m[0minfo[0m] [0m[0m[32m- Edge: reject edge with missing source (InMemoryGraphStore)[0m[0m
Test (ubuntu-latest, 21)	Run tests	2026-06-22T17:43:29.1367839Z [0m[[0m[0minfo[0m] [0m[0m[32m- Edge: reject edge with missing source (JsonGraphStore)[0m[0m
Test (ubuntu-latest, 21)	Run tests	2026-06-22T17:43:29.1370663Z [0m[[0m[0minfo[0m] [0m[0m[32m- Edge: reject edge with missing target (InMemoryGraphStore)[0m[0m
Test (ubuntu-latest, 21)	Run tests	2026-06-22T17:43:29.1376091Z [0m[[0m[0minfo[0m] [0m[0m[32m- Edge: reject edge with missing target (JsonGraphStore)[0m[0m
Test (ubuntu-latest, 21)	Run tests	2026-06-22T17:43:29.1378099Z [0m[[0m[0minfo[0m] [0m[0m[32m- Edge: create edge between existing nodes (InMemoryGraphStore)[0m[0m
Test (ubuntu-latest, 21)	Run tests	2026-06-22T17:43:29.1389973Z [0m[[0m[0minfo[0m] [0m[0m[32m- Edge: create edge between existing nodes (JsonGraphStore)[0m[0m
Test (ubuntu-latest, 21)	Run tests	2026-06-22T17:43:29.1394422Z [0m[[0m[0minfo[0m] [0m[0m[32m- Neighbors: Direction.Outgoing returns targets (InMemoryGraphStore)[0m[0m
Test (ubuntu-latest, 21)	Run tests	2026-06-22T17:43:29.1414595Z [0m[[0m[0minfo[0m] [0m[0m[32m- Neighbors: Direction.Outgoing returns targets (JsonGraphStore)[0m[0m
Test (ubuntu-latest, 21)	Run tests	2026-06-22T17:43:29.1419052Z [0m[[0m[0minfo[0m] [0m[0m[32m- Neighbors: Direction.Incoming returns sources (InMemoryGraphStore)[0m[0m
Test (ubuntu-latest, 21)	Run tests	2026-06-22T17:43:29.1432521Z [0m[[0m[0minfo[0m] [0m[0m[32m- Neighbors: Direction.Incoming returns sources (JsonGraphStore)[0m[0m
Test (ubuntu-latest, 21)	Run tests	2026-06-22T17:43:29.1436700Z [0m[[0m[0minfo[0m] [0m[0m[32m- Neighbors: Direction.Both returns all adjacent (InMemoryGraphStore)[0m[0m
Test (ubuntu-latest, 21)	Run tests	2026-06-22T17:43:29.1451559Z [0m[[0m[0minfo[0m] [0m[0m[32m- Neighbors: Direction.Both returns all adjacent (JsonGraphStore)[0m[0m
Test (ubuntu-latest, 21)	Run tests	2026-06-22T17:43:29.1454052Z [0m[[0m[0minfo[0m] [0m[0m[32m- Query: filter by node label (InMemoryGraphStore)[0m[0m
Test (ubuntu-latest, 21)	Run tests	2026-06-22T17:43:29.1468369Z [0m[[0m[0minfo[0m] [0m[0m[32m- Query: filter by node label (JsonGraphStore)[0m[0m
Test (ubuntu-latest, 21)	Run tests	2026-06-22T17:43:29.1471178Z [0m[[0m[0minfo[0m] [0m[0m[32m- Query: filter by property value (string) (InMemoryGraphStore)[0m[0m
Test (ubuntu-latest, 21)	Run tests	2026-06-22T17:43:29.1482094Z [0m[[0m[0minfo[0m] [0m[0m[32m- Query: filter by property value (string) (JsonGraphStore)[0m[0m
Test (ubuntu-latest, 21)	Run tests	2026-06-22T17:43:29.1485406Z [0m[[0m[0minfo[0m] [0m[0m[32m- Query: filter by property value (number) (InMemoryGraphStore)[0m[0m
Test (ubuntu-latest, 21)	Run tests	2026-06-22T17:43:29.1493672Z [0m[[0m[0minfo[0m] [0m[0m[32m- Query: filter by property value (number) (JsonGraphStore)[0m[0m
Test (ubuntu-latest, 21)	Run tests	2026-06-22T17:43:29.1496706Z [0m[[0m[0minfo[0m] [0m[0m[32m- Query: filter by relationship type (InMemoryGraphStore)[0m[0m
Test (ubuntu-latest, 21)	Run tests	2026-06-22T17:43:29.1510411Z [0m[[0m[0minfo[0m] [0m[0m[32m- Query: filter by relationship type (JsonGraphStore)[0m[0m
Test (ubuntu-latest, 21)	Run tests	2026-06-22T17:43:29.1513074Z [0m[[0m[0minfo[0m] [0m[0m[32m- Traverse: handle non-existent start node (InMemoryGraphStore)[0m[0m
Test (ubuntu-latest, 21)	Run tests	2026-06-22T17:43:29.1523548Z [0m[[0m[0minfo[0m] [0m[0m[32m- Traverse: handle non-existent start node (JsonGraphStore)[0m[0m
Test (ubuntu-latest, 21)	Run tests	2026-06-22T17:43:29.1528784Z [0m[[0m[0minfo[0m] [0m[0m[32m- Traverse: single node graph (InMemoryGraphStore)[0m[0m
Test (ubuntu-latest, 21)	Run tests	2026-06-22T17:43:29.1536749Z [0m[[0m[0minfo[0m] [0m[0m[32m- Traverse: single node graph (JsonGraphStore)[0m[0m
Test (ubuntu-latest, 21)	Run tests	2026-06-22T17:43:29.1542032Z [0m[[0m[0minfo[0m] [0m[0m[32m- Traverse: BFS order in linear chain (InMemoryGraphStore)[0m[0m
Test (ubuntu-latest, 21)	Run tests	2026-06-22T17:43:29.1561345Z [0m[[0m[0minfo[0m] [0m[0m[32m- Traverse: BFS order in linear chain (JsonGraphStore)[0m[0m
Test (ubuntu-latest, 21)	Run tests	2026-06-22T17:43:29.1567600Z [0m[[0m[0minfo[0m] [0m[0m[32m- Traverse: BFS order in branching graph (InMemoryGraphStore)[0m[0m
Test (ubuntu-latest, 21)	Run tests	2026-06-22T17:43:29.1586353Z [0m[[0m[0minfo[0m] [0m[0m[32m- Traverse: BFS order in branching graph (JsonGraphStore)[0m[0m
Test (ubuntu-latest, 21)	Run tests	2026-06-22T17:43:29.1590509Z [0m[[0m[0minfo[0m] [0m[0m[32m- Traverse: respects maxDepth (InMemoryGraphStore)[0m[0m
Test (ubuntu-latest, 21)	Run tests	2026-06-22T17:43:29.1607071Z [0m[[0m[0minfo[0m] [0m[0m[32m- Traverse: respects maxDepth (JsonGraphStore)[0m[0m
Test (ubuntu-latest, 21)	Run tests	2026-06-22T17:43:29.1611562Z [0m[[0m[0minfo[0m] [0m[0m[32m- Traverse: Direction.Outgoing only follows outgoing edges (InMemoryGraphStore)[0m[0m
Test (ubuntu-latest, 21)	Run tests	2026-06-22T17:43:29.1624349Z [0m[[0m[0minfo[0m] [0m[0m[32m- Traverse: Direction.Outgoing only follows outgoing edges (JsonGraphStore)[0m[0m
Test (ubuntu-latest, 21)	Run tests	2026-06-22T17:43:29.1628314Z [0m[[0m[0minfo[0m] [0m[0m[32m- Traverse: Direction.Incoming only follows incoming edges (InMemoryGraphStore)[0m[0m
Test (ubuntu-latest, 21)	Run tests	2026-06-22T17:43:29.1642269Z [0m[[0m[0minfo[0m] [0m[0m[32m- Traverse: Direction.Incoming only follows incoming edges (JsonGraphStore)[0m[0m
Test (ubuntu-latest, 21)	Run tests	2026-06-22T17:43:29.1647412Z [0m[[0m[0minfo[0m] [0m[0m[32m- Traverse: handles cycles correctly (no infinite loop) (InMemoryGraphStore)[0m[0m
Test (ubuntu-latest, 21)	Run tests	2026-06-22T17:43:29.1670539Z [0m[[0m[0minfo[0m] [0m[0m[32m- Traverse: handles cycles correctly (no infinite loop) (JsonGraphStore)[0m[0m
Test (ubuntu-latest, 21)	Run tests	2026-06-22T17:43:29.1673762Z [0m[[0m[0minfo[0m] [0m[0m[32m- Delete: remove node and cleanup edges (InMemoryGraphStore)[0m[0m
Test (ubuntu-latest, 21)	Run tests	2026-06-22T17:43:29.1694533Z [0m[[0m[0minfo[0m] [0m[0m[32m- Delete: remove node and cleanup edges (JsonGraphStore)[0m[0m
Test (ubuntu-latest, 21)	Run tests	2026-06-22T17:43:29.1699029Z [0m[[0m[0minfo[0m] [0m[0m[32m- Delete: remove specific edge (InMemoryGraphStore)[0m[0m
Test (ubuntu-latest, 21)	Run tests	2026-06-22T17:43:29.1718265Z [0m[[0m[0minfo[0m] [0m[0m[32m- Delete: remove specific edge (JsonGraphStore)[0m[0m
Test (ubuntu-latest, 21)	Run tests	2026-06-22T17:43:29.1723404Z [0m[[0m[0minfo[0m] [0m[0m[32m- Stats: accurate node count (InMemoryGraphStore)[0m[0m
Test (ubuntu-latest, 21)	Run tests	2026-06-22T17:43:29.1739221Z [0m[[0m[0minfo[0m] [0m[0m[32m- Stats: accurate node count (JsonGraphStore)[0m[0m
Test (ubuntu-latest, 21)	Run tests	2026-06-22T17:43:29.1743235Z [0m[[0m[0minfo[0m] [0m[0m[32m- Stats: accurate edge count (InMemoryGraphStore)[0m[0m
Test (ubuntu-latest, 21)	Run tests	2026-06-22T17:43:29.1763009Z [0m[[0m[0minfo[0m] [0m[0m[32m- Stats: accurate edge count (JsonGraphStore)[0m[0m
Test (ubuntu-latest, 21)	Run tests	2026-06-22T17:43:29.1764215Z [0m[[0m[0minfo[0m] [0m[0m[32m- Stats: correct average degree (InMemoryGraphStore)[0m[0m
Test (ubuntu-latest, 21)	Run tests	2026-06-22T17:43:29.1775539Z [0m[[0m[0minfo[0m] [0m[0m[32m- Stats: correct average degree (JsonGraphStore)[0m[0m
Test (ubuntu-latest, 21)	Run tests	2026-06-22T17:43:29.1777982Z [0m[[0m[0minfo[0m] [0m[0m[32m- LoadAll: return complete graph (InMemoryGraphStore)[0m[0m
Test (ubuntu-latest, 21)	Run tests	2026-06-22T17:43:29.1786660Z [0m[[0m[0minfo[0m] [0m[0m[32m- LoadAll: return complete graph (JsonGraphStore)[0m[0m
Test (ubuntu-latest, 21)	Run tests	2026-06-22T17:43:29.1789357Z [0m[[0m[0minfo[0m] [0m[0m[32m- Consistency: property values preserved (InMemoryGraphStore)[0m[0m
Test (ubuntu-latest, 21)	Run tests	2026-06-22T17:43:29.1796064Z [0m[[0m[0minfo[0m] [0m[0m[32m- Consistency: property values preserved (JsonGraphStore)[0m[0m
Test (ubuntu-latest, 21)	Run tests	2026-06-22T17:43:29.1798885Z [0m[[0m[0minfo[0m] [0m[0m[32m- Error handling: undefined start node returns empty (InMemoryGraphStore)[0m[0m
Test (ubuntu-latest, 21)	Run tests	2026-06-22T17:43:29.1804345Z [0m[[0m[0minfo[0m] [0m[0m[32m- Error handling: undefined start node returns empty (JsonGraphStore)[0m[0m
Test (ubuntu-latest, 21)	Run tests	2026-06-22T17:43:29.1806567Z [0m[[0m[0minfo[0m] [0m[0m[32m- Error handling: empty neighbors for isolated node (InMemoryGraphStore)[0m[0m
Test (ubuntu-latest, 21)	Run tests	2026-06-22T17:43:29.1835172Z [0m[[0m[0minfo[0m] [0m[0m[32m- Error handling: empty neighbors for isolated node (JsonGraphStore)[0m[0m
Test (ubuntu-latest, 21)	Run tests	2026-06-22T17:43:29.2001413Z [0m[[0m[0minfo[0m] [0m[0m[32mStreamableHTTPTransportImplSpec:[0m[0m
Test (ubuntu-latest, 21)	Run tests	2026-06-22T17:43:29.2004683Z [0m[[0m[0minfo[0m] [0m[0m[32mStreamableHTTPTransportImpl initialization[0m[0m
Test (ubuntu-latest, 21)	Run tests	2026-06-22T17:43:29.2026268Z [0m[[0m[0minfo[0m] [0m[0m[32m- should create transport with correct configuration[0m[0m
Test (ubuntu-latest, 21)	Run tests	2026-06-22T17:43:29.2028304Z [0m[[0m[0minfo[0m] [0m[0m[32mStreamableHTTPTransportImpl.sendRequest[0m[0m
Test (ubuntu-latest, 21)	Run tests	2026-06-22T17:43:29.2046748Z [0m[[0m[0minfo[0m] [0m[0m[32m- should send POST request with correct base headers for initialize[0m[0m
Test (ubuntu-latest, 21)	Run tests	2026-06-22T17:43:29.2060485Z [0m[[0m[0minfo[0m] [0m[0m[32m- should NOT include MCP-Protocol-Version header on initialize request[0m[0m
Test (ubuntu-latest, 21)	Run tests	2026-06-22T17:43:29.2074573Z [0m[[0m[0minfo[0m] [0m[0m[32m- should include MCP-Protocol-Version header on non-initialize requests[0m[0m
Test (ubuntu-latest, 21)	Run tests	2026-06-22T17:43:29.2088018Z [0m[[0m[0minfo[0m] [0m[0m[32m- should handle successful JSON response[0m[0m
Test (ubuntu-latest, 21)	Run tests	2026-06-22T17:43:29.2115353Z [0m[[0m[0minfo[0m] [0m[0m[32m- should handle successful SSE stream response[0m[0m
Test (ubuntu-latest, 21)	Run tests	2026-06-22T17:43:29.2127623Z [0m[[0m[0minfo[0m] [0m[0m[32m- should extract session ID from initialize response headers[0m[0m
Test (ubuntu-latest, 21)	Run tests	2026-06-22T17:43:29.2139279Z [0m[[0m[0minfo[0m] [0m[0m[32m- should handle server without session management[0m[0m
Test (ubuntu-latest, 21)	Run tests	2026-06-22T17:43:29.2141642Z [0m[[0m[0minfo[0m] [0m[0m[32mStreamableHTTPTransportImpl error handling[0m[0m
Test (ubuntu-latest, 21)	Run tests	2026-06-22T17:43:29.2152010Z [0m[[0m[0minfo[0m] [0m[0m[32m- should handle HTTP 400 Bad Request error[0m[0m
Test (ubuntu-latest, 21)	Run tests	2026-06-22T17:43:29.2162570Z [0m[[0m[0minfo[0m] [0m[0m[32m- should handle HTTP 401 Unauthorized error[0m[0m
Test (ubuntu-latest, 21)	Run tests	2026-06-22T17:43:29.2172791Z [0m[[0m[0minfo[0m] [0m[0m[32m- should handle HTTP 403 Forbidden error[0m[0m
Test (ubuntu-latest, 21)	Run tests	2026-06-22T17:43:29.2185710Z [0m[[0m[0minfo[0m] [0m[0m[32m- should handle HTTP 404 with active session as session expiration[0m[0m
Test (ubuntu-latest, 21)	Run tests	2026-06-22T17:43:29.2196459Z [0m[[0m[0minfo[0m] [0m[0m[32m- should handle HTTP 405 Method Not Allowed error[0m[0m
Test (ubuntu-latest, 21)	Run tests	2026-06-22T17:43:29.2206229Z [0m[[0m[0minfo[0m] [0m[0m[32m- should handle HTTP 500 Internal Server Error[0m[0m
Test (ubuntu-latest, 21)	Run tests	2026-06-22T17:43:29.2216289Z [0m[[0m[0minfo[0m] [0m[0m[32m- should handle HTTP 503 Service Unavailable error[0m[0m
Test (ubuntu-latest, 21)	Run tests	2026-06-22T17:43:29.2229514Z [0m[[0m[0minfo[0m] [0m[0m[32m- should handle JSON-RPC error responses[0m[0m
Test (ubuntu-latest, 21)	Run tests	2026-06-22T17:43:29.2240727Z [0m[[0m[0minfo[0m] [0m[0m[32m- should handle malformed JSON in response[0m[0m
Test (ubuntu-latest, 21)	Run tests	2026-06-22T17:43:29.2250989Z [0m[[0m[0minfo[0m] [0m[0m[32m- should handle network exceptions[0m[0m
Test (ubuntu-latest, 21)	Run tests	2026-06-22T17:43:29.2260995Z [0m[[0m[0minfo[0m] [0m[0m[32m- should handle connection failures[0m[0m
Test (ubuntu-latest, 21)	Run tests	2026-06-22T17:43:29.2263334Z [0m[[0m[0minfo[0m] [0m[0m[32mStreamableHTTPTransportImpl advanced SSE parsing[0m[0m
Test (ubuntu-latest, 21)	Run tests	2026-06-22T17:43:29.2272260Z [0m[[0m[0minfo[0m] [0m[0m[32m- should handle SSE with multiple data lines (concatenation with newlines)[0m[0m
Test (ubuntu-latest, 21)	Run tests	2026-06-22T17:43:29.2281775Z [0m[[0m[0minfo[0m] [0m[0m[32m- should handle SSE comments (lines starting with colon)[0m[0m
Test (ubuntu-latest, 21)	Run tests	2026-06-22T17:43:29.2291017Z [0m[[0m[0minfo[0m] [0m[0m[32m- should handle SSE retry directives (ignored)[0m[0m
Test (ubuntu-latest, 21)	Run tests	2026-06-22T17:43:29.2300618Z [0m[[0m[0minfo[0m] [0m[0m[32m- should handle SSE event type field[0m[0m
Test (ubuntu-latest, 21)	Run tests	2026-06-22T17:43:29.2310314Z [0m[[0m[0minfo[0m] [0m[0m[32m- should handle SSE id field[0m[0m
Test (ubuntu-latest, 21)	Run tests	2026-06-22T17:43:29.2320232Z [0m[[0m[0minfo[0m] [0m[0m[32m- should handle [DONE] sentinel in SSE data[0m[0m
Test (ubuntu-latest, 21)	Run tests	2026-06-22T17:43:29.2336084Z [0m[[0m[0minfo[0m] [0m[0m[32m- should skip non-JSON-RPC data in SSE stream[0m[0m
Test (ubuntu-latest, 21)	Run tests	2026-06-22T17:43:29.2347518Z [0m[[0m[0minfo[0m] [0m[0m[32m- should handle empty SSE stream with no valid JSON-RPC response[0m[0m
Test (ubuntu-latest, 21)	Run tests	2026-06-22T17:43:29.2350057Z [0m[[0m[0minfo[0m] [0m[0m[32mStreamableHTTPTransportImpl.sendNotification[0m[0m
Test (ubuntu-latest, 21)	Run tests	2026-06-22T17:43:29.2359255Z [0m[[0m[0minfo[0m] [0m[0m[32m- should send notification with Content-Type header[0m[0m
Test (ubuntu-latest, 21)	Run tests	2026-06-22T17:43:29.2398537Z [0m[[0m[0minfo[0m] [0m[0m[32m- should include MCP-Protocol-Version in notification headers[0m[0m
Test (ubuntu-latest, 21)	Run tests	2026-06-22T17:43:29.2402375Z [0m[[0m[0minfo[0m] [0m[0m[32m- should include session ID in notification if present[0m[0m
Test (ubuntu-latest, 21)	Run tests	2026-06-22T17:43:29.2404041Z [0m[[0m[0minfo[0m] [0m[0m[32m- should handle notification errors[0m[0m
Test (ubuntu-latest, 21)	Run tests	2026-06-22T17:43:29.2405826Z [0m[[0m[0minfo[0m] [0m[0m[32mStreamableHTTPTransportImpl.close[0m[0m
Test (ubuntu-latest, 21)	Run tests	2026-06-22T17:43:29.2407562Z [0m[[0m[0minfo[0m] [0m[0m[32m- should send DELETE request if session exists[0m[0m
Test (ubuntu-latest, 21)	Run tests	2026-06-22T17:43:29.2414583Z [0m[[0m[0minfo[0m] [0m[0m[32m- should clear session after close[0m[0m
Test (ubuntu-latest, 21)	Run tests	2026-06-22T17:43:29.2425840Z [0m[[0m[0minfo[0m] [0m[0m[32m- should handle 405 error during session termination gracefully[0m[0m
Test (ubuntu-latest, 21)	Run tests	2026-06-22T17:43:29.2433553Z [0m[[0m[0minfo[0m] [0m[0m[32m- should allow close without session[0m[0m
Test (ubuntu-latest, 21)	Run tests	2026-06-22T17:43:29.2436954Z [0m[[0m[0minfo[0m] [0m[0m[32mStreamableHTTPTransportImpl.generateId[0m[0m
Test (ubuntu-latest, 21)	Run tests	2026-06-22T17:43:29.2441436Z [0m[[0m[0minfo[0m] [0m[0m[32m- should generate unique sequential IDs[0m[0m
Test (ubuntu-latest, 21)	Run tests	2026-06-22T17:43:29.2474458Z [0m[[0m[0minfo[0m] [0m[0m[32mInputSanitizationMiddlewareSpec:[0m[0m
Test (ubuntu-latest, 21)	Run tests	2026-06-22T17:43:29.2476451Z [0m[[0m[0minfo[0m] [0m[0m[32mInputSanitizationMiddleware[0m[0m
Test (ubuntu-latest, 21)	Run tests	2026-06-22T17:43:29.2477647Z [0m[[0m[0minfo[0m] [0m[0m[32m- should allow valid inputs[0m[0m
Test (ubuntu-latest, 21)	Run tests	2026-06-22T17:43:29.2480817Z [0m[[0m[0minfo[0m] [0m[0m[32m- should reject inputs exceeding max length[0m[0m
Test (ubuntu-latest, 21)	Run tests	2026-06-22T17:43:29.2486582Z [0m[[0m[0minfo[0m] [0m[0m[32m- should reject inputs with forbidden patterns[0m[0m
Test (ubuntu-latest, 21)	Run tests	2026-06-22T17:43:29.2500538Z [0m[[0m[0minfo[0m] [0m[0m[32mGeminiClientSpec:[0m[0m
Test (ubuntu-latest, 21)	Run tests	2026-06-22T17:43:29.2885876Z [0m[[0m[0minfo[0m] [0m[0m[32m- gemini client accepts custom metrics collector[0m[0m
Test (ubuntu-latest, 21)	Run tests	2026-06-22T17:43:29.2901380Z [0m[[0m[0minfo[0m] [0m[0m[32m- gemini client uses noop metrics by default[0m[0m
Test (ubuntu-latest, 21)	Run tests	2026-06-22T17:43:29.2904019Z [0m[[0m[0minfo[0m] [0m[0m[32m- gemini client returns correct context window[0m[0m
Test (ubuntu-latest, 21)	Run tests	2026-06-22T17:43:29.2907429Z [0m[[0m[0minfo[0m] [0m[0m[32m- gemini client returns correct reserve completion[0m[0m
Test (ubuntu-latest, 21)	Run tests	2026-06-22T17:43:29.2931137Z [0m[[0m[0minfo[0m] [0m[0m[32mBenchmarkResultSpec:[0m[0m
Test (ubuntu-latest, 21)	Run tests	2026-06-22T17:43:29.2933441Z [0m[[0m[0minfo[0m] [0m[0m[32mTimingInfo[0m[0m
Test (ubuntu-latest, 21)	Run tests	2026-06-22T17:43:29.2934544Z [0m[[0m[0minfo[0m] [0m[0m[32m- should format milliseconds correctly[0m[0m
Test (ubuntu-latest, 21)	Run tests	2026-06-22T17:43:29.2937776Z [0m[[0m[0minfo[0m] [0m[0m[32m- should format seconds correctly[0m[0m
Test (ubuntu-latest, 21)	Run tests	2026-06-22T17:43:29.2940737Z [0m[[0m[0minfo[0m] [0m[0m[32m- should calculate average per item[0m[0m
Test (ubuntu-latest, 21)	Run tests	2026-06-22T17:43:29.2942351Z [0m[[0m[0minfo[0m] [0m[0m[32m- should return None for avgPerItem when itemCount is 0[0m[0m
Test (ubuntu-latest, 21)	Run tests	2026-06-22T17:43:29.3447263Z [0m[[0m[0minfo[0m] [0m[0m[32m- should measure execution time[0m[0m
Test (ubuntu-latest, 21)	Run tests	2026-06-22T17:43:29.3448676Z [0m[[0m[0minfo[0m] [0m[0m[32mExperimentResult[0m[0m
Test (ubuntu-latest, 21)	Run tests	2026-06-22T17:43:29.3449669Z [0m[[0m[0minfo[0m] [0m[0m[32m- should create failed result[0m[0m
Test (ubuntu-latest, 21)	Run tests	2026-06-22T17:43:29.3451483Z [0m[[0m[0minfo[0m] [0m[0m[32m- should create successful result[0m[0m
Test (ubuntu-latest, 21)	Run tests	2026-06-22T17:43:29.3460147Z [0m[[0m[0minfo[0m] [0m[0m[32m- should calculate total time from timings[0m[0m
Test (ubuntu-latest, 21)	Run tests	2026-06-22T17:43:29.3463663Z [0m[[0m[0minfo[0m] [0m[0m[32mBenchmarkResults[0m[0m
Test (ubuntu-latest, 21)	Run tests	2026-06-22T17:43:29.3467102Z [0m[[0m[0minfo[0m] [0m[0m[32m- should calculate rankings[0m[0m
Test (ubuntu-latest, 21)	Run tests	2026-06-22T17:43:29.3470894Z [0m[[0m[0minfo[0m] [0m[0m[32m- should track success and failure counts[0m[0m
Test (ubuntu-latest, 21)	Run tests	2026-06-22T17:43:29.3474114Z [0m[[0m[0minfo[0m] [0m[0m[32m- should compare two experiments[0m[0m
Test (ubuntu-latest, 21)	Run tests	2026-06-22T17:43:29.3475898Z [0m[[0m[0minfo[0m] [0m[0m[32m- should return None for comparison with missing experiment[0m[0m
Test (ubuntu-latest, 21)	Run tests	2026-06-22T17:43:29.3480990Z [0m[[0m[0minfo[0m] [0m[0m[32m- should calculate average scores[0m[0m
Test (ubuntu-latest, 21)	Run tests	2026-06-22T17:43:29.3482945Z [0m[[0m[0minfo[0m] [0m[0m[32mExperimentComparison[0m[0m
Test (ubuntu-latest, 21)	Run tests	2026-06-22T17:43:29.3486172Z [0m[[0m[0minfo[0m] [0m[0m[32m- should calculate improvement metrics[0m[0m
Test (ubuntu-latest, 21)	Run tests	2026-06-22T17:43:29.3488466Z [0m[[0m[0minfo[0m] [0m[0m[32m- should detect regression[0m[0m
Test (ubuntu-latest, 21)	Run tests	2026-06-22T17:43:29.3540079Z [0m[[0m[0minfo[0m] [0m[0m[32mRAGConfigSpec:[0m[0m
Test (ubuntu-latest, 21)	Run tests	2026-06-22T17:43:29.3541202Z [0m[[0m[0minfo[0m] [0m[0m[32mRAGConfig[0m[0m
Test (ubuntu-latest, 21)	Run tests	2026-06-22T17:43:29.3546208Z [0m[[0m[0minfo[0m] [0m[0m[32m- should have sensible defaults[0m[0m
Test (ubuntu-latest, 21)	Run tests	2026-06-22T17:43:29.3548115Z [0m[[0m[0minfo[0m] [0m[0m[32mRAGConfig.default[0m[0m
Test (ubuntu-latest, 21)	Run tests	2026-06-22T17:43:29.3549411Z [0m[[0m[0minfo[0m] [0m[0m[32m- should return default configuration[0m[0m
Test (ubuntu-latest, 21)	Run tests	2026-06-22T17:43:29.3550696Z [0m[[0m[0minfo[0m] [0m[0m[32mRAGConfig.development[0m[0m
Test (ubuntu-latest, 21)	Run tests	2026-06-22T17:43:29.3552080Z [0m[[0m[0minfo[0m] [0m[0m[32m- should have in-memory storage and smaller topK[0m[0m
Test (ubuntu-latest, 21)	Run tests	2026-06-22T17:43:29.3553700Z [0m[[0m[0minfo[0m] [0m[0m[32mRAGConfig.production[0m[0m
Test (ubuntu-latest, 21)	Run tests	2026-06-22T17:43:29.3555177Z [0m[[0m[0minfo[0m] [0m[0m[32m- should use SQLite storage[0m[0m
Test (ubuntu-latest, 21)	Run tests	2026-06-22T17:43:29.3556511Z [0m[[0m[0minfo[0m] [0m[0m[32mRAGConfig.withEmbeddings[0m[0m
Test (ubuntu-latest, 21)	Run tests	2026-06-22T17:43:29.3562402Z [0m[[0m[0minfo[0m] [0m[0m[32m- should set provider[0m[0m
Test (ubuntu-latest, 21)	Run tests	2026-06-22T17:43:29.3563346Z [0m[[0m[0minfo[0m] [0m[0m[32m- should set provider and model[0m[0m
Test (ubuntu-latest, 21)	Run tests	2026-06-22T17:43:29.3571937Z [0m[[0m[0minfo[0m] [0m[0m[32m- should set provider, model, and dimensions[0m[0m
Test (ubuntu-latest, 21)	Run tests	2026-06-22T17:43:29.3586027Z [0m[[0m[0minfo[0m] [0m[0m[32mRAGConfig.withEmbeddingDimensions[0m[0m
Test (ubuntu-latest, 21)	Run tests	2026-06-22T17:43:29.3587436Z [0m[[0m[0minfo[0m] [0m[0m[32m- should override dimensions[0m[0m
Test (ubuntu-latest, 21)	Run tests	2026-06-22T17:43:29.3588770Z [0m[[0m[0minfo[0m] [0m[0m[32mRAGConfig.withChunking[0m[0m
Test (ubuntu-latest, 21)	Run tests	2026-06-22T17:43:29.3590110Z [0m[[0m[0minfo[0m] [0m[0m[32m- should set chunking strategy[0m[0m
Test (ubuntu-latest, 21)	Run tests	2026-06-22T17:43:29.3591602Z [0m[[0m[0minfo[0m] [0m[0m[32m- should set strategy with custom config[0m[0m
Test (ubuntu-latest, 21)	Run tests	2026-06-22T17:43:29.3593061Z [0m[[0m[0minfo[0m] [0m[0m[32m- should set strategy with size and overlap[0m[0m
Test (ubuntu-latest, 21)	Run tests	2026-06-22T17:43:29.3594426Z [0m[[0m[0minfo[0m] [0m[0m[32mRAGConfig.withFusion[0m[0m
Test (ubuntu-latest, 21)	Run tests	2026-06-22T17:43:29.3596115Z [0m[[0m[0minfo[0m] [0m[0m[32m- should set fusion strategy[0m[0m
Test (ubuntu-latest, 21)	Run tests	2026-06-22T17:43:29.3597364Z [0m[[0m[0minfo[0m] [0m[0m[32mRAGConfig.withRRF[0m[0m
Test (ubuntu-latest, 21)	Run tests	2026-06-22T17:43:29.3598662Z [0m[[0m[0minfo[0m] [0m[0m[32m- should set RRF fusion with default k[0m[0m
Test (ubuntu-latest, 21)	Run tests	2026-06-22T17:43:29.3600096Z [0m[[0m[0minfo[0m] [0m[0m[32m- should set RRF fusion with custom k[0m[0m
Test (ubuntu-latest, 21)	Run tests	2026-06-22T17:43:29.3601456Z [0m[[0m[0minfo[0m] [0m[0m[32mRAGConfig.withWeightedScore[0m[0m
Test (ubuntu-latest, 21)	Run tests	2026-06-22T17:43:29.3602830Z [0m[[0m[0minfo[0m] [0m[0m[32m- should set weighted score fusion[0m[0m
Test (ubuntu-latest, 21)	Run tests	2026-06-22T17:43:29.3604146Z [0m[[0m[0minfo[0m] [0m[0m[32mRAGConfig.vectorOnly[0m[0m
Test (ubuntu-latest, 21)	Run tests	2026-06-22T17:43:29.3605813Z [0m[[0m[0minfo[0m] [0m[0m[32m- should set vector-only fusion[0m[0m
Test (ubuntu-latest, 21)	Run tests	2026-06-22T17:43:29.3607048Z [0m[[0m[0minfo[0m] [0m[0m[32mRAGConfig.keywordOnly[0m[0m
Test (ubuntu-latest, 21)	Run tests	2026-06-22T17:43:29.3608255Z [0m[[0m[0minfo[0m] [0m[0m[32m- should set keyword-only fusion[0m[0m
Test (ubuntu-latest, 21)	Run tests	2026-06-22T17:43:29.3609446Z [0m[[0m[0minfo[0m] [0m[0m[32mRAGConfig.withTopK[0m[0m
Test (ubuntu-latest, 21)	Run tests	2026-06-22T17:43:29.3610611Z [0m[[0m[0minfo[0m] [0m[0m[32m- should set number of results[0m[0m
Test (ubuntu-latest, 21)	Run tests	2026-06-22T17:43:29.3611849Z [0m[[0m[0minfo[0m] [0m[0m[32mRAGConfig.withReranking[0m[0m
Test (ubuntu-latest, 21)	Run tests	2026-06-22T17:43:29.3613110Z [0m[[0m[0minfo[0m] [0m[0m[32m- should set reranking strategy[0m[0m
Test (ubuntu-latest, 21)	Run tests	2026-06-22T17:43:29.3614366Z [0m[[0m[0minfo[0m] [0m[0m[32mRAGConfig.withCohereReranking[0m[0m
Test (ubuntu-latest, 21)	Run tests	2026-06-22T17:43:29.3615991Z [0m[[0m[0minfo[0m] [0m[0m[32m- should set Cohere reranking with default model[0m[0m
Test (ubuntu-latest, 21)	Run tests	2026-06-22T17:43:29.3617754Z [0m[[0m[0minfo[0m] [0m[0m[32m- should set Cohere reranking with custom model[0m[0m
Test (ubuntu-latest, 21)	Run tests	2026-06-22T17:43:29.3618990Z [0m[[0m[0minfo[0m] [0m[0m[32mRAGConfig.withLLMReranking[0m[0m
Test (ubuntu-latest, 21)	Run tests	2026-06-22T17:43:29.3620108Z [0m[[0m[0minfo[0m] [0m[0m[32m- should set LLM reranking[0m[0m
Test (ubuntu-latest, 21)	Run tests	2026-06-22T17:43:29.3621386Z [0m[[0m[0minfo[0m] [0m[0m[32mRAGConfig.withRerankTopK[0m[0m
Test (ubuntu-latest, 21)	Run tests	2026-06-22T17:43:29.3622539Z [0m[[0m[0minfo[0m] [0m[0m[32m- should set rerank candidates count[0m[0m
Test (ubuntu-latest, 21)	Run tests	2026-06-22T17:43:29.3623681Z [0m[[0m[0minfo[0m] [0m[0m[32mRAGConfig.withSQLite[0m[0m
Test (ubuntu-latest, 21)	Run tests	2026-06-22T17:43:29.3624994Z [0m[[0m[0minfo[0m] [0m[0m[32m- should set both paths[0m[0m
Test (ubuntu-latest, 21)	Run tests	2026-06-22T17:43:29.3626104Z [0m[[0m[0minfo[0m] [0m[0m[32mRAGConfig.inMemory[0m[0m
Test (ubuntu-latest, 21)	Run tests	2026-06-22T17:43:29.3627182Z [0m[[0m[0minfo[0m] [0m[0m[32m- should clear storage paths[0m[0m
Test (ubuntu-latest, 21)	Run tests	2026-06-22T17:43:29.3628480Z [0m[[0m[0minfo[0m] [0m[0m[32mRAGConfig.withPgVector()[0m[0m
Test (ubuntu-latest, 21)	Run tests	2026-06-22T17:43:29.3629829Z [0m[[0m[0minfo[0m] [0m[0m[32m- should set default pgvector configuration[0m[0m
Test (ubuntu-latest, 21)	Run tests	2026-06-22T17:43:29.3631525Z [0m[[0m[0minfo[0m] [0m[0m[32mRAGConfig.withPgVector(tableName)[0m[0m
Test (ubuntu-latest, 21)	Run tests	2026-06-22T17:43:29.3632764Z [0m[[0m[0minfo[0m] [0m[0m[32m- should set pgvector with custom table[0m[0m
Test (ubuntu-latest, 21)	Run tests	2026-06-22T17:43:29.3634103Z [0m[[0m[0minfo[0m] [0m[0m[32mRAGConfig.withPgVector(full)[0m[0m
Test (ubuntu-latest, 21)	Run tests	2026-06-22T17:43:29.3635527Z [0m[[0m[0minfo[0m] [0m[0m[32m- should set all pgvector parameters[0m[0m
Test (ubuntu-latest, 21)	Run tests	2026-06-22T17:43:29.3636804Z [0m[[0m[0minfo[0m] [0m[0m[32mRAGConfig.withSQLite[0m[0m
Test (ubuntu-latest, 21)	Run tests	2026-06-22T17:43:29.3637915Z [0m[[0m[0minfo[0m] [0m[0m[32m- should clear pgvector settings[0m[0m
Test (ubuntu-latest, 21)	Run tests	2026-06-22T17:43:29.3639086Z [0m[[0m[0minfo[0m] [0m[0m[32mRAGConfig.withSystemPrompt[0m[0m
Test (ubuntu-latest, 21)	Run tests	2026-06-22T17:43:29.3640387Z [0m[[0m[0minfo[0m] [0m[0m[32m- should set system prompt[0m[0m
Test (ubuntu-latest, 21)	Run tests	2026-06-22T17:43:29.3641522Z [0m[[0m[0minfo[0m] [0m[0m[32mRAGConfig.withDocuments(path)[0m[0m
Test (ubuntu-latest, 21)	Run tests	2026-06-22T17:43:29.3642679Z [0m[[0m[0minfo[0m] [0m[0m[32m- should add directory loader[0m[0m
Test (ubuntu-latest, 21)	Run tests	2026-06-22T17:43:29.3643984Z [0m[[0m[0minfo[0m] [0m[0m[32mRAGConfig.withDocuments(loader)[0m[0m
Test (ubuntu-latest, 21)	Run tests	2026-06-22T17:43:29.3645390Z [0m[[0m[0minfo[0m] [0m[0m[32m- should add custom loader[0m[0m
Test (ubuntu-latest, 21)	Run tests	2026-06-22T17:43:29.3646748Z [0m[[0m[0minfo[0m] [0m[0m[32mRAGConfig.withDocuments(loaders)[0m[0m
Test (ubuntu-latest, 21)	Run tests	2026-06-22T17:43:29.3647897Z [0m[[0m[0minfo[0m] [0m[0m[32m- should add multiple loaders[0m[0m
Test (ubuntu-latest, 21)	Run tests	2026-06-22T17:43:29.3649007Z [0m[[0m[0minfo[0m] [0m[0m[32mRAGConfig.withLoadingConfig[0m[0m
Test (ubuntu-latest, 21)	Run tests	2026-06-22T17:43:29.3650141Z [0m[[0m[0minfo[0m] [0m[0m[32m- should set loading config[0m[0m
Test (ubuntu-latest, 21)	Run tests	2026-06-22T17:43:29.3651229Z [0m[[0m[0minfo[0m] [0m[0m[32mRAGConfig.failOnLoadError[0m[0m
Test (ubuntu-latest, 21)	Run tests	2026-06-22T17:43:29.3652239Z [0m[[0m[0minfo[0m] [0m[0m[32m- should set fail fast[0m[0m
Test (ubuntu-latest, 21)	Run tests	2026-06-22T17:43:29.3653263Z [0m[[0m[0minfo[0m] [0m[0m[32mRAGConfig.withParallelism[0m[0m
Test (ubuntu-latest, 21)	Run tests	2026-06-22T17:43:29.3654285Z [0m[[0m[0minfo[0m] [0m[0m[32m- should set parallelism[0m[0m
Test (ubuntu-latest, 21)	Run tests	2026-06-22T17:43:29.3655533Z [0m[[0m[0minfo[0m] [0m[0m[32mRAGConfig.withBatchSize[0m[0m
Test (ubuntu-latest, 21)	Run tests	2026-06-22T17:43:29.3656528Z [0m[[0m[0minfo[0m] [0m[0m[32m- should set batch size[0m[0m
Test (ubuntu-latest, 21)	Run tests	2026-06-22T17:43:29.3657438Z [0m[[0m[0minfo[0m] [0m[0m[32mRAGConfig[0m[0m
Test (ubuntu-latest, 21)	Run tests	2026-06-22T17:43:29.3658406Z [0m[[0m[0minfo[0m] [0m[0m[32m- should support fluent chaining[0m[0m
Test (ubuntu-latest, 21)	Run tests	2026-06-22T17:43:29.3659356Z [0m[[0m[0minfo[0m] [0m[0m[32mRAGConfig[0m[0m
Test (ubuntu-latest, 21)	Run tests	2026-06-22T17:43:29.3660262Z [0m[[0m[0minfo[0m] [0m[0m[32m- should be immutable[0m[0m
Test (ubuntu-latest, 21)	Run tests	2026-06-22T17:43:29.3661199Z [0m[[0m[0minfo[0m] [0m[0m[32mTracingSpec:[0m[0m
Test (ubuntu-latest, 21)	Run tests	2026-06-22T17:43:29.3662126Z [0m[[0m[0minfo[0m] [0m[0m[32mTracingMode.fromString[0m[0m
Test (ubuntu-latest, 21)	Run tests	2026-06-22T17:43:29.3663140Z [0m[[0m[0minfo[0m] [0m[0m[32m- should parse langfuse mode[0m[0m
Test (ubuntu-latest, 21)	Run tests	2026-06-22T17:43:29.3664454Z [0m[[0m[0minfo[0m] [0m[0m[32m- should parse console mode[0m[0m
Test (ubuntu-latest, 21)	Run tests	2026-06-22T17:43:29.3665773Z [0m[[0m[0minfo[0m] [0m[0m[32m- should parse noop mode[0m[0m
Test (ubuntu-latest, 21)	Run tests	2026-06-22T17:43:29.3668777Z 17:43:29.366 [pool-1-thread-1-ScalaTest-running-TracingSpec] WARN  org.llm4s.trace.TracingMode$ - Unknown tracing mode 'unknown', falling back to NoOp
Test (ubuntu-latest, 21)	Run tests	2026-06-22T17:43:29.3670661Z 17:43:29.366 [pool-1-thread-1-ScalaTest-running-TracingSpec] WARN  org.llm4s.trace.TracingMode$ - Unknown tracing mode '', falling back to NoOp
Test (ubuntu-latest, 21)	Run tests	2026-06-22T17:43:29.3672515Z 17:43:29.366 [pool-1-thread-1-ScalaTest-running-TracingSpec] WARN  org.llm4s.trace.TracingMode$ - Unknown tracing mode 'invalid', falling back to NoOp
Test (ubuntu-latest, 21)	Run tests	2026-06-22T17:43:29.3674181Z [0m[[0m[0minfo[0m] [0m[0m[32m- should default to NoOp for unknown modes[0m[0m
Test (ubuntu-latest, 21)	Run tests	2026-06-22T17:43:29.3675240Z [0m[[0m[0minfo[0m] [0m[0m[32mNoOpTracing[0m[0m
Test (ubuntu-latest, 21)	Run tests	2026-06-22T17:43:29.3678762Z [0m[[0m[0minfo[0m] [0m[0m[32m- should return success for all operations[0m[0m
Test (ubuntu-latest, 21)	Run tests	2026-06-22T17:43:29.3682301Z [0m[[0m[0minfo[0m] [0m[0m[32m- should support convenience methods[0m[0m
Test (ubuntu-latest, 21)	Run tests	2026-06-22T17:43:29.3683413Z [0m[[0m[0minfo[0m] [0m[0m[32mConsoleTracing[0m[0m
Test (ubuntu-latest, 21)	Run tests	2026-06-22T17:43:29.3683828Z 
Test (ubuntu-latest, 21)	Run tests	2026-06-22T17:43:29.3684070Z [33m[1m--- CUSTOM EVENT ---[0m
Test (ubuntu-latest, 21)	Run tests	2026-06-22T17:43:29.3685009Z [90mTimestamp: 2026-06-22T17:43:29.368032970Z[0m
Test (ubuntu-latest, 21)	Run tests	2026-06-22T17:43:29.3685632Z [33mName: test[0m
Test (ubuntu-latest, 21)	Run tests	2026-06-22T17:43:29.3686074Z [33mData: {}[0m
Test (ubuntu-latest, 21)	Run tests	2026-06-22T17:43:29.3686301Z 
Test (ubuntu-latest, 21)	Run tests	2026-06-22T17:43:29.3687585Z 
Test (ubuntu-latest, 21)	Run tests	2026-06-22T17:43:29.3687841Z [36m[1m--- TOOL EXECUTED ---[0m
Test (ubuntu-latest, 21)	Run tests	2026-06-22T17:43:29.3688455Z [90mTimestamp: 2026-06-22T17:43:29.368265378Z[0m
Test (ubuntu-latest, 21)	Run tests	2026-06-22T17:43:29.3689030Z [36mTool: tool[0m
Test (ubuntu-latest, 21)	Run tests	2026-06-22T17:43:29.3689471Z [36mSuccess: true[0m
Test (ubuntu-latest, 21)	Run tests	2026-06-22T17:43:29.3690423Z [36mDuration: 0ms[0m
Test (ubuntu-latest, 21)	Run tests	2026-06-22T17:43:29.3690870Z [33mInput: input[0m
Test (ubuntu-latest, 21)	Run tests	2026-06-22T17:43:29.3691329Z [32mOutput: output[0m
Test (ubuntu-latest, 21)	Run tests	2026-06-22T17:43:29.3691577Z 
Test (ubuntu-latest, 21)	Run tests	2026-06-22T17:43:29.3691693Z 
Test (ubuntu-latest, 21)	Run tests	2026-06-22T17:43:29.3692238Z [36m[1m============================================================[0m
Test (ubuntu-latest, 21)	Run tests	2026-06-22T17:43:29.3693209Z [36m[1mERROR OCCURRED[0m
Test (ubuntu-latest, 21)	Run tests	2026-06-22T17:43:29.3694059Z [36m[1m============================================================[0m
Test (ubuntu-latest, 21)	Run tests	2026-06-22T17:43:29.3695193Z [90mTimestamp: 2026-06-22T17:43:29.368390474Z[0m
Test (ubuntu-latest, 21)	Run tests	2026-06-22T17:43:29.3696159Z [31mType: RuntimeException[0m
Test (ubuntu-latest, 21)	Run tests	2026-06-22T17:43:29.3697698Z [31mMessage: test[0m
Test (ubuntu-latest, 21)	Run tests	2026-06-22T17:43:29.3698496Z [31mContext: context[0m
Test (ubuntu-latest, 21)	Run tests	2026-06-22T17:43:29.3699030Z 
Test (ubuntu-latest, 21)	Run tests	2026-06-22T17:43:29.3699819Z [0m[[0m[0minfo[0m] [0m[0m[32m- should return success for all operations[0m[0m
Test (ubuntu-latest, 21)	Run tests	2026-06-22T17:43:29.3700633Z 
Test (ubuntu-latest, 21)	Run tests	2026-06-22T17:43:29.3701120Z [34m[1m--- AGENT STATE UPDATED ---[0m
Test (ubuntu-latest, 21)	Run tests	2026-06-22T17:43:29.3701977Z [90mTimestamp: 2026-06-22T17:43:29.368679718Z[0m
Test (ubuntu-latest, 21)	Run tests	2026-06-22T17:43:29.3702814Z [34mStatus: InProgress[0m
Test (ubuntu-latest, 21)	Run tests	2026-06-22T17:43:29.3703499Z [34mMessages: 1[0m
Test (ubuntu-latest, 21)	Run tests	2026-06-22T17:43:29.3704113Z [34mLogs: 1[0m
Test (ubuntu-latest, 21)	Run tests	2026-06-22T17:43:29.3704489Z 
Test (ubuntu-latest, 21)	Run tests	2026-06-22T17:43:29.3705300Z [0m[[0m[0minfo[0m] [0m[0m[32m- should handle agent state tracing[0m[0m
Test (ubuntu-latest, 21)	Run tests	2026-06-22T17:43:29.3705942Z 
Test (ubuntu-latest, 21)	Run tests	2026-06-22T17:43:29.3706406Z [36m[1m============================================================[0m
Test (ubuntu-latest, 21)	Run tests	2026-06-22T17:43:29.3707121Z [36m[1mCOMPLETION RECEIVED[0m
Test (ubuntu-latest, 21)	Run tests	2026-06-22T17:43:29.3707700Z [36m[1m============================================================[0m
Test (ubuntu-latest, 21)	Run tests	2026-06-22T17:43:29.3708166Z [90mTimestamp: 2026-06-22T17:43:29.368980535Z[0m
Test (ubuntu-latest, 21)	Run tests	2026-06-22T17:43:29.3708536Z [32mModel: gpt-4[0m
Test (ubuntu-latest, 21)	Run tests	2026-06-22T17:43:29.3708810Z [32mID: comp-123[0m
Test (ubuntu-latest, 21)	Run tests	2026-06-22T17:43:29.3709078Z [32mTool Calls: 0[0m
Test (ubuntu-latest, 21)	Run tests	2026-06-22T17:43:29.3709360Z [32mContent: Hello[0m
Test (ubuntu-latest, 21)	Run tests	2026-06-22T17:43:29.3709519Z 
Test (ubuntu-latest, 21)	Run tests	2026-06-22T17:43:29.3709794Z [0m[[0m[0minfo[0m] [0m[0m[32m- should handle completion tracing[0m[0m
Test (ubuntu-latest, 21)	Run tests	2026-06-22T17:43:29.3710124Z 
Test (ubuntu-latest, 21)	Run tests	2026-06-22T17:43:29.3710265Z [35m[1m--- TOKEN USAGE ---[0m
Test (ubuntu-latest, 21)	Run tests	2026-06-22T17:43:29.3710641Z [90mTimestamp: 2026-06-22T17:43:29.369259600Z[0m
Test (ubuntu-latest, 21)	Run tests	2026-06-22T17:43:29.3710998Z [35mModel: gpt-4[0m
Test (ubuntu-latest, 21)	Run tests	2026-06-22T17:43:29.3711535Z [35mOperation: completion[0m
Test (ubuntu-latest, 21)	Run tests	2026-06-22T17:43:29.3711865Z [35mPrompt Tokens: 100[0m
Test (ubuntu-latest, 21)	Run tests	2026-06-22T17:43:29.3712175Z [35mCompletion Tokens: 50[0m
Test (ubuntu-latest, 21)	Run tests	2026-06-22T17:43:29.3712485Z [35mTotal Tokens: 150[0m
Test (ubuntu-latest, 21)	Run tests	2026-06-22T17:43:29.3712647Z 
Test (ubuntu-latest, 21)	Run tests	2026-06-22T17:43:29.3712916Z [0m[[0m[0minfo[0m] [0m[0m[32m- should handle token usage tracing[0m[0m
Test (ubuntu-latest, 21)	Run tests	2026-06-22T17:43:29.3713348Z 
Test (ubuntu-latest, 21)	Run tests	2026-06-22T17:43:29.3713607Z [32m[1m--- AGENT INITIALIZED ---[0m
Test (ubuntu-latest, 21)	Run tests	2026-06-22T17:43:29.3714094Z [90mTimestamp: 2026-06-22T17:43:29.369507928Z[0m
Test (ubuntu-latest, 21)	Run tests	2026-06-22T17:43:29.3714450Z [32mQuery: query[0m
Test (ubuntu-latest, 21)	Run tests	2026-06-22T17:43:29.3714966Z [32mTools: tool1[0m
Test (ubuntu-latest, 21)	Run tests	2026-06-22T17:43:29.3715276Z 
Test (ubuntu-latest, 21)	Run tests	2026-06-22T17:43:29.3715284Z 
Test (ubuntu-latest, 21)	Run tests	2026-06-22T17:43:29.3715513Z [36m[1m============================================================[0m
Test (ubuntu-latest, 21)	Run tests	2026-06-22T17:43:29.3715924Z [36m[1mCOMPLETION RECEIVED[0m
Test (ubuntu-latest, 21)	Run tests	2026-06-22T17:43:29.3716318Z [36m[1m============================================================[0m
Test (ubuntu-latest, 21)	Run tests	2026-06-22T17:43:29.3716756Z [90mTimestamp: 2026-06-22T17:43:29.369596134Z[0m
Test (ubuntu-latest, 21)	Run tests	2026-06-22T17:43:29.3717115Z [32mModel: model[0m
Test (ubuntu-latest, 21)	Run tests	2026-06-22T17:43:29.3717562Z [32mID: id[0m
Test (ubuntu-latest, 21)	Run tests	2026-06-22T17:43:29.3717825Z [32mTool Calls: 0[0m
Test (ubuntu-latest, 21)	Run tests	2026-06-22T17:43:29.3718104Z [32mContent: content[0m
Test (ubuntu-latest, 21)	Run tests	2026-06-22T17:43:29.3718273Z 
Test (ubuntu-latest, 21)	Run tests	2026-06-22T17:43:29.3718277Z 
Test (ubuntu-latest, 21)	Run tests	2026-06-22T17:43:29.3718422Z [36m[1m--- TOOL EXECUTED ---[0m
Test (ubuntu-latest, 21)	Run tests	2026-06-22T17:43:29.3718792Z [90mTimestamp: 2026-06-22T17:43:29.369678439Z[0m
Test (ubuntu-latest, 21)	Run tests	2026-06-22T17:43:29.3719147Z [36mTool: tool[0m
Test (ubuntu-latest, 21)	Run tests	2026-06-22T17:43:29.3719407Z [36mSuccess: true[0m
Test (ubuntu-latest, 21)	Run tests	2026-06-22T17:43:29.3719679Z [36mDuration: 100ms[0m
Test (ubuntu-latest, 21)	Run tests	2026-06-22T17:43:29.3719960Z [33mInput: in[0m
Test (ubuntu-latest, 21)	Run tests	2026-06-22T17:43:29.3720408Z [32mOutput: out[0m
Test (ubuntu-latest, 21)	Run tests	2026-06-22T17:43:29.3720617Z 
Test (ubuntu-latest, 21)	Run tests	2026-06-22T17:43:29.3720623Z 
Test (ubuntu-latest, 21)	Run tests	2026-06-22T17:43:29.3720866Z [36m[1m============================================================[0m
Test (ubuntu-latest, 21)	Run tests	2026-06-22T17:43:29.3721288Z [36m[1mERROR OCCURRED[0m
Test (ubuntu-latest, 21)	Run tests	2026-06-22T17:43:29.3721658Z [36m[1m============================================================[0m
Test (ubuntu-latest, 21)	Run tests	2026-06-22T17:43:29.3722089Z [90mTimestamp: 2026-06-22T17:43:29.369738282Z[0m
Test (ubuntu-latest, 21)	Run tests	2026-06-22T17:43:29.3722458Z [31mType: Exception[0m
Test (ubuntu-latest, 21)	Run tests	2026-06-22T17:43:29.3722738Z [31mMessage: e[0m
Test (ubuntu-latest, 21)	Run tests	2026-06-22T17:43:29.3723000Z [31mContext: ctx[0m
Test (ubuntu-latest, 21)	Run tests	2026-06-22T17:43:29.3723151Z 
Test (ubuntu-latest, 21)	Run tests	2026-06-22T17:43:29.3723155Z 
Test (ubuntu-latest, 21)	Run tests	2026-06-22T17:43:29.3723295Z [35m[1m--- TOKEN USAGE ---[0m
Test (ubuntu-latest, 21)	Run tests	2026-06-22T17:43:29.3723649Z [90mTimestamp: 2026-06-22T17:43:29.369820877Z[0m
Test (ubuntu-latest, 21)	Run tests	2026-06-22T17:43:29.3723994Z [35mModel: m[0m
Test (ubuntu-latest, 21)	Run tests	2026-06-22T17:43:29.3724247Z [35mOperation: o[0m
Test (ubuntu-latest, 21)	Run tests	2026-06-22T17:43:29.3724522Z [35mPrompt Tokens: 1[0m
Test (ubuntu-latest, 21)	Run tests	2026-06-22T17:43:29.3725197Z [35mCompletion Tokens: 1[0m
Test (ubuntu-latest, 21)	Run tests	2026-06-22T17:43:29.3725719Z [35mTotal Tokens: 2[0m
Test (ubuntu-latest, 21)	Run tests	2026-06-22T17:43:29.3725981Z 
Test (ubuntu-latest, 21)	Run tests	2026-06-22T17:43:29.3725988Z 
Test (ubuntu-latest, 21)	Run tests	2026-06-22T17:43:29.3726235Z [34m[1m--- AGENT STATE UPDATED ---[0m
Test (ubuntu-latest, 21)	Run tests	2026-06-22T17:43:29.3726848Z [90mTimestamp: 2026-06-22T17:43:29.369876692Z[0m
Test (ubuntu-latest, 21)	Run tests	2026-06-22T17:43:29.3727406Z [34mStatus: running[0m
Test (ubuntu-latest, 21)	Run tests	2026-06-22T17:43:29.3727847Z [34mMessages: 5[0m
Test (ubuntu-latest, 21)	Run tests	2026-06-22T17:43:29.3728269Z [34mLogs: 10[0m
Test (ubuntu-latest, 21)	Run tests	2026-06-22T17:43:29.3728476Z 
Test (ubuntu-latest, 21)	Run tests	2026-06-22T17:43:29.3728491Z 
Test (ubuntu-latest, 21)	Run tests	2026-06-22T17:43:29.3728729Z [35m[1m--- EMBEDDING USAGE ---[0m
Test (ubuntu-latest, 21)	Run tests	2026-06-22T17:43:29.3729266Z [90mTimestamp: 2026-06-22T17:43:29.369937808Z[0m
Test (ubuntu-latest, 21)	Run tests	2026-06-22T17:43:29.3729612Z [35mModel: m[0m
Test (ubuntu-latest, 21)	Run tests	2026-06-22T17:43:29.3729865Z [35mOperation: o[0m
Test (ubuntu-latest, 21)	Run tests	2026-06-22T17:43:29.3730145Z [35mInput Count: 5[0m
Test (ubuntu-latest, 21)	Run tests	2026-06-22T17:43:29.3730429Z [35mPrompt Tokens: 100[0m
Test (ubuntu-latest, 21)	Run tests	2026-06-22T17:43:29.3730728Z [35mTotal Tokens: 100[0m
Test (ubuntu-latest, 21)	Run tests	2026-06-22T17:43:29.3730896Z 
Test (ubuntu-latest, 21)	Run tests	2026-06-22T17:43:29.3730900Z 
Test (ubuntu-latest, 21)	Run tests	2026-06-22T17:43:29.3731043Z [33m[1m--- COST RECORDED ---[0m
Test (ubuntu-latest, 21)	Run tests	2026-06-22T17:43:29.3731406Z [90mTimestamp: 2026-06-22T17:43:29.370006637Z[0m
Test (ubuntu-latest, 21)	Run tests	2026-06-22T17:43:29.3731747Z [33mModel: m[0m
Test (ubuntu-latest, 21)	Run tests	2026-06-22T17:43:29.3732009Z [33mOperation: o[0m
Test (ubuntu-latest, 21)	Run tests	2026-06-22T17:43:29.3732282Z [33mToken Count: 100[0m
Test (ubuntu-latest, 21)	Run tests	2026-06-22T17:43:29.3732562Z [33mCost Type: t[0m
Test (ubuntu-latest, 21)	Run tests	2026-06-22T17:43:29.3732847Z [33mCost (USD): $0.001000[0m
Test (ubuntu-latest, 21)	Run tests	2026-06-22T17:43:29.3733019Z 
Test (ubuntu-latest, 21)	Run tests	2026-06-22T17:43:29.3733195Z 
Test (ubuntu-latest, 21)	Run tests	2026-06-22T17:43:29.3733369Z [36m[1m--- RAG OPERATION COMPLETED ---[0m
Test (ubuntu-latest, 21)	Run tests	2026-06-22T17:43:29.3733783Z [90mTimestamp: 2026-06-22T17:43:29.370080145Z[0m
Test (ubuntu-latest, 21)	Run tests	2026-06-22T17:43:29.3734143Z [36mOperation: search[0m
Test (ubuntu-latest, 21)	Run tests	2026-06-22T17:43:29.3734431Z [36mDuration: 150ms[0m
Test (ubuntu-latest, 21)	Run tests	2026-06-22T17:43:29.3734603Z 
Test (ubuntu-latest, 21)	Run tests	2026-06-22T17:43:29.3736687Z [0m[[0m[0minfo[0m] [0m[0m[32m- should trace all event types without error[0m[0m
Test (ubuntu-latest, 21)	Run tests	2026-06-22T17:43:29.3737605Z [0m[[0m[0minfo[0m] [0m[0m[32mTracing.create[0m[0m
Test (ubuntu-latest, 21)	Run tests	2026-06-22T17:43:29.3738320Z [0m[[0m[0minfo[0m] [0m[0m[32m- should create NoOp tracing for NoOp mode[0m[0m
Test (ubuntu-latest, 21)	Run tests	2026-06-22T17:43:29.3739393Z [0m[[0m[0minfo[0m] [0m[0m[32m- should create Console tracing for Console mode[0m[0m
Test (ubuntu-latest, 21)	Run tests	2026-06-22T17:43:29.3740471Z [0m[[0m[0minfo[0m] [0m[0m[32m- should create Langfuse tracing for Langfuse mode[0m[0m
Test (ubuntu-latest, 21)	Run tests	2026-06-22T17:43:29.3741425Z [0m[[0m[0minfo[0m] [0m[0m[32mTracingComposer.combine[0m[0m
Test (ubuntu-latest, 21)	Run tests	2026-06-22T17:43:29.3755974Z [0m[[0m[0minfo[0m] [0m[0m[32m- should combine multiple tracers[0m[0m
Test (ubuntu-latest, 21)	Run tests	2026-06-22T17:43:29.3760158Z [0m[[0m[0minfo[0m] [0m[0m[32m- should succeed if at least one tracer succeeds[0m[0m
Test (ubuntu-latest, 21)	Run tests	2026-06-22T17:43:29.3761712Z [0m[[0m[0minfo[0m] [0m[0m[32m- should fail if all tracers fail[0m[0m
Test (ubuntu-latest, 21)	Run tests	2026-06-22T17:43:29.3767161Z [0m[[0m[0minfo[0m] [0m[0m[32mTracingComposer.filter[0m[0m
Test (ubuntu-latest, 21)	Run tests	2026-06-22T17:43:29.3769826Z [0m[[0m[0minfo[0m] [0m[0m[32m- should only trace events matching predicate[0m[0m
Test (ubuntu-latest, 21)	Run tests	2026-06-22T17:43:29.3773900Z [0m[[0m[0minfo[0m] [0m[0m[32m- should delegate other methods to underlying tracer[0m[0m
Test (ubuntu-latest, 21)	Run tests	2026-06-22T17:43:29.3775744Z [0m[[0m[0minfo[0m] [0m[0m[32mTracingComposer.transform[0m[0m
Test (ubuntu-latest, 21)	Run tests	2026-06-22T17:43:29.3780374Z [0m[[0m[0minfo[0m] [0m[0m[32m- should transform events before tracing[0m[0m
Test (ubuntu-latest, 21)	Run tests	2026-06-22T17:43:29.3783900Z [0m[[0m[0minfo[0m] [0m[0m[32mTracing convenience methods[0m[0m
Test (ubuntu-latest, 21)	Run tests	2026-06-22T17:43:29.3789431Z [0m[[0m[0minfo[0m] [0m[0m[32m- should create correct events for traceEmbeddingUsage[0m[0m
Test (ubuntu-latest, 21)	Run tests	2026-06-22T17:43:29.3791612Z [0m[[0m[0minfo[0m] [0m[0m[32m- should create correct events for traceCost[0m[0m
Test (ubuntu-latest, 21)	Run tests	2026-06-22T17:43:29.3792685Z [0m[[0m[0minfo[0m] [0m[0m[32m- should create correct events for traceRAGOperation[0m[0m
Test (ubuntu-latest, 21)	Run tests	2026-06-22T17:43:29.3816546Z [0m[[0m[0minfo[0m] [0m[0m[32mEntityLinkerTest:[0m[0m
Test (ubuntu-latest, 21)	Run tests	2026-06-22T17:43:29.3830644Z [0m[[0m[0minfo[0m] [0m[0m[32m- EntityLinker should merge nodes with same label and name (deterministic)[0m[0m
Test (ubuntu-latest, 21)	Run tests	2026-06-22T17:43:29.3832843Z [0m[[0m[0minfo[0m] [0m[0m[32m- EntityLinker should be case-insensitive when matching names[0m[0m
Test (ubuntu-latest, 21)	Run tests	2026-06-22T17:43:29.3835581Z [0m[[0m[0minfo[0m] [0m[0m[32m- EntityLinker should normalize whitespace when matching names[0m[0m
Test (ubuntu-latest, 21)	Run tests	2026-06-22T17:43:29.3838410Z [0m[[0m[0minfo[0m] [0m[0m[32m- EntityLinker should not merge nodes with different labels[0m[0m
Test (ubuntu-latest, 21)	Run tests	2026-06-22T17:43:29.3840729Z [0m[[0m[0minfo[0m] [0m[0m[32m- EntityLinker should rewrite edges after merging[0m[0m
Test (ubuntu-latest, 21)	Run tests	2026-06-22T17:43:29.3843285Z [0m[[0m[0minfo[0m] [0m[0m[32m- EntityLinker should remove self-loops created by merging[0m[0m
Test (ubuntu-latest, 21)	Run tests	2026-06-22T17:43:29.3846586Z [0m[[0m[0minfo[0m] [0m[0m[32m- EntityLinker should merge properties from duplicate nodes[0m[0m
Test (ubuntu-latest, 21)	Run tests	2026-06-22T17:43:29.3849868Z [0m[[0m[0minfo[0m] [0m[0m[32m- EntityLinker should not merge nodes without name property by ID[0m[0m
Test (ubuntu-latest, 21)	Run tests	2026-06-22T17:43:29.3851485Z [0m[[0m[0minfo[0m] [0m[0m[32m- EntityLinker should handle empty graph[0m[0m
Test (ubuntu-latest, 21)	Run tests	2026-06-22T17:43:29.3863529Z [0m[[0m[0minfo[0m] [0m[0m[32m- EntityLinker should find disambiguation candidates for substring matches[0m[0m
Test (ubuntu-latest, 21)	Run tests	2026-06-22T17:43:29.3866756Z [0m[[0m[0minfo[0m] [0m[0m[32m- EntityLinker should not flag exact-match names as disambiguation candidates[0m[0m
Test (ubuntu-latest, 21)	Run tests	2026-06-22T17:43:29.3892127Z [0m[[0m[0minfo[0m] [0m[0m[32m- EntityLinker with LLM should merge confirmed ambiguous pairs[0m[0m
Test (ubuntu-latest, 21)	Run tests	2026-06-22T17:43:29.3900232Z [0m[[0m[0minfo[0m] [0m[0m[32m- EntityLinker with LLM should keep rejected pairs separate[0m[0m
Test (ubuntu-latest, 21)	Run tests	2026-06-22T17:43:29.3908164Z [0m[[0m[0minfo[0m] [0m[0m[32m- EntityLinker linkTracked should preserve and union source provenance for merged nodes[0m[0m
Test (ubuntu-latest, 21)	Run tests	2026-06-22T17:43:29.3920565Z 17:43:29.391 [pool-1-thread-1-ScalaTest-running-EntityLinkerTest] WARN  o.l.k.extraction.EntityLinker - Failed to parse disambiguation response, falling back to pre-disambiguation graph: $
Test (ubuntu-latest, 21)	Run tests	2026-06-22T17:43:29.3923016Z [0m[[0m[0minfo[0m] [0m[0m[32m- EntityLinker with LLM should fall back gracefully on disambiguation parse failure[0m[0m
Test (ubuntu-latest, 21)	Run tests	2026-06-22T17:43:29.4338823Z [0m[[0m[0minfo[0m] [0m[0m[32mGeminiClientSanitizationTest:[0m[0m
Test (ubuntu-latest, 21)	Run tests	2026-06-22T17:43:29.4340783Z [0m[[0m[0minfo[0m] [0m[0m[32mGemini schema sanitization[0m[0m
Test (ubuntu-latest, 21)	Run tests	2026-06-22T17:43:29.4358079Z [0m[[0m[0minfo[0m] [0m[0m[32m- should strip 'strict' and 'additionalProperties' from simple schemas[0m[0m
Test (ubuntu-latest, 21)	Run tests	2026-06-22T17:43:29.4364089Z [0m[[0m[0minfo[0m] [0m[0m[32m- should strip 'additionalProperties' recursively from nested objects[0m[0m
Test (ubuntu-latest, 21)	Run tests	2026-06-22T17:43:29.4373059Z [0m[[0m[0minfo[0m] [0m[0m[32m- should strip 'additionalProperties' from object items inside arrays[0m[0m
Test (ubuntu-latest, 21)	Run tests	2026-06-22T17:43:29.4377592Z [0m[[0m[0minfo[0m] [0m[0m[32m- should strip 'additionalProperties' at every level of a 3-deep nested structure[0m[0m
Test (ubuntu-latest, 21)	Run tests	2026-06-22T17:43:29.4383239Z [0m[[0m[0minfo[0m] [0m[0m[32m- should preserve tool name, description and property names after sanitization[0m[0m
Test (ubuntu-latest, 21)	Run tests	2026-06-22T17:43:29.4389867Z [0m[[0m[0minfo[0m] [0m[0m[32m- should handle optional (non-required) properties cleanly[0m[0m
Test (ubuntu-latest, 21)	Run tests	2026-06-22T17:43:29.4395675Z [0m[[0m[0minfo[0m] [0m[0m[32m- should handle nested arrays of object items (matrix of objects)[0m[0m
Test (ubuntu-latest, 21)	Run tests	2026-06-22T17:43:29.4402452Z [0m[[0m[0minfo[0m] [0m[0m[32m- should handle empty object schemas without errors[0m[0m
Test (ubuntu-latest, 21)	Run tests	2026-06-22T17:43:29.4411344Z [0m[[0m[0minfo[0m] [0m[0m[32m- should strip 'additionalProperties' from both branches of a real anyOf composition[0m[0m
Test (ubuntu-latest, 21)	Run tests	2026-06-22T17:43:29.4419715Z [0m[[0m[0minfo[0m] [0m[0m[32m- should strip 'additionalProperties' from all branches of a real oneOf composition[0m[0m
Test (ubuntu-latest, 21)	Run tests	2026-06-22T17:43:29.4425008Z [0m[[0m[0minfo[0m] [0m[0m[32m- should strip 'additionalProperties' from all branches of a real allOf composition[0m[0m
Test (ubuntu-latest, 21)	Run tests	2026-06-22T17:43:29.4803644Z [0m[[0m[0minfo[0m] [0m[0m[32mLLMConnectResultTest:[0m[0m
Test (ubuntu-latest, 21)	Run tests	2026-06-22T17:43:29.5317622Z [0m[[0m[0minfo[0m] [0m[0m[32m- getClient returns OpenAIClient for the default named OpenAI provider[0m[0m
Test (ubuntu-latest, 21)	Run tests	2026-06-22T17:43:29.5727330Z [0m[[0m[0minfo[0m] [0m[0m[32m- getClient returns OpenRouterClient for the default named OpenRouter provider[0m[0m
Test (ubuntu-latest, 21)	Run tests	2026-06-22T17:43:29.6144317Z [0m[[0m[0minfo[0m] [0m[0m[32m- getClient returns OpenAIClient for the default named Azure provider[0m[0m
Test (ubuntu-latest, 21)	Run tests	2026-06-22T17:43:29.6161793Z [0m[[0m[0minfo[0m] [0m[0m[32mPgVectorStoreValidationSpec:[0m[0m
Test (ubuntu-latest, 21)	Run tests	2026-06-22T17:43:29.6163197Z [0m[[0m[0minfo[0m] [0m[0m[32mvalidateTableName[0m[0m
Test (ubuntu-latest, 21)	Run tests	2026-06-22T17:43:29.6166485Z [0m[[0m[0minfo[0m] [0m[0m[32m- should accept valid table names with letters, digits, and underscores[0m[0m
Test (ubuntu-latest, 21)	Run tests	2026-06-22T17:43:29.6169837Z [0m[[0m[0minfo[0m] [0m[0m[32m- should reject table names with special characters[0m[0m
Test (ubuntu-latest, 21)	Run tests	2026-06-22T17:43:29.6173134Z [0m[[0m[0minfo[0m] [0m[0m[32m- should reject table names with spaces[0m[0m
Test (ubuntu-latest, 21)	Run tests	2026-06-22T17:43:29.6177410Z [0m[[0m[0minfo[0m] [0m[0m[32m- should reject SQL injection attempts[0m[0m
Test (ubuntu-latest, 21)	Run tests	2026-06-22T17:43:29.6180933Z [0m[[0m[0minfo[0m] [0m[0m[32m- should reject empty table names[0m[0m
Test (ubuntu-latest, 21)	Run tests	2026-06-22T17:43:29.6183711Z [0m[[0m[0minfo[0m] [0m[0m[32m- should reject null table names[0m[0m
Test (ubuntu-latest, 21)	Run tests	2026-06-22T17:43:29.6192374Z [0m[[0m[0minfo[0m] [0m[0m[32m- should reject table names starting with a digit[0m[0m
Test (ubuntu-latest, 21)	Run tests	2026-06-22T17:43:29.6199765Z [0m[[0m[0minfo[0m] [0m[0m[32mMemoryStatsSpec:[0m[0m
Test (ubuntu-latest, 21)	Run tests	2026-06-22T17:43:29.6203110Z [0m[[0m[0minfo[0m] [0m[0m[32mMemoryStats.empty[0m[0m
Test (ubuntu-latest, 21)	Run tests	2026-06-22T17:43:29.6204511Z [0m[[0m[0minfo[0m] [0m[0m[32m- should return the zero/default state[0m[0m
Test (ubuntu-latest, 21)	Run tests	2026-06-22T17:43:29.6284057Z [0m[[0m[0minfo[0m] [0m[0m[32mTypesSpec:[0m[0m
Test (ubuntu-latest, 21)	Run tests	2026-06-22T17:43:29.6285568Z [0m[[0m[0minfo[0m] [0m[0m[32mCompletionId[0m[0m
Test (ubuntu-latest, 21)	Run tests	2026-06-22T17:43:29.6296179Z [0m[[0m[0minfo[0m] [0m[0m[32m- should generate unique IDs[0m[0m
Test (ubuntu-latest, 21)	Run tests	2026-06-22T17:43:29.6318105Z [0m[[0m[0minfo[0m] [0m[0m[32m- should create valid IDs[0m[0m
Test (ubuntu-latest, 21)	Run tests	2026-06-22T17:43:29.6319273Z [0m[[0m[0minfo[0m] [0m[0m[32m- should reject empty IDs[0m[0m
Test (ubuntu-latest, 21)	Run tests	2026-06-22T17:43:29.6320322Z [0m[[0m[0minfo[0m] [0m[0m[32mToolName[0m[0m
Test (ubuntu-latest, 21)	Run tests	2026-06-22T17:43:29.6321555Z [0m[[0m[0minfo[0m] [0m[0m[32m- should validate with isValid method[0m[0m
Test (ubuntu-latest, 21)	Run tests	2026-06-22T17:43:29.6322678Z [0m[[0m[0minfo[0m] [0m[0m[32mToolCallId[0m[0m
Test (ubuntu-latest, 21)	Run tests	2026-06-22T17:43:29.6323812Z [0m[[0m[0minfo[0m] [0m[0m[32m- should generate unique IDs[0m[0m
Test (ubuntu-latest, 21)	Run tests	2026-06-22T17:43:29.6325842Z [0m[[0m[0minfo[0m] [0m[0m[32m- should create valid IDs[0m[0m
Test (ubuntu-latest, 21)	Run tests	2026-06-22T17:43:29.6327367Z [0m[[0m[0minfo[0m] [0m[0m[32m- should reject empty IDs[0m[0m
Test (ubuntu-latest, 21)	Run tests	2026-06-22T17:43:29.6328358Z [0m[[0m[0minfo[0m] [0m[0m[32mUrl[0m[0m
Test (ubuntu-latest, 21)	Run tests	2026-06-22T17:43:29.6329358Z [0m[[0m[0minfo[0m] [0m[0m[32m- should create valid URLs[0m[0m
Test (ubuntu-latest, 21)	Run tests	2026-06-22T17:43:29.6330670Z [0m[[0m[0minfo[0m] [0m[0m[32m- should reject invalid URLs[0m[0m
Test (ubuntu-latest, 21)	Run tests	2026-06-22T17:43:29.6331879Z [0m[[0m[0minfo[0m] [0m[0m[32m- should validate with isValid method[0m[0m
Test (ubuntu-latest, 21)	Run tests	2026-06-22T17:43:29.6333001Z [0m[[0m[0minfo[0m] [0m[0m[32mFilePath[0m[0m
Test (ubuntu-latest, 21)	Run tests	2026-06-22T17:43:29.6333948Z [0m[[0m[0minfo[0m] [0m[0m[32m- should extract extension[0m[0m
Test (ubuntu-latest, 21)	Run tests	2026-06-22T17:43:29.6336113Z [0m[[0m[0minfo[0m] [0m[0m[32m- should convert to string via toString[0m[0m
Test (ubuntu-latest, 21)	Run tests	2026-06-22T17:43:29.6337169Z [0m[[0m[0minfo[0m] [0m[0m[32mPaginationInfo[0m[0m
Test (ubuntu-latest, 21)	Run tests	2026-06-22T17:43:29.6343058Z [0m[[0m[0minfo[0m] [0m[0m[32m- should store pagination data[0m[0m
Test (ubuntu-latest, 21)	Run tests	2026-06-22T17:43:29.6344232Z [0m[[0m[0minfo[0m] [0m[0m[32mCompressionTarget[0m[0m
Test (ubuntu-latest, 21)	Run tests	2026-06-22T17:43:29.6357795Z [0m[[0m[0minfo[0m] [0m[0m[32m- should create valid targets[0m[0m
Test (ubuntu-latest, 21)	Run tests	2026-06-22T17:43:29.6359018Z [0m[[0m[0minfo[0m] [0m[0m[32m- should reject invalid ratios[0m[0m
Test (ubuntu-latest, 21)	Run tests	2026-06-22T17:43:29.6360045Z [0m[[0m[0minfo[0m] [0m[0m[32m- should validate with isValid[0m[0m
Test (ubuntu-latest, 21)	Run tests	2026-06-22T17:43:29.6361188Z [0m[[0m[0minfo[0m] [0m[0m[32m- should have preset constants[0m[0m
Test (ubuntu-latest, 21)	Run tests	2026-06-22T17:43:29.6362262Z [0m[[0m[0minfo[0m] [0m[0m[32mHeadroomPercent[0m[0m
Test (ubuntu-latest, 21)	Run tests	2026-06-22T17:43:29.6368073Z [0m[[0m[0minfo[0m] [0m[0m[32m- should create valid headroom[0m[0m
Test (ubuntu-latest, 21)	Run tests	2026-06-22T17:43:29.6369834Z [0m[[0m[0minfo[0m] [0m[0m[32m- should reject invalid headroom[0m[0m
Test (ubuntu-latest, 21)	Run tests	2026-06-22T17:43:29.6371042Z [0m[[0m[0minfo[0m] [0m[0m[32m- should validate with isValid[0m[0m
Test (ubuntu-latest, 21)	Run tests	2026-06-22T17:43:29.6376217Z [0m[[0m[0minfo[0m] [0m[0m[32m- should have preset constants[0m[0m
Test (ubuntu-latest, 21)	Run tests	2026-06-22T17:43:29.6377473Z [0m[[0m[0minfo[0m] [0m[0m[32m- should convert to string[0m[0m
Test (ubuntu-latest, 21)	Run tests	2026-06-22T17:43:29.6379165Z [0m[[0m[0minfo[0m] [0m[0m[32m- should provide asRatio[0m[0m
Test (ubuntu-latest, 21)	Run tests	2026-06-22T17:43:29.6380397Z [0m[[0m[0minfo[0m] [0m[0m[32mContentSize[0m[0m
Test (ubuntu-latest, 21)	Run tests	2026-06-22T17:43:29.6381736Z [0m[[0m[0minfo[0m] [0m[0m[32m- should create from string[0m[0m
Test (ubuntu-latest, 21)	Run tests	2026-06-22T17:43:29.6383150Z [0m[[0m[0minfo[0m] [0m[0m[32m- should create from bytes[0m[0m
Test (ubuntu-latest, 21)	Run tests	2026-06-22T17:43:29.6384582Z [0m[[0m[0minfo[0m] [0m[0m[32m- should convert to KB and MB[0m[0m
Test (ubuntu-latest, 21)	Run tests	2026-06-22T17:43:29.6386233Z [0m[[0m[0minfo[0m] [0m[0m[32m- should check threshold[0m[0m
Test (ubuntu-latest, 21)	Run tests	2026-06-22T17:43:29.6387285Z [0m[[0m[0minfo[0m] [0m[0m[32m- should convert to string[0m[0m
Test (ubuntu-latest, 21)	Run tests	2026-06-22T17:43:29.6388198Z [0m[[0m[0minfo[0m] [0m[0m[32mTokenEstimate[0m[0m
Test (ubuntu-latest, 21)	Run tests	2026-06-22T17:43:29.6389131Z [0m[[0m[0minfo[0m] [0m[0m[32m- should store token count[0m[0m
Test (ubuntu-latest, 21)	Run tests	2026-06-22T17:43:29.6391557Z [0m[[0m[0minfo[0m] [0m[0m[32m- should create with accuracy[0m[0m
Test (ubuntu-latest, 21)	Run tests	2026-06-22T17:43:29.6396604Z [0m[[0m[0minfo[0m] [0m[0m[32mArtifactKey[0m[0m
Test (ubuntu-latest, 21)	Run tests	2026-06-22T17:43:29.6397899Z [0m[[0m[0minfo[0m] [0m[0m[32m- should generate unique keys[0m[0m
Test (ubuntu-latest, 21)	Run tests	2026-06-22T17:43:29.6399408Z [0m[[0m[0minfo[0m] [0m[0m[32m- should create from content with hash[0m[0m
Test (ubuntu-latest, 21)	Run tests	2026-06-22T17:43:29.6400920Z [0m[[0m[0minfo[0m] [0m[0m[32m- should create same key for same content[0m[0m
Test (ubuntu-latest, 21)	Run tests	2026-06-22T17:43:29.6402462Z [0m[[0m[0minfo[0m] [0m[0m[32m- should create different keys for different content[0m[0m
Test (ubuntu-latest, 21)	Run tests	2026-06-22T17:43:29.6403844Z [0m[[0m[0minfo[0m] [0m[0m[32mContextSummary[0m[0m
Test (ubuntu-latest, 21)	Run tests	2026-06-22T17:43:29.6407959Z [0m[[0m[0minfo[0m] [0m[0m[32m- should estimate token length[0m[0m
Test (ubuntu-latest, 21)	Run tests	2026-06-22T17:43:29.6409181Z [0m[[0m[0minfo[0m] [0m[0m[32mSemanticBlockId[0m[0m
Test (ubuntu-latest, 21)	Run tests	2026-06-22T17:43:29.6410396Z [0m[[0m[0minfo[0m] [0m[0m[32m- should generate short IDs[0m[0m
Test (ubuntu-latest, 21)	Run tests	2026-06-22T17:43:29.6415940Z [0m[[0m[0minfo[0m] [0m[0m[32mAgentId[0m[0m
Test (ubuntu-latest, 21)	Run tests	2026-06-22T17:43:29.6417402Z [0m[[0m[0minfo[0m] [0m[0m[32m- should generate unique IDs[0m[0m
Test (ubuntu-latest, 21)	Run tests	2026-06-22T17:43:29.6418538Z [0m[[0m[0minfo[0m] [0m[0m[32mPlanId[0m[0m
Test (ubuntu-latest, 21)	Run tests	2026-06-22T17:43:29.6419677Z [0m[[0m[0minfo[0m] [0m[0m[32m- should generate unique IDs[0m[0m
Test (ubuntu-latest, 21)	Run tests	2026-06-22T17:43:29.6420876Z [0m[[0m[0minfo[0m] [0m[0m[32mResult.success[0m[0m
Test (ubuntu-latest, 21)	Run tests	2026-06-22T17:43:29.6422027Z [0m[[0m[0minfo[0m] [0m[0m[32m- should create a Right[0m[0m
Test (ubuntu-latest, 21)	Run tests	2026-06-22T17:43:29.6423216Z [0m[[0m[0minfo[0m] [0m[0m[32mResult.failure[0m[0m
Test (ubuntu-latest, 21)	Run tests	2026-06-22T17:43:29.6424363Z [0m[[0m[0minfo[0m] [0m[0m[32m- should create a Left[0m[0m
Test (ubuntu-latest, 21)	Run tests	2026-06-22T17:43:29.6425807Z [0m[[0m[0minfo[0m] [0m[0m[32mResult.fromOption[0m[0m
Test (ubuntu-latest, 21)	Run tests	2026-06-22T17:43:29.6427079Z [0m[[0m[0minfo[0m] [0m[0m[32m- should convert Some to Right[0m[0m
Test (ubuntu-latest, 21)	Run tests	2026-06-22T17:43:29.6428390Z [0m[[0m[0minfo[0m] [0m[0m[32m- should convert None to Left[0m[0m
Test (ubuntu-latest, 21)	Run tests	2026-06-22T17:43:29.6429631Z [0m[[0m[0minfo[0m] [0m[0m[32mResult.sequence[0m[0m
Test (ubuntu-latest, 21)	Run tests	2026-06-22T17:43:29.6430960Z [0m[[0m[0minfo[0m] [0m[0m[32m- should convert List[Result] to Result[List][0m[0m
Test (ubuntu-latest, 21)	Run tests	2026-06-22T17:43:29.6432940Z [0m[[0m[0minfo[0m] [0m[0m[32m- should fail on first error[0m[0m
Test (ubuntu-latest, 21)	Run tests	2026-06-22T17:43:29.6434128Z [0m[[0m[0minfo[0m] [0m[0m[32mResult.traverse[0m[0m
Test (ubuntu-latest, 21)	Run tests	2026-06-22T17:43:29.6435560Z [0m[[0m[0minfo[0m] [0m[0m[32m- should map and sequence[0m[0m
Test (ubuntu-latest, 21)	Run tests	2026-06-22T17:43:29.6437108Z [0m[[0m[0minfo[0m] [0m[0m[32mResult.combine[0m[0m
Test (ubuntu-latest, 21)	Run tests	2026-06-22T17:43:29.6441342Z [0m[[0m[0minfo[0m] [0m[0m[32m- should combine two results into tuple[0m[0m
Test (ubuntu-latest, 21)	Run tests	2026-06-22T17:43:29.6442710Z [0m[[0m[0minfo[0m] [0m[0m[32m- should fail if first fails[0m[0m
Test (ubuntu-latest, 21)	Run tests	2026-06-22T17:43:29.6451190Z [0m[[0m[0minfo[0m] [0m[0m[32m- should combine three results[0m[0m
Test (ubuntu-latest, 21)	Run tests	2026-06-22T17:43:29.6452322Z [0m[[0m[0minfo[0m] [0m[0m[32mResult.safely[0m[0m
Test (ubuntu-latest, 21)	Run tests	2026-06-22T17:43:29.6454409Z [0m[[0m[0minfo[0m] [0m[0m[32m- should wrap successful computation[0m[0m
Test (ubuntu-latest, 21)	Run tests	2026-06-22T17:43:29.6459700Z [0m[[0m[0minfo[0m] [0m[0m[32m- should wrap failed computation[0m[0m
Test (ubuntu-latest, 21)	Run tests	2026-06-22T17:43:29.6465227Z [0m[[0m[0minfo[0m] [0m[0m[32mResult.fromBoolean[0m[0m
Test (ubuntu-latest, 21)	Run tests	2026-06-22T17:43:29.6466437Z [0m[[0m[0minfo[0m] [0m[0m[32m- should return success for true[0m[0m
Test (ubuntu-latest, 21)	Run tests	2026-06-22T17:43:29.6467822Z [0m[[0m[0minfo[0m] [0m[0m[32m- should return failure for false[0m[0m
Test (ubuntu-latest, 21)	Run tests	2026-06-22T17:43:29.6469083Z [0m[[0m[0minfo[0m] [0m[0m[32mResult.fromBooleanWithValue[0m[0m
Test (ubuntu-latest, 21)	Run tests	2026-06-22T17:43:29.6470413Z [0m[[0m[0minfo[0m] [0m[0m[32m- should return value for true[0m[0m
Test (ubuntu-latest, 21)	Run tests	2026-06-22T17:43:29.6471658Z [0m[[0m[0minfo[0m] [0m[0m[32mResult.validateAll[0m[0m
Test (ubuntu-latest, 21)	Run tests	2026-06-22T17:43:29.6472913Z [0m[[0m[0minfo[0m] [0m[0m[32m- should collect all successes[0m[0m
Test (ubuntu-latest, 21)	Run tests	2026-06-22T17:43:29.6475926Z [0m[[0m[0minfo[0m] [0m[0m[32m- should collect all errors[0m[0m
Test (ubuntu-latest, 21)	Run tests	2026-06-22T17:43:29.6477282Z [0m[[0m[0minfo[0m] [0m[0m[32mAsyncResult[0m[0m
Test (ubuntu-latest, 21)	Run tests	2026-06-22T17:43:29.6478823Z [0m[[0m[0minfo[0m] [0m[0m[32m- should work as Future[Result[A]] type alias[0m[0m
Test (ubuntu-latest, 21)	Run tests	2026-06-22T17:43:29.6479954Z [0m[[0m[0minfo[0m] [0m[0m[32m- should hold failures correctly[0m[0m
Test (ubuntu-latest, 21)	Run tests	2026-06-22T17:43:29.6482756Z [0m[[0m[0minfo[0m] [0m[0m[32mTryOps[0m[0m
Test (ubuntu-latest, 21)	Run tests	2026-06-22T17:43:29.6483661Z [0m[[0m[0minfo[0m] [0m[0m[32m- should convert Success to Right[0m[0m
Test (ubuntu-latest, 21)	Run tests	2026-06-22T17:43:29.6485926Z [0m[[0m[0minfo[0m] [0m[0m[32m- should convert Failure to Left[0m[0m
Test (ubuntu-latest, 21)	Run tests	2026-06-22T17:43:29.6487094Z [0m[[0m[0minfo[0m] [0m[0m[32mOptionOps[0m[0m
Test (ubuntu-latest, 21)	Run tests	2026-06-22T17:43:29.6490006Z [0m[[0m[0minfo[0m] [0m[0m[32m- should convert Some to Right[0m[0m
Test (ubuntu-latest, 21)	Run tests	2026-06-22T17:43:29.6493180Z [0m[[0m[0minfo[0m] [0m[0m[32m- should convert None to Left[0m[0m
Test (ubuntu-latest, 21)	Run tests	2026-06-22T17:43:29.6494316Z [0m[[0m[0minfo[0m] [0m[0m[32mJwtToken[0m[0m
Test (ubuntu-latest, 21)	Run tests	2026-06-22T17:43:29.6497750Z [0m[[0m[0minfo[0m] [0m[0m[32m- should hide value in toString[0m[0m
Test (ubuntu-latest, 21)	Run tests	2026-06-22T17:43:29.6499082Z [0m[[0m[0minfo[0m] [0m[0m[32m- should reveal value when requested[0m[0m
Test (ubuntu-latest, 21)	Run tests	2026-06-22T17:43:29.6500600Z [0m[[0m[0minfo[0m] [0m[0m[32mOAuthToken[0m[0m
Test (ubuntu-latest, 21)	Run tests	2026-06-22T17:43:29.6503094Z [0m[[0m[0minfo[0m] [0m[0m[32m- should hide value in toString[0m[0m
Test (ubuntu-latest, 21)	Run tests	2026-06-22T17:43:29.6504348Z [0m[[0m[0minfo[0m] [0m[0m[32m- should reveal value when requested[0m[0m
Test (ubuntu-latest, 21)	Run tests	2026-06-22T17:43:29.6539815Z [0m[[0m[0minfo[0m] [0m[0m[32mImagePricingRegistrySpec:[0m[0m
Test (ubuntu-latest, 21)	Run tests	2026-06-22T17:43:29.6542031Z [0m[[0m[0minfo[0m] [0m[0m[32mImagePricingRegistry.costPerImage[0m[0m
Test (ubuntu-latest, 21)	Run tests	2026-06-22T17:43:29.6544010Z [0m[[0m[0minfo[0m] [0m[0m[32m- should return correct price for gpt-image-1 standard config[0m[0m
Test (ubuntu-latest, 21)	Run tests	2026-06-22T17:43:29.6550788Z [0m[[0m[0minfo[0m] [0m[0m[32m- should return correct price for gpt-image-1 high quality large[0m[0m
Test (ubuntu-latest, 21)	Run tests	2026-06-22T17:43:29.6553336Z [0m[[0m[0minfo[0m] [0m[0m[32m- should return correct price for dall-e-3 standard[0m[0m
Test (ubuntu-latest, 21)	Run tests	2026-06-22T17:43:29.6555707Z [0m[[0m[0minfo[0m] [0m[0m[32m- should return correct price for dall-e-3 hd[0m[0m
Test (ubuntu-latest, 21)	Run tests	2026-06-22T17:43:29.6556975Z [0m[[0m[0minfo[0m] [0m[0m[32m- should return correct price for dall-e-2[0m[0m
Test (ubuntu-latest, 21)	Run tests	2026-06-22T17:43:29.6558176Z [0m[[0m[0minfo[0m] [0m[0m[32m- should return None for unknown model[0m[0m
Test (ubuntu-latest, 21)	Run tests	2026-06-22T17:43:29.6559357Z [0m[[0m[0minfo[0m] [0m[0m[32m- should return None for unknown quality[0m[0m
Test (ubuntu-latest, 21)	Run tests	2026-06-22T17:43:29.6560529Z [0m[[0m[0minfo[0m] [0m[0m[32m- should return None for unknown size[0m[0m
Test (ubuntu-latest, 21)	Run tests	2026-06-22T17:43:29.6561730Z [0m[[0m[0minfo[0m] [0m[0m[32mImagePricingRegistry.costPerImageWithDefaults[0m[0m
Test (ubuntu-latest, 21)	Run tests	2026-06-22T17:43:29.6562851Z [0m[[0m[0minfo[0m] [0m[0m[32m- should default quality to standard[0m[0m
Test (ubuntu-latest, 21)	Run tests	2026-06-22T17:43:29.6566599Z [0m[[0m[0minfo[0m] [0m[0m[32m- should default quality to standard when empty string[0m[0m
Test (ubuntu-latest, 21)	Run tests	2026-06-22T17:43:29.6569500Z [0m[[0m[0minfo[0m] [0m[0m[32m- should use provided quality when present[0m[0m
Test (ubuntu-latest, 21)	Run tests	2026-06-22T17:43:29.6571832Z [0m[[0m[0minfo[0m] [0m[0m[32m- should handle ImageSize.Auto[0m[0m
Test (ubuntu-latest, 21)	Run tests	2026-06-22T17:43:29.6573257Z [0m[[0m[0minfo[0m] [0m[0m[32m- should handle custom sizes by formatting as WxH[0m[0m
Test (ubuntu-latest, 21)	Run tests	2026-06-22T17:43:29.6575061Z [0m[[0m[0minfo[0m] [0m[0m[32mImagePricingRegistry.estimateCost[0m[0m
Test (ubuntu-latest, 21)	Run tests	2026-06-22T17:43:29.6576594Z [0m[[0m[0minfo[0m] [0m[0m[32m- should multiply per-image cost by count[0m[0m
Test (ubuntu-latest, 21)	Run tests	2026-06-22T17:43:29.6578388Z [0m[[0m[0minfo[0m] [0m[0m[32m- should return None when pricing is unknown[0m[0m
Test (ubuntu-latest, 21)	Run tests	2026-06-22T17:43:29.6580316Z [0m[[0m[0minfo[0m] [0m[0m[32m- should return Some(0.0) when count is 0[0m[0m
Test (ubuntu-latest, 21)	Run tests	2026-06-22T17:43:29.6581901Z [0m[[0m[0minfo[0m] [0m[0m[32mImagePricingRegistry.knownModels[0m[0m
Test (ubuntu-latest, 21)	Run tests	2026-06-22T17:43:29.6583650Z [0m[[0m[0minfo[0m] [0m[0m[32m- should include expected models[0m[0m
Test (ubuntu-latest, 21)	Run tests	2026-06-22T17:43:29.6601551Z [0m[[0m[0minfo[0m] [0m[0m[32mRetryPolicyTest:[0m[0m
Test (ubuntu-latest, 21)	Run tests	2026-06-22T17:43:29.6615348Z [0m[[0m[0minfo[0m] [0m[0m[32m- exponentialBackoff calculates correct delays[0m[0m
Test (ubuntu-latest, 21)	Run tests	2026-06-22T17:43:29.6616883Z [0m[[0m[0minfo[0m] [0m[0m[32m- exponentialBackoff respects maxDelay cap[0m[0m
Test (ubuntu-latest, 21)	Run tests	2026-06-22T17:43:29.6618205Z [0m[[0m[0minfo[0m] [0m[0m[32m- exponentialBackoff respects server-provided Retry-After header[0m[0m
Test (ubuntu-latest, 21)	Run tests	2026-06-22T17:43:29.6619524Z [0m[[0m[0minfo[0m] [0m[0m[32m- linearBackoff calculates correct delays[0m[0m
Test (ubuntu-latest, 21)	Run tests	2026-06-22T17:43:29.6620900Z [0m[[0m[0minfo[0m] [0m[0m[32m- fixedDelay returns constant delay[0m[0m
Test (ubuntu-latest, 21)	Run tests	2026-06-22T17:43:29.6622150Z [0m[[0m[0minfo[0m] [0m[0m[32m- noRetry policy has maxAttempts = 1 and nothing is retryable[0m[0m
Test (ubuntu-latest, 21)	Run tests	2026-06-22T17:43:29.6627243Z [0m[[0m[0minfo[0m] [0m[0m[32m- custom policy allows user-defined logic[0m[0m
Test (ubuntu-latest, 21)	Run tests	2026-06-22T17:43:29.6631309Z [0m[[0m[0minfo[0m] [0m[0m[32m- isRetryable returns true for RateLimitError[0m[0m
Test (ubuntu-latest, 21)	Run tests	2026-06-22T17:43:29.6632475Z [0m[[0m[0minfo[0m] [0m[0m[32m- isRetryable returns true for TimeoutError[0m[0m
Test (ubuntu-latest, 21)	Run tests	2026-06-22T17:43:29.6633801Z [0m[[0m[0minfo[0m] [0m[0m[32m- isRetryable returns true for NetworkError[0m[0m
Test (ubuntu-latest, 21)	Run tests	2026-06-22T17:43:29.6635241Z [0m[[0m[0minfo[0m] [0m[0m[32m- isRetryable returns true for ServiceError with 5xx status[0m[0m
Test (ubuntu-latest, 21)	Run tests	2026-06-22T17:43:29.6638472Z [0m[[0m[0minfo[0m] [0m[0m[32m- isRetryable returns true for ServiceError with 429 (rate limit)[0m[0m
Test (ubuntu-latest, 21)	Run tests	2026-06-22T17:43:29.6640332Z [0m[[0m[0minfo[0m] [0m[0m[32m- isRetryable returns true for ServiceError with 408 (timeout)[0m[0m
Test (ubuntu-latest, 21)	Run tests	2026-06-22T17:43:29.6642384Z [0m[[0m[0minfo[0m] [0m[0m[32m- isRetryable returns false for ServiceError with 4xx status (except 408/429)[0m[0m
Test (ubuntu-latest, 21)	Run tests	2026-06-22T17:43:29.6643857Z [0m[[0m[0minfo[0m] [0m[0m[32m- isRetryable returns false for AuthenticationError[0m[0m
Test (ubuntu-latest, 21)	Run tests	2026-06-22T17:43:29.6645410Z [0m[[0m[0minfo[0m] [0m[0m[32m- isRetryable returns false for ValidationError[0m[0m
Test (ubuntu-latest, 21)	Run tests	2026-06-22T17:43:29.6646654Z [0m[[0m[0minfo[0m] [0m[0m[32m- isRetryable returns false for ConfigurationError[0m[0m
Test (ubuntu-latest, 21)	Run tests	2026-06-22T17:43:29.6655461Z [0m[[0m[0minfo[0m] [0m[0m[32mZaiClientHttpSpec:[0m[0m
Test (ubuntu-latest, 21)	Run tests	2026-06-22T17:43:29.6658053Z [0m[[0m[0minfo[0m] [0m[0m[32mZaiClient.complete[0m[0m
Test (ubuntu-latest, 21)	Run tests	2026-06-22T17:43:29.7144058Z [0m[[0m[0minfo[0m] [0m[0m[32m- should parse response with array-format content[0m[0m
Test (ubuntu-latest, 21)	Run tests	2026-06-22T17:43:29.7180476Z [0m[[0m[0minfo[0m] [0m[0m[32m- should map HTTP 401 to AuthenticationError[0m[0m
Test (ubuntu-latest, 21)	Run tests	2026-06-22T17:43:29.7218262Z [0m[[0m[0minfo[0m] [0m[0m[32m- should map HTTP 429 to RateLimitError[0m[0m
Test (ubuntu-latest, 21)	Run tests	2026-06-22T17:43:29.7249251Z [0m[[0m[0minfo[0m] [0m[0m[32m- should map HTTP 500 to ServiceError[0m[0m
Test (ubuntu-latest, 21)	Run tests	2026-06-22T17:43:29.7313957Z [0m[[0m[0minfo[0m] [0m[0m[32m- should record provider exchanges when logging is enabled[0m[0m
Test (ubuntu-latest, 21)	Run tests	2026-06-22T17:43:29.7315554Z [0m[[0m[0minfo[0m] [0m[0m[32mZaiClient.streamComplete[0m[0m
Test (ubuntu-latest, 21)	Run tests	2026-06-22T17:43:29.7358602Z [0m[[0m[0minfo[0m] [0m[0m[32m- should parse SSE events and accumulate content[0m[0m
Test (ubuntu-latest, 21)	Run tests	2026-06-22T17:43:29.7402414Z [0m[[0m[0minfo[0m] [0m[0m[32m- should record provider exchanges for streaming responses when logging is enabled[0m[0m
Test (ubuntu-latest, 21)	Run tests	2026-06-22T17:43:29.7442744Z [0m[[0m[0minfo[0m] [0m[0m[32m- should map error status codes to typed errors[0m[0m
Test (ubuntu-latest, 21)	Run tests	2026-06-22T17:43:29.7444049Z [0m[[0m[0minfo[0m] [0m[0m[32mZaiClient request[0m[0m
Test (ubuntu-latest, 21)	Run tests	2026-06-22T17:43:29.7489704Z [0m[[0m[0minfo[0m] [0m[0m[32m- should wrap user message content in array format[0m[0m
Test (ubuntu-latest, 21)	Run tests	2026-06-22T17:43:29.7563041Z [0m[[0m[0minfo[0m] [0m[0m[32m- should wrap tool message content in array format[0m[0m
Test (ubuntu-latest, 21)	Run tests	2026-06-22T17:43:29.7585877Z [0m[[0m[0minfo[0m] [0m[0m[32mAnthropicTemperatureGatingSpec:[0m[0m
Test (ubuntu-latest, 21)	Run tests	2026-06-22T17:43:29.7586750Z [0m[[0m[0minfo[0m] [0m[0m[32mrejectsSamplingTemperature[0m[0m
Test (ubuntu-latest, 21)	Run tests	2026-06-22T17:43:29.7681718Z [0m[[0m[0minfo[0m] [0m[0m[32m- should be true for Opus models that dropped sampling support[0m[0m
Test (ubuntu-latest, 21)	Run tests	2026-06-22T17:43:29.7694898Z [0m[[0m[0minfo[0m] [0m[0m[32m- should be false for Opus 4.6 and earlier, date-suffixed base versions, and other models[0m[0m
Test (ubuntu-latest, 21)	Run tests	2026-06-22T17:43:29.7699336Z [0m[[0m[0minfo[0m] [0m[0m[32mConfigReaderTest:[0m[0m
Test (ubuntu-latest, 21)	Run tests	2026-06-22T17:43:29.7700465Z [0m[[0m[0minfo[0m] [0m[0m[32mLlm4sConfig.defaultProvider[0m[0m
Test (ubuntu-latest, 21)	Run tests	2026-06-22T17:43:29.8130881Z [0m[[0m[0minfo[0m] [0m[0m[32m- should expose values for present keys[0m[0m
Test (ubuntu-latest, 21)	Run tests	2026-06-22T17:43:29.8169908Z [0m[[0m[0minfo[0m] [0m[0m[32mInMemoryDatasetStorePropertySpec:[0m[0m
Test (ubuntu-latest, 21)	Run tests	2026-06-22T17:43:29.8171354Z [0m[[0m[0minfo[0m] [0m[0m[32mInMemoryDatasetStore.create[0m[0m
Test (ubuntu-latest, 21)	Run tests	2026-06-22T17:43:29.8197401Z [0m[[0m[0minfo[0m] [0m[0m[32m- should return an ID whose corresponding dataset has matching name and description[0m[0m
Test (ubuntu-latest, 21)	Run tests	2026-06-22T17:43:29.8215528Z [0m[[0m[0minfo[0m] [0m[0m[32m- should always return a dataset with zero examples immediately after creation[0m[0m
Test (ubuntu-latest, 21)	Run tests	2026-06-22T17:43:29.8216915Z [0m[[0m[0minfo[0m] [0m[0m[32mInMemoryDatasetStore.addExample[0m[0m
Test (ubuntu-latest, 21)	Run tests	2026-06-22T17:43:29.8248246Z [0m[[0m[0minfo[0m] [0m[0m[32m- should grow the example list by exactly one per call[0m[0m
Test (ubuntu-latest, 21)	Run tests	2026-06-22T17:43:29.8324652Z [0m[[0m[0minfo[0m] [0m[0m[32m- should preserve insertion order across N additions[0m[0m
Test (ubuntu-latest, 21)	Run tests	2026-06-22T17:43:29.8326293Z [0m[[0m[0minfo[0m] [0m[0m[32mInMemoryDatasetStore.getExamples(ByTags)[0m[0m
Test (ubuntu-latest, 21)	Run tests	2026-06-22T17:43:29.8468296Z [0m[[0m[0minfo[0m] [0m[0m[32m- should always return a subset of All[0m[0m
Test (ubuntu-latest, 21)	Run tests	2026-06-22T17:43:29.8631389Z [0m[[0m[0minfo[0m] [0m[0m[32m- should return only examples that have at least one tag from the filter set[0m[0m
Test (ubuntu-latest, 21)	Run tests	2026-06-22T17:43:29.8696741Z [0m[[0m[0minfo[0m] [0m[0m[32m- should return empty when the filter tag set is empty[0m[0m
Test (ubuntu-latest, 21)	Run tests	2026-06-22T17:43:29.8700155Z [0m[[0m[0minfo[0m] [0m[0m[32mInMemoryDatasetStore.getExamples(ByIds)[0m[0m
Test (ubuntu-latest, 21)	Run tests	2026-06-22T17:43:29.8724390Z [0m[[0m[0minfo[0m] [0m[0m[32m- should return exactly the examples whose IDs were requested[0m[0m
Test (ubuntu-latest, 21)	Run tests	2026-06-22T17:43:29.8734305Z [0m[[0m[0minfo[0m] [0m[0m[32m- should return empty when an empty ID set is requested[0m[0m
Test (ubuntu-latest, 21)	Run tests	2026-06-22T17:43:29.8737048Z [0m[[0m[0minfo[0m] [0m[0m[32mInMemoryDatasetStore.createSnapshot[0m[0m
Test (ubuntu-latest, 21)	Run tests	2026-06-22T17:43:29.8771817Z [0m[[0m[0minfo[0m] [0m[0m[32m- should freeze the example count at snapshot time[0m[0m
Test (ubuntu-latest, 21)	Run tests	2026-06-22T17:43:29.8783602Z [0m[[0m[0minfo[0m] [0m[0m[32m- should always associate the snapshot with the correct dataset ID[0m[0m
Test (ubuntu-latest, 21)	Run tests	2026-06-22T17:43:29.8785489Z [0m[[0m[0minfo[0m] [0m[0m[32mInMemoryDatasetStore.delete[0m[0m
Test (ubuntu-latest, 21)	Run tests	2026-06-22T17:43:29.8796537Z [0m[[0m[0minfo[0m] [0m[0m[32m- should return true for an existing dataset and false on repeat[0m[0m
Test (ubuntu-latest, 21)	Run tests	2026-06-22T17:43:29.8819531Z [0m[[0m[0minfo[0m] [0m[0m[32m- should remove all snapshots for the deleted dataset[0m[0m
Test (ubuntu-latest, 21)	Run tests	2026-06-22T17:43:29.8822321Z [0m[[0m[0minfo[0m] [0m[0m[32mInMemoryDatasetStore.listDatasets[0m[0m
Test (ubuntu-latest, 21)	Run tests	2026-06-22T17:43:29.8851506Z [0m[[0m[0minfo[0m] [0m[0m[32m- should grow by one for each create call[0m[0m
Test (ubuntu-latest, 21)	Run tests	2026-06-22T17:43:29.8873106Z [0m[[0m[0minfo[0m] [0m[0m[32m- should shrink by one after a successful delete[0m[0m
Test (ubuntu-latest, 21)	Run tests	2026-06-22T17:43:29.8874411Z [0m[[0m[0minfo[0m] [0m[0m[32mInMemoryDatasetStore.getExamples[0m[0m
Test (ubuntu-latest, 21)	Run tests	2026-06-22T17:43:29.8884081Z [0m[[0m[0minfo[0m] [0m[0m[32m- should return empty list for an unknown dataset ID[0m[0m
Test (ubuntu-latest, 21)	Run tests	2026-06-22T17:43:29.8885489Z [0m[[0m[0minfo[0m] [0m[0m[32mInMemoryDatasetStore.addExample[0m[0m
Test (ubuntu-latest, 21)	Run tests	2026-06-22T17:43:29.8904963Z [0m[[0m[0minfo[0m] [0m[0m[32m- should reject unknown dataset IDs[0m[0m
Test (ubuntu-latest, 21)	Run tests	2026-06-22T17:43:29.8906148Z [0m[[0m[0minfo[0m] [0m[0m[32mInMemoryDatasetStore.createSnapshot[0m[0m
Test (ubuntu-latest, 21)	Run tests	2026-06-22T17:43:29.8922637Z [0m[[0m[0minfo[0m] [0m[0m[32m- should reject unknown dataset IDs[0m[0m
Test (ubuntu-latest, 21)	Run tests	2026-06-22T17:43:29.8923590Z [0m[[0m[0minfo[0m] [0m[0m[32mInMemoryDatasetStore.importJsonl[0m[0m
Test (ubuntu-latest, 21)	Run tests	2026-06-22T17:43:29.9088503Z [0m[[0m[0minfo[0m] [0m[0m[32m- should always satisfy: imported + skipped == total lines[0m[0m
Test (ubuntu-latest, 21)	Run tests	2026-06-22T17:43:29.9125848Z [0m[[0m[0minfo[0m] [0m[0m[32m- should add exactly the number of imported examples to the dataset[0m[0m
Test (ubuntu-latest, 21)	Run tests	2026-06-22T17:43:29.9183219Z [0m[[0m[0minfo[0m] [0m[0m[32mRecoverableErrorSpec:[0m[0m
Test (ubuntu-latest, 21)	Run tests	2026-06-22T17:43:29.9185324Z [0m[[0m[0minfo[0m] [0m[0m[32mAPIError[0m[0m
Test (ubuntu-latest, 21)	Run tests	2026-06-22T17:43:29.9187322Z [0m[[0m[0minfo[0m] [0m[0m[32m- should create with smart constructor[0m[0m
Test (ubuntu-latest, 21)	Run tests	2026-06-22T17:43:29.9189399Z [0m[[0m[0minfo[0m] [0m[0m[32m- should be a RecoverableError[0m[0m
Test (ubuntu-latest, 21)	Run tests	2026-06-22T17:43:29.9191373Z [0m[[0m[0minfo[0m] [0m[0m[32m- should include context information[0m[0m
Test (ubuntu-latest, 21)	Run tests	2026-06-22T17:43:29.9193492Z [0m[[0m[0minfo[0m] [0m[0m[32m- should handle optional fields[0m[0m
Test (ubuntu-latest, 21)	Run tests	2026-06-22T17:43:29.9195498Z [0m[[0m[0minfo[0m] [0m[0m[32m- should support pattern matching with unapply[0m[0m
Test (ubuntu-latest, 21)	Run tests	2026-06-22T17:43:29.9196668Z [0m[[0m[0minfo[0m] [0m[0m[32mNetworkError[0m[0m
Test (ubuntu-latest, 21)	Run tests	2026-06-22T17:43:29.9197852Z [0m[[0m[0minfo[0m] [0m[0m[32m- should create with cause[0m[0m
Test (ubuntu-latest, 21)	Run tests	2026-06-22T17:43:29.9199379Z [0m[[0m[0minfo[0m] [0m[0m[32m- should be a RecoverableError[0m[0m
Test (ubuntu-latest, 21)	Run tests	2026-06-22T17:43:29.9201549Z [0m[[0m[0minfo[0m] [0m[0m[32m- should include exception type in context[0m[0m
Test (ubuntu-latest, 21)	Run tests	2026-06-22T17:43:29.9202600Z [0m[[0m[0minfo[0m] [0m[0m[32m- should handle missing cause[0m[0m
Test (ubuntu-latest, 21)	Run tests	2026-06-22T17:43:29.9203636Z [0m[[0m[0minfo[0m] [0m[0m[32m- should support pattern matching[0m[0m
Test (ubuntu-latest, 21)	Run tests	2026-06-22T17:43:29.9205100Z [0m[[0m[0minfo[0m] [0m[0m[32mServiceError[0m[0m
Test (ubuntu-latest, 21)	Run tests	2026-06-22T17:43:29.9206066Z [0m[[0m[0minfo[0m] [0m[0m[32m- should create with HTTP status[0m[0m
Test (ubuntu-latest, 21)	Run tests	2026-06-22T17:43:29.9207718Z [0m[[0m[0minfo[0m] [0m[0m[32m- should create with request ID[0m[0m
Test (ubuntu-latest, 21)	Run tests	2026-06-22T17:43:29.9209095Z [0m[[0m[0minfo[0m] [0m[0m[32m- should be a RecoverableError[0m[0m
Test (ubuntu-latest, 21)	Run tests	2026-06-22T17:43:29.9210271Z [0m[[0m[0minfo[0m] [0m[0m[32m- should provide retry delay[0m[0m
Test (ubuntu-latest, 21)	Run tests	2026-06-22T17:43:29.9214328Z [0m[[0m[0minfo[0m] [0m[0m[32m- should identify recoverable HTTP status codes[0m[0m
Test (ubuntu-latest, 21)	Run tests	2026-06-22T17:43:29.9226279Z [0m[[0m[0minfo[0m] [0m[0m[32m- should support pattern matching[0m[0m
Test (ubuntu-latest, 21)	Run tests	2026-06-22T17:43:29.9227462Z [0m[[0m[0minfo[0m] [0m[0m[32mTimeoutError[0m[0m
Test (ubuntu-latest, 21)	Run tests	2026-06-22T17:43:29.9228661Z [0m[[0m[0minfo[0m] [0m[0m[32m- should create with duration[0m[0m
Test (ubuntu-latest, 21)	Run tests	2026-06-22T17:43:29.9229941Z [0m[[0m[0minfo[0m] [0m[0m[32m- should be a RecoverableError[0m[0m
Test (ubuntu-latest, 21)	Run tests	2026-06-22T17:43:29.9231171Z [0m[[0m[0minfo[0m] [0m[0m[32m- should support withContext[0m[0m
Test (ubuntu-latest, 21)	Run tests	2026-06-22T17:43:29.9232423Z [0m[[0m[0minfo[0m] [0m[0m[32m- should support withOperation[0m[0m
Test (ubuntu-latest, 21)	Run tests	2026-06-22T17:43:29.9233698Z [0m[[0m[0minfo[0m] [0m[0m[32m- should optionally include cause[0m[0m
Test (ubuntu-latest, 21)	Run tests	2026-06-22T17:43:29.9235138Z [0m[[0m[0minfo[0m] [0m[0m[32mExecutionError[0m[0m
Test (ubuntu-latest, 21)	Run tests	2026-06-22T17:43:29.9236282Z [0m[[0m[0minfo[0m] [0m[0m[32m- should create basic error[0m[0m
Test (ubuntu-latest, 21)	Run tests	2026-06-22T17:43:29.9237516Z [0m[[0m[0minfo[0m] [0m[0m[32m- should be a RecoverableError[0m[0m
Test (ubuntu-latest, 21)	Run tests	2026-06-22T17:43:29.9238809Z [0m[[0m[0minfo[0m] [0m[0m[32m- should support withExitCode[0m[0m
Test (ubuntu-latest, 21)	Run tests	2026-06-22T17:43:29.9240021Z [0m[[0m[0minfo[0m] [0m[0m[32m- should support withContext[0m[0m
Test (ubuntu-latest, 21)	Run tests	2026-06-22T17:43:29.9241104Z [0m[[0m[0minfo[0m] [0m[0m[32m- should optionally include cause[0m[0m
Test (ubuntu-latest, 21)	Run tests	2026-06-22T17:43:29.9242225Z [0m[[0m[0minfo[0m] [0m[0m[32mRateLimitError[0m[0m
Test (ubuntu-latest, 21)	Run tests	2026-06-22T17:43:29.9243099Z [0m[[0m[0minfo[0m] [0m[0m[32m- should create basic error[0m[0m
Test (ubuntu-latest, 21)	Run tests	2026-06-22T17:43:29.9244165Z [0m[[0m[0minfo[0m] [0m[0m[32m- should create with retry delay[0m[0m
Test (ubuntu-latest, 21)	Run tests	2026-06-22T17:43:29.9245599Z [0m[[0m[0minfo[0m] [0m[0m[32m- should be a RecoverableError[0m[0m
Test (ubuntu-latest, 21)	Run tests	2026-06-22T17:43:29.9246810Z [0m[[0m[0minfo[0m] [0m[0m[32m- should have higher max retries[0m[0m
Test (ubuntu-latest, 21)	Run tests	2026-06-22T17:43:29.9248143Z [0m[[0m[0minfo[0m] [0m[0m[32m- should calculate intelligent retry delay[0m[0m
Test (ubuntu-latest, 21)	Run tests	2026-06-22T17:43:29.9249891Z [0m[[0m[0minfo[0m] [0m[0m[32m- should support pattern matching[0m[0m
Test (ubuntu-latest, 21)	Run tests	2026-06-22T17:43:29.9251084Z [0m[[0m[0minfo[0m] [0m[0m[32mSystemError[0m[0m
Test (ubuntu-latest, 21)	Run tests	2026-06-22T17:43:29.9252240Z [0m[[0m[0minfo[0m] [0m[0m[32m- should create basic error[0m[0m
Test (ubuntu-latest, 21)	Run tests	2026-06-22T17:43:29.9253489Z [0m[[0m[0minfo[0m] [0m[0m[32m- should create with cause[0m[0m
Test (ubuntu-latest, 21)	Run tests	2026-06-22T17:43:29.9254994Z [0m[[0m[0minfo[0m] [0m[0m[32m- should be a RecoverableError[0m[0m
Test (ubuntu-latest, 21)	Run tests	2026-06-22T17:43:29.9256346Z [0m[[0m[0minfo[0m] [0m[0m[32m- should handle missing cause in context[0m[0m
Test (ubuntu-latest, 21)	Run tests	2026-06-22T17:43:29.9257634Z [0m[[0m[0minfo[0m] [0m[0m[32mRecoverableError[0m[0m
Test (ubuntu-latest, 21)	Run tests	2026-06-22T17:43:29.9258890Z [0m[[0m[0minfo[0m] [0m[0m[32m- should have default retry delay of None[0m[0m
Test (ubuntu-latest, 21)	Run tests	2026-06-22T17:43:29.9260234Z [0m[[0m[0minfo[0m] [0m[0m[32m- should have default max retries of 3[0m[0m
Test (ubuntu-latest, 21)	Run tests	2026-06-22T17:43:29.9263469Z [0m[[0m[0minfo[0m] [0m[0m[32m- should always report isRecoverable as true[0m[0m
Test (ubuntu-latest, 21)	Run tests	2026-06-22T17:43:29.9265323Z [0m[[0m[0minfo[0m] [0m[0m[32mRecoverable errors[0m[0m
Test (ubuntu-latest, 21)	Run tests	2026-06-22T17:43:29.9266547Z [0m[[0m[0minfo[0m] [0m[0m[32m- should format correctly[0m[0m
Test (ubuntu-latest, 21)	Run tests	2026-06-22T17:43:29.9269166Z [0m[[0m[0minfo[0m] [0m[0m[32m- should include correlation ID when present[0m[0m
Test (ubuntu-latest, 21)	Run tests	2026-06-22T17:43:29.9270559Z [0m[[0m[0minfo[0m] [0m[0m[32mLLMError.recoverableErrors[0m[0m
Test (ubuntu-latest, 21)	Run tests	2026-06-22T17:43:29.9272554Z [0m[[0m[0minfo[0m] [0m[0m[32m- should filter only recoverable errors[0m[0m
Test (ubuntu-latest, 21)	Run tests	2026-06-22T17:43:29.9311891Z [0m[[0m[0minfo[0m] [0m[0m[32mTestDatasetEdgeCasesSpec:[0m[0m
Test (ubuntu-latest, 21)	Run tests	2026-06-22T17:43:29.9312872Z [0m[[0m[0minfo[0m] [0m[0m[32mTestDataset.filter[0m[0m
Test (ubuntu-latest, 21)	Run tests	2026-06-22T17:43:29.9319752Z [0m[[0m[0minfo[0m] [0m[0m[32m- should apply custom predicate[0m[0m
Test (ubuntu-latest, 21)	Run tests	2026-06-22T17:43:29.9323527Z [0m[[0m[0minfo[0m] [0m[0m[32m- should return empty dataset when no samples match[0m[0m
Test (ubuntu-latest, 21)	Run tests	2026-06-22T17:43:29.9326480Z [0m[[0m[0minfo[0m] [0m[0m[32m- should return all samples when all match[0m[0m
Test (ubuntu-latest, 21)	Run tests	2026-06-22T17:43:29.9329882Z [0m[[0m[0minfo[0m] [0m[0m[32mTestDataset.sample[0m[0m
Test (ubuntu-latest, 21)	Run tests	2026-06-22T17:43:29.9331341Z [0m[[0m[0minfo[0m] [0m[0m[32m- should return all samples when n exceeds dataset size[0m[0m
Test (ubuntu-latest, 21)	Run tests	2026-06-22T17:43:29.9332572Z [0m[[0m[0minfo[0m] [0m[0m[32m- should return empty for n=0[0m[0m
Test (ubuntu-latest, 21)	Run tests	2026-06-22T17:43:29.9340343Z [0m[[0m[0minfo[0m] [0m[0m[32m- should produce different results with different seeds[0m[0m
Test (ubuntu-latest, 21)	Run tests	2026-06-22T17:43:29.9344153Z [0m[[0m[0minfo[0m] [0m[0m[32mTestDataset.take[0m[0m
Test (ubuntu-latest, 21)	Run tests	2026-06-22T17:43:29.9345448Z [0m[[0m[0minfo[0m] [0m[0m[32m- should handle n larger than dataset[0m[0m
Test (ubuntu-latest, 21)	Run tests	2026-06-22T17:43:29.9350687Z [0m[[0m[0minfo[0m] [0m[0m[32m- should handle n=0[0m[0m
Test (ubuntu-latest, 21)	Run tests	2026-06-22T17:43:29.9351755Z [0m[[0m[0minfo[0m] [0m[0m[32mTestDataset.create[0m[0m
Test (ubuntu-latest, 21)	Run tests	2026-06-22T17:43:29.9353038Z [0m[[0m[0minfo[0m] [0m[0m[32m- should create dataset from name and samples[0m[0m
Test (ubuntu-latest, 21)	Run tests	2026-06-22T17:43:29.9354106Z [0m[[0m[0minfo[0m] [0m[0m[32mTestDataset.toJson[0m[0m
Test (ubuntu-latest, 21)	Run tests	2026-06-22T17:43:29.9355319Z [0m[[0m[0minfo[0m] [0m[0m[32m- should handle dataset without ground truth[0m[0m
Test (ubuntu-latest, 21)	Run tests	2026-06-22T17:43:29.9356474Z [0m[[0m[0minfo[0m] [0m[0m[32m- should handle dataset without metadata[0m[0m
Test (ubuntu-latest, 21)	Run tests	2026-06-22T17:43:29.9357738Z [0m[[0m[0minfo[0m] [0m[0m[32m- should handle empty samples[0m[0m
Test (ubuntu-latest, 21)	Run tests	2026-06-22T17:43:29.9358926Z [0m[[0m[0minfo[0m] [0m[0m[32m- should produce compact JSON when pretty=false[0m[0m
Test (ubuntu-latest, 21)	Run tests	2026-06-22T17:43:29.9360007Z [0m[[0m[0minfo[0m] [0m[0m[32mTestDataset.fromJson[0m[0m
Test (ubuntu-latest, 21)	Run tests	2026-06-22T17:43:29.9361165Z [0m[[0m[0minfo[0m] [0m[0m[32m- should handle multiple samples[0m[0m
Test (ubuntu-latest, 21)	Run tests	2026-06-22T17:43:29.9362454Z [0m[[0m[0minfo[0m] [0m[0m[32m- should fail for missing samples key[0m[0m
Test (ubuntu-latest, 21)	Run tests	2026-06-22T17:43:29.9363686Z [0m[[0m[0minfo[0m] [0m[0m[32m- should fail for empty string[0m[0m
Test (ubuntu-latest, 21)	Run tests	2026-06-22T17:43:29.9365308Z [0m[[0m[0minfo[0m] [0m[0m[32mTestDataset.withMetadata[0m[0m
Test (ubuntu-latest, 21)	Run tests	2026-06-22T17:43:29.9366495Z [0m[[0m[0minfo[0m] [0m[0m[32m- should support chaining[0m[0m
Test (ubuntu-latest, 21)	Run tests	2026-06-22T17:43:29.9367659Z [0m[[0m[0minfo[0m] [0m[0m[32m- should overwrite existing keys[0m[0m
Test (ubuntu-latest, 21)	Run tests	2026-06-22T17:43:29.9368684Z [0m[[0m[0minfo[0m] [0m[0m[32mTestDataset.save[0m[0m
Test (ubuntu-latest, 21)	Run tests	2026-06-22T17:43:29.9371160Z [0m[[0m[0minfo[0m] [0m[0m[32m- should return Left for invalid path[0m[0m
Test (ubuntu-latest, 21)	Run tests	2026-06-22T17:43:29.9372293Z [0m[[0m[0minfo[0m] [0m[0m[32mTestDataset[0m[0m
Test (ubuntu-latest, 21)	Run tests	2026-06-22T17:43:29.9379631Z [0m[[0m[0minfo[0m] [0m[0m[32m- should round-trip samples with metadata and ground truth[0m[0m
Test (ubuntu-latest, 21)	Run tests	2026-06-22T17:43:29.9395112Z [0m[[0m[0minfo[0m] [0m[0m[32mMCPClientImplSpec:[0m[0m
Test (ubuntu-latest, 21)	Run tests	2026-06-22T17:43:29.9396850Z [0m[[0m[0minfo[0m] [0m[0m[32mMCPClientImpl.getTools[0m[0m
Test (ubuntu-latest, 21)	Run tests	2026-06-22T17:43:29.9419484Z [0m[[0m[0minfo[0m] [0m[0m[32m- should return tools when initialization succeeds[0m[0m
Test (ubuntu-latest, 21)	Run tests	2026-06-22T17:43:29.9426202Z [0m[[0m[0minfo[0m] [0m[0m[32m- should return empty sequence when initialization fails[0m[0m
Test (ubuntu-latest, 21)	Run tests	2026-06-22T17:43:29.9471347Z [0m[[0m[0minfo[0m] [0m[0m[32m- should return empty sequence when no transport is available[0m[0m
Test (ubuntu-latest, 21)	Run tests	2026-06-22T17:43:29.9491801Z [0m[[0m[0minfo[0m] [0m[0m[32m- should handle invalid tool responses[0m[0m
Test (ubuntu-latest, 21)	Run tests	2026-06-22T17:43:29.9506993Z [0m[[0m[0minfo[0m] [0m[0m[32mMetricsRecordingSpec:[0m[0m
Test (ubuntu-latest, 21)	Run tests	2026-06-22T17:43:29.9508602Z [0m[[0m[0minfo[0m] [0m[0m[32mMetricsRecording.withMetrics[0m[0m
Test (ubuntu-latest, 21)	Run tests	2026-06-22T17:43:29.9518292Z [0m[[0m[0minfo[0m] [0m[0m[32m- should record successful request with duration[0m[0m
Test (ubuntu-latest, 21)	Run tests	2026-06-22T17:43:29.9525599Z [0m[[0m[0minfo[0m] [0m[0m[32m- should record error request with error kind[0m[0m
Test (ubuntu-latest, 21)	Run tests	2026-06-22T17:43:29.9535324Z [0m[[0m[0minfo[0m] [0m[0m[32m- should record token usage for successful operations[0m[0m
Test (ubuntu-latest, 21)	Run tests	2026-06-22T17:43:29.9544925Z [0m[[0m[0minfo[0m] [0m[0m[32m- should record cost when extractCost function is provided[0m[0m
Test (ubuntu-latest, 21)	Run tests	2026-06-22T17:43:29.9551626Z [0m[[0m[0minfo[0m] [0m[0m[32m- should handle operations with no token usage[0m[0m
Test (ubuntu-latest, 21)	Run tests	2026-06-22T17:43:29.9560788Z [0m[[0m[0minfo[0m] [0m[0m[32m- should record different error kinds correctly[0m[0m
Test (ubuntu-latest, 21)	Run tests	2026-06-22T17:43:29.9569818Z [0m[[0m[0minfo[0m] [0m[0m[32m- should handle large token counts[0m[0m
Test (ubuntu-latest, 21)	Run tests	2026-06-22T17:43:29.9596704Z [0m[[0m[0minfo[0m] [0m[0m[32mMCPServerSpec:[0m[0m
Test (ubuntu-latest, 21)	Run tests	2026-06-22T17:43:29.9618608Z [0m[[0m[0minfo[0m] [0m[0m[32mMCPServer Integration[0m[0m
Test (ubuntu-latest, 21)	Run tests	2026-06-22T17:43:30.1001763Z [0m[[0m[0minfo[0m] [0m[0m[32m- should be discoverable by MCPClient[0m[0m
Test (ubuntu-latest, 21)	Run tests	2026-06-22T17:43:30.1003083Z [0m[[0m[0minfo[0m] [0m[0m[32mMCPServer edge cases[0m[0m
Test (ubuntu-latest, 21)	Run tests	2026-06-22T17:43:30.1004150Z [0m[[0m[0minfo[0m] [0m[0m[32m- should return Right(()) when start() is called on an already-running server[0m[0m
Test (ubuntu-latest, 21)	Run tests	2026-06-22T17:43:30.1005520Z [0m[[0m[0minfo[0m] [0m[0m[32m- should return 405 for unsupported HTTP methods[0m[0m
Test (ubuntu-latest, 21)	Run tests	2026-06-22T17:43:30.1011876Z [0m[[0m[0minfo[0m] [0m[0m[32m- should return 413 when Content-Length header exceeds payload limit[0m[0m
Test (ubuntu-latest, 21)	Run tests	2026-06-22T17:43:30.1024620Z [0m[[0m[0minfo[0m] [0m[0m[32m- should return 200 for a POST notification (no id field)[0m[0m
Test (ubuntu-latest, 21)	Run tests	2026-06-22T17:43:30.1439706Z [0m[[0m[0minfo[0m] [0m[0m[32m- should return a JSON-RPC parse error for a POST with malformed JSON[0m[0m
Test (ubuntu-latest, 21)	Run tests	2026-06-22T17:43:30.1860365Z [0m[[0m[0minfo[0m] [0m[0m[32m- should return a parse error for a POST body with id but un-parseable as JsonRpcRequest[0m[0m
Test (ubuntu-latest, 21)	Run tests	2026-06-22T17:43:30.1876489Z [0m[[0m[0minfo[0m] [0m[0m[32m- should return METHOD_NOT_FOUND for an unknown JSON-RPC method[0m[0m
Test (ubuntu-latest, 21)	Run tests	2026-06-22T17:43:30.2289682Z [0m[[0m[0minfo[0m] [0m[0m[32m- should return INVALID_REQUEST for tools/list with an unknown session ID[0m[0m
Test (ubuntu-latest, 21)	Run tests	2026-06-22T17:43:30.2313037Z [0m[[0m[0minfo[0m] [0m[0m[32m- should return TOOL_NOT_FOUND error for an unknown tool name[0m[0m
Test (ubuntu-latest, 21)	Run tests	2026-06-22T17:43:30.2332619Z [0m[[0m[0minfo[0m] [0m[0m[32m- should return TOOL_EXECUTION_ERROR when a tool returns Left (failure)[0m[0m
Test (ubuntu-latest, 21)	Run tests	2026-06-22T17:43:30.2357195Z [0m[[0m[0minfo[0m] [0m[0m[32m- should render non-String tool result via other.render()[0m[0m
Test (ubuntu-latest, 21)	Run tests	2026-06-22T17:43:30.2381774Z [0m[[0m[0minfo[0m] [0m[0m[32m- should return 400 for DELETE with no mcp-session-id header[0m[0m
Test (ubuntu-latest, 21)	Run tests	2026-06-22T17:43:30.2395160Z [0m[[0m[0minfo[0m] [0m[0m[32m- should return 404 for DELETE with an unknown session ID[0m[0m
Test (ubuntu-latest, 21)	Run tests	2026-06-22T17:43:30.2396873Z [0m[[0m[0minfo[0m] [0m[0m[32m- should return 200 for DELETE that terminates an active session[0m[0m
Test (ubuntu-latest, 21)	Run tests	2026-06-22T17:43:30.2434957Z [0m[[0m[0minfo[0m] [0m[0m[32mMDCContextSpec:[0m[0m
Test (ubuntu-latest, 21)	Run tests	2026-06-22T17:43:30.2436292Z [0m[[0m[0minfo[0m] [0m[0m[32mMDCContext.capture[0m[0m
Test (ubuntu-latest, 21)	Run tests	2026-06-22T17:43:30.2439245Z [0m[[0m[0minfo[0m] [0m[0m[32m- should return empty map when MDC is empty[0m[0m
Test (ubuntu-latest, 21)	Run tests	2026-06-22T17:43:30.2448046Z [0m[[0m[0minfo[0m] [0m[0m[32m- should capture current MDC values[0m[0m
Test (ubuntu-latest, 21)	Run tests	2026-06-22T17:43:30.2449617Z [0m[[0m[0minfo[0m] [0m[0m[32mMDCContext.set[0m[0m
Test (ubuntu-latest, 21)	Run tests	2026-06-22T17:43:30.2450730Z [0m[[0m[0minfo[0m] [0m[0m[32m- should replace MDC contents[0m[0m
Test (ubuntu-latest, 21)	Run tests	2026-06-22T17:43:30.2452452Z [0m[[0m[0minfo[0m] [0m[0m[32m- should handle empty map[0m[0m
Test (ubuntu-latest, 21)	Run tests	2026-06-22T17:43:30.2453554Z [0m[[0m[0minfo[0m] [0m[0m[32mMDCContext.withContext[0m[0m
Test (ubuntu-latest, 21)	Run tests	2026-06-22T17:43:30.2456116Z [0m[[0m[0minfo[0m] [0m[0m[32m- should set context for block duration[0m[0m
Test (ubuntu-latest, 21)	Run tests	2026-06-22T17:43:30.2461040Z [0m[[0m[0minfo[0m] [0m[0m[32m- should restore previous context after block[0m[0m
Test (ubuntu-latest, 21)	Run tests	2026-06-22T17:43:30.2468712Z [0m[[0m[0minfo[0m] [0m[0m[32m- should restore context even on exception[0m[0m
Test (ubuntu-latest, 21)	Run tests	2026-06-22T17:43:30.2470238Z [0m[[0m[0minfo[0m] [0m[0m[32mMDCContext.withValues[0m[0m
Test (ubuntu-latest, 21)	Run tests	2026-06-22T17:43:30.2473465Z [0m[[0m[0minfo[0m] [0m[0m[32m- should add values to existing context[0m[0m
Test (ubuntu-latest, 21)	Run tests	2026-06-22T17:43:30.2478549Z [0m[[0m[0minfo[0m] [0m[0m[32m- should handle multiple values[0m[0m
Test (ubuntu-latest, 21)	Run tests	2026-06-22T17:43:30.2484974Z [0m[[0m[0minfo[0m] [0m[0m[32m- should restore context even on exception[0m[0m
Test (ubuntu-latest, 21)	Run tests	2026-06-22T17:43:30.2486400Z [0m[[0m[0minfo[0m] [0m[0m[32mMDCContext.cleanup[0m[0m
Test (ubuntu-latest, 21)	Run tests	2026-06-22T17:43:30.2490061Z [0m[[0m[0minfo[0m] [0m[0m[32m- should remove specified keys[0m[0m
Test (ubuntu-latest, 21)	Run tests	2026-06-22T17:43:30.2495628Z [0m[[0m[0minfo[0m] [0m[0m[32m- should handle non-existent keys gracefully[0m[0m
Test (ubuntu-latest, 21)	Run tests	2026-06-22T17:43:30.2497088Z [0m[[0m[0minfo[0m] [0m[0m[32mMDCContext.preservingExecutionContext[0m[0m
Test (ubuntu-latest, 21)	Run tests	2026-06-22T17:43:30.2501939Z [0m[[0m[0minfo[0m] [0m[0m[32m- should preserve MDC across threads[0m[0m
Test (ubuntu-latest, 21)	Run tests	2026-06-22T17:43:30.2523596Z [0m[[0m[0minfo[0m] [0m[0m[32mClientStatusSpec:[0m[0m
Test (ubuntu-latest, 21)	Run tests	2026-06-22T17:43:30.2530604Z [0m[[0m[0minfo[0m] [0m[0m[32m- ConnectionStatus.Connected represents healthy state[0m[0m
Test (ubuntu-latest, 21)	Run tests	2026-06-22T17:43:30.2533313Z [0m[[0m[0minfo[0m] [0m[0m[32m- ConnectionStatus.Disconnected represents disconnected state[0m[0m
Test (ubuntu-latest, 21)	Run tests	2026-06-22T17:43:30.2537438Z [0m[[0m[0minfo[0m] [0m[0m[32m- ConnectionStatus.Connecting represents in-progress connection[0m[0m
Test (ubuntu-latest, 21)	Run tests	2026-06-22T17:43:30.2543855Z [0m[[0m[0minfo[0m] [0m[0m[32m- ConnectionStatus.Error captures error message and optional cause[0m[0m
Test (ubuntu-latest, 21)	Run tests	2026-06-22T17:43:30.2546755Z [0m[[0m[0minfo[0m] [0m[0m[32m- ConnectionStatus.Error works without cause[0m[0m
Test (ubuntu-latest, 21)	Run tests	2026-06-22T17:43:30.2553286Z [0m[[0m[0minfo[0m] [0m[0m[32m- ProviderCapabilities captures provider features[0m[0m
Test (ubuntu-latest, 21)	Run tests	2026-06-22T17:43:30.2560409Z [0m[[0m[0minfo[0m] [0m[0m[32m- ClientHealth captures full health status[0m[0m
Test (ubuntu-latest, 21)	Run tests	2026-06-22T17:43:30.2573412Z [0m[[0m[0minfo[0m] [0m[0m[32m- ClientHealth defaults work correctly[0m[0m
Test (ubuntu-latest, 21)	Run tests	2026-06-22T17:43:30.2579740Z [0m[[0m[0minfo[0m] [0m[0m[32mProviderKindSpec:[0m[0m
Test (ubuntu-latest, 21)	Run tests	2026-06-22T17:43:30.2580855Z [0m[[0m[0minfo[0m] [0m[0m[32mProviderKind[0m[0m
Test (ubuntu-latest, 21)	Run tests	2026-06-22T17:43:30.2584009Z [0m[[0m[0minfo[0m] [0m[0m[32m- should expose all expected provider instances[0m[0m
Test (ubuntu-latest, 21)	Run tests	2026-06-22T17:43:30.2585660Z [0m[[0m[0minfo[0m] [0m[0m[32m- should expose lowercase provider names[0m[0m
Test (ubuntu-latest, 21)	Run tests	2026-06-22T17:43:30.2586763Z [0m[[0m[0minfo[0m] [0m[0m[32mProviderKind.fromName[0m[0m
Test (ubuntu-latest, 21)	Run tests	2026-06-22T17:43:30.2588512Z [0m[[0m[0minfo[0m] [0m[0m[32m- should parse supported providers case-insensitively[0m[0m
Test (ubuntu-latest, 21)	Run tests	2026-06-22T17:43:30.2589868Z [0m[[0m[0minfo[0m] [0m[0m[32m- should return None for unknown providers[0m[0m
Test (ubuntu-latest, 21)	Run tests	2026-06-22T17:43:30.2591025Z [0m[[0m[0minfo[0m] [0m[0m[32mProviderKind[0m[0m
Test (ubuntu-latest, 21)	Run tests	2026-06-22T17:43:30.2595199Z [0m[[0m[0minfo[0m] [0m[0m[32m- should round-trip through name and fromName[0m[0m
Test (ubuntu-latest, 21)	Run tests	2026-06-22T17:43:30.2598021Z [0m[[0m[0minfo[0m] [0m[0m[32m- should support pattern matching[0m[0m
Test (ubuntu-latest, 21)	Run tests	2026-06-22T17:43:30.2633409Z [0m[[0m[0minfo[0m] [0m[0m[32mGlobPatternMatcherSpec:[0m[0m
Test (ubuntu-latest, 21)	Run tests	2026-06-22T17:43:30.2635161Z [0m[[0m[0minfo[0m] [0m[0m[32mGlobPatternMatcher.matches[0m[0m
Test (ubuntu-latest, 21)	Run tests	2026-06-22T17:43:30.2640317Z [0m[[0m[0minfo[0m] [0m[0m[32m- should match exact URL[0m[0m
Test (ubuntu-latest, 21)	Run tests	2026-06-22T17:43:30.2641927Z [0m[[0m[0minfo[0m] [0m[0m[32m- should not match different URLs[0m[0m
Test (ubuntu-latest, 21)	Run tests	2026-06-22T17:43:30.2647747Z [0m[[0m[0minfo[0m] [0m[0m[32m- should match single asterisk within path segment[0m[0m
Test (ubuntu-latest, 21)	Run tests	2026-06-22T17:43:30.2649453Z [0m[[0m[0minfo[0m] [0m[0m[32m- should not match single asterisk across path separators[0m[0m
Test (ubuntu-latest, 21)	Run tests	2026-06-22T17:43:30.2651120Z [0m[[0m[0minfo[0m] [0m[0m[32m- should match asterisk for any string within segment[0m[0m
Test (ubuntu-latest, 21)	Run tests	2026-06-22T17:43:30.2658055Z [0m[[0m[0minfo[0m] [0m[0m[32m- should match asterisk for empty string within segment[0m[0m
Test (ubuntu-latest, 21)	Run tests	2026-06-22T17:43:30.2667281Z [0m[[0m[0minfo[0m] [0m[0m[32m- should match double asterisk across path separators[0m[0m
Test (ubuntu-latest, 21)	Run tests	2026-06-22T17:43:30.2669364Z [0m[[0m[0minfo[0m] [0m[0m[32m- should match double asterisk in middle of pattern[0m[0m
Test (ubuntu-latest, 21)	Run tests	2026-06-22T17:43:30.2670730Z [0m[[0m[0minfo[0m] [0m[0m[32m- should match question mark for single character[0m[0m
Test (ubuntu-latest, 21)	Run tests	2026-06-22T17:43:30.2673255Z [0m[[0m[0minfo[0m] [0m[0m[32m- should not match question mark for slash[0m[0m
Test (ubuntu-latest, 21)	Run tests	2026-06-22T17:43:30.2678232Z [0m[[0m[0minfo[0m] [0m[0m[32m- should not match question mark for empty string[0m[0m
Test (ubuntu-latest, 21)	Run tests	2026-06-22T17:43:30.2680999Z [0m[[0m[0minfo[0m] [0m[0m[32m- should escape dots in patterns[0m[0m
Test (ubuntu-latest, 21)	Run tests	2026-06-22T17:43:30.2682005Z [0m[[0m[0minfo[0m] [0m[0m[32m- should escape parentheses[0m[0m
Test (ubuntu-latest, 21)	Run tests	2026-06-22T17:43:30.2682941Z [0m[[0m[0minfo[0m] [0m[0m[32m- should escape brackets[0m[0m
Test (ubuntu-latest, 21)	Run tests	2026-06-22T17:43:30.2683872Z [0m[[0m[0minfo[0m] [0m[0m[32m- should match case-insensitively[0m[0m
Test (ubuntu-latest, 21)	Run tests	2026-06-22T17:43:30.2685246Z [0m[[0m[0minfo[0m] [0m[0m[32mGlobPatternMatcher.matchesAny[0m[0m
Test (ubuntu-latest, 21)	Run tests	2026-06-22T17:43:30.2686369Z [0m[[0m[0minfo[0m] [0m[0m[32m- should return true if any pattern matches[0m[0m
Test (ubuntu-latest, 21)	Run tests	2026-06-22T17:43:30.2687544Z [0m[[0m[0minfo[0m] [0m[0m[32m- should return false if no patterns match[0m[0m
Test (ubuntu-latest, 21)	Run tests	2026-06-22T17:43:30.2688733Z [0m[[0m[0minfo[0m] [0m[0m[32m- should return false for empty patterns[0m[0m
Test (ubuntu-latest, 21)	Run tests	2026-06-22T17:43:30.2689788Z [0m[[0m[0minfo[0m] [0m[0m[32mGlobPatternMatcher.filter[0m[0m
Test (ubuntu-latest, 21)	Run tests	2026-06-22T17:43:30.2690940Z [0m[[0m[0minfo[0m] [0m[0m[32m- should include all when include patterns empty[0m[0m
Test (ubuntu-latest, 21)	Run tests	2026-06-22T17:43:30.2692142Z [0m[[0m[0minfo[0m] [0m[0m[32m- should filter by include patterns[0m[0m
Test (ubuntu-latest, 21)	Run tests	2026-06-22T17:43:30.2693232Z [0m[[0m[0minfo[0m] [0m[0m[32m- should exclude by exclude patterns[0m[0m
Test (ubuntu-latest, 21)	Run tests	2026-06-22T17:43:30.2694351Z [0m[[0m[0minfo[0m] [0m[0m[32m- should apply both include and exclude[0m[0m
Test (ubuntu-latest, 21)	Run tests	2026-06-22T17:43:30.2695811Z [0m[[0m[0minfo[0m] [0m[0m[32mGlobPatternMatcher.clearCache[0m[0m
Test (ubuntu-latest, 21)	Run tests	2026-06-22T17:43:30.2696917Z [0m[[0m[0minfo[0m] [0m[0m[32m- should not cause errors when called[0m[0m
Test (ubuntu-latest, 21)	Run tests	2026-06-22T17:43:30.2701208Z [0m[[0m[0minfo[0m] [0m[0m[32mCrawlerConfigSpec:[0m[0m
Test (ubuntu-latest, 21)	Run tests	2026-06-22T17:43:30.2703320Z [0m[[0m[0minfo[0m] [0m[0m[32mCrawlerConfig[0m[0m
Test (ubuntu-latest, 21)	Run tests	2026-06-22T17:43:30.2706006Z [0m[[0m[0minfo[0m] [0m[0m[32m- should have sensible defaults[0m[0m
Test (ubuntu-latest, 21)	Run tests	2026-06-22T17:43:30.2709150Z [0m[[0m[0minfo[0m] [0m[0m[32m- should support fluent configuration[0m[0m
Test (ubuntu-latest, 21)	Run tests	2026-06-22T17:43:30.2712164Z [0m[[0m[0minfo[0m] [0m[0m[32mCrawlerConfig.polite[0m[0m
Test (ubuntu-latest, 21)	Run tests	2026-06-22T17:43:30.2715188Z [0m[[0m[0minfo[0m] [0m[0m[32m- should have conservative settings[0m[0m
Test (ubuntu-latest, 21)	Run tests	2026-06-22T17:43:30.2717284Z [0m[[0m[0minfo[0m] [0m[0m[32mCrawlerConfig.fast[0m[0m
Test (ubuntu-latest, 21)	Run tests	2026-06-22T17:43:30.2719125Z [0m[[0m[0minfo[0m] [0m[0m[32m- should have aggressive settings[0m[0m
Test (ubuntu-latest, 21)	Run tests	2026-06-22T17:43:30.2729176Z [0m[[0m[0minfo[0m] [0m[0m[32mCrawlerConfig.singlePage[0m[0m
Test (ubuntu-latest, 21)	Run tests	2026-06-22T17:43:30.2730083Z [0m[[0m[0minfo[0m] [0m[0m[32m- should not follow links[0m[0m
Test (ubuntu-latest, 21)	Run tests	2026-06-22T17:43:30.2730672Z [0m[[0m[0minfo[0m] [0m[0m[32mCrawlerConfig[0m[0m
Test (ubuntu-latest, 21)	Run tests	2026-06-22T17:43:30.2731345Z [0m[[0m[0minfo[0m] [0m[0m[32m- should accept content types configuration[0m[0m
Test (ubuntu-latest, 21)	Run tests	2026-06-22T17:43:30.2732294Z [0m[[0m[0minfo[0m] [0m[0m[32m- should accept max queue size configuration[0m[0m
Test (ubuntu-latest, 21)	Run tests	2026-06-22T17:43:30.2762078Z [0m[[0m[0minfo[0m] [0m[0m[32mAudioExtractorsSpec:[0m[0m
Test (ubuntu-latest, 21)	Run tests	2026-06-22T17:43:30.2763250Z [0m[[0m[0minfo[0m] [0m[0m[32mBytesExtractor[0m[0m
Test (ubuntu-latest, 21)	Run tests	2026-06-22T17:43:30.2768564Z [0m[[0m[0minfo[0m] [0m[0m[32m- should extract bytes and metadata from BytesAudio[0m[0m
Test (ubuntu-latest, 21)	Run tests	2026-06-22T17:43:30.2784391Z [0m[[0m[0minfo[0m] [0m[0m[32m- should extract bytes and metadata from StreamAudio[0m[0m
Test (ubuntu-latest, 21)	Run tests	2026-06-22T17:43:30.2792876Z [0m[[0m[0minfo[0m] [0m[0m[32m- should extract bytes from FileAudio[0m[0m
Test (ubuntu-latest, 21)	Run tests	2026-06-22T17:43:30.2798021Z [0m[[0m[0minfo[0m] [0m[0m[32m- should return error for non-existent FileAudio[0m[0m
Test (ubuntu-latest, 21)	Run tests	2026-06-22T17:43:30.2799838Z [0m[[0m[0minfo[0m] [0m[0m[32m- should have correct name[0m[0m
Test (ubuntu-latest, 21)	Run tests	2026-06-22T17:43:30.2801275Z [0m[[0m[0minfo[0m] [0m[0m[32mMetadataExtractor[0m[0m
Test (ubuntu-latest, 21)	Run tests	2026-06-22T17:43:30.2803631Z [0m[[0m[0minfo[0m] [0m[0m[32m- should extract metadata from BytesAudio[0m[0m
Test (ubuntu-latest, 21)	Run tests	2026-06-22T17:43:30.2807267Z [0m[[0m[0minfo[0m] [0m[0m[32m- should extract metadata from StreamAudio[0m[0m
Test (ubuntu-latest, 21)	Run tests	2026-06-22T17:43:30.2809316Z [0m[[0m[0minfo[0m] [0m[0m[32m- should extract default metadata from FileAudio[0m[0m
Test (ubuntu-latest, 21)	Run tests	2026-06-22T17:43:30.2824034Z [0m[[0m[0minfo[0m] [0m[0m[32m- should have correct name[0m[0m
Test (ubuntu-latest, 21)	Run tests	2026-06-22T17:43:30.2827914Z [0m[[0m[0minfo[0m] [0m[0m[32mPathExtractor[0m[0m
Test (ubuntu-latest, 21)	Run tests	2026-06-22T17:43:30.2832493Z [0m[[0m[0minfo[0m] [0m[0m[32m- should extract path from FileAudio[0m[0m
Test (ubuntu-latest, 21)	Run tests	2026-06-22T17:43:30.2833737Z [0m[[0m[0minfo[0m] [0m[0m[32m- should return None for BytesAudio[0m[0m
Test (ubuntu-latest, 21)	Run tests	2026-06-22T17:43:30.2835122Z [0m[[0m[0minfo[0m] [0m[0m[32m- should return None for StreamAudio[0m[0m
Test (ubuntu-latest, 21)	Run tests	2026-06-22T17:43:30.2836165Z [0m[[0m[0minfo[0m] [0m[0m[32m- should have correct name[0m[0m
Test (ubuntu-latest, 21)	Run tests	2026-06-22T17:43:30.2839985Z [0m[[0m[0minfo[0m] [0m[0m[32mStreamExtractor[0m[0m
Test (ubuntu-latest, 21)	Run tests	2026-06-22T17:43:30.2841068Z [0m[[0m[0minfo[0m] [0m[0m[32m- should extract stream from StreamAudio[0m[0m
Test (ubuntu-latest, 21)	Run tests	2026-06-22T17:43:30.2842181Z [0m[[0m[0minfo[0m] [0m[0m[32m- should return None for FileAudio[0m[0m
Test (ubuntu-latest, 21)	Run tests	2026-06-22T17:43:30.2843210Z [0m[[0m[0minfo[0m] [0m[0m[32m- should return None for BytesAudio[0m[0m
Test (ubuntu-latest, 21)	Run tests	2026-06-22T17:43:30.2844250Z [0m[[0m[0minfo[0m] [0m[0m[32m- should have correct name[0m[0m
Test (ubuntu-latest, 21)	Run tests	2026-06-22T17:43:30.2845494Z [0m[[0m[0minfo[0m] [0m[0m[32mNoOpConsumer[0m[0m
Test (ubuntu-latest, 21)	Run tests	2026-06-22T17:43:30.2846373Z [0m[[0m[0minfo[0m] [0m[0m[32m- should always succeed[0m[0m
Test (ubuntu-latest, 21)	Run tests	2026-06-22T17:43:30.2847298Z [0m[[0m[0minfo[0m] [0m[0m[32mLoggingConsumer[0m[0m
Test (ubuntu-latest, 21)	Run tests	2026-06-22T17:43:30.2848264Z [0m[[0m[0minfo[0m] [0m[0m[32m- should handle tuple input without error[0m[0m
Test (ubuntu-latest, 21)	Run tests	2026-06-22T17:43:30.2849347Z [0m[[0m[0minfo[0m] [0m[0m[32m- should handle AudioMeta input[0m[0m
Test (ubuntu-latest, 21)	Run tests	2026-06-22T17:43:30.2850717Z [0m[[0m[0minfo[0m] [0m[0m[32m- should handle other input types[0m[0m
Test (ubuntu-latest, 21)	Run tests	2026-06-22T17:43:30.2851506Z Audio: 2 bytes, 16000Hz, 1ch, 16bit
Test (ubuntu-latest, 21)	Run tests	2026-06-22T17:43:30.2851968Z AudioMeta: 44100Hz, 2ch, 16bit
Test (ubuntu-latest, 21)	Run tests	2026-06-22T17:43:30.2852393Z Audio data: String
Test (ubuntu-latest, 21)	Run tests	2026-06-22T17:43:30.2853087Z [0m[[0m[0minfo[0m] [0m[0m[32mValidationConsumer[0m[0m
Test (ubuntu-latest, 21)	Run tests	2026-06-22T17:43:30.2854154Z [0m[[0m[0minfo[0m] [0m[0m[32m- should succeed when validation passes[0m[0m
Test (ubuntu-latest, 21)	Run tests	2026-06-22T17:43:30.2855658Z [0m[[0m[0minfo[0m] [0m[0m[32m- should fail when validation fails[0m[0m
Test (ubuntu-latest, 21)	Run tests	2026-06-22T17:43:30.2856721Z [0m[[0m[0minfo[0m] [0m[0m[32mAudioProcessing.pipe[0m[0m
Test (ubuntu-latest, 21)	Run tests	2026-06-22T17:43:30.2862080Z [0m[[0m[0minfo[0m] [0m[0m[32m- should pipe processor output to consumer[0m[0m
Test (ubuntu-latest, 21)	Run tests	2026-06-22T17:43:30.2863112Z [0m[[0m[0minfo[0m] [0m[0m[32mAudioProcessing.broadcast[0m[0m
Test (ubuntu-latest, 21)	Run tests	2026-06-22T17:43:30.2867777Z Audio data: String
Test (ubuntu-latest, 21)	Run tests	2026-06-22T17:43:30.2874114Z [0m[[0m[0minfo[0m] [0m[0m[32m- should succeed when all consumers succeed[0m[0m
Test (ubuntu-latest, 21)	Run tests	2026-06-22T17:43:30.2875456Z [0m[[0m[0minfo[0m] [0m[0m[32mAudioProcessing.conditional[0m[0m
Test (ubuntu-latest, 21)	Run tests	2026-06-22T17:43:30.2879950Z [0m[[0m[0minfo[0m] [0m[0m[32m- should use ifTrue when predicate is true[0m[0m
Test (ubuntu-latest, 21)	Run tests	2026-06-22T17:43:30.2881459Z [0m[[0m[0minfo[0m] [0m[0m[32mAudioProcessing.withFallback[0m[0m
Test (ubuntu-latest, 21)	Run tests	2026-06-22T17:43:30.2885902Z [0m[[0m[0minfo[0m] [0m[0m[32m- should use primary when it succeeds[0m[0m
Test (ubuntu-latest, 21)	Run tests	2026-06-22T17:43:30.2933100Z [0m[[0m[0minfo[0m] [0m[0m[32mVectorMemoryStoreSpec:[0m[0m
Test (ubuntu-latest, 21)	Run tests	2026-06-22T17:43:30.2934661Z [0m[[0m[0minfo[0m] [0m[0m[32mVectorMemoryStore[0m[0m
Test (ubuntu-latest, 21)	Run tests	2026-06-22T17:43:30.2999343Z [0m[[0m[0minfo[0m] [0m[0m[32m- should store and retrieve a memory with embedding[0m[0m
Test (ubuntu-latest, 21)	Run tests	2026-06-22T17:43:30.3009624Z [0m[[0m[0minfo[0m] [0m[0m[32m- should return None for non-existent memory[0m[0m
Test (ubuntu-latest, 21)	Run tests	2026-06-22T17:43:30.3037687Z [0m[[0m[0minfo[0m] [0m[0m[32m- should preserve existing embedding when storing[0m[0m
Test (ubuntu-latest, 21)	Run tests	2026-06-22T17:43:30.3105125Z [0m[[0m[0minfo[0m] [0m[0m[32m- should perform semantic search using embeddings[0m[0m
Test (ubuntu-latest, 21)	Run tests	2026-06-22T17:43:30.3191768Z [0m[[0m[0minfo[0m] [0m[0m[32m- should return top-K results sorted by similarity[0m[0m
Test (ubuntu-latest, 21)	Run tests	2026-06-22T17:43:30.3219150Z [0m[[0m[0minfo[0m] [0m[0m[32m- should apply filter during semantic search[0m[0m
Test (ubuntu-latest, 21)	Run tests	2026-06-22T17:43:30.3251836Z [0m[[0m[0minfo[0m] [0m[0m[32m- should recall memories by type[0m[0m
Test (ubuntu-latest, 21)	Run tests	2026-06-22T17:43:30.3276707Z [0m[[0m[0minfo[0m] [0m[0m[32m- should recall memories by conversation ID[0m[0m
Test (ubuntu-latest, 21)	Run tests	2026-06-22T17:43:30.3304375Z [0m[[0m[0minfo[0m] [0m[0m[32m- should recall memories by entity ID[0m[0m
Test (ubuntu-latest, 21)	Run tests	2026-06-22T17:43:30.3326548Z [0m[[0m[0minfo[0m] [0m[0m[32m- should recall memories by time range[0m[0m
Test (ubuntu-latest, 21)	Run tests	2026-06-22T17:43:30.3348301Z [0m[[0m[0minfo[0m] [0m[0m[32m- should recall memories by minimum importance[0m[0m
Test (ubuntu-latest, 21)	Run tests	2026-06-22T17:43:30.3370413Z [0m[[0m[0minfo[0m] [0m[0m[32m- should delete a memory[0m[0m
Test (ubuntu-latest, 21)	Run tests	2026-06-22T17:43:30.3413238Z [0m[[0m[0minfo[0m] [0m[0m[32m- should delete matching memories[0m[0m
Test (ubuntu-latest, 21)	Run tests	2026-06-22T17:43:30.3438175Z [0m[[0m[0minfo[0m] [0m[0m[32m- should update a memory[0m[0m
Test (ubuntu-latest, 21)	Run tests	2026-06-22T17:43:30.3465648Z [0m[[0m[0minfo[0m] [0m[0m[32m- should re-embed when content changes on update[0m[0m
Test (ubuntu-latest, 21)	Run tests	2026-06-22T17:43:30.3484619Z [0m[[0m[0minfo[0m] [0m[0m[32m- should count all memories[0m[0m
Test (ubuntu-latest, 21)	Run tests	2026-06-22T17:43:30.3502634Z [0m[[0m[0minfo[0m] [0m[0m[32m- should count memories with filter[0m[0m
Test (ubuntu-latest, 21)	Run tests	2026-06-22T17:43:30.3525787Z [0m[[0m[0minfo[0m] [0m[0m[32m- should clear all memories[0m[0m
Test (ubuntu-latest, 21)	Run tests	2026-06-22T17:43:30.3568966Z [0m[[0m[0minfo[0m] [0m[0m[32m- should get recent memories in order[0m[0m
Test (ubuntu-latest, 21)	Run tests	2026-06-22T17:43:30.3595895Z [0m[[0m[0minfo[0m] [0m[0m[32m- should embed all memories without embeddings[0m[0m
Test (ubuntu-latest, 21)	Run tests	2026-06-22T17:43:30.3626197Z [0m[[0m[0minfo[0m] [0m[0m[32m- should provide vector statistics[0m[0m
Test (ubuntu-latest, 21)	Run tests	2026-06-22T17:43:30.3650927Z [0m[[0m[0minfo[0m] [0m[0m[32m- should support AND filters[0m[0m
Test (ubuntu-latest, 21)	Run tests	2026-06-22T17:43:30.3675240Z [0m[[0m[0minfo[0m] [0m[0m[32m- should support OR filters[0m[0m
Test (ubuntu-latest, 21)	Run tests	2026-06-22T17:43:30.3693605Z [0m[[0m[0minfo[0m] [0m[0m[32m- should support NOT filters[0m[0m
Test (ubuntu-latest, 21)	Run tests	2026-06-22T17:43:30.3713658Z [0m[[0m[0minfo[0m] [0m[0m[32m- should handle empty search query[0m[0m
Test (ubuntu-latest, 21)	Run tests	2026-06-22T17:43:30.3728544Z [0m[[0m[0minfo[0m] [0m[0m[32m- should handle special characters in content[0m[0m
Test (ubuntu-latest, 21)	Run tests	2026-06-22T17:43:30.3742777Z [0m[[0m[0minfo[0m] [0m[0m[32m- should handle metadata with special characters[0m[0m
Test (ubuntu-latest, 21)	Run tests	2026-06-22T17:43:30.3757935Z [0m[[0m[0minfo[0m] [0m[0m[32m- should handle custom memory types[0m[0m
Test (ubuntu-latest, 21)	Run tests	2026-06-22T17:43:30.3798120Z [0m[[0m[0minfo[0m] [0m[0m[32mDocumentExtractorSpec:[0m[0m
Test (ubuntu-latest, 21)	Run tests	2026-06-22T17:43:30.3799209Z [0m[[0m[0minfo[0m] [0m[0m[32mDefaultDocumentExtractor[0m[0m
Test (ubuntu-latest, 21)	Run tests	2026-06-22T17:43:30.3826205Z [0m[[0m[0minfo[0m] [0m[0m[32m- should extract plain text content[0m[0m
Test (ubuntu-latest, 21)	Run tests	2026-06-22T17:43:30.3848739Z [0m[[0m[0minfo[0m] [0m[0m[32m- should extract markdown content[0m[0m
Test (ubuntu-latest, 21)	Run tests	2026-06-22T17:43:30.3872666Z [0m[[0m[0minfo[0m] [0m[0m[32m- should extract JSON content as text[0m[0m
Test (ubuntu-latest, 21)	Run tests	2026-06-22T17:43:30.3895018Z [0m[[0m[0minfo[0m] [0m[0m[32m- should extract XML content as text[0m[0m
Test (ubuntu-latest, 21)	Run tests	2026-06-22T17:43:30.3927666Z [0m[[0m[0minfo[0m] [0m[0m[32m- should extract CSV content as text[0m[0m
Test (ubuntu-latest, 21)	Run tests	2026-06-22T17:43:30.3940986Z [0m[[0m[0minfo[0m] [0m[0m[32m- should detect MIME type from bytes and filename[0m[0m
Test (ubuntu-latest, 21)	Run tests	2026-06-22T17:43:30.3954522Z [0m[[0m[0minfo[0m] [0m[0m[32m- should detect PDF MIME type[0m[0m
Test (ubuntu-latest, 21)	Run tests	2026-06-22T17:43:30.3957916Z [0m[[0m[0minfo[0m] [0m[0m[32m- should report ability to extract text formats[0m[0m
Test (ubuntu-latest, 21)	Run tests	2026-06-22T17:43:30.3959449Z [0m[[0m[0minfo[0m] [0m[0m[32m- should report inability to extract binary formats[0m[0m
Test (ubuntu-latest, 21)	Run tests	2026-06-22T17:43:30.3961783Z [0m[[0m[0minfo[0m] [0m[0m[32m- should use provided MIME type instead of detection[0m[0m
Test (ubuntu-latest, 21)	Run tests	2026-06-22T17:43:30.3979876Z [0m[[0m[0minfo[0m] [0m[0m[32m- should include filename in metadata[0m[0m
Test (ubuntu-latest, 21)	Run tests	2026-06-22T17:43:30.3998016Z [0m[[0m[0minfo[0m] [0m[0m[32m- should include byte length in metadata[0m[0m
Test (ubuntu-latest, 21)	Run tests	2026-06-22T17:43:30.4002192Z [0m[[0m[0minfo[0m] [0m[0m[32m- should handle empty content gracefully[0m[0m
Test (ubuntu-latest, 21)	Run tests	2026-06-22T17:43:30.4017585Z [0m[[0m[0minfo[0m] [0m[0m[32m- should handle non-UTF8 text gracefully[0m[0m
Test (ubuntu-latest, 21)	Run tests	2026-06-22T17:43:30.4035817Z [0m[[0m[0minfo[0m] [0m[0m[32m- should extract text from InputStream[0m[0m
Test (ubuntu-latest, 21)	Run tests	2026-06-22T17:43:30.4055988Z [0m[[0m[0minfo[0m] [0m[0m[32m- should extract UTF-8 content from InputStream[0m[0m
Test (ubuntu-latest, 21)	Run tests	2026-06-22T17:43:30.4059786Z [0m[[0m[0minfo[0m] [0m[0m[32m- should handle empty InputStream[0m[0m
Test (ubuntu-latest, 21)	Run tests	2026-06-22T17:43:30.4063502Z [0m[[0m[0minfo[0m] [0m[0m[32m- should use provided MIME type for stream extraction[0m[0m
Test (ubuntu-latest, 21)	Run tests	2026-06-22T17:43:30.4083160Z [0m[[0m[0minfo[0m] [0m[0m[32m- should extract text from HTML content[0m[0m
Test (ubuntu-latest, 21)	Run tests	2026-06-22T17:43:30.4101937Z [0m[[0m[0minfo[0m] [0m[0m[32m- should extract RST content as plain text[0m[0m
Test (ubuntu-latest, 21)	Run tests	2026-06-22T17:43:30.4123524Z [0m[[0m[0minfo[0m] [0m[0m[32m- should handle large text content[0m[0m
Test (ubuntu-latest, 21)	Run tests	2026-06-22T17:43:30.4142456Z [0m[[0m[0minfo[0m] [0m[0m[32m- should handle content with special characters[0m[0m
Test (ubuntu-latest, 21)	Run tests	2026-06-22T17:43:30.4151816Z [0m[[0m[0minfo[0m] [0m[0m[32m- should handle unknown MIME types in canExtract[0m[0m
Test (ubuntu-latest, 21)	Run tests	2026-06-22T17:43:30.4153252Z [0m[[0m[0minfo[0m] [0m[0m[32m- should handle text subtypes in canExtract[0m[0m
Test (ubuntu-latest, 21)	Run tests	2026-06-22T17:43:30.4200239Z [0m[[0m[0minfo[0m] [0m[0m[32mMCPTypesSpec:[0m[0m
Test (ubuntu-latest, 21)	Run tests	2026-06-22T17:43:30.4202168Z [0m[[0m[0minfo[0m] [0m[0m[32mJsonRpcRequest[0m[0m
Test (ubuntu-latest, 21)	Run tests	2026-06-22T17:43:30.4207058Z [0m[[0m[0minfo[0m] [0m[0m[32m- should serialize to JSON correctly[0m[0m
Test (ubuntu-latest, 21)	Run tests	2026-06-22T17:43:30.4209023Z [0m[[0m[0minfo[0m] [0m[0m[32m- should serialize without params[0m[0m
Test (ubuntu-latest, 21)	Run tests	2026-06-22T17:43:30.4212926Z [0m[[0m[0minfo[0m] [0m[0m[32m- should deserialize from JSON[0m[0m
Test (ubuntu-latest, 21)	Run tests	2026-06-22T17:43:30.4219324Z [0m[[0m[0minfo[0m] [0m[0m[32mJsonRpcNotification[0m[0m
Test (ubuntu-latest, 21)	Run tests	2026-06-22T17:43:30.4220582Z [0m[[0m[0minfo[0m] [0m[0m[32m- should serialize to JSON correctly[0m[0m
Test (ubuntu-latest, 21)	Run tests	2026-06-22T17:43:30.4221847Z [0m[[0m[0minfo[0m] [0m[0m[32m- should serialize without params[0m[0m
Test (ubuntu-latest, 21)	Run tests	2026-06-22T17:43:30.4222968Z [0m[[0m[0minfo[0m] [0m[0m[32mJsonRpcResponse[0m[0m
Test (ubuntu-latest, 21)	Run tests	2026-06-22T17:43:30.4224137Z [0m[[0m[0minfo[0m] [0m[0m[32m- should serialize successful response[0m[0m
Test (ubuntu-latest, 21)	Run tests	2026-06-22T17:43:30.4225272Z [0m[[0m[0minfo[0m] [0m[0m[32m- should serialize error response[0m[0m
Test (ubuntu-latest, 21)	Run tests	2026-06-22T17:43:30.4225975Z [0m[[0m[0minfo[0m] [0m[0m[32m- should deserialize from JSON[0m[0m
Test (ubuntu-latest, 21)	Run tests	2026-06-22T17:43:30.4226506Z [0m[[0m[0minfo[0m] [0m[0m[32mJsonRpcError[0m[0m
Test (ubuntu-latest, 21)	Run tests	2026-06-22T17:43:30.4235230Z [0m[[0m[0minfo[0m] [0m[0m[32m- should serialize with optional data[0m[0m
Test (ubuntu-latest, 21)	Run tests	2026-06-22T17:43:30.4237395Z [0m[[0m[0minfo[0m] [0m[0m[32m- should serialize without data[0m[0m
Test (ubuntu-latest, 21)	Run tests	2026-06-22T17:43:30.4238805Z [0m[[0m[0minfo[0m] [0m[0m[32mClientInfo[0m[0m
Test (ubuntu-latest, 21)	Run tests	2026-06-22T17:43:30.4239875Z [0m[[0m[0minfo[0m] [0m[0m[32m- should serialize correctly[0m[0m
Test (ubuntu-latest, 21)	Run tests	2026-06-22T17:43:30.4240932Z [0m[[0m[0minfo[0m] [0m[0m[32mServerInfo[0m[0m
Test (ubuntu-latest, 21)	Run tests	2026-06-22T17:43:30.4241977Z [0m[[0m[0minfo[0m] [0m[0m[32m- should serialize correctly[0m[0m
Test (ubuntu-latest, 21)	Run tests	2026-06-22T17:43:30.4243050Z [0m[[0m[0minfo[0m] [0m[0m[32mMCPCapabilities[0m[0m
Test (ubuntu-latest, 21)	Run tests	2026-06-22T17:43:30.4244684Z [0m[[0m[0minfo[0m] [0m[0m[32m- should have sensible defaults[0m[0m
Test (ubuntu-latest, 21)	Run tests	2026-06-22T17:43:30.4246156Z [0m[[0m[0minfo[0m] [0m[0m[32m- should serialize to JSON[0m[0m
Test (ubuntu-latest, 21)	Run tests	2026-06-22T17:43:30.4247180Z [0m[[0m[0minfo[0m] [0m[0m[32mInitializeRequest[0m[0m
Test (ubuntu-latest, 21)	Run tests	2026-06-22T17:43:30.4248223Z [0m[[0m[0minfo[0m] [0m[0m[32m- should serialize correctly[0m[0m
Test (ubuntu-latest, 21)	Run tests	2026-06-22T17:43:30.4249251Z [0m[[0m[0minfo[0m] [0m[0m[32mInitializeResponse[0m[0m
Test (ubuntu-latest, 21)	Run tests	2026-06-22T17:43:30.4250321Z [0m[[0m[0minfo[0m] [0m[0m[32m- should deserialize correctly[0m[0m
Test (ubuntu-latest, 21)	Run tests	2026-06-22T17:43:30.4251334Z [0m[[0m[0minfo[0m] [0m[0m[32mMCPTool[0m[0m
Test (ubuntu-latest, 21)	Run tests	2026-06-22T17:43:30.4255011Z [0m[[0m[0minfo[0m] [0m[0m[32m- should serialize correctly[0m[0m
Test (ubuntu-latest, 21)	Run tests	2026-06-22T17:43:30.4257990Z [0m[[0m[0minfo[0m] [0m[0m[32m- should deserialize correctly[0m[0m
Test (ubuntu-latest, 21)	Run tests	2026-06-22T17:43:30.4259033Z [0m[[0m[0minfo[0m] [0m[0m[32mToolsListResponse[0m[0m
Test (ubuntu-latest, 21)	Run tests	2026-06-22T17:43:30.4264106Z [0m[[0m[0minfo[0m] [0m[0m[32m- should serialize list of tools[0m[0m
Test (ubuntu-latest, 21)	Run tests	2026-06-22T17:43:30.4266631Z [0m[[0m[0minfo[0m] [0m[0m[32m- should deserialize empty list[0m[0m
Test (ubuntu-latest, 21)	Run tests	2026-06-22T17:43:30.4267749Z [0m[[0m[0minfo[0m] [0m[0m[32mToolsCallRequest[0m[0m
Test (ubuntu-latest, 21)	Run tests	2026-06-22T17:43:30.4289377Z [0m[[0m[0minfo[0m] [0m[0m[32m- should serialize with arguments[0m[0m
Test (ubuntu-latest, 21)	Run tests	2026-06-22T17:43:30.4290647Z [0m[[0m[0minfo[0m] [0m[0m[32m- should serialize without arguments[0m[0m
Test (ubuntu-latest, 21)	Run tests	2026-06-22T17:43:30.4294472Z [0m[[0m[0minfo[0m] [0m[0m[32mToolsCallResponse[0m[0m
Test (ubuntu-latest, 21)	Run tests	2026-06-22T17:43:30.4296070Z [0m[[0m[0minfo[0m] [0m[0m[32m- should serialize with content[0m[0m
Test (ubuntu-latest, 21)	Run tests	2026-06-22T17:43:30.4297190Z [0m[[0m[0minfo[0m] [0m[0m[32m- should serialize error response[0m[0m
Test (ubuntu-latest, 21)	Run tests	2026-06-22T17:43:30.4298247Z [0m[[0m[0minfo[0m] [0m[0m[32mMCPContent[0m[0m
Test (ubuntu-latest, 21)	Run tests	2026-06-22T17:43:30.4299206Z [0m[[0m[0minfo[0m] [0m[0m[32m- should serialize text content[0m[0m
Test (ubuntu-latest, 21)	Run tests	2026-06-22T17:43:30.4475481Z [0m[[0m[0minfo[0m] [0m[0m[32m- should serialize resource content[0m[0m
Test (ubuntu-latest, 21)	Run tests	2026-06-22T17:43:30.4480232Z [0m[[0m[0minfo[0m] [0m[0m[32m- should serialize with annotations[0m[0m
Test (ubuntu-latest, 21)	Run tests	2026-06-22T17:43:30.4482132Z [0m[[0m[0minfo[0m] [0m[0m[32mResourceReference[0m[0m
Test (ubuntu-latest, 21)	Run tests	2026-06-22T17:43:30.4483114Z [0m[[0m[0minfo[0m] [0m[0m[32m- should serialize with type[0m[0m
Test (ubuntu-latest, 21)	Run tests	2026-06-22T17:43:30.4484143Z [0m[[0m[0minfo[0m] [0m[0m[32m- should serialize without type[0m[0m
Test (ubuntu-latest, 21)	Run tests	2026-06-22T17:43:30.4485488Z [0m[[0m[0minfo[0m] [0m[0m[32mMCPErrorCodes[0m[0m
Test (ubuntu-latest, 21)	Run tests	2026-06-22T17:43:30.4487023Z [0m[[0m[0minfo[0m] [0m[0m[32m- should define standard JSON-RPC error codes[0m[0m
Test (ubuntu-latest, 21)	Run tests	2026-06-22T17:43:30.4488325Z [0m[[0m[0minfo[0m] [0m[0m[32m- should define MCP-specific error codes[0m[0m
Test (ubuntu-latest, 21)	Run tests	2026-06-22T17:43:30.4489453Z [0m[[0m[0minfo[0m] [0m[0m[32m- should return correct error messages[0m[0m
Test (ubuntu-latest, 21)	Run tests	2026-06-22T17:43:30.4491079Z [0m[[0m[0minfo[0m] [0m[0m[32m- should create transport error[0m[0m
Test (ubuntu-latest, 21)	Run tests	2026-06-22T17:43:30.4505512Z [0m[[0m[0minfo[0m] [0m[0m[32m- should create timeout error[0m[0m
Test (ubuntu-latest, 21)	Run tests	2026-06-22T17:43:30.4510717Z [0m[[0m[0minfo[0m] [0m[0m[32m- should create tool not found error[0m[0m
Test (ubuntu-latest, 21)	Run tests	2026-06-22T17:43:30.4511916Z [0m[[0m[0minfo[0m] [0m[0m[32m- should create tool execution error[0m[0m
Test (ubuntu-latest, 21)	Run tests	2026-06-22T17:43:30.4522578Z [0m[[0m[0minfo[0m] [0m[0m[32mAgentUsageTransitionsSpec:[0m[0m
Test (ubuntu-latest, 21)	Run tests	2026-06-22T17:43:30.4523373Z [0m[[0m[0minfo[0m] [0m[0m[32mAgent.continueConversation[0m[0m
Test (ubuntu-latest, 21)	Run tests	2026-06-22T17:43:30.4533873Z [0m[[0m[0minfo[0m] [0m[0m[32m- should carry usageSummary forward across turns[0m[0m
Test (ubuntu-latest, 21)	Run tests	2026-06-22T17:43:30.4535518Z [0m[[0m[0minfo[0m] [0m[0m[32mAgent handoff[0m[0m
Test (ubuntu-latest, 21)	Run tests	2026-06-22T17:43:30.4541418Z [0m[[0m[0minfo[0m] [0m[0m[32m- should merge sub-agent usageSummary into the parent state[0m[0m
Test (ubuntu-latest, 21)	Run tests	2026-06-22T17:43:30.4550243Z [0m[[0m[0minfo[0m] [0m[0m[32m- should accumulate usageSummary correctly across a nested handoff chain[0m[0m
Test (ubuntu-latest, 21)	Run tests	2026-06-22T17:43:30.4551930Z [0m[[0m[0minfo[0m] [0m[0m[32m- should not double count usage for a single completion[0m[0m
Test (ubuntu-latest, 21)	Run tests	2026-06-22T17:43:30.4568349Z [0m[[0m[0minfo[0m] [0m[0m[32mAnthropicClientSpec:[0m[0m
Test (ubuntu-latest, 21)	Run tests	2026-06-22T17:43:30.4949915Z [0m[[0m[0minfo[0m] [0m[0m[32m- anthropic client accepts custom metrics collector[0m[0m
Test (ubuntu-latest, 21)	Run tests	2026-06-22T17:43:30.4961035Z [0m[[0m[0minfo[0m] [0m[0m[32m- anthropic client uses noop metrics by default[0m[0m
Test (ubuntu-latest, 21)	Run tests	2026-06-22T17:43:30.4966681Z [0m[[0m[0minfo[0m] [0m[0m[32m- anthropic client returns correct context window[0m[0m
Test (ubuntu-latest, 21)	Run tests	2026-06-22T17:43:30.4979386Z [0m[[0m[0minfo[0m] [0m[0m[32m- anthropic client returns correct reserve completion[0m[0m
Test (ubuntu-latest, 21)	Run tests	2026-06-22T17:43:30.6486272Z [0m[[0m[0minfo[0m] [0m[0m[32m- anthropic client records provider exchanges when logging is enabled[0m[0m
Test (ubuntu-latest, 21)	Run tests	2026-06-22T17:43:30.6621874Z [0m[[0m[0minfo[0m] [0m[0m[32m- anthropic client request body does not send top_p by default[0m[0m
Test (ubuntu-latest, 21)	Run tests	2026-06-22T17:43:30.6645919Z [0m[[0m[0minfo[0m] [0m[0m[32mContextPrecisionSpec:[0m[0m
Test (ubuntu-latest, 21)	Run tests	2026-06-22T17:43:30.6647920Z [0m[[0m[0minfo[0m] [0m[0m[32mContextPrecision[0m[0m
Test (ubuntu-latest, 21)	Run tests	2026-06-22T17:43:30.6649949Z [0m[[0m[0minfo[0m] [0m[0m[32m- should have correct metadata[0m[0m
Test (ubuntu-latest, 21)	Run tests	2026-06-22T17:43:30.6654143Z [0m[[0m[0minfo[0m] [0m[0m[32m- should return score 1.0 when relevant doc is at position 1[0m[0m
Test (ubuntu-latest, 21)	Run tests	2026-06-22T17:43:30.6658118Z [0m[[0m[0minfo[0m] [0m[0m[32m- should return score 1.0 when all relevant docs are at top positions[0m[0m
Test (ubuntu-latest, 21)	Run tests	2026-06-22T17:43:30.6661039Z [0m[[0m[0minfo[0m] [0m[0m[32m- should return lower score when relevant docs are at lower positions[0m[0m
Test (ubuntu-latest, 21)	Run tests	2026-06-22T17:43:30.6663162Z [0m[[0m[0minfo[0m] [0m[0m[32m- should return score 0.0 when no contexts are relevant[0m[0m
Test (ubuntu-latest, 21)	Run tests	2026-06-22T17:43:30.6664649Z [0m[[0m[0minfo[0m] [0m[0m[32m- should fail when ground truth is missing[0m[0m
Test (ubuntu-latest, 21)	Run tests	2026-06-22T17:43:30.6666678Z [0m[[0m[0minfo[0m] [0m[0m[32m- should return score 0.0 when ground truth is empty[0m[0m
Test (ubuntu-latest, 21)	Run tests	2026-06-22T17:43:30.6668033Z [0m[[0m[0minfo[0m] [0m[0m[32m- should return score 0.0 when no contexts provided[0m[0m
Test (ubuntu-latest, 21)	Run tests	2026-06-22T17:43:30.6672875Z [0m[[0m[0minfo[0m] [0m[0m[32m- should handle JSON response wrapped in markdown code blocks[0m[0m
Test (ubuntu-latest, 21)	Run tests	2026-06-22T17:43:30.6676421Z [0m[[0m[0minfo[0m] [0m[0m[32m- should include details about relevance per position in result[0m[0m
Test (ubuntu-latest, 21)	Run tests	2026-06-22T17:43:30.6678606Z [0m[[0m[0minfo[0m] [0m[0m[32m- should propagate LLM client errors[0m[0m
Test (ubuntu-latest, 21)	Run tests	2026-06-22T17:43:30.6683395Z [0m[[0m[0minfo[0m] [0m[0m[32m- should return error on malformed JSON response[0m[0m
Test (ubuntu-latest, 21)	Run tests	2026-06-22T17:43:30.6687253Z [0m[[0m[0minfo[0m] [0m[0m[32m- should treat whitespace-only contexts as empty[0m[0m
Test (ubuntu-latest, 21)	Run tests	2026-06-22T17:43:30.6716424Z [0m[[0m[0minfo[0m] [0m[0m[32mGeminiClientHttpSpec:[0m[0m
Test (ubuntu-latest, 21)	Run tests	2026-06-22T17:43:30.6717600Z [0m[[0m[0minfo[0m] [0m[0m[32mGeminiClient.complete()[0m[0m
Test (ubuntu-latest, 21)	Run tests	2026-06-22T17:43:30.7129583Z [0m[[0m[0minfo[0m] [0m[0m[32m- should parse text content from a 200 response[0m[0m
Test (ubuntu-latest, 21)	Run tests	2026-06-22T17:43:30.7140593Z [0m[[0m[0minfo[0m] [0m[0m[32m- should parse token usage from the response[0m[0m
Test (ubuntu-latest, 21)	Run tests	2026-06-22T17:43:30.7151666Z [0m[[0m[0minfo[0m] [0m[0m[32m- should parse a tool call response[0m[0m
Test (ubuntu-latest, 21)	Run tests	2026-06-22T17:43:30.7162593Z 17:43:30.715 [pool-1-thread-1-ScalaTest-running-GeminiClientHttpSpec] ERROR o.l.llmconnect.provider.GeminiClient - [Gemini] Error response: 401
Test (ubuntu-latest, 21)	Run tests	2026-06-22T17:43:30.7176703Z [0m[[0m[0minfo[0m] [0m[0m[32m- should return AuthenticationError on HTTP 401[0m[0m
Test (ubuntu-latest, 21)	Run tests	2026-06-22T17:43:30.7178538Z 17:43:30.717 [pool-1-thread-1-ScalaTest-running-GeminiClientHttpSpec] ERROR o.l.llmconnect.provider.GeminiClient - [Gemini] Error response: 403
Test (ubuntu-latest, 21)	Run tests	2026-06-22T17:43:30.7181258Z [0m[[0m[0minfo[0m] [0m[0m[32m- should return AuthenticationError on HTTP 403[0m[0m
Test (ubuntu-latest, 21)	Run tests	2026-06-22T17:43:30.7191329Z 17:43:30.718 [pool-1-thread-1-ScalaTest-running-GeminiClientHttpSpec] ERROR o.l.llmconnect.provider.GeminiClient - [Gemini] Error response: 429
Test (ubuntu-latest, 21)	Run tests	2026-06-22T17:43:30.7195978Z [0m[[0m[0minfo[0m] [0m[0m[32m- should return RateLimitError on HTTP 429[0m[0m
Test (ubuntu-latest, 21)	Run tests	2026-06-22T17:43:30.7205082Z 17:43:30.720 [pool-1-thread-1-ScalaTest-running-GeminiClientHttpSpec] ERROR o.l.llmconnect.provider.GeminiClient - [Gemini] Error response: 400
Test (ubuntu-latest, 21)	Run tests	2026-06-22T17:43:30.7209834Z [0m[[0m[0minfo[0m] [0m[0m[32m- should return ValidationError on HTTP 400[0m[0m
Test (ubuntu-latest, 21)	Run tests	2026-06-22T17:43:30.7217637Z 17:43:30.721 [pool-1-thread-1-ScalaTest-running-GeminiClientHttpSpec] ERROR o.l.llmconnect.provider.GeminiClient - [Gemini] Error response: 400
Test (ubuntu-latest, 21)	Run tests	2026-06-22T17:43:30.7223090Z [0m[[0m[0minfo[0m] [0m[0m[32m- should return AuthenticationError when Gemini reports an invalid API key with HTTP 400[0m[0m
Test (ubuntu-latest, 21)	Run tests	2026-06-22T17:43:30.7229249Z 17:43:30.722 [pool-1-thread-1-ScalaTest-running-GeminiClientHttpSpec] ERROR o.l.llmconnect.provider.GeminiClient - [Gemini] Error response: 400
Test (ubuntu-latest, 21)	Run tests	2026-06-22T17:43:30.7233285Z [0m[[0m[0minfo[0m] [0m[0m[32m- should keep non-auth Gemini HTTP 400 responses as ValidationError[0m[0m
Test (ubuntu-latest, 21)	Run tests	2026-06-22T17:43:30.7243273Z 17:43:30.724 [pool-1-thread-1-ScalaTest-running-GeminiClientHttpSpec] ERROR o.l.llmconnect.provider.GeminiClient - [Gemini] Error response: 500
Test (ubuntu-latest, 21)	Run tests	2026-06-22T17:43:30.7249561Z [0m[[0m[0minfo[0m] [0m[0m[32m- should return ServiceError on HTTP 500[0m[0m
Test (ubuntu-latest, 21)	Run tests	2026-06-22T17:43:30.7261345Z [0m[[0m[0minfo[0m] [0m[0m[32m- should record provider exchanges when logging is enabled[0m[0m
Test (ubuntu-latest, 21)	Run tests	2026-06-22T17:43:30.7273820Z [0m[[0m[0minfo[0m] [0m[0m[32m- should include responseMimeType and no responseSchema when ResponseFormat.Json is set[0m[0m
Test (ubuntu-latest, 21)	Run tests	2026-06-22T17:43:30.7288043Z [0m[[0m[0minfo[0m] [0m[0m[32m- should include responseMimeType and responseSchema when ResponseFormat.JsonSchema is set[0m[0m
Test (ubuntu-latest, 21)	Run tests	2026-06-22T17:43:30.7299561Z [0m[[0m[0minfo[0m] [0m[0m[32m- should omit responseMimeType and responseSchema when responseFormat is not set[0m[0m
Test (ubuntu-latest, 21)	Run tests	2026-06-22T17:43:30.7302176Z [0m[[0m[0minfo[0m] [0m[0m[32mGeminiClient.streamComplete()[0m[0m
Test (ubuntu-latest, 21)	Run tests	2026-06-22T17:43:30.7342026Z [0m[[0m[0minfo[0m] [0m[0m[32m- should parse SSE lines and accumulate into a Completion[0m[0m
Test (ubuntu-latest, 21)	Run tests	2026-06-22T17:43:30.7351811Z [0m[[0m[0minfo[0m] [0m[0m[32m- should parse token usage from the final SSE chunk[0m[0m
Test (ubuntu-latest, 21)	Run tests	2026-06-22T17:43:30.7365363Z [0m[[0m[0minfo[0m] [0m[0m[32m- should record provider exchanges for streaming responses when logging is enabled[0m[0m
Test (ubuntu-latest, 21)	Run tests	2026-06-22T17:43:30.7372896Z 17:43:30.737 [pool-1-thread-1-ScalaTest-running-GeminiClientHttpSpec] ERROR o.l.llmconnect.provider.GeminiClient - [Gemini] Error response: 401
Test (ubuntu-latest, 21)	Run tests	2026-06-22T17:43:30.7378403Z [0m[[0m[0minfo[0m] [0m[0m[32m- should return an error for non-200 status before reading the body[0m[0m
Test (ubuntu-latest, 21)	Run tests	2026-06-22T17:43:30.7379835Z [0m[[0m[0minfo[0m] [0m[0m[32mGeminiClient.convertToolToGeminiFormat()[0m[0m
Test (ubuntu-latest, 21)	Run tests	2026-06-22T17:43:30.7387720Z [0m[[0m[0minfo[0m] [0m[0m[32m- should strip 'strict' and 'additionalProperties' from schema[0m[0m
Test (ubuntu-latest, 21)	Run tests	2026-06-22T17:43:30.7398825Z [0m[[0m[0minfo[0m] [0m[0m[32m- should include name, description and parameters in the result[0m[0m
Test (ubuntu-latest, 21)	Run tests	2026-06-22T17:43:30.7450360Z [0m[[0m[0minfo[0m] [0m[0m[32mImageGenerationClientsTest:[0m[0m
Test (ubuntu-latest, 21)	Run tests	2026-06-22T17:43:30.7457547Z 17:43:30.745 [pool-1-thread-1-ScalaTest-running-ImageGenerationClientsTest] WARN  o.l.i.provider.OpenAIImageClient - dall-e-2 is deprecated and scheduled for removal on 2026-05-12. Migrate to gpt-image-1, gpt-image-1-mini, gpt-image-1.5. See https://platform.openai.com/docs/deprecations.
Test (ubuntu-latest, 21)	Run tests	2026-06-22T17:43:30.7464384Z [0m[[0m[0minfo[0m] [0m[0m[32m- OpenAIImageClient should generate single image[0m[0m
Test (ubuntu-latest, 21)	Run tests	2026-06-22T17:43:30.7469818Z 17:43:30.746 [pool-1-thread-1-ScalaTest-running-ImageGenerationClientsTest] WARN  o.l.i.provider.OpenAIImageClient - dall-e-2 is deprecated and scheduled for removal on 2026-05-12. Migrate to gpt-image-1, gpt-image-1-mini, gpt-image-1.5. See https://platform.openai.com/docs/deprecations.
Test (ubuntu-latest, 21)	Run tests	2026-06-22T17:43:30.7472635Z [0m[[0m[0minfo[0m] [0m[0m[32m- OpenAIImageClient should generate multiple images[0m[0m
Test (ubuntu-latest, 21)	Run tests	2026-06-22T17:43:30.7477442Z 17:43:30.747 [pool-1-thread-1-ScalaTest-running-ImageGenerationClientsTest] WARN  o.l.i.provider.OpenAIImageClient - dall-e-2 is deprecated and scheduled for removal on 2026-05-12. Migrate to gpt-image-1, gpt-image-1-mini, gpt-image-1.5. See https://platform.openai.com/docs/deprecations.
Test (ubuntu-latest, 21)	Run tests	2026-06-22T17:43:30.7480594Z [0m[[0m[0minfo[0m] [0m[0m[32m- OpenAIImageClient should parse URL response format[0m[0m
Test (ubuntu-latest, 21)	Run tests	2026-06-22T17:43:30.7485552Z 17:43:30.748 [pool-1-thread-1-ScalaTest-running-ImageGenerationClientsTest] WARN  o.l.i.provider.OpenAIImageClient - dall-e-2 is deprecated and scheduled for removal on 2026-05-12. Migrate to gpt-image-1, gpt-image-1-mini, gpt-image-1.5. See https://platform.openai.com/docs/deprecations.
Test (ubuntu-latest, 21)	Run tests	2026-06-22T17:43:30.7488691Z [0m[[0m[0minfo[0m] [0m[0m[32m- OpenAIImageClient should handle API errors[0m[0m
Test (ubuntu-latest, 21)	Run tests	2026-06-22T17:43:30.7492190Z 17:43:30.748 [pool-1-thread-1-ScalaTest-running-ImageGenerationClientsTest] WARN  o.l.i.provider.OpenAIImageClient - dall-e-2 is deprecated and scheduled for removal on 2026-05-12. Migrate to gpt-image-1, gpt-image-1-mini, gpt-image-1.5. See https://platform.openai.com/docs/deprecations.
Test (ubuntu-latest, 21)	Run tests	2026-06-22T17:43:30.7496830Z [0m[[0m[0minfo[0m] [0m[0m[32m- OpenAIImageClient should handle 401 Unauthorized[0m[0m
Test (ubuntu-latest, 21)	Run tests	2026-06-22T17:43:30.7498889Z 17:43:30.749 [pool-1-thread-1-ScalaTest-running-ImageGenerationClientsTest] WARN  o.l.i.provider.OpenAIImageClient - dall-e-2 is deprecated and scheduled for removal on 2026-05-12. Migrate to gpt-image-1, gpt-image-1-mini, gpt-image-1.5. See https://platform.openai.com/docs/deprecations.
Test (ubuntu-latest, 21)	Run tests	2026-06-22T17:43:30.7503258Z [0m[[0m[0minfo[0m] [0m[0m[32m- OpenAIImageClient should handle 429 Rate Limit[0m[0m
Test (ubuntu-latest, 21)	Run tests	2026-06-22T17:43:30.7508830Z 17:43:30.750 [pool-1-thread-1-ScalaTest-running-ImageGenerationClientsTest] WARN  o.l.i.provider.OpenAIImageClient - dall-e-2 is deprecated and scheduled for removal on 2026-05-12. Migrate to gpt-image-1, gpt-image-1-mini, gpt-image-1.5. See https://platform.openai.com/docs/deprecations.
Test (ubuntu-latest, 21)	Run tests	2026-06-22T17:43:30.7511485Z [0m[[0m[0minfo[0m] [0m[0m[32m- OpenAIImageClient should validate prompt[0m[0m
Test (ubuntu-latest, 21)	Run tests	2026-06-22T17:43:30.7513910Z 17:43:30.751 [pool-1-thread-1-ScalaTest-running-ImageGenerationClientsTest] WARN  o.l.i.provider.OpenAIImageClient - dall-e-2 is deprecated and scheduled for removal on 2026-05-12. Migrate to gpt-image-1, gpt-image-1-mini, gpt-image-1.5. See https://platform.openai.com/docs/deprecations.
Test (ubuntu-latest, 21)	Run tests	2026-06-22T17:43:30.7522263Z [0m[[0m[0minfo[0m] [0m[0m[32m- OpenAIImageClient should validate count[0m[0m
Test (ubuntu-latest, 21)	Run tests	2026-06-22T17:43:30.7526672Z 17:43:30.751 [pool-1-thread-1-ScalaTest-running-ImageGenerationClientsTest] WARN  o.l.i.provider.OpenAIImageClient - dall-e-2 is deprecated and scheduled for removal on 2026-05-12. Migrate to gpt-image-1, gpt-image-1-mini, gpt-image-1.5. See https://platform.openai.com/docs/deprecations.
Test (ubuntu-latest, 21)	Run tests	2026-06-22T17:43:30.7528590Z [0m[[0m[0minfo[0m] [0m[0m[32m- OpenAIImageClient health check should return healthy[0m[0m
Test (ubuntu-latest, 21)	Run tests	2026-06-22T17:43:30.7530965Z 17:43:30.752 [pool-1-thread-1-ScalaTest-running-ImageGenerationClientsTest] WARN  o.l.i.provider.OpenAIImageClient - dall-e-2 is deprecated and scheduled for removal on 2026-05-12. Migrate to gpt-image-1, gpt-image-1-mini, gpt-image-1.5. See https://platform.openai.com/docs/deprecations.
Test (ubuntu-latest, 21)	Run tests	2026-06-22T17:43:30.7755513Z [0m[[0m[0minfo[0m] [0m[0m[32m- OpenAIImageClient should support editImage[0m[0m
Test (ubuntu-latest, 21)	Run tests	2026-06-22T17:43:30.7757999Z 17:43:30.775 [pool-1-thread-1-ScalaTest-running-ImageGenerationClientsTest] WARN  o.l.i.provider.OpenAIImageClient - dall-e-2 is deprecated and scheduled for removal on 2026-05-12. Migrate to gpt-image-1, gpt-image-1-mini, gpt-image-1.5. See https://platform.openai.com/docs/deprecations.
Test (ubuntu-latest, 21)	Run tests	2026-06-22T17:43:30.7762321Z [0m[[0m[0minfo[0m] [0m[0m[32m- OpenAIImageClient should handle malformed JSON response[0m[0m
Test (ubuntu-latest, 21)	Run tests	2026-06-22T17:43:30.7765432Z 17:43:30.776 [pool-1-thread-1-ScalaTest-running-ImageGenerationClientsTest] WARN  o.l.i.provider.OpenAIImageClient - dall-e-2 is deprecated and scheduled for removal on 2026-05-12. Migrate to gpt-image-1, gpt-image-1-mini, gpt-image-1.5. See https://platform.openai.com/docs/deprecations.
Test (ubuntu-latest, 21)	Run tests	2026-06-22T17:43:30.7769433Z [0m[[0m[0minfo[0m] [0m[0m[32m- OpenAIImageClient should handle empty response body[0m[0m
Test (ubuntu-latest, 21)	Run tests	2026-06-22T17:43:30.7772137Z 17:43:30.776 [pool-1-thread-1-ScalaTest-running-ImageGenerationClientsTest] WARN  o.l.i.provider.OpenAIImageClient - dall-e-2 is deprecated and scheduled for removal on 2026-05-12. Migrate to gpt-image-1, gpt-image-1-mini, gpt-image-1.5. See https://platform.openai.com/docs/deprecations.
Test (ubuntu-latest, 21)	Run tests	2026-06-22T17:43:30.7979934Z [0m[[0m[0minfo[0m] [0m[0m[32m- OpenAIImageClient should support async methods[0m[0m
Test (ubuntu-latest, 21)	Run tests	2026-06-22T17:43:30.8055779Z [0m[[0m[0minfo[0m] [0m[0m[32m- HuggingFaceClient should generate single image[0m[0m
Test (ubuntu-latest, 21)	Run tests	2026-06-22T17:43:30.8062083Z [0m[[0m[0minfo[0m] [0m[0m[32m- HuggingFaceClient should generate multiple images (looping)[0m[0m
Test (ubuntu-latest, 21)	Run tests	2026-06-22T17:43:30.8068377Z 17:43:30.806 [pool-1-thread-1-ScalaTest-running-ImageGenerationClientsTest] ERROR o.l.i.provider.HuggingFaceClient - Error generating images: Invalid request
Test (ubuntu-latest, 21)	Run tests	2026-06-22T17:43:30.8070642Z [0m[[0m[0minfo[0m] [0m[0m[32m- HuggingFaceClient should map API error[0m[0m
Test (ubuntu-latest, 21)	Run tests	2026-06-22T17:43:30.8074534Z 17:43:30.807 [pool-1-thread-1-ScalaTest-running-ImageGenerationClientsTest] ERROR o.l.i.provider.HuggingFaceClient - Error generating images: Unauthorized
Test (ubuntu-latest, 21)	Run tests	2026-06-22T17:43:30.8076974Z [0m[[0m[0minfo[0m] [0m[0m[32m- HuggingFaceClient should handle 401 Unauthorized[0m[0m
Test (ubuntu-latest, 21)	Run tests	2026-06-22T17:43:30.8088798Z 17:43:30.808 [pool-1-thread-1-ScalaTest-running-ImageGenerationClientsTest] ERROR o.l.i.provider.HuggingFaceClient - Error generating images: Rate limit
Test (ubuntu-latest, 21)	Run tests	2026-06-22T17:43:30.8108328Z [0m[[0m[0minfo[0m] [0m[0m[32m- HuggingFaceClient should handle 429 Rate Limit[0m[0m
Test (ubuntu-latest, 21)	Run tests	2026-06-22T17:43:30.8109593Z [0m[[0m[0minfo[0m] [0m[0m[32m- HuggingFaceClient health check should return healthy[0m[0m
Test (ubuntu-latest, 21)	Run tests	2026-06-22T17:43:30.8125967Z [0m[[0m[0minfo[0m] [0m[0m[32m- HuggingFaceClient should support async methods[0m[0m
Test (ubuntu-latest, 21)	Run tests	2026-06-22T17:43:30.8135553Z [0m[[0m[0minfo[0m] [0m[0m[32m- StableDiffusionClient should generate single image[0m[0m
Test (ubuntu-latest, 21)	Run tests	2026-06-22T17:43:30.8143614Z [0m[[0m[0minfo[0m] [0m[0m[32m- StableDiffusionClient should generate multiple images[0m[0m
Test (ubuntu-latest, 21)	Run tests	2026-06-22T17:43:30.8149659Z 17:43:30.814 [pool-1-thread-1-ScalaTest-running-ImageGenerationClientsTest] ERROR o.l.i.provider.StableDiffusionClient - API request failed with status 400: {"error":{"message":"Invalid request"}}
Test (ubuntu-latest, 21)	Run tests	2026-06-22T17:43:30.8151350Z [0m[[0m[0minfo[0m] [0m[0m[32m- StableDiffusionClient should map API error[0m[0m
Test (ubuntu-latest, 21)	Run tests	2026-06-22T17:43:30.8157761Z [0m[[0m[0minfo[0m] [0m[0m[32m- StableDiffusionClient should handle 401 Unauthorized[0m[0m
Test (ubuntu-latest, 21)	Run tests	2026-06-22T17:43:30.8162798Z [0m[[0m[0minfo[0m] [0m[0m[32m- StableDiffusionClient should handle 429 Rate Limit[0m[0m
Test (ubuntu-latest, 21)	Run tests	2026-06-22T17:43:30.8170074Z [0m[[0m[0minfo[0m] [0m[0m[32m- StableDiffusionClient should handle malformed JSON response[0m[0m
Test (ubuntu-latest, 21)	Run tests	2026-06-22T17:43:30.8175147Z [0m[[0m[0minfo[0m] [0m[0m[32m- StableDiffusionClient health check should return healthy[0m[0m
Test (ubuntu-latest, 21)	Run tests	2026-06-22T17:43:30.8216338Z [0m[[0m[0minfo[0m] [0m[0m[32m- StabilityAIClient should generate single image[0m[0m
Test (ubuntu-latest, 21)	Run tests	2026-06-22T17:43:30.8222607Z [0m[[0m[0minfo[0m] [0m[0m[32m- StabilityAIClient should generate multiple images[0m[0m
Test (ubuntu-latest, 21)	Run tests	2026-06-22T17:43:30.8228747Z [0m[[0m[0minfo[0m] [0m[0m[32m- StabilityAIClient should handle API errors[0m[0m
Test (ubuntu-latest, 21)	Run tests	2026-06-22T17:43:30.8234901Z [0m[[0m[0minfo[0m] [0m[0m[32m- StabilityAIClient should handle 401 Unauthorized[0m[0m
Test (ubuntu-latest, 21)	Run tests	2026-06-22T17:43:30.8241358Z [0m[[0m[0minfo[0m] [0m[0m[32m- StabilityAIClient should handle 429 Rate Limit[0m[0m
Test (ubuntu-latest, 21)	Run tests	2026-06-22T17:43:30.8247460Z [0m[[0m[0minfo[0m] [0m[0m[32m- StabilityAIClient should handle 402 Payment Required[0m[0m
Test (ubuntu-latest, 21)	Run tests	2026-06-22T17:43:30.8251902Z [0m[[0m[0minfo[0m] [0m[0m[32m- StabilityAIClient should validate prompt[0m[0m
Test (ubuntu-latest, 21)	Run tests	2026-06-22T17:43:30.8256036Z [0m[[0m[0minfo[0m] [0m[0m[32m- StabilityAIClient should validate count[0m[0m
Test (ubuntu-latest, 21)	Run tests	2026-06-22T17:43:30.8264381Z [0m[[0m[0minfo[0m] [0m[0m[32m- StabilityAIClient health check should return healthy[0m[0m
Test (ubuntu-latest, 21)	Run tests	2026-06-22T17:43:30.8270905Z [0m[[0m[0minfo[0m] [0m[0m[32m- StabilityAIClient should handle malformed JSON response[0m[0m
Test (ubuntu-latest, 21)	Run tests	2026-06-22T17:43:30.8297167Z [0m[[0m[0minfo[0m] [0m[0m[32m- StabilityAIClient should support async methods[0m[0m
Test (ubuntu-latest, 21)	Run tests	2026-06-22T17:43:30.8304376Z [0m[[0m[0minfo[0m] [0m[0m[32m- StabilityAIClient should handle negative prompts[0m[0m
Test (ubuntu-latest, 21)	Run tests	2026-06-22T17:43:30.8330138Z [0m[[0m[0minfo[0m] [0m[0m[32m- HttpClient should return failure on exception[0m[0m
Test (ubuntu-latest, 21)	Run tests	2026-06-22T17:43:30.8367274Z [0m[[0m[0minfo[0m] [0m[0m[32mTestDatasetSpec:[0m[0m
Test (ubuntu-latest, 21)	Run tests	2026-06-22T17:43:30.8368616Z [0m[[0m[0minfo[0m] [0m[0m[32mTestDataset[0m[0m
Test (ubuntu-latest, 21)	Run tests	2026-06-22T17:43:30.8372984Z [0m[[0m[0minfo[0m] [0m[0m[32m- should parse JSON with all fields[0m[0m
Test (ubuntu-latest, 21)	Run tests	2026-06-22T17:43:30.8376256Z [0m[[0m[0minfo[0m] [0m[0m[32m- should parse JSON with minimal fields[0m[0m
Test (ubuntu-latest, 21)	Run tests	2026-06-22T17:43:30.8380035Z [0m[[0m[0minfo[0m] [0m[0m[32m- should parse JSON with null ground_truth[0m[0m
Test (ubuntu-latest, 21)	Run tests	2026-06-22T17:43:30.8381360Z [0m[[0m[0minfo[0m] [0m[0m[32m- should convert dataset to JSON[0m[0m
Test (ubuntu-latest, 21)	Run tests	2026-06-22T17:43:30.8386352Z [0m[[0m[0minfo[0m] [0m[0m[32m- should filter samples with ground truth[0m[0m
Test (ubuntu-latest, 21)	Run tests	2026-06-22T17:43:30.8389566Z [0m[[0m[0minfo[0m] [0m[0m[32m- should filter samples without ground truth[0m[0m
Test (ubuntu-latest, 21)	Run tests	2026-06-22T17:43:30.8395526Z [0m[[0m[0minfo[0m] [0m[0m[32m- should take first n samples[0m[0m
Test (ubuntu-latest, 21)	Run tests	2026-06-22T17:43:30.8400286Z [0m[[0m[0minfo[0m] [0m[0m[32m- should sample random subset[0m[0m
Test (ubuntu-latest, 21)	Run tests	2026-06-22T17:43:30.8403786Z [0m[[0m[0minfo[0m] [0m[0m[32m- should add metadata[0m[0m
Test (ubuntu-latest, 21)	Run tests	2026-06-22T17:43:30.8405158Z [0m[[0m[0minfo[0m] [0m[0m[32m- should create empty dataset[0m[0m
Test (ubuntu-latest, 21)	Run tests	2026-06-22T17:43:30.8406383Z [0m[[0m[0minfo[0m] [0m[0m[32m- should create single sample dataset[0m[0m
Test (ubuntu-latest, 21)	Run tests	2026-06-22T17:43:30.8411781Z [0m[[0m[0minfo[0m] [0m[0m[32m- should save and load dataset from file[0m[0m
Test (ubuntu-latest, 21)	Run tests	2026-06-22T17:43:30.8415735Z [0m[[0m[0minfo[0m] [0m[0m[32m- should fail gracefully for invalid JSON[0m[0m
Test (ubuntu-latest, 21)	Run tests	2026-06-22T17:43:30.8417220Z [0m[[0m[0minfo[0m] [0m[0m[32m- should fail gracefully for missing file[0m[0m
Test (ubuntu-latest, 21)	Run tests	2026-06-22T17:43:30.8420696Z [0m[[0m[0minfo[0m] [0m[0m[32m- should round-trip JSON conversion[0m[0m
Test (ubuntu-latest, 21)	Run tests	2026-06-22T17:43:30.8437967Z [0m[[0m[0minfo[0m] [0m[0m[32mOrchestrationTest:[0m[0m
Test (ubuntu-latest, 21)	Run tests	2026-06-22T17:43:30.8452563Z [0m[[0m[0minfo[0m] [0m[0m[32m- PlanRunner should execute simple DAG with cancellation support[0m[0m
Test (ubuntu-latest, 21)	Run tests	2026-06-22T17:43:30.8458010Z 17:43:30.845 [scala-execution-context-global-210] WARN  o.l.agent.orchestration.Policies$ - Agent flaky failed on attempt 1 of 5, retrying: NodeExecutionError: Node execution failed [flaky:flaky]: Simulated failure[component=node-execution,nodeId=flaky,nodeName=flaky,recoverable=true]
Test (ubuntu-latest, 21)	Run tests	2026-06-22T17:43:30.9464251Z 17:43:30.945 [scala-execution-context-global-210] WARN  o.l.agent.orchestration.Policies$ - Agent flaky failed on attempt 2 of 5, retrying: NodeExecutionError: Node execution failed [flaky:flaky]: Simulated failure[component=node-execution,nodeId=flaky,nodeName=flaky,recoverable=true]
Test (ubuntu-latest, 21)	Run tests	2026-06-22T17:43:31.1466658Z [0m[[0m[0minfo[0m] [0m[0m[32m- Policies should use non-blocking delays[0m[0m
Test (ubuntu-latest, 21)	Run tests	2026-06-22T17:43:31.1473662Z [0m[[0m[0minfo[0m] [0m[0m[32m- MDCContext should preserve context across async boundaries[0m[0m
Test (ubuntu-latest, 21)	Run tests	2026-06-22T17:43:31.1478061Z [0m[[0m[0minfo[0m] [0m[0m[32m- CancellationToken should support cancellation callbacks[0m[0m
Test (ubuntu-latest, 21)	Run tests	2026-06-22T17:43:31.5527415Z [0m[[0m[0minfo[0m] [0m[0m[32m- PlanRunner should respect maxConcurrentNodes limit[0m[0m
Test (ubuntu-latest, 21)	Run tests	2026-06-22T17:43:31.5542452Z [0m[[0m[0minfo[0m] [0m[0m[32mPgSearchIndexConfigLoaderSpec:[0m[0m
Test (ubuntu-latest, 21)	Run tests	2026-06-22T17:43:31.5548982Z [0m[[0m[0minfo[0m] [0m[0m[32mPgSearchIndexConfigLoader[0m[0m
Test (ubuntu-latest, 21)	Run tests	2026-06-22T17:43:31.5552648Z [0m[[0m[0minfo[0m] [0m[0m[32m- should successfully load valid PgConfig[0m[0m
Test (ubuntu-latest, 21)	Run tests	2026-06-22T17:43:31.5586530Z [0m[[0m[0minfo[0m] [0m[0m[32m- should fail when required fields are missing[0m[0m
Test (ubuntu-latest, 21)	Run tests	2026-06-22T17:43:31.5590347Z [0m[[0m[0minfo[0m] [0m[0m[32m- should fail when pg section is entirely missing[0m[0m
Test (ubuntu-latest, 21)	Run tests	2026-06-22T17:43:31.5594161Z [0m[[0m[0minfo[0m] [0m[0m[32m- should use default values where applicable[0m[0m
Test (ubuntu-latest, 21)	Run tests	2026-06-22T17:43:31.5643190Z [0m[[0m[0minfo[0m] [0m[0m[32mAssistantErrorSpec:[0m[0m
Test (ubuntu-latest, 21)	Run tests	2026-06-22T17:43:31.5644617Z [0m[[0m[0minfo[0m] [0m[0m[32mAssistantError.IOError[0m[0m
Test (ubuntu-latest, 21)	Run tests	2026-06-22T17:43:31.5647158Z [0m[[0m[0minfo[0m] [0m[0m[32m- should create with operation[0m[0m
Test (ubuntu-latest, 21)	Run tests	2026-06-22T17:43:31.5648882Z [0m[[0m[0minfo[0m] [0m[0m[32m- should create with cause[0m[0m
Test (ubuntu-latest, 21)	Run tests	2026-06-22T17:43:31.5650763Z [0m[[0m[0minfo[0m] [0m[0m[32m- should include component and operation in context[0m[0m
Test (ubuntu-latest, 21)	Run tests	2026-06-22T17:43:31.5668044Z [0m[[0m[0minfo[0m] [0m[0m[32m- should format correctly[0m[0m
Test (ubuntu-latest, 21)	Run tests	2026-06-22T17:43:31.5669187Z [0m[[0m[0minfo[0m] [0m[0m[32mAssistantError.EOFError[0m[0m
Test (ubuntu-latest, 21)	Run tests	2026-06-22T17:43:31.5670323Z [0m[[0m[0minfo[0m] [0m[0m[32m- should create with default read operation[0m[0m
Test (ubuntu-latest, 21)	Run tests	2026-06-22T17:43:31.5671592Z [0m[[0m[0minfo[0m] [0m[0m[32m- should include reason in context[0m[0m
Test (ubuntu-latest, 21)	Run tests	2026-06-22T17:43:31.5672757Z [0m[[0m[0minfo[0m] [0m[0m[32mAssistantError.DisplayError[0m[0m
Test (ubuntu-latest, 21)	Run tests	2026-06-22T17:43:31.5673936Z [0m[[0m[0minfo[0m] [0m[0m[32m- should create with display type[0m[0m
Test (ubuntu-latest, 21)	Run tests	2026-06-22T17:43:31.5675287Z [0m[[0m[0minfo[0m] [0m[0m[32m- should create with cause[0m[0m
Test (ubuntu-latest, 21)	Run tests	2026-06-22T17:43:31.5676472Z [0m[[0m[0minfo[0m] [0m[0m[32m- should include display type in context[0m[0m
Test (ubuntu-latest, 21)	Run tests	2026-06-22T17:43:31.5677639Z [0m[[0m[0minfo[0m] [0m[0m[32mAssistantError.SessionError[0m[0m
Test (ubuntu-latest, 21)	Run tests	2026-06-22T17:43:31.5678758Z [0m[[0m[0minfo[0m] [0m[0m[32m- should create with session ID and operation[0m[0m
Test (ubuntu-latest, 21)	Run tests	2026-06-22T17:43:31.5679794Z [0m[[0m[0minfo[0m] [0m[0m[32m- should include session context[0m[0m
Test (ubuntu-latest, 21)	Run tests	2026-06-22T17:43:31.5680728Z [0m[[0m[0minfo[0m] [0m[0m[32m- should create with cause[0m[0m
Test (ubuntu-latest, 21)	Run tests	2026-06-22T17:43:31.5681613Z [0m[[0m[0minfo[0m] [0m[0m[32mAssistantError.FileError[0m[0m
Test (ubuntu-latest, 21)	Run tests	2026-06-22T17:43:31.5682558Z [0m[[0m[0minfo[0m] [0m[0m[32m- should create with path and operation[0m[0m
Test (ubuntu-latest, 21)	Run tests	2026-06-22T17:43:31.5683810Z [0m[[0m[0minfo[0m] [0m[0m[32m- should include file context[0m[0m
Test (ubuntu-latest, 21)	Run tests	2026-06-22T17:43:31.5684492Z [0m[[0m[0minfo[0m] [0m[0m[32mAssistantError.SerializationError[0m[0m
Test (ubuntu-latest, 21)	Run tests	2026-06-22T17:43:31.5687064Z [0m[[0m[0minfo[0m] [0m[0m[32m- should create with data type and operation[0m[0m
Test (ubuntu-latest, 21)	Run tests	2026-06-22T17:43:31.5688489Z [0m[[0m[0minfo[0m] [0m[0m[32m- should include serialization context[0m[0m
Test (ubuntu-latest, 21)	Run tests	2026-06-22T17:43:31.5689483Z [0m[[0m[0minfo[0m] [0m[0m[32mAssistantError.CommandParseError[0m[0m
Test (ubuntu-latest, 21)	Run tests	2026-06-22T17:43:31.5690844Z [0m[[0m[0minfo[0m] [0m[0m[32m- should create with command and parse operation[0m[0m
Test (ubuntu-latest, 21)	Run tests	2026-06-22T17:43:31.5714566Z [0m[[0m[0minfo[0m] [0m[0m[32m- should include command context[0m[0m
Test (ubuntu-latest, 21)	Run tests	2026-06-22T17:43:31.5715905Z [0m[[0m[0minfo[0m] [0m[0m[32mAssistantError.sessionNotFound[0m[0m
Test (ubuntu-latest, 21)	Run tests	2026-06-22T17:43:31.5717012Z [0m[[0m[0minfo[0m] [0m[0m[32m- should create session not found error[0m[0m
Test (ubuntu-latest, 21)	Run tests	2026-06-22T17:43:31.5721196Z [0m[[0m[0minfo[0m] [0m[0m[32mAssistantError.sessionTitleNotFound[0m[0m
Test (ubuntu-latest, 21)	Run tests	2026-06-22T17:43:31.5727682Z [0m[[0m[0minfo[0m] [0m[0m[32m- should create session title not found error[0m[0m
Test (ubuntu-latest, 21)	Run tests	2026-06-22T17:43:31.5728757Z [0m[[0m[0minfo[0m] [0m[0m[32mAssistantError.fileReadFailed[0m[0m
Test (ubuntu-latest, 21)	Run tests	2026-06-22T17:43:31.5729775Z [0m[[0m[0minfo[0m] [0m[0m[32m- should create file read failed error[0m[0m
Test (ubuntu-latest, 21)	Run tests	2026-06-22T17:43:31.5730785Z [0m[[0m[0minfo[0m] [0m[0m[32mAssistantError.fileWriteFailed[0m[0m
Test (ubuntu-latest, 21)	Run tests	2026-06-22T17:43:31.5731806Z [0m[[0m[0minfo[0m] [0m[0m[32m- should create file write failed error[0m[0m
Test (ubuntu-latest, 21)	Run tests	2026-06-22T17:43:31.5732877Z [0m[[0m[0minfo[0m] [0m[0m[32mAssistantError.jsonSerializationFailed[0m[0m
Test (ubuntu-latest, 21)	Run tests	2026-06-22T17:43:31.5733957Z [0m[[0m[0minfo[0m] [0m[0m[32m- should create JSON serialization error[0m[0m
Test (ubuntu-latest, 21)	Run tests	2026-06-22T17:43:31.5735391Z [0m[[0m[0minfo[0m] [0m[0m[32mAssistantError.jsonDeserializationFailed[0m[0m
Test (ubuntu-latest, 21)	Run tests	2026-06-22T17:43:31.5738326Z [0m[[0m[0minfo[0m] [0m[0m[32m- should create JSON deserialization error[0m[0m
Test (ubuntu-latest, 21)	Run tests	2026-06-22T17:43:31.5742685Z [0m[[0m[0minfo[0m] [0m[0m[32mAssistantError.consoleInputFailed[0m[0m
Test (ubuntu-latest, 21)	Run tests	2026-06-22T17:43:31.5744066Z [0m[[0m[0minfo[0m] [0m[0m[32m- should create console input error[0m[0m
Test (ubuntu-latest, 21)	Run tests	2026-06-22T17:43:31.5745320Z [0m[[0m[0minfo[0m] [0m[0m[32mAssistantError.consoleOutputFailed[0m[0m
Test (ubuntu-latest, 21)	Run tests	2026-06-22T17:43:31.5746355Z [0m[[0m[0minfo[0m] [0m[0m[32m- should create console output error[0m[0m
Test (ubuntu-latest, 21)	Run tests	2026-06-22T17:43:31.5747394Z [0m[[0m[0minfo[0m] [0m[0m[32mAssistantError.emptyCommandTitle[0m[0m
Test (ubuntu-latest, 21)	Run tests	2026-06-22T17:43:31.5748571Z [0m[[0m[0minfo[0m] [0m[0m[32m- should create empty title error[0m[0m
Test (ubuntu-latest, 21)	Run tests	2026-06-22T17:43:31.5749519Z [0m[[0m[0minfo[0m] [0m[0m[32mAssistantError.unknownCommand[0m[0m
Test (ubuntu-latest, 21)	Run tests	2026-06-22T17:43:31.5750400Z [0m[[0m[0minfo[0m] [0m[0m[32m- should create unknown command error[0m[0m
Test (ubuntu-latest, 21)	Run tests	2026-06-22T17:43:31.5751300Z [0m[[0m[0minfo[0m] [0m[0m[32mAssistantError[0m[0m
Test (ubuntu-latest, 21)	Run tests	2026-06-22T17:43:31.5752311Z [0m[[0m[0minfo[0m] [0m[0m[32m- should format with context[0m[0m
Test (ubuntu-latest, 21)	Run tests	2026-06-22T17:43:31.5753324Z [0m[[0m[0minfo[0m] [0m[0m[32m- should format without context when empty[0m[0m
Test (ubuntu-latest, 21)	Run tests	2026-06-22T17:43:31.5754323Z [0m[[0m[0minfo[0m] [0m[0m[32mAssistantError subtypes[0m[0m
Test (ubuntu-latest, 21)	Run tests	2026-06-22T17:43:31.5755565Z [0m[[0m[0minfo[0m] [0m[0m[32m- should all extend AssistantError[0m[0m
Test (ubuntu-latest, 21)	Run tests	2026-06-22T17:43:31.5756750Z [0m[[0m[0minfo[0m] [0m[0m[32m- should be Products and Serializable[0m[0m
Test (ubuntu-latest, 21)	Run tests	2026-06-22T17:43:31.5767003Z [0m[[0m[0minfo[0m] [0m[0m[32mDocumentVersionSpec:[0m[0m
Test (ubuntu-latest, 21)	Run tests	2026-06-22T17:43:31.5778140Z [0m[[0m[0minfo[0m] [0m[0m[32mDocumentVersion[0m[0m
Test (ubuntu-latest, 21)	Run tests	2026-06-22T17:43:31.5779519Z [0m[[0m[0minfo[0m] [0m[0m[32m- should create version with content hash[0m[0m
Test (ubuntu-latest, 21)	Run tests	2026-06-22T17:43:31.5780890Z [0m[[0m[0minfo[0m] [0m[0m[32m- should create version with all fields[0m[0m
Test (ubuntu-latest, 21)	Run tests	2026-06-22T17:43:31.5782350Z [0m[[0m[0minfo[0m] [0m[0m[32m- should be equal when content hash matches[0m[0m
Test (ubuntu-latest, 21)	Run tests	2026-06-22T17:43:31.5783952Z [0m[[0m[0minfo[0m] [0m[0m[32mProviderExchangeSinkSpec:[0m[0m
Test (ubuntu-latest, 21)	Run tests	2026-06-22T17:43:31.5793884Z [0m[[0m[0minfo[0m] [0m[0m[32m- JsonlProviderExchangeSink appends redacted exchange records[0m[0m
Test (ubuntu-latest, 21)	Run tests	2026-06-22T17:43:31.5809609Z [0m[[0m[0minfo[0m] [0m[0m[32m- ProviderExchangeSink.createRunScopedJsonl creates a timestamped file in the directory[0m[0m
Test (ubuntu-latest, 21)	Run tests	2026-06-22T17:43:31.5815020Z [0m[[0m[0minfo[0m] [0m[0m[32m- ProviderExchangeSink.createRunScopedJsonl creates a collision-safe suffix when the base file exists[0m[0m
Test (ubuntu-latest, 21)	Run tests	2026-06-22T17:43:31.5916062Z [0m[[0m[0minfo[0m] [0m[0m[32m- ProviderExchangeSink.createRunScopedJsonl allocates unique files under parallel contention[0m[0m
Test (ubuntu-latest, 21)	Run tests	2026-06-22T17:43:31.5922495Z [0m[[0m[0minfo[0m] [0m[0m[32m- ProviderExchangeSink.createRunScopedJsonl fails when the directory path is an existing file[0m[0m
Test (ubuntu-latest, 21)	Run tests	2026-06-22T17:43:31.5967846Z [0m[[0m[0minfo[0m] [0m[0m[32m- ProviderExchangeSink.createRunScopedJsonl fails with ConfigurationError when the directory is not writable[0m[0m
Test (ubuntu-latest, 21)	Run tests	2026-06-22T17:43:31.6060544Z [0m[[0m[0minfo[0m] [0m[0m[32mNonRecoverableErrorSpec:[0m[0m
Test (ubuntu-latest, 21)	Run tests	2026-06-22T17:43:31.6064059Z [0m[[0m[0minfo[0m] [0m[0m[32mAuthenticationError[0m[0m
Test (ubuntu-latest, 21)	Run tests	2026-06-22T17:43:31.6070235Z [0m[[0m[0minfo[0m] [0m[0m[32m- should create with provider and details[0m[0m
Test (ubuntu-latest, 21)	Run tests	2026-06-22T17:43:31.6079166Z [0m[[0m[0minfo[0m] [0m[0m[32m- should create with error code[0m[0m
Test (ubuntu-latest, 21)	Run tests	2026-06-22T17:43:31.6082447Z [0m[[0m[0minfo[0m] [0m[0m[32m- should be a NonRecoverableError[0m[0m
Test (ubuntu-latest, 21)	Run tests	2026-06-22T17:43:31.6085440Z [0m[[0m[0minfo[0m] [0m[0m[32m- should create unauthorized error[0m[0m
Test (ubuntu-latest, 21)	Run tests	2026-06-22T17:43:31.6089506Z [0m[[0m[0minfo[0m] [0m[0m[32m- should create invalid API key error[0m[0m
Test (ubuntu-latest, 21)	Run tests	2026-06-22T17:43:31.6092001Z [0m[[0m[0minfo[0m] [0m[0m[32m- should support pattern matching[0m[0m
Test (ubuntu-latest, 21)	Run tests	2026-06-22T17:43:31.6092998Z [0m[[0m[0minfo[0m] [0m[0m[32mValidationError[0m[0m
Test (ubuntu-latest, 21)	Run tests	2026-06-22T17:43:31.6094002Z [0m[[0m[0minfo[0m] [0m[0m[32m- should create with single reason[0m[0m
Test (ubuntu-latest, 21)	Run tests	2026-06-22T17:43:31.6095356Z [0m[[0m[0minfo[0m] [0m[0m[32m- should create with multiple violations[0m[0m
Test (ubuntu-latest, 21)	Run tests	2026-06-22T17:43:31.6096493Z [0m[[0m[0minfo[0m] [0m[0m[32m- should be a NonRecoverableError[0m[0m
Test (ubuntu-latest, 21)	Run tests	2026-06-22T17:43:31.6097561Z [0m[[0m[0minfo[0m] [0m[0m[32m- should create required field error[0m[0m
Test (ubuntu-latest, 21)	Run tests	2026-06-22T17:43:31.6098641Z [0m[[0m[0minfo[0m] [0m[0m[32m- should create invalid field error[0m[0m
Test (ubuntu-latest, 21)	Run tests	2026-06-22T17:43:31.6099633Z [0m[[0m[0minfo[0m] [0m[0m[32m- should support adding violations[0m[0m
Test (ubuntu-latest, 21)	Run tests	2026-06-22T17:43:31.6100639Z [0m[[0m[0minfo[0m] [0m[0m[32m- should include violations in context[0m[0m
Test (ubuntu-latest, 21)	Run tests	2026-06-22T17:43:31.6101620Z [0m[[0m[0minfo[0m] [0m[0m[32m- should support pattern matching[0m[0m
Test (ubuntu-latest, 21)	Run tests	2026-06-22T17:43:31.6102531Z [0m[[0m[0minfo[0m] [0m[0m[32mConfigurationError[0m[0m
Test (ubuntu-latest, 21)	Run tests	2026-06-22T17:43:31.6103409Z [0m[[0m[0minfo[0m] [0m[0m[32m- should create with message[0m[0m
Test (ubuntu-latest, 21)	Run tests	2026-06-22T17:43:31.6104371Z [0m[[0m[0minfo[0m] [0m[0m[32m- should create with missing keys[0m[0m
Test (ubuntu-latest, 21)	Run tests	2026-06-22T17:43:31.6118278Z [0m[[0m[0minfo[0m] [0m[0m[32m- should be a NonRecoverableError[0m[0m
Test (ubuntu-latest, 21)	Run tests	2026-06-22T17:43:31.6119363Z [0m[[0m[0minfo[0m] [0m[0m[32m- should not include missingKeys in context when empty[0m[0m
Test (ubuntu-latest, 21)	Run tests	2026-06-22T17:43:31.6120315Z [0m[[0m[0minfo[0m] [0m[0m[32m- should support pattern matching[0m[0m
Test (ubuntu-latest, 21)	Run tests	2026-06-22T17:43:31.6120900Z [0m[[0m[0minfo[0m] [0m[0m[32mProcessingError[0m[0m
Test (ubuntu-latest, 21)	Run tests	2026-06-22T17:43:31.6121841Z [0m[[0m[0minfo[0m] [0m[0m[32m- should create with operation and message[0m[0m
Test (ubuntu-latest, 21)	Run tests	2026-06-22T17:43:31.6122836Z [0m[[0m[0minfo[0m] [0m[0m[32m- should create with cause[0m[0m
Test (ubuntu-latest, 21)	Run tests	2026-06-22T17:43:31.6123760Z [0m[[0m[0minfo[0m] [0m[0m[32m- should be a NonRecoverableError[0m[0m
Test (ubuntu-latest, 21)	Run tests	2026-06-22T17:43:31.6125006Z [0m[[0m[0minfo[0m] [0m[0m[32m- should create audio-specific errors[0m[0m
Test (ubuntu-latest, 21)	Run tests	2026-06-22T17:43:31.6126306Z [0m[[0m[0minfo[0m] [0m[0m[32m- should support pattern matching[0m[0m
Test (ubuntu-latest, 21)	Run tests	2026-06-22T17:43:31.6127234Z [0m[[0m[0minfo[0m] [0m[0m[32mInvalidInputError[0m[0m
Test (ubuntu-latest, 21)	Run tests	2026-06-22T17:43:31.6128220Z [0m[[0m[0minfo[0m] [0m[0m[32m- should create with field, value, and reason[0m[0m
Test (ubuntu-latest, 21)	Run tests	2026-06-22T17:43:31.6129291Z [0m[[0m[0minfo[0m] [0m[0m[32m- should be a NonRecoverableError[0m[0m
Test (ubuntu-latest, 21)	Run tests	2026-06-22T17:43:31.6130331Z [0m[[0m[0minfo[0m] [0m[0m[32m- should include all fields in context[0m[0m
Test (ubuntu-latest, 21)	Run tests	2026-06-22T17:43:31.6131358Z [0m[[0m[0minfo[0m] [0m[0m[32m- should support pattern matching[0m[0m
Test (ubuntu-latest, 21)	Run tests	2026-06-22T17:43:31.6132256Z [0m[[0m[0minfo[0m] [0m[0m[32mNotFoundError[0m[0m
Test (ubuntu-latest, 21)	Run tests	2026-06-22T17:43:31.6133148Z [0m[[0m[0minfo[0m] [0m[0m[32m- should create with message and key[0m[0m
Test (ubuntu-latest, 21)	Run tests	2026-06-22T17:43:31.6134192Z [0m[[0m[0minfo[0m] [0m[0m[32m- should be a NonRecoverableError[0m[0m
Test (ubuntu-latest, 21)	Run tests	2026-06-22T17:43:31.6135874Z [0m[[0m[0minfo[0m] [0m[0m[32m- should include key in context[0m[0m
Test (ubuntu-latest, 21)	Run tests	2026-06-22T17:43:31.6137220Z [0m[[0m[0minfo[0m] [0m[0m[32mContextError[0m[0m
Test (ubuntu-latest, 21)	Run tests	2026-06-22T17:43:31.6138202Z [0m[[0m[0minfo[0m] [0m[0m[32m- should create token budget exceeded error[0m[0m
Test (ubuntu-latest, 21)	Run tests	2026-06-22T17:43:31.6139263Z [0m[[0m[0minfo[0m] [0m[0m[32m- should create invalid trimming error[0m[0m
Test (ubuntu-latest, 21)	Run tests	2026-06-22T17:43:31.6140270Z [0m[[0m[0minfo[0m] [0m[0m[32m- should create conversation too large error[0m[0m
Test (ubuntu-latest, 21)	Run tests	2026-06-22T17:43:31.6141297Z [0m[[0m[0minfo[0m] [0m[0m[32m- should create empty result error[0m[0m
Test (ubuntu-latest, 21)	Run tests	2026-06-22T17:43:31.6142350Z [0m[[0m[0minfo[0m] [0m[0m[32m- should create semantic blocking failed error[0m[0m
Test (ubuntu-latest, 21)	Run tests	2026-06-22T17:43:31.6143412Z [0m[[0m[0minfo[0m] [0m[0m[32m- should create summarization failed error[0m[0m
Test (ubuntu-latest, 21)	Run tests	2026-06-22T17:43:31.6144436Z [0m[[0m[0minfo[0m] [0m[0m[32m- should create compression failed error[0m[0m
Test (ubuntu-latest, 21)	Run tests	2026-06-22T17:43:31.6145736Z [0m[[0m[0minfo[0m] [0m[0m[32m- should create pipeline failed error[0m[0m
Test (ubuntu-latest, 21)	Run tests	2026-06-22T17:43:31.6147478Z [0m[[0m[0minfo[0m] [0m[0m[32m- should create tool compression failed error[0m[0m
Test (ubuntu-latest, 21)	Run tests	2026-06-22T17:43:31.6148630Z [0m[[0m[0minfo[0m] [0m[0m[32m- should create externalization failed error[0m[0m
Test (ubuntu-latest, 21)	Run tests	2026-06-22T17:43:31.6153381Z [0m[[0m[0minfo[0m] [0m[0m[32m- should create artifact store failed error[0m[0m
Test (ubuntu-latest, 21)	Run tests	2026-06-22T17:43:31.6154534Z [0m[[0m[0minfo[0m] [0m[0m[32m- should create schema compression failed error[0m[0m
Test (ubuntu-latest, 21)	Run tests	2026-06-22T17:43:31.6156212Z [0m[[0m[0minfo[0m] [0m[0m[32m- should create LLM compression failed error[0m[0m
Test (ubuntu-latest, 21)	Run tests	2026-06-22T17:43:31.6157326Z [0m[[0m[0minfo[0m] [0m[0m[32m- should create token estimation failed error[0m[0m
Test (ubuntu-latest, 21)	Run tests	2026-06-22T17:43:31.6158338Z [0m[[0m[0minfo[0m] [0m[0m[32m- should be a NonRecoverableError[0m[0m
Test (ubuntu-latest, 21)	Run tests	2026-06-22T17:43:31.6159317Z [0m[[0m[0minfo[0m] [0m[0m[32m- should support pattern matching[0m[0m
Test (ubuntu-latest, 21)	Run tests	2026-06-22T17:43:31.6160197Z [0m[[0m[0minfo[0m] [0m[0m[32mTokenizerError[0m[0m
Test (ubuntu-latest, 21)	Run tests	2026-06-22T17:43:31.6161087Z [0m[[0m[0minfo[0m] [0m[0m[32m- should create not available error[0m[0m
Test (ubuntu-latest, 21)	Run tests	2026-06-22T17:43:31.6162053Z [0m[[0m[0minfo[0m] [0m[0m[32m- should create not found error[0m[0m
Test (ubuntu-latest, 21)	Run tests	2026-06-22T17:43:31.6162992Z [0m[[0m[0minfo[0m] [0m[0m[32m- should be a NonRecoverableError[0m[0m
Test (ubuntu-latest, 21)	Run tests	2026-06-22T17:43:31.6163970Z [0m[[0m[0minfo[0m] [0m[0m[32m- should include tokenizer ID in context[0m[0m
Test (ubuntu-latest, 21)	Run tests	2026-06-22T17:43:31.6165189Z [0m[[0m[0minfo[0m] [0m[0m[32m- should support pattern matching[0m[0m
Test (ubuntu-latest, 21)	Run tests	2026-06-22T17:43:31.6166073Z [0m[[0m[0minfo[0m] [0m[0m[32mUnknownError[0m[0m
Test (ubuntu-latest, 21)	Run tests	2026-06-22T17:43:31.6166970Z [0m[[0m[0minfo[0m] [0m[0m[32m- should create with message and cause[0m[0m
Test (ubuntu-latest, 21)	Run tests	2026-06-22T17:43:31.6167932Z [0m[[0m[0minfo[0m] [0m[0m[32m- should be a NonRecoverableError[0m[0m
Test (ubuntu-latest, 21)	Run tests	2026-06-22T17:43:31.6168930Z [0m[[0m[0minfo[0m] [0m[0m[32m- should include exception details in context[0m[0m
Test (ubuntu-latest, 21)	Run tests	2026-06-22T17:43:31.6169964Z [0m[[0m[0minfo[0m] [0m[0m[32m- should support pattern matching[0m[0m
Test (ubuntu-latest, 21)	Run tests	2026-06-22T17:43:31.6171091Z [0m[[0m[0minfo[0m] [0m[0m[32mSimpleError[0m[0m
Test (ubuntu-latest, 21)	Run tests	2026-06-22T17:43:31.6171905Z [0m[[0m[0minfo[0m] [0m[0m[32m- should create with just message[0m[0m
Test (ubuntu-latest, 21)	Run tests	2026-06-22T17:43:31.6172810Z [0m[[0m[0minfo[0m] [0m[0m[32m- should be a NonRecoverableError[0m[0m
Test (ubuntu-latest, 21)	Run tests	2026-06-22T17:43:31.6173711Z [0m[[0m[0minfo[0m] [0m[0m[32m- should have empty context[0m[0m
Test (ubuntu-latest, 21)	Run tests	2026-06-22T17:43:31.6174661Z [0m[[0m[0minfo[0m] [0m[0m[32m- should support pattern matching[0m[0m
Test (ubuntu-latest, 21)	Run tests	2026-06-22T17:43:31.6175858Z [0m[[0m[0minfo[0m] [0m[0m[32mNonRecoverableError[0m[0m
Test (ubuntu-latest, 21)	Run tests	2026-06-22T17:43:31.6176856Z [0m[[0m[0minfo[0m] [0m[0m[32m- should always report isRecoverable as false[0m[0m
Test (ubuntu-latest, 21)	Run tests	2026-06-22T17:43:31.6177861Z [0m[[0m[0minfo[0m] [0m[0m[32mLLMError.nonRecoverableErrors[0m[0m
Test (ubuntu-latest, 21)	Run tests	2026-06-22T17:43:31.6178888Z [0m[[0m[0minfo[0m] [0m[0m[32m- should filter only non-recoverable errors[0m[0m
Test (ubuntu-latest, 21)	Run tests	2026-06-22T17:43:31.6179930Z [0m[[0m[0minfo[0m] [0m[0m[32mLLMError smart constructors[0m[0m
Test (ubuntu-latest, 21)	Run tests	2026-06-22T17:43:31.6211754Z [0m[[0m[0minfo[0m] [0m[0m[32m- should create processing error[0m[0m
Test (ubuntu-latest, 21)	Run tests	2026-06-22T17:43:31.6212952Z [0m[[0m[0minfo[0m] [0m[0m[32m- should create invalid image input error[0m[0m
Test (ubuntu-latest, 21)	Run tests	2026-06-22T17:43:31.6214244Z [0m[[0m[0minfo[0m] [0m[0m[32m- should create API call failed error[0m[0m
Test (ubuntu-latest, 21)	Run tests	2026-06-22T17:43:31.6215709Z [0m[[0m[0minfo[0m] [0m[0m[32mProviderConfigConstructionTest:[0m[0m
Test (ubuntu-latest, 21)	Run tests	2026-06-22T17:43:31.6603536Z [0m[[0m[0minfo[0m] [0m[0m[32m- OpenAIConfig.load returns Right on success[0m[0m
Test (ubuntu-latest, 21)	Run tests	2026-06-22T17:43:31.6608905Z [0m[[0m[0minfo[0m] [0m[0m[32m- OpenAIConfig.load returns Left when api key missing[0m[0m
Test (ubuntu-latest, 21)	Run tests	2026-06-22T17:43:31.6614505Z [0m[[0m[0minfo[0m] [0m[0m[32m- AzureConfig.load returns Right with defaults when version missing[0m[0m
Test (ubuntu-latest, 21)	Run tests	2026-06-22T17:43:31.6618444Z [0m[[0m[0minfo[0m] [0m[0m[32m- AzureConfig.load returns Left when endpoint missing[0m[0m
Test (ubuntu-latest, 21)	Run tests	2026-06-22T17:43:31.6621605Z [0m[[0m[0minfo[0m] [0m[0m[32m- AnthropicConfig.load returns Left when api key missing[0m[0m
Test (ubuntu-latest, 21)	Run tests	2026-06-22T17:43:31.6625209Z [0m[[0m[0minfo[0m] [0m[0m[32m- OllamaConfig.load returns Left when base url missing[0m[0m
Test (ubuntu-latest, 21)	Run tests	2026-06-22T17:43:31.6630696Z [0m[[0m[0minfo[0m] [0m[0m[32m- OpenAIConfig.fromValues constructs an OpenAI config[0m[0m
Test (ubuntu-latest, 21)	Run tests	2026-06-22T17:43:31.6635102Z [0m[[0m[0minfo[0m] [0m[0m[32m- OpenAIConfig.fromValues preserves an OpenRouter base URL[0m[0m
Test (ubuntu-latest, 21)	Run tests	2026-06-22T17:43:31.6653884Z [0m[[0m[0minfo[0m] [0m[0m[32mLLMClientAutoCloseableSpec:[0m[0m
Test (ubuntu-latest, 21)	Run tests	2026-06-22T17:43:31.6655897Z [0m[[0m[0minfo[0m] [0m[0m[32mLLMClient[0m[0m
Test (ubuntu-latest, 21)	Run tests	2026-06-22T17:43:31.6657954Z [0m[[0m[0minfo[0m] [0m[0m[32m- should be an instance of AutoCloseable[0m[0m
Test (ubuntu-latest, 21)	Run tests	2026-06-22T17:43:31.6664475Z [0m[[0m[0minfo[0m] [0m[0m[32m- should work with scala.util.Using for automatic resource management[0m[0m
Test (ubuntu-latest, 21)	Run tests	2026-06-22T17:43:31.6670323Z [0m[[0m[0minfo[0m] [0m[0m[32m- should close even if an exception is thrown inside Using[0m[0m
Test (ubuntu-latest, 21)	Run tests	2026-06-22T17:43:31.6681417Z [0m[[0m[0minfo[0m] [0m[0m[32m- should be safe to call close() multiple times[0m[0m
Test (ubuntu-latest, 21)	Run tests	2026-06-22T17:43:31.6685640Z [0m[[0m[0minfo[0m] [0m[0m[32mTraceEventCacheEventsSpec:[0m[0m
Test (ubuntu-latest, 21)	Run tests	2026-06-22T17:43:31.6691852Z [0m[[0m[0minfo[0m] [0m[0m[32m- CacheHit toJson includes all required fields[0m[0m
Test (ubuntu-latest, 21)	Run tests	2026-06-22T17:43:31.6696701Z [0m[[0m[0minfo[0m] [0m[0m[32m- CacheMiss toJson with LowSimilarity reason[0m[0m
Test (ubuntu-latest, 21)	Run tests	2026-06-22T17:43:31.6699263Z [0m[[0m[0minfo[0m] [0m[0m[32m- CacheMiss toJson with TtlExpired reason[0m[0m
Test (ubuntu-latest, 21)	Run tests	2026-06-22T17:43:31.6711708Z [0m[[0m[0minfo[0m] [0m[0m[32m- CacheMiss toJson with OptionsMismatch reason[0m[0m
Test (ubuntu-latest, 21)	Run tests	2026-06-22T17:43:31.6713662Z [0m[[0m[0minfo[0m] [0m[0m[32m- CacheMissReason ADT has correct string values[0m[0m
Test (ubuntu-latest, 21)	Run tests	2026-06-22T17:43:31.6751812Z [0m[[0m[0minfo[0m] [0m[0m[32mSchemaDefinitionSpec:[0m[0m
Test (ubuntu-latest, 21)	Run tests	2026-06-22T17:43:31.6753095Z [0m[[0m[0minfo[0m] [0m[0m[32mStringSchema[0m[0m
Test (ubuntu-latest, 21)	Run tests	2026-06-22T17:43:31.6755495Z [0m[[0m[0minfo[0m] [0m[0m[32m- should generate basic JSON schema[0m[0m
Test (ubuntu-latest, 21)	Run tests	2026-06-22T17:43:31.6761786Z [0m[[0m[0minfo[0m] [0m[0m[32m- should include enum values when specified[0m[0m
Test (ubuntu-latest, 21)	Run tests	2026-06-22T17:43:31.6763670Z [0m[[0m[0minfo[0m] [0m[0m[32m- should include length constraints when specified[0m[0m
Test (ubuntu-latest, 21)	Run tests	2026-06-22T17:43:31.6770593Z [0m[[0m[0minfo[0m] [0m[0m[32m- should support chained configuration[0m[0m
Test (ubuntu-latest, 21)	Run tests	2026-06-22T17:43:31.6771996Z [0m[[0m[0minfo[0m] [0m[0m[32mNumberSchema[0m[0m
Test (ubuntu-latest, 21)	Run tests	2026-06-22T17:43:31.6773455Z [0m[[0m[0minfo[0m] [0m[0m[32m- should generate basic JSON schema[0m[0m
Test (ubuntu-latest, 21)	Run tests	2026-06-22T17:43:31.6775529Z [0m[[0m[0minfo[0m] [0m[0m[32m- should generate integer type when isInteger is true[0m[0m
Test (ubuntu-latest, 21)	Run tests	2026-06-22T17:43:31.6777302Z [0m[[0m[0minfo[0m] [0m[0m[32m- should include range constraints[0m[0m
Test (ubuntu-latest, 21)	Run tests	2026-06-22T17:43:31.6794575Z [0m[[0m[0minfo[0m] [0m[0m[32m- should include exclusive range constraints[0m[0m
Test (ubuntu-latest, 21)	Run tests	2026-06-22T17:43:31.6796283Z [0m[[0m[0minfo[0m] [0m[0m[32m- should include multipleOf constraint[0m[0m
Test (ubuntu-latest, 21)	Run tests	2026-06-22T17:43:31.6800239Z [0m[[0m[0minfo[0m] [0m[0m[32mIntegerSchema[0m[0m
Test (ubuntu-latest, 21)	Run tests	2026-06-22T17:43:31.6801569Z [0m[[0m[0minfo[0m] [0m[0m[32m- should generate integer JSON schema[0m[0m
Test (ubuntu-latest, 21)	Run tests	2026-06-22T17:43:31.6803017Z [0m[[0m[0minfo[0m] [0m[0m[32m- should include range constraints[0m[0m
Test (ubuntu-latest, 21)	Run tests	2026-06-22T17:43:31.6805398Z [0m[[0m[0minfo[0m] [0m[0m[32m- should include exclusive range constraints[0m[0m
Test (ubuntu-latest, 21)	Run tests	2026-06-22T17:43:31.6806694Z [0m[[0m[0minfo[0m] [0m[0m[32m- should include multipleOf constraint[0m[0m
Test (ubuntu-latest, 21)	Run tests	2026-06-22T17:43:31.6808237Z [0m[[0m[0minfo[0m] [0m[0m[32mBooleanSchema[0m[0m
Test (ubuntu-latest, 21)	Run tests	2026-06-22T17:43:31.6809261Z [0m[[0m[0minfo[0m] [0m[0m[32m- should generate boolean JSON schema[0m[0m
Test (ubuntu-latest, 21)	Run tests	2026-06-22T17:43:31.6810198Z [0m[[0m[0minfo[0m] [0m[0m[32mArraySchema[0m[0m
Test (ubuntu-latest, 21)	Run tests	2026-06-22T17:43:31.6811206Z [0m[[0m[0minfo[0m] [0m[0m[32m- should generate array JSON schema with item schema[0m[0m
Test (ubuntu-latest, 21)	Run tests	2026-06-22T17:43:31.6812515Z [0m[[0m[0minfo[0m] [0m[0m[32m- should include size constraints[0m[0m
Test (ubuntu-latest, 21)	Run tests	2026-06-22T17:43:31.6813552Z [0m[[0m[0minfo[0m] [0m[0m[32m- should include uniqueItems constraint[0m[0m
Test (ubuntu-latest, 21)	Run tests	2026-06-22T17:43:31.6814603Z [0m[[0m[0minfo[0m] [0m[0m[32m- should support nested array schemas[0m[0m
Test (ubuntu-latest, 21)	Run tests	2026-06-22T17:43:31.6815695Z [0m[[0m[0minfo[0m] [0m[0m[32mObjectSchema[0m[0m
Test (ubuntu-latest, 21)	Run tests	2026-06-22T17:43:31.6816723Z [0m[[0m[0minfo[0m] [0m[0m[32m- should generate object JSON schema with properties[0m[0m
Test (ubuntu-latest, 21)	Run tests	2026-06-22T17:43:31.6817923Z [0m[[0m[0minfo[0m] [0m[0m[32m- should mark required fields in required array[0m[0m
Test (ubuntu-latest, 21)	Run tests	2026-06-22T17:43:31.6819125Z [0m[[0m[0minfo[0m] [0m[0m[32m- should make all properties required in strict mode[0m[0m
Test (ubuntu-latest, 21)	Run tests	2026-06-22T17:43:31.6824914Z [0m[[0m[0minfo[0m] [0m[0m[32m- should support withRequiredField helper[0m[0m
Test (ubuntu-latest, 21)	Run tests	2026-06-22T17:43:31.6827310Z [0m[[0m[0minfo[0m] [0m[0m[32m- should support withOptionalField helper[0m[0m
Test (ubuntu-latest, 21)	Run tests	2026-06-22T17:43:31.6831816Z [0m[[0m[0minfo[0m] [0m[0m[32m- should include additionalProperties setting[0m[0m
Test (ubuntu-latest, 21)	Run tests	2026-06-22T17:43:31.6834207Z [0m[[0m[0minfo[0m] [0m[0m[32mNullableSchema[0m[0m
Test (ubuntu-latest, 21)	Run tests	2026-06-22T17:43:31.6837031Z [0m[[0m[0minfo[0m] [0m[0m[32m- should add null to type for simple schema[0m[0m
Test (ubuntu-latest, 21)	Run tests	2026-06-22T17:43:31.6839071Z [0m[[0m[0minfo[0m] [0m[0m[32m- should add null to existing type array[0m[0m
Test (ubuntu-latest, 21)	Run tests	2026-06-22T17:43:31.6840458Z [0m[[0m[0minfo[0m] [0m[0m[32m- should preserve description from underlying schema[0m[0m
Test (ubuntu-latest, 21)	Run tests	2026-06-22T17:43:31.6841674Z [0m[[0m[0minfo[0m] [0m[0m[32mSchema builder[0m[0m
Test (ubuntu-latest, 21)	Run tests	2026-06-22T17:43:31.6842967Z [0m[[0m[0minfo[0m] [0m[0m[32m- should create string schema[0m[0m
Test (ubuntu-latest, 21)	Run tests	2026-06-22T17:43:31.6844167Z [0m[[0m[0minfo[0m] [0m[0m[32m- should create number schema[0m[0m
Test (ubuntu-latest, 21)	Run tests	2026-06-22T17:43:31.6845594Z [0m[[0m[0minfo[0m] [0m[0m[32m- should create integer schema[0m[0m
Test (ubuntu-latest, 21)	Run tests	2026-06-22T17:43:31.6847645Z [0m[[0m[0minfo[0m] [0m[0m[32m- should create boolean schema[0m[0m
Test (ubuntu-latest, 21)	Run tests	2026-06-22T17:43:31.6848893Z [0m[[0m[0minfo[0m] [0m[0m[32m- should create array schema[0m[0m
Test (ubuntu-latest, 21)	Run tests	2026-06-22T17:43:31.6850054Z [0m[[0m[0minfo[0m] [0m[0m[32m- should create object schema[0m[0m
Test (ubuntu-latest, 21)	Run tests	2026-06-22T17:43:31.6851282Z [0m[[0m[0minfo[0m] [0m[0m[32m- should create nullable schema[0m[0m
Test (ubuntu-latest, 21)	Run tests	2026-06-22T17:43:31.6852771Z [0m[[0m[0minfo[0m] [0m[0m[32m- should create property definition[0m[0m
Test (ubuntu-latest, 21)	Run tests	2026-06-22T17:43:31.6853953Z [0m[[0m[0minfo[0m] [0m[0m[32mPropertyDefinition[0m[0m
Test (ubuntu-latest, 21)	Run tests	2026-06-22T17:43:31.6855578Z [0m[[0m[0minfo[0m] [0m[0m[32m- should default to required = true[0m[0m
Test (ubuntu-latest, 21)	Run tests	2026-06-22T17:43:31.6856982Z [0m[[0m[0minfo[0m] [0m[0m[32m- should allow specifying required = false[0m[0m
Test (ubuntu-latest, 21)	Run tests	2026-06-22T17:43:31.6867949Z [0m[[0m[0minfo[0m] [0m[0m[32mGraphRAGSpec:[0m[0m
Test (ubuntu-latest, 21)	Run tests	2026-06-22T17:43:31.6895100Z [0m[[0m[0minfo[0m] [0m[0m[32m- detectCommunities builds multi-level community hierarchy[0m[0m
Test (ubuntu-latest, 21)	Run tests	2026-06-22T17:43:31.6911674Z [0m[[0m[0minfo[0m] [0m[0m[32m- summarizeCommunities generates summaries and persists community nodes[0m[0m
Test (ubuntu-latest, 21)	Run tests	2026-06-22T17:43:31.6923237Z [0m[[0m[0minfo[0m] [0m[0m[32m- globalSearch uses community summaries map-reduce[0m[0m
Test (ubuntu-latest, 21)	Run tests	2026-06-22T17:43:31.6932059Z [0m[[0m[0minfo[0m] [0m[0m[32m- globalSearch falls back to top communities when lexical overlap is empty[0m[0m
Test (ubuntu-latest, 21)	Run tests	2026-06-22T17:43:31.6943570Z [0m[[0m[0minfo[0m] [0m[0m[32m- localSearch fans out from seed entities[0m[0m
Test (ubuntu-latest, 21)	Run tests	2026-06-22T17:43:31.6951297Z [0m[[0m[0minfo[0m] [0m[0m[32m- localSearch fails when no seed entities are found[0m[0m
Test (ubuntu-latest, 21)	Run tests	2026-06-22T17:43:31.6961282Z [0m[[0m[0minfo[0m] [0m[0m[32m- hybridSearch combines vector signal with graph traversal[0m[0m
Test (ubuntu-latest, 21)	Run tests	2026-06-22T17:43:31.6973378Z [0m[[0m[0minfo[0m] [0m[0m[32m- summarizeCommunities uses cache and avoids repeated LLM calls[0m[0m
Test (ubuntu-latest, 21)	Run tests	2026-06-22T17:43:31.6991754Z [0m[[0m[0minfo[0m] [0m[0m[32m- summarizeCommunities removes stale persisted community artifacts before writing new ones[0m[0m
Test (ubuntu-latest, 21)	Run tests	2026-06-22T17:43:31.7006260Z [0m[[0m[0minfo[0m] [0m[0m[32m- detectCommunities uses cache unless forceRefresh is true[0m[0m
Test (ubuntu-latest, 21)	Run tests	2026-06-22T17:43:31.7009833Z [0m[[0m[0minfo[0m] [0m[0m[32m- globalSearch returns error when no communities have summaries[0m[0m
Test (ubuntu-latest, 21)	Run tests	2026-06-22T17:43:31.7019700Z [0m[[0m[0minfo[0m] [0m[0m[32m- route chooses local for entity queries and global for broad/fallback queries[0m[0m
Test (ubuntu-latest, 21)	Run tests	2026-06-22T17:43:31.7050021Z [0m[[0m[0minfo[0m] [0m[0m[32m- answer routes to local/global when no vector hits and hybrid when vector hits exist[0m[0m
Test (ubuntu-latest, 21)	Run tests	2026-06-22T17:43:31.7054050Z [0m[[0m[0minfo[0m] [0m[0m[32m- filterCommunityArtifacts removes synthetic community nodes and dangling edges[0m[0m
Test (ubuntu-latest, 21)	Run tests	2026-06-22T17:43:31.7076862Z [0m[[0m[0minfo[0m] [0m[0m[32m- resolveSeedsFromVector uses provenance and lexical fallbacks when direct entity ids are missing[0m[0m
Test (ubuntu-latest, 21)	Run tests	2026-06-22T17:43:31.7097306Z [0m[[0m[0minfo[0m] [0m[0m[32mMarkdownChunkerSpec:[0m[0m
Test (ubuntu-latest, 21)	Run tests	2026-06-22T17:43:31.7099915Z [0m[[0m[0minfo[0m] [0m[0m[32mMarkdownChunker[0m[0m
Test (ubuntu-latest, 21)	Run tests	2026-06-22T17:43:31.7101213Z [0m[[0m[0minfo[0m] [0m[0m[32m- should handle empty text[0m[0m
Test (ubuntu-latest, 21)	Run tests	2026-06-22T17:43:31.7117996Z [0m[[0m[0minfo[0m] [0m[0m[32m- should return single chunk for short text[0m[0m
Test (ubuntu-latest, 21)	Run tests	2026-06-22T17:43:31.7122607Z [0m[[0m[0minfo[0m] [0m[0m[32m- should detect heading levels[0m[0m
Test (ubuntu-latest, 21)	Run tests	2026-06-22T17:43:31.7125107Z [0m[[0m[0minfo[0m] [0m[0m[32m- should track heading hierarchy in metadata[0m[0m
Test (ubuntu-latest, 21)	Run tests	2026-06-22T17:43:31.7132605Z [0m[[0m[0minfo[0m] [0m[0m[32m- should keep code blocks intact when possible[0m[0m
Test (ubuntu-latest, 21)	Run tests	2026-06-22T17:43:31.7135205Z [0m[[0m[0minfo[0m] [0m[0m[32m- should mark code blocks in metadata[0m[0m
Test (ubuntu-latest, 21)	Run tests	2026-06-22T17:43:31.7137485Z [0m[[0m[0minfo[0m] [0m[0m[32m- should detect code block language[0m[0m
Test (ubuntu-latest, 21)	Run tests	2026-06-22T17:43:31.7147379Z [0m[[0m[0minfo[0m] [0m[0m[32m- should handle code blocks without language[0m[0m
Test (ubuntu-latest, 21)	Run tests	2026-06-22T17:43:31.7158311Z [0m[[0m[0minfo[0m] [0m[0m[32m- should split large code blocks when necessary[0m[0m
Test (ubuntu-latest, 21)	Run tests	2026-06-22T17:43:31.7162428Z [0m[[0m[0minfo[0m] [0m[0m[32m- should handle nested heading levels[0m[0m
Test (ubuntu-latest, 21)	Run tests	2026-06-22T17:43:31.7166406Z [0m[[0m[0minfo[0m] [0m[0m[32m- should handle unclosed code blocks[0m[0m
Test (ubuntu-latest, 21)	Run tests	2026-06-22T17:43:31.7168490Z [0m[[0m[0minfo[0m] [0m[0m[32m- should preserve list structure[0m[0m
Test (ubuntu-latest, 21)	Run tests	2026-06-22T17:43:31.7171368Z [0m[[0m[0minfo[0m] [0m[0m[32m- should handle mixed content[0m[0m
Test (ubuntu-latest, 21)	Run tests	2026-06-22T17:43:31.7175854Z [0m[[0m[0minfo[0m] [0m[0m[32m- should assign sequential indices[0m[0m
Test (ubuntu-latest, 21)	Run tests	2026-06-22T17:43:31.7177869Z [0m[[0m[0minfo[0m] [0m[0m[32mChunkerFactory[0m[0m
Test (ubuntu-latest, 21)	Run tests	2026-06-22T17:43:31.7180924Z [0m[[0m[0minfo[0m] [0m[0m[32m- should create markdown chunker[0m[0m
Test (ubuntu-latest, 21)	Run tests	2026-06-22T17:43:31.7183743Z [0m[[0m[0minfo[0m] [0m[0m[32m- should create markdown chunker by name[0m[0m
Test (ubuntu-latest, 21)	Run tests	2026-06-22T17:43:31.7185419Z [0m[[0m[0minfo[0m] [0m[0m[32m- should create markdown chunker by strategy enum[0m[0m
Test (ubuntu-latest, 21)	Run tests	2026-06-22T17:43:31.7187546Z [0m[[0m[0minfo[0m] [0m[0m[32m- should auto-detect markdown content and return MarkdownChunker[0m[0m
Test (ubuntu-latest, 21)	Run tests	2026-06-22T17:43:31.7230472Z [0m[[0m[0minfo[0m] [0m[0m[32mAgentStatusSpec:[0m[0m
Test (ubuntu-latest, 21)	Run tests	2026-06-22T17:43:31.7232878Z [0m[[0m[0minfo[0m] [0m[0m[32mAgentStatus.InProgress[0m[0m
Test (ubuntu-latest, 21)	Run tests	2026-06-22T17:43:31.7235496Z [0m[[0m[0minfo[0m] [0m[0m[32m- should be a singleton[0m[0m
Test (ubuntu-latest, 21)	Run tests	2026-06-22T17:43:31.7238344Z [0m[[0m[0minfo[0m] [0m[0m[32mAgentStatus.WaitingForTools[0m[0m
Test (ubuntu-latest, 21)	Run tests	2026-06-22T17:43:31.7240705Z [0m[[0m[0minfo[0m] [0m[0m[32m- should be a singleton[0m[0m
Test (ubuntu-latest, 21)	Run tests	2026-06-22T17:43:31.7243048Z [0m[[0m[0minfo[0m] [0m[0m[32mAgentStatus.Complete[0m[0m
Test (ubuntu-latest, 21)	Run tests	2026-06-22T17:43:31.7245550Z [0m[[0m[0minfo[0m] [0m[0m[32m- should be a singleton[0m[0m
Test (ubuntu-latest, 21)	Run tests	2026-06-22T17:43:31.7247539Z [0m[[0m[0minfo[0m] [0m[0m[32mAgentStatus.Failed[0m[0m
Test (ubuntu-latest, 21)	Run tests	2026-06-22T17:43:31.7249984Z [0m[[0m[0minfo[0m] [0m[0m[32m- should store error message[0m[0m
Test (ubuntu-latest, 21)	Run tests	2026-06-22T17:43:31.7252124Z [0m[[0m[0minfo[0m] [0m[0m[32m- should support equality based on error message[0m[0m
Test (ubuntu-latest, 21)	Run tests	2026-06-22T17:43:31.7255162Z [0m[[0m[0minfo[0m] [0m[0m[32mAgentStatus.HandoffRequested[0m[0m
Test (ubuntu-latest, 21)	Run tests	2026-06-22T17:43:31.7259311Z [0m[[0m[0minfo[0m] [0m[0m[32m- should store handoff and reason[0m[0m
Test (ubuntu-latest, 21)	Run tests	2026-06-22T17:43:31.7261436Z [0m[[0m[0minfo[0m] [0m[0m[32m- should allow None for handoff reason[0m[0m
Test (ubuntu-latest, 21)	Run tests	2026-06-22T17:43:31.7263432Z [0m[[0m[0minfo[0m] [0m[0m[32mAgentStatus serialization[0m[0m
Test (ubuntu-latest, 21)	Run tests	2026-06-22T17:43:31.7266411Z [0m[[0m[0minfo[0m] [0m[0m[32m- should serialize InProgress to string[0m[0m
Test (ubuntu-latest, 21)	Run tests	2026-06-22T17:43:31.7268479Z [0m[[0m[0minfo[0m] [0m[0m[32m- should serialize WaitingForTools to string[0m[0m
Test (ubuntu-latest, 21)	Run tests	2026-06-22T17:43:31.7271735Z [0m[[0m[0minfo[0m] [0m[0m[32m- should serialize Complete to string[0m[0m
Test (ubuntu-latest, 21)	Run tests	2026-06-22T17:43:31.7274454Z [0m[[0m[0minfo[0m] [0m[0m[32m- should serialize Failed to object with error[0m[0m
Test (ubuntu-latest, 21)	Run tests	2026-06-22T17:43:31.7277423Z [0m[[0m[0minfo[0m] [0m[0m[32mAgentStatus deserialization[0m[0m
Test (ubuntu-latest, 21)	Run tests	2026-06-22T17:43:31.7279331Z [0m[[0m[0minfo[0m] [0m[0m[32m- should deserialize InProgress[0m[0m
Test (ubuntu-latest, 21)	Run tests	2026-06-22T17:43:31.7304439Z [0m[[0m[0minfo[0m] [0m[0m[32m- should deserialize WaitingForTools[0m[0m
Test (ubuntu-latest, 21)	Run tests	2026-06-22T17:43:31.7306757Z [0m[[0m[0minfo[0m] [0m[0m[32m- should deserialize Complete[0m[0m
Test (ubuntu-latest, 21)	Run tests	2026-06-22T17:43:31.7309239Z [0m[[0m[0minfo[0m] [0m[0m[32m- should deserialize Failed with error[0m[0m
Test (ubuntu-latest, 21)	Run tests	2026-06-22T17:43:31.7311253Z [0m[[0m[0minfo[0m] [0m[0m[32m- should handle Failed without error field[0m[0m
Test (ubuntu-latest, 21)	Run tests	2026-06-22T17:43:31.7321765Z [0m[[0m[0minfo[0m] [0m[0m[32mAgentStatus.HandoffRequested serialization[0m[0m
Test (ubuntu-latest, 21)	Run tests	2026-06-22T17:43:31.7323148Z [0m[[0m[0minfo[0m] [0m[0m[32m- should serialize with handoff ID[0m[0m
Test (ubuntu-latest, 21)	Run tests	2026-06-22T17:43:31.7324484Z [0m[[0m[0minfo[0m] [0m[0m[32m- should serialize with null reason when None[0m[0m
Test (ubuntu-latest, 21)	Run tests	2026-06-22T17:43:31.7326778Z [0m[[0m[0minfo[0m] [0m[0m[32m- should return Failed status when attempting to deserialize HandoffRequested[0m[0m
Test (ubuntu-latest, 21)	Run tests	2026-06-22T17:43:31.7328368Z [0m[[0m[0minfo[0m] [0m[0m[32mAgentStatus deserialization[0m[0m
Test (ubuntu-latest, 21)	Run tests	2026-06-22T17:43:31.7329633Z [0m[[0m[0minfo[0m] [0m[0m[32m- should handle unknown status format[0m[0m
Test (ubuntu-latest, 21)	Run tests	2026-06-22T17:43:31.7330941Z [0m[[0m[0minfo[0m] [0m[0m[32m- should handle invalid JSON structure[0m[0m
Test (ubuntu-latest, 21)	Run tests	2026-06-22T17:43:31.7332202Z [0m[[0m[0minfo[0m] [0m[0m[32mAgentStatus[0m[0m
Test (ubuntu-latest, 21)	Run tests	2026-06-22T17:43:31.7333500Z [0m[[0m[0minfo[0m] [0m[0m[32m- should round-trip InProgress[0m[0m
Test (ubuntu-latest, 21)	Run tests	2026-06-22T17:43:31.7335227Z [0m[[0m[0minfo[0m] [0m[0m[32m- should round-trip WaitingForTools[0m[0m
Test (ubuntu-latest, 21)	Run tests	2026-06-22T17:43:31.7336590Z [0m[[0m[0minfo[0m] [0m[0m[32m- should round-trip Complete[0m[0m
Test (ubuntu-latest, 21)	Run tests	2026-06-22T17:43:31.7337825Z [0m[[0m[0minfo[0m] [0m[0m[32m- should round-trip Failed[0m[0m
Test (ubuntu-latest, 21)	Run tests	2026-06-22T17:43:31.7338978Z [0m[[0m[0minfo[0m] [0m[0m[32mAgentStatus[0m[0m
Test (ubuntu-latest, 21)	Run tests	2026-06-22T17:43:31.7340540Z [0m[[0m[0minfo[0m] [0m[0m[32m- should support exhaustive pattern matching[0m[0m
Test (ubuntu-latest, 21)	Run tests	2026-06-22T17:43:31.7341969Z [0m[[0m[0minfo[0m] [0m[0m[32mSimilarityUtilsSpec:[0m[0m
Test (ubuntu-latest, 21)	Run tests	2026-06-22T17:43:31.7343289Z [0m[[0m[0minfo[0m] [0m[0m[32m- cosine similarity of identical vectors should be 1.0[0m[0m
Test (ubuntu-latest, 21)	Run tests	2026-06-22T17:43:31.7344986Z [0m[[0m[0minfo[0m] [0m[0m[32m- cosine similarity of orthogonal vectors should be 0.0[0m[0m
Test (ubuntu-latest, 21)	Run tests	2026-06-22T17:43:31.7346569Z [0m[[0m[0minfo[0m] [0m[0m[32m- cosine similarity of opposite vectors should be -1.0[0m[0m
Test (ubuntu-latest, 21)	Run tests	2026-06-22T17:43:31.7348200Z [0m[[0m[0minfo[0m] [0m[0m[32m- cosine similarity of similar vectors should be positive[0m[0m
Test (ubuntu-latest, 21)	Run tests	2026-06-22T17:43:31.7349630Z [0m[[0m[0minfo[0m] [0m[0m[32m- cosine similarity handles different magnitude vectors[0m[0m
Test (ubuntu-latest, 21)	Run tests	2026-06-22T17:43:31.7350430Z [0m[[0m[0minfo[0m] [0m[0m[32m- cosine similarity with unit vectors[0m[0m
Test (ubuntu-latest, 21)	Run tests	2026-06-22T17:43:31.7354047Z [0m[[0m[0minfo[0m] [0m[0m[32mModelPricingSpec:[0m[0m
Test (ubuntu-latest, 21)	Run tests	2026-06-22T17:43:31.7356801Z [0m[[0m[0minfo[0m] [0m[0m[32mModelPricing.fromJson[0m[0m
Test (ubuntu-latest, 21)	Run tests	2026-06-22T17:43:31.7366306Z [0m[[0m[0minfo[0m] [0m[0m[32m- should parse all pricing fields from JSON[0m[0m
Test (ubuntu-latest, 21)	Run tests	2026-06-22T17:43:31.7367884Z [0m[[0m[0minfo[0m] [0m[0m[32m- should return None for all fields when JSON object is empty[0m[0m
Test (ubuntu-latest, 21)	Run tests	2026-06-22T17:43:31.7369750Z [0m[[0m[0minfo[0m] [0m[0m[32m- should return None for fields that are explicitly null in JSON[0m[0m
Test (ubuntu-latest, 21)	Run tests	2026-06-22T17:43:31.7371546Z [0m[[0m[0minfo[0m] [0m[0m[32m- should parse only the subset of fields that are present[0m[0m
Test (ubuntu-latest, 21)	Run tests	2026-06-22T17:43:31.7373122Z [0m[[0m[0minfo[0m] [0m[0m[32mModelPricing.estimateCost[0m[0m
Test (ubuntu-latest, 21)	Run tests	2026-06-22T17:43:31.7374639Z [0m[[0m[0minfo[0m] [0m[0m[32m- should calculate cost correctly with both rates present[0m[0m
Test (ubuntu-latest, 21)	Run tests	2026-06-22T17:43:31.7376588Z [0m[[0m[0minfo[0m] [0m[0m[32m- should return None when inputCostPerToken is absent[0m[0m
Test (ubuntu-latest, 21)	Run tests	2026-06-22T17:43:31.7378271Z [0m[[0m[0minfo[0m] [0m[0m[32m- should return None when outputCostPerToken is absent[0m[0m
Test (ubuntu-latest, 21)	Run tests	2026-06-22T17:43:31.7379863Z [0m[[0m[0minfo[0m] [0m[0m[32m- should return None when both rates are absent[0m[0m
Test (ubuntu-latest, 21)	Run tests	2026-06-22T17:43:31.7381473Z [0m[[0m[0minfo[0m] [0m[0m[32m- should return zero cost when both token counts are zero[0m[0m
Test (ubuntu-latest, 21)	Run tests	2026-06-22T17:43:31.7383034Z [0m[[0m[0minfo[0m] [0m[0m[32m- should handle large token counts without overflow[0m[0m
Test (ubuntu-latest, 21)	Run tests	2026-06-22T17:43:31.7384355Z [0m[[0m[0minfo[0m] [0m[0m[32mModelPricing[0m[0m
Test (ubuntu-latest, 21)	Run tests	2026-06-22T17:43:31.7385853Z [0m[[0m[0minfo[0m] [0m[0m[32m- should expose batch pricing fields[0m[0m
Test (ubuntu-latest, 21)	Run tests	2026-06-22T17:43:31.7387222Z [0m[[0m[0minfo[0m] [0m[0m[32m- should expose priority pricing fields[0m[0m
Test (ubuntu-latest, 21)	Run tests	2026-06-22T17:43:31.7388626Z [0m[[0m[0minfo[0m] [0m[0m[32m- should expose audio pricing fields[0m[0m
Test (ubuntu-latest, 21)	Run tests	2026-06-22T17:43:31.7389984Z [0m[[0m[0minfo[0m] [0m[0m[32m- should expose image pricing fields[0m[0m
Test (ubuntu-latest, 21)	Run tests	2026-06-22T17:43:31.7391632Z [0m[[0m[0minfo[0m] [0m[0m[32m- should expose pixel pricing fields[0m[0m
Test (ubuntu-latest, 21)	Run tests	2026-06-22T17:43:31.7393001Z [0m[[0m[0minfo[0m] [0m[0m[32m- should expose reasoning token cost field[0m[0m
Test (ubuntu-latest, 21)	Run tests	2026-06-22T17:43:31.7394365Z [0m[[0m[0minfo[0m] [0m[0m[32m- should expose cache creation cost field[0m[0m
Test (ubuntu-latest, 21)	Run tests	2026-06-22T17:43:31.7395877Z [0m[[0m[0minfo[0m] [0m[0m[32mModelPricing.fromJson[0m[0m
Test (ubuntu-latest, 21)	Run tests	2026-06-22T17:43:31.7397101Z [0m[[0m[0minfo[0m] [0m[0m[32m- should parse integer values as doubles[0m[0m
Test (ubuntu-latest, 21)	Run tests	2026-06-22T17:43:31.7398476Z [0m[[0m[0minfo[0m] [0m[0m[32m- should ignore unknown fields in JSON without error[0m[0m
Test (ubuntu-latest, 21)	Run tests	2026-06-22T17:43:31.7399695Z [0m[[0m[0minfo[0m] [0m[0m[32mModelPricing.estimateCost[0m[0m
Test (ubuntu-latest, 21)	Run tests	2026-06-22T17:43:31.7401098Z [0m[[0m[0minfo[0m] [0m[0m[32m- should calculate correctly with only input tokens (zero output)[0m[0m
Test (ubuntu-latest, 21)	Run tests	2026-06-22T17:43:31.7402841Z [0m[[0m[0minfo[0m] [0m[0m[32m- should calculate correctly with only output tokens (zero input)[0m[0m
Test (ubuntu-latest, 21)	Run tests	2026-06-22T17:43:31.7405362Z [0m[[0m[0minfo[0m] [0m[0m[32m- should not be affected by presence of cache or specialist pricing fields[0m[0m
Test (ubuntu-latest, 21)	Run tests	2026-06-22T17:43:31.7407175Z [0m[[0m[0minfo[0m] [0m[0m[32m- should maintain precision with very small per-token costs[0m[0m
Test (ubuntu-latest, 21)	Run tests	2026-06-22T17:43:31.7440899Z [0m[[0m[0minfo[0m] [0m[0m[32mJsonGraphStoreSpec:[0m[0m
Test (ubuntu-latest, 21)	Run tests	2026-06-22T17:43:31.7452255Z [0m[[0m[0minfo[0m] [0m[0m[32m- upsertNode should insert new node[0m[0m
Test (ubuntu-latest, 21)	Run tests	2026-06-22T17:43:31.7467046Z [0m[[0m[0minfo[0m] [0m[0m[32m- upsertNode should update existing node[0m[0m
Test (ubuntu-latest, 21)	Run tests	2026-06-22T17:43:31.7473430Z [0m[[0m[0minfo[0m] [0m[0m[32m- upsertEdge should fail if source node doesn't exist[0m[0m
Test (ubuntu-latest, 21)	Run tests	2026-06-22T17:43:31.7483888Z [0m[[0m[0minfo[0m] [0m[0m[32m- upsertEdge should insert edge between existing nodes[0m[0m
Test (ubuntu-latest, 21)	Run tests	2026-06-22T17:43:31.7499119Z [0m[[0m[0minfo[0m] [0m[0m[32m- upsertEdge should replace existing edge with same source, target, and relationship[0m[0m
Test (ubuntu-latest, 21)	Run tests	2026-06-22T17:43:31.7505326Z [0m[[0m[0minfo[0m] [0m[0m[32m- getNode should return None for non-existent node[0m[0m
Test (ubuntu-latest, 21)	Run tests	2026-06-22T17:43:31.7519617Z [0m[[0m[0minfo[0m] [0m[0m[32m- getNeighbors should return outgoing neighbors[0m[0m
Test (ubuntu-latest, 21)	Run tests	2026-06-22T17:43:31.7534423Z [0m[[0m[0minfo[0m] [0m[0m[32m- getNeighbors should return incoming neighbors[0m[0m
Test (ubuntu-latest, 21)	Run tests	2026-06-22T17:43:31.7543130Z [0m[[0m[0minfo[0m] [0m[0m[32m- query should filter by node label[0m[0m
Test (ubuntu-latest, 21)	Run tests	2026-06-22T17:43:31.7550313Z [0m[[0m[0minfo[0m] [0m[0m[32m- query should filter by property value (ujson.Str)[0m[0m
Test (ubuntu-latest, 21)	Run tests	2026-06-22T17:43:31.7557744Z [0m[[0m[0minfo[0m] [0m[0m[32m- query should filter by property value (ujson.Num)[0m[0m
Test (ubuntu-latest, 21)	Run tests	2026-06-22T17:43:31.7565844Z [0m[[0m[0minfo[0m] [0m[0m[32m- query should filter by property value (ujson.Bool)[0m[0m
Test (ubuntu-latest, 21)	Run tests	2026-06-22T17:43:31.7583245Z [0m[[0m[0minfo[0m] [0m[0m[32m- query should filter by relationship type[0m[0m
Test (ubuntu-latest, 21)	Run tests	2026-06-22T17:43:31.7585897Z [0m[[0m[0minfo[0m] [0m[0m[32m- traverse should return empty for non-existent start node[0m[0m
Test (ubuntu-latest, 21)	Run tests	2026-06-22T17:43:31.7608995Z [0m[[0m[0minfo[0m] [0m[0m[32m- traverse should use BFS and respect depth limit[0m[0m
Test (ubuntu-latest, 21)	Run tests	2026-06-22T17:43:31.7623655Z [0m[[0m[0minfo[0m] [0m[0m[32m- traverse should follow Direction.Outgoing[0m[0m
Test (ubuntu-latest, 21)	Run tests	2026-06-22T17:43:31.7637238Z [0m[[0m[0minfo[0m] [0m[0m[32m- traverse should follow Direction.Incoming[0m[0m
Test (ubuntu-latest, 21)	Run tests	2026-06-22T17:43:31.7655631Z [0m[[0m[0minfo[0m] [0m[0m[32m- traverse should follow Direction.Both in both directions[0m[0m
Test (ubuntu-latest, 21)	Run tests	2026-06-22T17:43:31.7671848Z [0m[[0m[0minfo[0m] [0m[0m[32m- deleteNode should remove node and adjacent edges[0m[0m
Test (ubuntu-latest, 21)	Run tests	2026-06-22T17:43:31.7687282Z [0m[[0m[0minfo[0m] [0m[0m[32m- deleteEdge should remove only specific edge[0m[0m
Test (ubuntu-latest, 21)	Run tests	2026-06-22T17:43:31.7701872Z [0m[[0m[0minfo[0m] [0m[0m[32m- loadAll should return complete graph[0m[0m
Test (ubuntu-latest, 21)	Run tests	2026-06-22T17:43:31.7716821Z [0m[[0m[0minfo[0m] [0m[0m[32m- stats should compute correct statistics[0m[0m
Test (ubuntu-latest, 21)	Run tests	2026-06-22T17:43:31.7722367Z [0m[[0m[0minfo[0m] [0m[0m[32m- caching should improve performance for repeated reads[0m[0m
Test (ubuntu-latest, 21)	Run tests	2026-06-22T17:43:31.7729380Z [0m[[0m[0minfo[0m] [0m[0m[32m- snapshot should provide immutable view of graph[0m[0m
Test (ubuntu-latest, 21)	Run tests	2026-06-22T17:43:31.7736854Z [0m[[0m[0minfo[0m] [0m[0m[32m- property filtering should handle complex ujson types[0m[0m
Test (ubuntu-latest, 21)	Run tests	2026-06-22T17:43:31.7746736Z [0m[[0m[0minfo[0m] [0m[0m[32m- persistence should survive store recreation[0m[0m
Test (ubuntu-latest, 21)	Run tests	2026-06-22T17:43:31.7761347Z [0m[[0m[0minfo[0m] [0m[0m[32m- should handle special characters in properties[0m[0m
Test (ubuntu-latest, 21)	Run tests	2026-06-22T17:43:31.7775870Z [0m[[0m[0minfo[0m] [0m[0m[32m- should handle BFS ordering consistency[0m[0m
Test (ubuntu-latest, 21)	Run tests	2026-06-22T17:43:31.7791506Z [0m[[0m[0minfo[0m] [0m[0m[32m- traverse should not revisit nodes in cycle[0m[0m
Test (ubuntu-latest, 21)	Run tests	2026-06-22T17:43:31.7815878Z [0m[[0m[0minfo[0m] [0m[0m[32mToolsConfigLoaderSpec:[0m[0m
Test (ubuntu-latest, 21)	Run tests	2026-06-22T17:43:31.7833345Z [0m[[0m[0minfo[0m] [0m[0m[32m- loadExaSearchTool loads valid configuration with different values[0m[0m
Test (ubuntu-latest, 21)	Run tests	2026-06-22T17:43:31.7846847Z [0m[[0m[0minfo[0m] [0m[0m[32m- loadExaSearchTool accepts all valid searchType values[0m[0m
Test (ubuntu-latest, 21)	Run tests	2026-06-22T17:43:31.7868643Z [0m[[0m[0minfo[0m] [0m[0m[32m- loadExaSearchTool rejects invalid searchType values[0m[0m
Test (ubuntu-latest, 21)	Run tests	2026-06-22T17:43:31.7882833Z [0m[[0m[0minfo[0m] [0m[0m[32m- loadExaSearchTool accepts non-lowercase searchType values by normalizing them[0m[0m
Test (ubuntu-latest, 21)	Run tests	2026-06-22T17:43:31.7892226Z [0m[[0m[0minfo[0m] [0m[0m[32m- loadExaSearchTool handles whitespace in searchType[0m[0m
Test (ubuntu-latest, 21)	Run tests	2026-06-22T17:43:31.7904156Z [0m[[0m[0minfo[0m] [0m[0m[32m- loadExaSearchTool fails when required fields are missing[0m[0m
Test (ubuntu-latest, 21)	Run tests	2026-06-22T17:43:31.7909365Z [0m[[0m[0minfo[0m] [0m[0m[32m- loadExaSearchTool fails when entire config section is missing or path is wrong[0m[0m
Test (ubuntu-latest, 21)	Run tests	2026-06-22T17:43:31.7935932Z [0m[[0m[0minfo[0m] [0m[0m[32m- loadExaSearchTool fails when field types are invalid[0m[0m
Test (ubuntu-latest, 21)	Run tests	2026-06-22T17:43:31.7975549Z [0m[[0m[0minfo[0m] [0m[0m[32mGuardrailSpec:[0m[0m
Test (ubuntu-latest, 21)	Run tests	2026-06-22T17:43:31.7976690Z [0m[[0m[0minfo[0m] [0m[0m[32mLengthCheck[0m[0m
Test (ubuntu-latest, 21)	Run tests	2026-06-22T17:43:31.7988152Z [0m[[0m[0minfo[0m] [0m[0m[32m- should accept input within bounds[0m[0m
Test (ubuntu-latest, 21)	Run tests	2026-06-22T17:43:31.7989685Z [0m[[0m[0minfo[0m] [0m[0m[32m- should reject input that is too short[0m[0m
Test (ubuntu-latest, 21)	Run tests	2026-06-22T17:43:31.7991188Z [0m[[0m[0minfo[0m] [0m[0m[32m- should reject input that is too long[0m[0m
Test (ubuntu-latest, 21)	Run tests	2026-06-22T17:43:31.7992723Z [0m[[0m[0minfo[0m] [0m[0m[32m- should accept input at exact minimum[0m[0m
Test (ubuntu-latest, 21)	Run tests	2026-06-22T17:43:31.7994474Z [0m[[0m[0minfo[0m] [0m[0m[32m- should accept input at exact maximum[0m[0m
Test (ubuntu-latest, 21)	Run tests	2026-06-22T17:43:31.7996499Z [0m[[0m[0minfo[0m] [0m[0m[32mLengthCheck.maxOnly[0m[0m
Test (ubuntu-latest, 21)	Run tests	2026-06-22T17:43:31.7997954Z [0m[[0m[0minfo[0m] [0m[0m[32m- should only check maximum length[0m[0m
Test (ubuntu-latest, 21)	Run tests	2026-06-22T17:43:31.7999589Z [0m[[0m[0minfo[0m] [0m[0m[32mLengthCheck.minOnly[0m[0m
Test (ubuntu-latest, 21)	Run tests	2026-06-22T17:43:31.8001124Z [0m[[0m[0minfo[0m] [0m[0m[32m- should only check minimum length[0m[0m
Test (ubuntu-latest, 21)	Run tests	2026-06-22T17:43:31.8002951Z [0m[[0m[0minfo[0m] [0m[0m[32mProfanityFilter[0m[0m
Test (ubuntu-latest, 21)	Run tests	2026-06-22T17:43:31.8003972Z [0m[[0m[0minfo[0m] [0m[0m[32m- should accept clean content[0m[0m
Test (ubuntu-latest, 21)	Run tests	2026-06-22T17:43:31.8005299Z [0m[[0m[0minfo[0m] [0m[0m[32m- should reject inappropriate content[0m[0m
Test (ubuntu-latest, 21)	Run tests	2026-06-22T17:43:31.8006444Z [0m[[0m[0minfo[0m] [0m[0m[32m- should be case-insensitive by default[0m[0m
Test (ubuntu-latest, 21)	Run tests	2026-06-22T17:43:31.8007477Z [0m[[0m[0minfo[0m] [0m[0m[32m- should support custom bad words[0m[0m
Test (ubuntu-latest, 21)	Run tests	2026-06-22T17:43:31.8008668Z [0m[[0m[0minfo[0m] [0m[0m[32m- should be case-sensitive when configured[0m[0m
Test (ubuntu-latest, 21)	Run tests	2026-06-22T17:43:31.8009659Z [0m[[0m[0minfo[0m] [0m[0m[32mJSONValidator[0m[0m
Test (ubuntu-latest, 21)	Run tests	2026-06-22T17:43:31.8010552Z [0m[[0m[0minfo[0m] [0m[0m[32m- should accept valid JSON[0m[0m
Test (ubuntu-latest, 21)	Run tests	2026-06-22T17:43:31.8011900Z [0m[[0m[0minfo[0m] [0m[0m[32m- should accept valid JSON array[0m[0m
Test (ubuntu-latest, 21)	Run tests	2026-06-22T17:43:31.8017647Z [0m[[0m[0minfo[0m] [0m[0m[32m- should reject invalid JSON[0m[0m
Test (ubuntu-latest, 21)	Run tests	2026-06-22T17:43:31.8018696Z [0m[[0m[0minfo[0m] [0m[0m[32m- should reject malformed JSON[0m[0m
Test (ubuntu-latest, 21)	Run tests	2026-06-22T17:43:31.8019792Z [0m[[0m[0minfo[0m] [0m[0m[32mRegexValidator[0m[0m
Test (ubuntu-latest, 21)	Run tests	2026-06-22T17:43:31.8020985Z [0m[[0m[0minfo[0m] [0m[0m[32m- should accept matching content[0m[0m
Test (ubuntu-latest, 21)	Run tests	2026-06-22T17:43:31.8022217Z [0m[[0m[0minfo[0m] [0m[0m[32m- should reject non-matching content[0m[0m
Test (ubuntu-latest, 21)	Run tests	2026-06-22T17:43:31.8023576Z [0m[[0m[0minfo[0m] [0m[0m[32m- should support custom error messages[0m[0m
Test (ubuntu-latest, 21)	Run tests	2026-06-22T17:43:31.8025042Z [0m[[0m[0minfo[0m] [0m[0m[32mRegexValidator.email[0m[0m
Test (ubuntu-latest, 21)	Run tests	2026-06-22T17:43:31.8026241Z [0m[[0m[0minfo[0m] [0m[0m[32m- should validate email addresses[0m[0m
Test (ubuntu-latest, 21)	Run tests	2026-06-22T17:43:31.8027603Z [0m[[0m[0minfo[0m] [0m[0m[32mRegexValidator.alphanumeric[0m[0m
Test (ubuntu-latest, 21)	Run tests	2026-06-22T17:43:31.8028896Z [0m[[0m[0minfo[0m] [0m[0m[32m- should accept only alphanumeric[0m[0m
Test (ubuntu-latest, 21)	Run tests	2026-06-22T17:43:31.8030421Z [0m[[0m[0minfo[0m] [0m[0m[32mToneValidator[0m[0m
Test (ubuntu-latest, 21)	Run tests	2026-06-22T17:43:31.8032387Z [0m[[0m[0minfo[0m] [0m[0m[32m- should accept allowed tones[0m[0m
Test (ubuntu-latest, 21)	Run tests	2026-06-22T17:43:31.8039765Z [0m[[0m[0minfo[0m] [0m[0m[32m- should reject disallowed tones[0m[0m
Test (ubuntu-latest, 21)	Run tests	2026-06-22T17:43:31.8042090Z [0m[[0m[0minfo[0m] [0m[0m[32mToneValidator.professionalOnly[0m[0m
Test (ubuntu-latest, 21)	Run tests	2026-06-22T17:43:31.8045156Z [0m[[0m[0minfo[0m] [0m[0m[32m- should only allow professional tone[0m[0m
Test (ubuntu-latest, 21)	Run tests	2026-06-22T17:43:31.8047326Z [0m[[0m[0minfo[0m] [0m[0m[32mCompositeGuardrail.all[0m[0m
Test (ubuntu-latest, 21)	Run tests	2026-06-22T17:43:31.8048622Z [0m[[0m[0minfo[0m] [0m[0m[32m- should pass if all guardrails pass[0m[0m
Test (ubuntu-latest, 21)	Run tests	2026-06-22T17:43:31.8050707Z [0m[[0m[0minfo[0m] [0m[0m[32m- should fail if any guardrail fails[0m[0m
Test (ubuntu-latest, 21)	Run tests	2026-06-22T17:43:31.8053315Z [0m[[0m[0minfo[0m] [0m[0m[32m- should aggregate all errors[0m[0m
Test (ubuntu-latest, 21)	Run tests	2026-06-22T17:43:31.8054625Z [0m[[0m[0minfo[0m] [0m[0m[32mCompositeGuardrail.any[0m[0m
Test (ubuntu-latest, 21)	Run tests	2026-06-22T17:43:31.8060054Z [0m[[0m[0minfo[0m] [0m[0m[32m- should pass if any guardrail passes[0m[0m
Test (ubuntu-latest, 21)	Run tests	2026-06-22T17:43:31.8066179Z [0m[[0m[0minfo[0m] [0m[0m[32m- should fail if all guardrails fail[0m[0m
Test (ubuntu-latest, 21)	Run tests	2026-06-22T17:43:31.8069145Z [0m[[0m[0minfo[0m] [0m[0m[32mCompositeGuardrail.sequential[0m[0m
Test (ubuntu-latest, 21)	Run tests	2026-06-22T17:43:31.8071721Z [0m[[0m[0minfo[0m] [0m[0m[32m- should run guardrails in sequence[0m[0m
Test (ubuntu-latest, 21)	Run tests	2026-06-22T17:43:31.8095802Z [0m[[0m[0minfo[0m] [0m[0m[32m- should short-circuit on first failure[0m[0m
Test (ubuntu-latest, 21)	Run tests	2026-06-22T17:43:31.8097078Z [0m[[0m[0minfo[0m] [0m[0m[32mGuardrail.andThen[0m[0m
Test (ubuntu-latest, 21)	Run tests	2026-06-22T17:43:31.8098163Z [0m[[0m[0minfo[0m] [0m[0m[32m- should compose guardrails[0m[0m
Test (ubuntu-latest, 21)	Run tests	2026-06-22T17:43:31.8118878Z [0m[[0m[0minfo[0m] [0m[0m[32mTraceQueryPropertySpec:[0m[0m
Test (ubuntu-latest, 21)	Run tests	2026-06-22T17:43:31.8121558Z [0m[[0m[0minfo[0m] [0m[0m[32mTraceQuery.empty[0m[0m
Test (ubuntu-latest, 21)	Run tests	2026-06-22T17:43:31.8123646Z [0m[[0m[0minfo[0m] [0m[0m[32m- should have no time constraints[0m[0m
Test (ubuntu-latest, 21)	Run tests	2026-06-22T17:43:31.8124977Z [0m[[0m[0minfo[0m] [0m[0m[32m- should have no status filter[0m[0m
Test (ubuntu-latest, 21)	Run tests	2026-06-22T17:43:31.8127090Z [0m[[0m[0minfo[0m] [0m[0m[32m- should have no metadata filter[0m[0m
Test (ubuntu-latest, 21)	Run tests	2026-06-22T17:43:31.8129600Z [0m[[0m[0minfo[0m] [0m[0m[32m- should have no cursor[0m[0m
Test (ubuntu-latest, 21)	Run tests	2026-06-22T17:43:31.8130463Z [0m[[0m[0minfo[0m] [0m[0m[32m- should use the default limit of 50[0m[0m
Test (ubuntu-latest, 21)	Run tests	2026-06-22T17:43:31.8131470Z [0m[[0m[0minfo[0m] [0m[0m[32mTraceQuery.withLimit[0m[0m
Test (ubuntu-latest, 21)	Run tests	2026-06-22T17:43:31.8138654Z [0m[[0m[0minfo[0m] [0m[0m[32m- should set exactly the given limit[0m[0m
Test (ubuntu-latest, 21)	Run tests	2026-06-22T17:43:31.8150968Z [0m[[0m[0minfo[0m] [0m[0m[32m- should leave all filters unset[0m[0m
Test (ubuntu-latest, 21)	Run tests	2026-06-22T17:43:31.8153218Z [0m[[0m[0minfo[0m] [0m[0m[32mTraceQuery.withTimeRange[0m[0m
Test (ubuntu-latest, 21)	Run tests	2026-06-22T17:43:31.8163489Z [0m[[0m[0minfo[0m] [0m[0m[32m- should set both time bounds[0m[0m
Test (ubuntu-latest, 21)	Run tests	2026-06-22T17:43:31.8175577Z [0m[[0m[0minfo[0m] [0m[0m[32m- should leave status, metadata, cursor unset[0m[0m
Test (ubuntu-latest, 21)	Run tests	2026-06-22T17:43:31.8177801Z [0m[[0m[0minfo[0m] [0m[0m[32mTraceQuery.withStatus[0m[0m
Test (ubuntu-latest, 21)	Run tests	2026-06-22T17:43:31.8185591Z [0m[[0m[0minfo[0m] [0m[0m[32m- should set exactly the given status[0m[0m
Test (ubuntu-latest, 21)	Run tests	2026-06-22T17:43:31.8195150Z [0m[[0m[0minfo[0m] [0m[0m[32m- should leave time range, metadata, cursor unset[0m[0m
Test (ubuntu-latest, 21)	Run tests	2026-06-22T17:43:31.8196742Z [0m[[0m[0minfo[0m] [0m[0m[32mTraceQuery.withMetadata[0m[0m
Test (ubuntu-latest, 21)	Run tests	2026-06-22T17:43:31.8218532Z [0m[[0m[0minfo[0m] [0m[0m[32m- should set exactly one metadata entry[0m[0m
Test (ubuntu-latest, 21)	Run tests	2026-06-22T17:43:31.8239639Z [0m[[0m[0minfo[0m] [0m[0m[32m- should leave time range, status, cursor unset[0m[0m
Test (ubuntu-latest, 21)	Run tests	2026-06-22T17:43:31.8241995Z [0m[[0m[0minfo[0m] [0m[0m[32mTracePage.hasNext[0m[0m
Test (ubuntu-latest, 21)	Run tests	2026-06-22T17:43:31.8417576Z [0m[[0m[0minfo[0m] [0m[0m[32m- should be true iff nextCursor is defined[0m[0m
Test (ubuntu-latest, 21)	Run tests	2026-06-22T17:43:31.8420504Z [0m[[0m[0minfo[0m] [0m[0m[32mTracePage.isEmpty[0m[0m
Test (ubuntu-latest, 21)	Run tests	2026-06-22T17:43:31.8599314Z [0m[[0m[0minfo[0m] [0m[0m[32m- should be true iff traces list is empty[0m[0m
Test (ubuntu-latest, 21)	Run tests	2026-06-22T17:43:31.8601735Z [0m[[0m[0minfo[0m] [0m[0m[32mTracePage.size[0m[0m
Test (ubuntu-latest, 21)	Run tests	2026-06-22T17:43:31.8753047Z [0m[[0m[0minfo[0m] [0m[0m[32m- should equal the number of traces[0m[0m
Test (ubuntu-latest, 21)	Run tests	2026-06-22T17:43:31.8919960Z [0m[[0m[0minfo[0m] [0m[0m[32m- should be consistent with isEmpty[0m[0m
Test (ubuntu-latest, 21)	Run tests	2026-06-22T17:43:31.8938758Z [0m[[0m[0minfo[0m] [0m[0m[32mRAGWithSearchIndexSpec:[0m[0m
Test (ubuntu-latest, 21)	Run tests	2026-06-22T17:43:31.8941118Z [0m[[0m[0minfo[0m] [0m[0m[32mRAGConfig.withSearchIndex with non-Pg SearchIndex[0m[0m
Test (ubuntu-latest, 21)	Run tests	2026-06-22T17:43:31.8943562Z [0m[[0m[0minfo[0m] [0m[0m[32m- should not set pgVectorConnectionString[0m[0m
Test (ubuntu-latest, 21)	Run tests	2026-06-22T17:43:31.8945803Z [0m[[0m[0minfo[0m] [0m[0m[32mRAG created with non-Pg SearchIndex[0m[0m
Test (ubuntu-latest, 21)	Run tests	2026-06-22T17:43:31.8948011Z [0m[[0m[0minfo[0m] [0m[0m[32m- should use in-memory storage for regular ingest configuration[0m[0m
Test (ubuntu-latest, 21)	Run tests	2026-06-22T17:43:31.8988971Z [0m[[0m[0minfo[0m] [0m[0m[32mProviderConfigFallbackSpec:[0m[0m
Test (ubuntu-latest, 21)	Run tests	2026-06-22T17:43:31.8990509Z [0m[[0m[0minfo[0m] [0m[0m[32mOpenAIConfig fallback[0m[0m
Test (ubuntu-latest, 21)	Run tests	2026-06-22T17:43:31.9428610Z [0m[[0m[0minfo[0m] [0m[0m[32m- should return 128000 for gpt-4o-like model[0m[0m
Test (ubuntu-latest, 21)	Run tests	2026-06-22T17:43:31.9474119Z [0m[[0m[0minfo[0m] [0m[0m[32m- should return 8192 for unknown model[0m[0m
Test (ubuntu-latest, 21)	Run tests	2026-06-22T17:43:31.9475667Z [0m[[0m[0minfo[0m] [0m[0m[32mAzureConfig fallback[0m[0m
Test (ubuntu-latest, 21)	Run tests	2026-06-22T17:43:31.9557788Z [0m[[0m[0minfo[0m] [0m[0m[32m- should return 128000 for gpt-4o-like model[0m[0m
Test (ubuntu-latest, 21)	Run tests	2026-06-22T17:43:31.9623572Z [0m[[0m[0minfo[0m] [0m[0m[32m- should return 128000 for gpt-4-turbo-like model[0m[0m
Test (ubuntu-latest, 21)	Run tests	2026-06-22T17:43:31.9687280Z [0m[[0m[0minfo[0m] [0m[0m[32m- should return 8192 for gpt-4-like model[0m[0m
Test (ubuntu-latest, 21)	Run tests	2026-06-22T17:43:31.9753984Z [0m[[0m[0minfo[0m] [0m[0m[32m- should return 16384 for gpt-3.5-turbo-like model[0m[0m
Test (ubuntu-latest, 21)	Run tests	2026-06-22T17:43:31.9817507Z [0m[[0m[0minfo[0m] [0m[0m[32m- should return 128000 for o1-like model[0m[0m
Test (ubuntu-latest, 21)	Run tests	2026-06-22T17:43:31.9880663Z [0m[[0m[0minfo[0m] [0m[0m[32m- should return 8192 for unknown model[0m[0m
Test (ubuntu-latest, 21)	Run tests	2026-06-22T17:43:31.9881965Z [0m[[0m[0minfo[0m] [0m[0m[32mAnthropicConfig fallback[0m[0m
Test (ubuntu-latest, 21)	Run tests	2026-06-22T17:43:31.9922593Z [0m[[0m[0minfo[0m] [0m[0m[32m- should return 200000 for claude-3-like model[0m[0m
Test (ubuntu-latest, 21)	Run tests	2026-06-22T17:43:31.9965175Z [0m[[0m[0minfo[0m] [0m[0m[32m- should return 200000 for claude-3.5-like model[0m[0m
Test (ubuntu-latest, 21)	Run tests	2026-06-22T17:43:32.0008290Z [0m[[0m[0minfo[0m] [0m[0m[32m- should return 100000 for claude-instant-like model[0m[0m
Test (ubuntu-latest, 21)	Run tests	2026-06-22T17:43:32.0050051Z [0m[[0m[0minfo[0m] [0m[0m[32m- should return 200000 for unknown model[0m[0m
Test (ubuntu-latest, 21)	Run tests	2026-06-22T17:43:32.0052858Z [0m[[0m[0minfo[0m] [0m[0m[32mGeminiConfig fallback[0m[0m
Test (ubuntu-latest, 21)	Run tests	2026-06-22T17:43:32.0119206Z [0m[[0m[0minfo[0m] [0m[0m[32m- should return 1048576 for gemini-2-like model[0m[0m
Test (ubuntu-latest, 21)	Run tests	2026-06-22T17:43:32.0183746Z [0m[[0m[0minfo[0m] [0m[0m[32m- should return 1048576 for gemini-1.5-like model[0m[0m
Test (ubuntu-latest, 21)	Run tests	2026-06-22T17:43:32.0247157Z [0m[[0m[0minfo[0m] [0m[0m[32m- should return 32768 for gemini-1.0-like model[0m[0m
Test (ubuntu-latest, 21)	Run tests	2026-06-22T17:43:32.0310952Z [0m[[0m[0minfo[0m] [0m[0m[32m- should return 1048576 for gemini-pro-like model[0m[0m
Test (ubuntu-latest, 21)	Run tests	2026-06-22T17:43:32.0376785Z [0m[[0m[0minfo[0m] [0m[0m[32m- should return 1048576 for gemini-flash-like model[0m[0m
Test (ubuntu-latest, 21)	Run tests	2026-06-22T17:43:32.0440555Z [0m[[0m[0minfo[0m] [0m[0m[32m- should return 1048576 for unknown model[0m[0m
Test (ubuntu-latest, 21)	Run tests	2026-06-22T17:43:32.0443992Z [0m[[0m[0minfo[0m] [0m[0m[32mDeepSeekConfig fallback[0m[0m
Test (ubuntu-latest, 21)	Run tests	2026-06-22T17:43:32.0487709Z 17:43:32.048 [pool-1-thread-1-ScalaTest-running-ProviderConfigFallbackSpec] WARN  o.l.l.config.DeepSeekConfig$ - Unknown DeepSeek model: patch-cov-deepseek-reasoner, using conservative 128K fallback
Test (ubuntu-latest, 21)	Run tests	2026-06-22T17:43:32.0490915Z [0m[[0m[0minfo[0m] [0m[0m[32m- should return 128000 for unregistered model (default branch)[0m[0m
Test (ubuntu-latest, 21)	Run tests	2026-06-22T17:43:32.0531080Z 17:43:32.052 [pool-1-thread-1-ScalaTest-running-ProviderConfigFallbackSpec] WARN  o.l.l.config.DeepSeekConfig$ - Unknown DeepSeek model: patch-cov-unknown, using conservative 128K fallback
Test (ubuntu-latest, 21)	Run tests	2026-06-22T17:43:32.0535199Z [0m[[0m[0minfo[0m] [0m[0m[32m- should return 128000 for unknown model (default branch)[0m[0m
Test (ubuntu-latest, 21)	Run tests	2026-06-22T17:43:32.0536546Z [0m[[0m[0minfo[0m] [0m[0m[32mOllamaConfig fallback[0m[0m
Test (ubuntu-latest, 21)	Run tests	2026-06-22T17:43:32.0568896Z [0m[[0m[0minfo[0m] [0m[0m[32m- should return 4096 for llama2-like model[0m[0m
Test (ubuntu-latest, 21)	Run tests	2026-06-22T17:43:32.0607330Z [0m[[0m[0minfo[0m] [0m[0m[32m- should return 8192 for llama3-like model[0m[0m
Test (ubuntu-latest, 21)	Run tests	2026-06-22T17:43:32.0645801Z [0m[[0m[0minfo[0m] [0m[0m[32m- should return 16384 for codellama-like model[0m[0m
Test (ubuntu-latest, 21)	Run tests	2026-06-22T17:43:32.0686182Z [0m[[0m[0minfo[0m] [0m[0m[32m- should return 32768 for mistral-like model[0m[0m
Test (ubuntu-latest, 21)	Run tests	2026-06-22T17:43:32.0726059Z [0m[[0m[0minfo[0m] [0m[0m[32m- should return 8192 for unknown model[0m[0m
Test (ubuntu-latest, 21)	Run tests	2026-06-22T17:43:32.0727868Z [0m[[0m[0minfo[0m] [0m[0m[32mZaiConfig fallback[0m[0m
Test (ubuntu-latest, 21)	Run tests	2026-06-22T17:43:32.0765483Z [0m[[0m[0minfo[0m] [0m[0m[32m- should return 200000 for GLM-4.7-like model[0m[0m
Test (ubuntu-latest, 21)	Run tests	2026-06-22T17:43:32.0805417Z [0m[[0m[0minfo[0m] [0m[0m[32m- should return 128000 for GLM-4.5-like model[0m[0m
Test (ubuntu-latest, 21)	Run tests	2026-06-22T17:43:32.0844609Z [0m[[0m[0minfo[0m] [0m[0m[32m- should return 128000 for unknown model[0m[0m
Test (ubuntu-latest, 21)	Run tests	2026-06-22T17:43:32.0846521Z [0m[[0m[0minfo[0m] [0m[0m[32mCohereConfig fallback[0m[0m
Test (ubuntu-latest, 21)	Run tests	2026-06-22T17:43:32.0882901Z [0m[[0m[0minfo[0m] [0m[0m[32m- should return 128000 for any unregistered model[0m[0m
Test (ubuntu-latest, 21)	Run tests	2026-06-22T17:43:32.0928224Z [0m[[0m[0minfo[0m] [0m[0m[32mLLMGuardrailSpec:[0m[0m
Test (ubuntu-latest, 21)	Run tests	2026-06-22T17:43:32.0930897Z [0m[[0m[0minfo[0m] [0m[0m[32mLLMGuardrail[0m[0m
Test (ubuntu-latest, 21)	Run tests	2026-06-22T17:43:32.0956301Z [0m[[0m[0minfo[0m] [0m[0m[32m- should pass when score is above threshold[0m[0m
Test (ubuntu-latest, 21)	Run tests	2026-06-22T17:43:32.0960155Z [0m[[0m[0minfo[0m] [0m[0m[32m- should fail when score is below threshold[0m[0m
Test (ubuntu-latest, 21)	Run tests	2026-06-22T17:43:32.0962331Z [0m[[0m[0minfo[0m] [0m[0m[32m- should pass when score equals threshold[0m[0m
Test (ubuntu-latest, 21)	Run tests	2026-06-22T17:43:32.0964530Z [0m[[0m[0minfo[0m] [0m[0m[32m- should parse scores with extra whitespace[0m[0m
Test (ubuntu-latest, 21)	Run tests	2026-06-22T17:43:32.0967158Z [0m[[0m[0minfo[0m] [0m[0m[32m- should clamp scores above 1.0 to 1.0[0m[0m
Test (ubuntu-latest, 21)	Run tests	2026-06-22T17:43:32.0969396Z [0m[[0m[0minfo[0m] [0m[0m[32m- should handle negative scores by stripping non-numeric chars[0m[0m
Test (ubuntu-latest, 21)	Run tests	2026-06-22T17:43:32.0971736Z [0m[[0m[0minfo[0m] [0m[0m[32m- should fail gracefully when LLM returns unparseable response[0m[0m
Test (ubuntu-latest, 21)	Run tests	2026-06-22T17:43:32.0976203Z [0m[[0m[0minfo[0m] [0m[0m[32m- should propagate LLM client errors[0m[0m
Test (ubuntu-latest, 21)	Run tests	2026-06-22T17:43:32.0981108Z [0m[[0m[0minfo[0m] [0m[0m[32m- should include content and prompt in LLM request[0m[0m
Test (ubuntu-latest, 21)	Run tests	2026-06-22T17:43:32.0982302Z [0m[[0m[0minfo[0m] [0m[0m[32mLLMToneGuardrail[0m[0m
Test (ubuntu-latest, 21)	Run tests	2026-06-22T17:43:32.0989188Z [0m[[0m[0minfo[0m] [0m[0m[32m- should pass for matching tone[0m[0m
Test (ubuntu-latest, 21)	Run tests	2026-06-22T17:43:32.0991802Z [0m[[0m[0minfo[0m] [0m[0m[32m- should fail for mismatching tone[0m[0m
Test (ubuntu-latest, 21)	Run tests	2026-06-22T17:43:32.0996657Z [0m[[0m[0minfo[0m] [0m[0m[32m- should include allowed tones in evaluation prompt[0m[0m
Test (ubuntu-latest, 21)	Run tests	2026-06-22T17:43:32.0999184Z [0m[[0m[0minfo[0m] [0m[0m[32mLLMToneGuardrail.professional[0m[0m
Test (ubuntu-latest, 21)	Run tests	2026-06-22T17:43:32.1001747Z [0m[[0m[0minfo[0m] [0m[0m[32m- should create professional tone guardrail[0m[0m
Test (ubuntu-latest, 21)	Run tests	2026-06-22T17:43:32.1003001Z [0m[[0m[0minfo[0m] [0m[0m[32mLLMFactualityGuardrail[0m[0m
Test (ubuntu-latest, 21)	Run tests	2026-06-22T17:43:32.1008098Z [0m[[0m[0minfo[0m] [0m[0m[32m- should pass for factually accurate content[0m[0m
Test (ubuntu-latest, 21)	Run tests	2026-06-22T17:43:32.1010494Z [0m[[0m[0minfo[0m] [0m[0m[32m- should fail for factually inaccurate content[0m[0m
Test (ubuntu-latest, 21)	Run tests	2026-06-22T17:43:32.1014650Z [0m[[0m[0minfo[0m] [0m[0m[32m- should include reference context in evaluation prompt[0m[0m
Test (ubuntu-latest, 21)	Run tests	2026-06-22T17:43:32.1016356Z [0m[[0m[0minfo[0m] [0m[0m[32mLLMFactualityGuardrail.strict[0m[0m
Test (ubuntu-latest, 21)	Run tests	2026-06-22T17:43:32.1019097Z [0m[[0m[0minfo[0m] [0m[0m[32m- should use higher threshold[0m[0m
Test (ubuntu-latest, 21)	Run tests	2026-06-22T17:43:32.1020228Z [0m[[0m[0minfo[0m] [0m[0m[32mLLMSafetyGuardrail[0m[0m
Test (ubuntu-latest, 21)	Run tests	2026-06-22T17:43:32.1024625Z [0m[[0m[0minfo[0m] [0m[0m[32m- should pass for safe content[0m[0m
Test (ubuntu-latest, 21)	Run tests	2026-06-22T17:43:32.1027344Z [0m[[0m[0minfo[0m] [0m[0m[32m- should fail for unsafe content[0m[0m
Test (ubuntu-latest, 21)	Run tests	2026-06-22T17:43:32.1030606Z [0m[[0m[0minfo[0m] [0m[0m[32m- should use higher default threshold than other guardrails[0m[0m
Test (ubuntu-latest, 21)	Run tests	2026-06-22T17:43:32.1032254Z [0m[[0m[0minfo[0m] [0m[0m[32mLLMSafetyGuardrail.strict[0m[0m
Test (ubuntu-latest, 21)	Run tests	2026-06-22T17:43:32.1033608Z [0m[[0m[0minfo[0m] [0m[0m[32m- should use even higher threshold[0m[0m
Test (ubuntu-latest, 21)	Run tests	2026-06-22T17:43:32.1035397Z [0m[[0m[0minfo[0m] [0m[0m[32mLLMSafetyGuardrail.withCustomCriteria[0m[0m
Test (ubuntu-latest, 21)	Run tests	2026-06-22T17:43:32.1044162Z [0m[[0m[0minfo[0m] [0m[0m[32m- should include custom criteria[0m[0m
Test (ubuntu-latest, 21)	Run tests	2026-06-22T17:43:32.1045439Z [0m[[0m[0minfo[0m] [0m[0m[32mLLMQualityGuardrail[0m[0m
Test (ubuntu-latest, 21)	Run tests	2026-06-22T17:43:32.1046535Z [0m[[0m[0minfo[0m] [0m[0m[32m- should pass for high quality responses[0m[0m
Test (ubuntu-latest, 21)	Run tests	2026-06-22T17:43:32.1047557Z [0m[[0m[0minfo[0m] [0m[0m[32m- should fail for low quality responses[0m[0m
Test (ubuntu-latest, 21)	Run tests	2026-06-22T17:43:32.1051797Z [0m[[0m[0minfo[0m] [0m[0m[32m- should include original query in evaluation prompt[0m[0m
Test (ubuntu-latest, 21)	Run tests	2026-06-22T17:43:32.1054055Z [0m[[0m[0minfo[0m] [0m[0m[32mLLM guardrails[0m[0m
Test (ubuntu-latest, 21)	Run tests	2026-06-22T17:43:32.1056583Z [0m[[0m[0minfo[0m] [0m[0m[32m- should compose with function-based guardrails[0m[0m
Test (ubuntu-latest, 21)	Run tests	2026-06-22T17:43:32.1058882Z [0m[[0m[0minfo[0m] [0m[0m[32m- should fail composite if any guardrail fails[0m[0m
Test (ubuntu-latest, 21)	Run tests	2026-06-22T17:43:32.1060530Z [0m[[0m[0minfo[0m] [0m[0m[32m- should chain with andThen[0m[0m
Test (ubuntu-latest, 21)	Run tests	2026-06-22T17:43:32.1081504Z [0m[[0m[0minfo[0m] [0m[0m[32mAgentUsageIntegrationSpec:[0m[0m
Test (ubuntu-latest, 21)	Run tests	2026-06-22T17:43:32.1082525Z [0m[[0m[0minfo[0m] [0m[0m[32mAgent[0m[0m
Test (ubuntu-latest, 21)	Run tests	2026-06-22T17:43:32.1088114Z [0m[[0m[0minfo[0m] [0m[0m[32m- should accumulate usage and cost into AgentState.usageSummary across multiple completions[0m[0m
Test (ubuntu-latest, 21)	Run tests	2026-06-22T17:43:32.1108445Z [0m[[0m[0minfo[0m] [0m[0m[32mLLMConnectProviderTypeSafetyTest:[0m[0m
Test (ubuntu-latest, 21)	Run tests	2026-06-22T17:43:32.1516861Z [0m[[0m[0minfo[0m] [0m[0m[32m- OpenAI provider with OpenAIConfig returns OpenAIClient[0m[0m
Test (ubuntu-latest, 21)	Run tests	2026-06-22T17:43:32.1521689Z [0m[[0m[0minfo[0m] [0m[0m[32m- OpenRouter provider with OpenAIConfig returns OpenRouterClient[0m[0m
Test (ubuntu-latest, 21)	Run tests	2026-06-22T17:43:32.1525565Z [0m[[0m[0minfo[0m] [0m[0m[32m- Azure provider with AzureConfig returns OpenAIClient (Azure-backed)[0m[0m
Test (ubuntu-latest, 21)	Run tests	2026-06-22T17:43:32.1540847Z [0m[[0m[0minfo[0m] [0m[0m[32m- Anthropic provider with AnthropicConfig returns AnthropicClient[0m[0m
Test (ubuntu-latest, 21)	Run tests	2026-06-22T17:43:32.1545589Z [0m[[0m[0minfo[0m] [0m[0m[32m- Ollama provider with OllamaConfig returns OllamaClient[0m[0m
Test (ubuntu-latest, 21)	Run tests	2026-06-22T17:43:32.1551996Z [0m[[0m[0minfo[0m] [0m[0m[32m- Zai provider with ZaiConfig returns ZaiClient[0m[0m
Test (ubuntu-latest, 21)	Run tests	2026-06-22T17:43:32.1560171Z [0m[[0m[0minfo[0m] [0m[0m[32m- Gemini provider with GeminiConfig returns GeminiClient[0m[0m
Test (ubuntu-latest, 21)	Run tests	2026-06-22T17:43:32.1565782Z [0m[[0m[0minfo[0m] [0m[0m[32m- DeepSeek provider with DeepSeekConfig returns DeepSeekClient[0m[0m
Test (ubuntu-latest, 21)	Run tests	2026-06-22T17:43:32.1571818Z [0m[[0m[0minfo[0m] [0m[0m[32m- Cohere provider with CohereConfig returns CohereClient[0m[0m
Test (ubuntu-latest, 21)	Run tests	2026-06-22T17:43:32.1579182Z [0m[[0m[0minfo[0m] [0m[0m[32m- Mistral provider with MistralConfig returns MistralClient[0m[0m
Test (ubuntu-latest, 21)	Run tests	2026-06-22T17:43:32.1585492Z [0m[[0m[0minfo[0m] [0m[0m[32m- OpenAI provider with non-OpenAIConfig should throw IllegalArgumentException[0m[0m
Test (ubuntu-latest, 21)	Run tests	2026-06-22T17:43:32.1587531Z [0m[[0m[0minfo[0m] [0m[0m[32m- OpenRouter provider with non-OpenAIConfig should throw IllegalArgumentException[0m[0m
Test (ubuntu-latest, 21)	Run tests	2026-06-22T17:43:32.1589370Z [0m[[0m[0minfo[0m] [0m[0m[32m- Azure provider with non-AzureConfig should throw IllegalArgumentException[0m[0m
Test (ubuntu-latest, 21)	Run tests	2026-06-22T17:43:32.1590771Z [0m[[0m[0minfo[0m] [0m[0m[32m- Zai provider with non-ZaiConfig should throw IllegalArgumentException[0m[0m
Test (ubuntu-latest, 21)	Run tests	2026-06-22T17:43:32.1625492Z [0m[[0m[0minfo[0m] [0m[0m[32mTracingEdgeCasesSpec:[0m[0m
Test (ubuntu-latest, 21)	Run tests	2026-06-22T17:43:32.1630163Z [0m[[0m[0minfo[0m] [0m[0m[32mTracingMode.fromString[0m[0m
Test (ubuntu-latest, 21)	Run tests	2026-06-22T17:43:32.1631147Z [0m[[0m[0minfo[0m] [0m[0m[32m- should parse opentelemetry mode[0m[0m
Test (ubuntu-latest, 21)	Run tests	2026-06-22T17:43:32.1632723Z [0m[[0m[0minfo[0m] [0m[0m[32m- should parse otel alias[0m[0m
Test (ubuntu-latest, 21)	Run tests	2026-06-22T17:43:32.1633782Z [0m[[0m[0minfo[0m] [0m[0m[32mTracing.create[0m[0m
Test (ubuntu-latest, 21)	Run tests	2026-06-22T17:43:32.1637888Z [0m[[0m[0minfo[0m] [0m[0m[32m- should fall back to NoOpTracing for OpenTelemetry when module not on classpath[0m[0m
Test (ubuntu-latest, 21)	Run tests	2026-06-22T17:43:32.1639115Z [0m[[0m[0minfo[0m] [0m[0m[32mTracing.traceEvent(String)[0m[0m
Test (ubuntu-latest, 21)	Run tests	2026-06-22T17:43:32.1645337Z [0m[[0m[0minfo[0m] [0m[0m[32m- should wrap string in CustomEvent[0m[0m
Test (ubuntu-latest, 21)	Run tests	2026-06-22T17:43:32.1647991Z [0m[[0m[0minfo[0m] [0m[0m[32mTracing.traceRAGOperation[0m[0m
Test (ubuntu-latest, 21)	Run tests	2026-06-22T17:43:32.1651665Z 17:43:32.163 [pool-1-thread-1-ScalaTest-running-TracingEdgeCasesSpec] ERROR org.llm4s.trace.Tracing$ - OpenTelemetry tracing configured but 'trace-opentelemetry' module not found on classpath. Please add 'org.llm4s' %% 'llm4s-trace-opentelemetry' dependency. Falling back to NoOpTracing.
Test (ubuntu-latest, 21)	Run tests	2026-06-22T17:43:32.1656792Z [0m[[0m[0minfo[0m] [0m[0m[32m- should work with no optional parameters[0m[0m
Test (ubuntu-latest, 21)	Run tests	2026-06-22T17:43:32.1659133Z [0m[[0m[0minfo[0m] [0m[0m[32mCompositeTracing[0m[0m
Test (ubuntu-latest, 21)	Run tests	2026-06-22T17:43:32.1660295Z [0m[[0m[0minfo[0m] [0m[0m[32m- should delegate traceAgentState to all tracers[0m[0m
Test (ubuntu-latest, 21)	Run tests	2026-06-22T17:43:32.1661598Z [0m[[0m[0minfo[0m] [0m[0m[32m- should delegate traceToolCall to all tracers[0m[0m
Test (ubuntu-latest, 21)	Run tests	2026-06-22T17:43:32.1662942Z [0m[[0m[0minfo[0m] [0m[0m[32m- should delegate traceError to all tracers[0m[0m
Test (ubuntu-latest, 21)	Run tests	2026-06-22T17:43:32.1664157Z [0m[[0m[0minfo[0m] [0m[0m[32m- should delegate traceCompletion to all tracers[0m[0m
Test (ubuntu-latest, 21)	Run tests	2026-06-22T17:43:32.1665744Z [0m[[0m[0minfo[0m] [0m[0m[32m- should delegate traceTokenUsage to all tracers[0m[0m
Test (ubuntu-latest, 21)	Run tests	2026-06-22T17:43:32.1667751Z [0m[[0m[0minfo[0m] [0m[0m[32m- should call shutdown on all tracers[0m[0m
Test (ubuntu-latest, 21)	Run tests	2026-06-22T17:43:32.1669973Z [0m[[0m[0minfo[0m] [0m[0m[32mFilteredTracing[0m[0m
Test (ubuntu-latest, 21)	Run tests	2026-06-22T17:43:32.1671238Z [0m[[0m[0minfo[0m] [0m[0m[32m- should delegate traceAgentState to underlying[0m[0m
Test (ubuntu-latest, 21)	Run tests	2026-06-22T17:43:32.1673802Z [0m[[0m[0minfo[0m] [0m[0m[32m- should delegate traceCompletion to underlying[0m[0m
Test (ubuntu-latest, 21)	Run tests	2026-06-22T17:43:32.1676825Z [0m[[0m[0minfo[0m] [0m[0m[32m- should delegate traceTokenUsage to underlying[0m[0m
Test (ubuntu-latest, 21)	Run tests	2026-06-22T17:43:32.1681615Z [0m[[0m[0minfo[0m] [0m[0m[32m- should delegate shutdown to underlying[0m[0m
Test (ubuntu-latest, 21)	Run tests	2026-06-22T17:43:32.1682655Z [0m[[0m[0minfo[0m] [0m[0m[32mTransformedTracing[0m[0m
Test (ubuntu-latest, 21)	Run tests	2026-06-22T17:43:32.1684927Z [0m[[0m[0minfo[0m] [0m[0m[32m- should delegate traceAgentState to underlying[0m[0m
Test (ubuntu-latest, 21)	Run tests	2026-06-22T17:43:32.1688035Z [0m[[0m[0minfo[0m] [0m[0m[32m- should delegate traceToolCall to underlying[0m[0m
Test (ubuntu-latest, 21)	Run tests	2026-06-22T17:43:32.1691134Z [0m[[0m[0minfo[0m] [0m[0m[32m- should delegate traceError to underlying[0m[0m
Test (ubuntu-latest, 21)	Run tests	2026-06-22T17:43:32.1694426Z [0m[[0m[0minfo[0m] [0m[0m[32m- should delegate traceCompletion to underlying[0m[0m
Test (ubuntu-latest, 21)	Run tests	2026-06-22T17:43:32.1703179Z [0m[[0m[0minfo[0m] [0m[0m[32m- should delegate traceTokenUsage to underlying[0m[0m
Test (ubuntu-latest, 21)	Run tests	2026-06-22T17:43:32.1704271Z [0m[[0m[0minfo[0m] [0m[0m[32m- should delegate shutdown to underlying[0m[0m
Test (ubuntu-latest, 21)	Run tests	2026-06-22T17:43:32.1707698Z [0m[[0m[0minfo[0m] [0m[0m[32mNoOpTracing[0m[0m
Test (ubuntu-latest, 21)	Run tests	2026-06-22T17:43:32.1708565Z [0m[[0m[0minfo[0m] [0m[0m[32m- should support shutdown without error[0m[0m
Test (ubuntu-latest, 21)	Run tests	2026-06-22T17:43:32.1709394Z [0m[[0m[0minfo[0m] [0m[0m[32mConsoleTracing[0m[0m
Test (ubuntu-latest, 21)	Run tests	2026-06-22T17:43:32.1709830Z 
Test (ubuntu-latest, 21)	Run tests	2026-06-22T17:43:32.1711464Z [0m[[0m[0minfo[0m] [0m[0m[32m- should handle RAGOperationCompleted with all optional fields[0m[0m
Test (ubuntu-latest, 21)	Run tests	2026-06-22T17:43:32.1713375Z [36m[1m--- RAG OPERATION COMPLETED ---[0m
Test (ubuntu-latest, 21)	Run tests	2026-06-22T17:43:32.1714165Z [90mTimestamp: 2026-06-22T17:43:32.170681248Z[0m
Test (ubuntu-latest, 21)	Run tests	2026-06-22T17:43:32.1721909Z [36mOperation: evaluate[0m
Test (ubuntu-latest, 21)	Run tests	2026-06-22T17:43:32.1739280Z [36mDuration: 2500ms[0m
Test (ubuntu-latest, 21)	Run tests	2026-06-22T17:43:32.1739826Z [36mEmbedding Tokens: 100[0m
Test (ubuntu-latest, 21)	Run tests	2026-06-22T17:43:32.1740341Z [36mLLM Prompt Tokens: 200[0m
Test (ubuntu-latest, 21)	Run tests	2026-06-22T17:43:32.1740789Z [36mLLM Completion Tokens: 50[0m
Test (ubuntu-latest, 21)	Run tests	2026-06-22T17:43:32.1741141Z [36mTotal Cost (USD): $0.003000[0m
Test (ubuntu-latest, 21)	Run tests	2026-06-22T17:43:32.1741351Z 
Test (ubuntu-latest, 21)	Run tests	2026-06-22T17:43:32.1741357Z 
Test (ubuntu-latest, 21)	Run tests	2026-06-22T17:43:32.1741509Z [32m[1m--- CACHE HIT ---[0m
Test (ubuntu-latest, 21)	Run tests	2026-06-22T17:43:32.1741867Z [90mTimestamp: 2026-06-22T17:43:32.171070581Z[0m
Test (ubuntu-latest, 21)	Run tests	2026-06-22T17:43:32.1742243Z [32mSimilarity: 0.9500[0m
Test (ubuntu-latest, 21)	Run tests	2026-06-22T17:43:32.1742561Z [32mThreshold: 0.8500[0m
Test (ubuntu-latest, 21)	Run tests	2026-06-22T17:43:32.1742737Z 
Test (ubuntu-latest, 21)	Run tests	2026-06-22T17:43:32.1743003Z [0m[[0m[0minfo[0m] [0m[0m[32m- should handle CacheHit event[0m[0m
Test (ubuntu-latest, 21)	Run tests	2026-06-22T17:43:32.1744090Z [0m[[0m[0minfo[0m] [0m[0m[32m- should handle CacheMiss event with different reasons[0m[0m
Test (ubuntu-latest, 21)	Run tests	2026-06-22T17:43:32.1745005Z 
Test (ubuntu-latest, 21)	Run tests	2026-06-22T17:43:32.1745305Z [33m[1m--- CACHE MISS ---[0m
Test (ubuntu-latest, 21)	Run tests	2026-06-22T17:43:32.1745928Z [90mTimestamp: 2026-06-22T17:43:32.171313819Z[0m
Test (ubuntu-latest, 21)	Run tests	2026-06-22T17:43:32.1746592Z [33mReason: low_similarity[0m
Test (ubuntu-latest, 21)	Run tests	2026-06-22T17:43:32.1746893Z 
Test (ubuntu-latest, 21)	Run tests	2026-06-22T17:43:32.1746902Z 
Test (ubuntu-latest, 21)	Run tests	2026-06-22T17:43:32.1747141Z [33m[1m--- CACHE MISS ---[0m
Test (ubuntu-latest, 21)	Run tests	2026-06-22T17:43:32.1747733Z [90mTimestamp: 2026-06-22T17:43:32.171399360Z[0m
Test (ubuntu-latest, 21)	Run tests	2026-06-22T17:43:32.1748350Z [33mReason: ttl_expired[0m
Test (ubuntu-latest, 21)	Run tests	2026-06-22T17:43:32.1748652Z 
Test (ubuntu-latest, 21)	Run tests	2026-06-22T17:43:32.1748662Z 
Test (ubuntu-latest, 21)	Run tests	2026-06-22T17:43:32.1748921Z [33m[1m--- CACHE MISS ---[0m
Test (ubuntu-latest, 21)	Run tests	2026-06-22T17:43:32.1749518Z [90mTimestamp: 2026-06-22T17:43:32.171429707Z[0m
Test (ubuntu-latest, 21)	Run tests	2026-06-22T17:43:32.1750175Z [33mReason: options_mismatch[0m
Test (ubuntu-latest, 21)	Run tests	2026-06-22T17:43:32.1750505Z 
Test (ubuntu-latest, 21)	Run tests	2026-06-22T17:43:32.1750894Z [0m[[0m[0minfo[0m] [0m[0m[32mBinaryWriterSpec:[0m[0m
Test (ubuntu-latest, 21)	Run tests	2026-06-22T17:43:32.1751655Z [0m[[0m[0minfo[0m] [0m[0m[32mshortWriter[0m[0m
Test (ubuntu-latest, 21)	Run tests	2026-06-22T17:43:32.1752557Z [0m[[0m[0minfo[0m] [0m[0m[32m- should write 2 bytes in little-endian order[0m[0m
Test (ubuntu-latest, 21)	Run tests	2026-06-22T17:43:32.1753449Z [0m[[0m[0minfo[0m] [0m[0m[32mintWriter[0m[0m
Test (ubuntu-latest, 21)	Run tests	2026-06-22T17:43:32.1755774Z [0m[[0m[0minfo[0m] [0m[0m[32m- should write 4 bytes in little-endian order[0m[0m
Test (ubuntu-latest, 21)	Run tests	2026-06-22T17:43:32.1757046Z [0m[[0m[0minfo[0m] [0m[0m[32mBinaryWriter/BinaryReader[0m[0m
Test (ubuntu-latest, 21)	Run tests	2026-06-22T17:43:32.1758209Z [0m[[0m[0minfo[0m] [0m[0m[32m- should roundtrip Short values[0m[0m
Test (ubuntu-latest, 21)	Run tests	2026-06-22T17:43:32.1759392Z [0m[[0m[0minfo[0m] [0m[0m[32m- should roundtrip Int values[0m[0m
Test (ubuntu-latest, 21)	Run tests	2026-06-22T17:43:32.1760885Z [0m[[0m[0minfo[0m] [0m[0m[32m- should roundtrip boundary values for Short[0m[0m
Test (ubuntu-latest, 21)	Run tests	2026-06-22T17:43:32.1763162Z [0m[[0m[0minfo[0m] [0m[0m[32m- should roundtrip boundary values for Int[0m[0m
Test (ubuntu-latest, 21)	Run tests	2026-06-22T17:43:32.1764622Z [0m[[0m[0minfo[0m] [0m[0m[32mshortReader[0m[0m
Test (ubuntu-latest, 21)	Run tests	2026-06-22T17:43:32.1767543Z [0m[[0m[0minfo[0m] [0m[0m[32m- should throw on insufficient bytes[0m[0m
Test (ubuntu-latest, 21)	Run tests	2026-06-22T17:43:32.1770650Z [0m[[0m[0minfo[0m] [0m[0m[32m- should throw when offset + 2 exceeds array length[0m[0m
Test (ubuntu-latest, 21)	Run tests	2026-06-22T17:43:32.1771882Z [0m[[0m[0minfo[0m] [0m[0m[32mintReader[0m[0m
Test (ubuntu-latest, 21)	Run tests	2026-06-22T17:43:32.1774254Z [0m[[0m[0minfo[0m] [0m[0m[32m- should throw on insufficient bytes[0m[0m
Test (ubuntu-latest, 21)	Run tests	2026-06-22T17:43:32.1777688Z [0m[[0m[0minfo[0m] [0m[0m[32m- should throw when offset + 4 exceeds array length[0m[0m
Test (ubuntu-latest, 21)	Run tests	2026-06-22T17:43:32.1813970Z [0m[[0m[0minfo[0m] [0m[0m[32mReasoningModesSpec:[0m[0m
Test (ubuntu-latest, 21)	Run tests	2026-06-22T17:43:32.1815063Z [0m[[0m[0minfo[0m] [0m[0m[32mReasoningEffort[0m[0m
Test (ubuntu-latest, 21)	Run tests	2026-06-22T17:43:32.1827928Z [0m[[0m[0minfo[0m] [0m[0m[32m- should parse valid effort levels from strings[0m[0m
Test (ubuntu-latest, 21)	Run tests	2026-06-22T17:43:32.1831438Z [0m[[0m[0minfo[0m] [0m[0m[32m- should be case-insensitive when parsing[0m[0m
Test (ubuntu-latest, 21)	Run tests	2026-06-22T17:43:32.1832831Z [0m[[0m[0minfo[0m] [0m[0m[32m- should handle whitespace when parsing[0m[0m
Test (ubuntu-latest, 21)	Run tests	2026-06-22T17:43:32.1834574Z [0m[[0m[0minfo[0m] [0m[0m[32m- should return None for invalid strings[0m[0m
Test (ubuntu-latest, 21)	Run tests	2026-06-22T17:43:32.1836099Z [0m[[0m[0minfo[0m] [0m[0m[32m- should have correct name values[0m[0m
Test (ubuntu-latest, 21)	Run tests	2026-06-22T17:43:32.1837488Z [0m[[0m[0minfo[0m] [0m[0m[32m- should provide default budget tokens for each level[0m[0m
Test (ubuntu-latest, 21)	Run tests	2026-06-22T17:43:32.1839063Z [0m[[0m[0minfo[0m] [0m[0m[32m- should contain all values in values sequence[0m[0m
Test (ubuntu-latest, 21)	Run tests	2026-06-22T17:43:32.1840402Z [0m[[0m[0minfo[0m] [0m[0m[32mCompletionOptions[0m[0m
Test (ubuntu-latest, 21)	Run tests	2026-06-22T17:43:32.1841548Z [0m[[0m[0minfo[0m] [0m[0m[32m- should support withReasoning builder[0m[0m
Test (ubuntu-latest, 21)	Run tests	2026-06-22T17:43:32.1842723Z [0m[[0m[0minfo[0m] [0m[0m[32m- should support withBudgetTokens builder[0m[0m
Test (ubuntu-latest, 21)	Run tests	2026-06-22T17:43:32.1843588Z [0m[[0m[0minfo[0m] [0m[0m[32m- should chain builders correctly[0m[0m
Test (ubuntu-latest, 21)	Run tests	2026-06-22T17:43:32.1847671Z [0m[[0m[0minfo[0m] [0m[0m[32m- should detect when reasoning is enabled[0m[0m
Test (ubuntu-latest, 21)	Run tests	2026-06-22T17:43:32.1849660Z [0m[[0m[0minfo[0m] [0m[0m[32m- should calculate effective budget tokens[0m[0m
Test (ubuntu-latest, 21)	Run tests	2026-06-22T17:43:32.1852464Z [0m[[0m[0minfo[0m] [0m[0m[32m- should preserve other options when adding reasoning[0m[0m
Test (ubuntu-latest, 21)	Run tests	2026-06-22T17:43:32.1855511Z [0m[[0m[0minfo[0m] [0m[0m[32mCompletion[0m[0m
Test (ubuntu-latest, 21)	Run tests	2026-06-22T17:43:32.1860425Z [0m[[0m[0minfo[0m] [0m[0m[32m- should detect when thinking content is present[0m[0m
Test (ubuntu-latest, 21)	Run tests	2026-06-22T17:43:32.1863428Z [0m[[0m[0minfo[0m] [0m[0m[32m- should generate fullContent correctly[0m[0m
Test (ubuntu-latest, 21)	Run tests	2026-06-22T17:43:32.1866782Z [0m[[0m[0minfo[0m] [0m[0m[32m- should return just content when no thinking[0m[0m
Test (ubuntu-latest, 21)	Run tests	2026-06-22T17:43:32.1867674Z [0m[[0m[0minfo[0m] [0m[0m[32mTokenUsage[0m[0m
Test (ubuntu-latest, 21)	Run tests	2026-06-22T17:43:32.1868567Z [0m[[0m[0minfo[0m] [0m[0m[32m- should calculate total output tokens correctly[0m[0m
Test (ubuntu-latest, 21)	Run tests	2026-06-22T17:43:32.1869667Z [0m[[0m[0minfo[0m] [0m[0m[32m- should detect when thinking tokens are present[0m[0m
Test (ubuntu-latest, 21)	Run tests	2026-06-22T17:43:32.1870541Z [0m[[0m[0minfo[0m] [0m[0m[32mStreamedChunk[0m[0m
Test (ubuntu-latest, 21)	Run tests	2026-06-22T17:43:32.1871328Z [0m[[0m[0minfo[0m] [0m[0m[32m- should detect thinking content[0m[0m
Test (ubuntu-latest, 21)	Run tests	2026-06-22T17:43:32.1872194Z [0m[[0m[0minfo[0m] [0m[0m[32m- should detect main content[0m[0m
Test (ubuntu-latest, 21)	Run tests	2026-06-22T17:43:32.1873087Z [0m[[0m[0minfo[0m] [0m[0m[32m- should handle both content and thinking[0m[0m
Test (ubuntu-latest, 21)	Run tests	2026-06-22T17:43:32.1890890Z [0m[[0m[0minfo[0m] [0m[0m[32mLlm4sConfigProviderSpec:[0m[0m
Test (ubuntu-latest, 21)	Run tests	2026-06-22T17:43:32.1893248Z [0m[[0m[0minfo[0m] [0m[0m[32mLlm4sConfig named providers[0m[0m
Test (ubuntu-latest, 21)	Run tests	2026-06-22T17:43:32.2294457Z [0m[[0m[0minfo[0m] [0m[0m[32m- should load a named provider directly by name[0m[0m
Test (ubuntu-latest, 21)	Run tests	2026-06-22T17:43:32.2647970Z [0m[[0m[0minfo[0m] [0m[0m[32m- should fail when a sibling named provider is invalid even if the requested provider is valid[0m[0m
Test (ubuntu-latest, 21)	Run tests	2026-06-22T17:43:32.2661725Z [0m[[0m[0minfo[0m] [0m[0m[32m- should load the full validated providers config[0m[0m
Test (ubuntu-latest, 21)	Run tests	2026-06-22T17:43:32.2666039Z [0m[[0m[0minfo[0m] [0m[0m[32m- should load the configured default provider name[0m[0m
Test (ubuntu-latest, 21)	Run tests	2026-06-22T17:43:32.3034403Z [0m[[0m[0minfo[0m] [0m[0m[32m- should load the configured default provider as ProviderConfig[0m[0m
Test (ubuntu-latest, 21)	Run tests	2026-06-22T17:43:32.3051591Z [0m[[0m[0minfo[0m] [0m[0m[32m- should list models for a configured named provider by name[0m[0m
Test (ubuntu-latest, 21)	Run tests	2026-06-22T17:43:32.3056637Z [0m[[0m[0minfo[0m] [0m[0m[32m- should fail clearly when listing models for a missing named provider[0m[0m
Test (ubuntu-latest, 21)	Run tests	2026-06-22T17:43:32.3062654Z [0m[[0m[0minfo[0m] [0m[0m[32m- should fail when requesting the default provider name and no default is configured[0m[0m
Test (ubuntu-latest, 21)	Run tests	2026-06-22T17:43:32.3622521Z [0m[[0m[0minfo[0m] [0m[0m[32m- should fail when requesting the default provider and no default is configured[0m[0m
Test (ubuntu-latest, 21)	Run tests	2026-06-22T17:43:32.3649620Z [0m[[0m[0minfo[0m] [0m[0m[32mDatasetModelSpec:[0m[0m
Test (ubuntu-latest, 21)	Run tests	2026-06-22T17:43:32.3652431Z [0m[[0m[0minfo[0m] [0m[0m[32mDatasetId.generate()[0m[0m
Test (ubuntu-latest, 21)	Run tests	2026-06-22T17:43:32.3659436Z [0m[[0m[0minfo[0m] [0m[0m[32m- should produce unique IDs[0m[0m
Test (ubuntu-latest, 21)	Run tests	2026-06-22T17:43:32.3668399Z [0m[[0m[0minfo[0m] [0m[0m[32m- should preserve wrapped string value[0m[0m
Test (ubuntu-latest, 21)	Run tests	2026-06-22T17:43:32.3669423Z [0m[[0m[0minfo[0m] [0m[0m[32mExampleId.generate()[0m[0m
Test (ubuntu-latest, 21)	Run tests	2026-06-22T17:43:32.3670341Z [0m[[0m[0minfo[0m] [0m[0m[32m- should produce unique IDs[0m[0m
Test (ubuntu-latest, 21)	Run tests	2026-06-22T17:43:32.3671354Z [0m[[0m[0minfo[0m] [0m[0m[32m- should preserve wrapped string value[0m[0m
Test (ubuntu-latest, 21)	Run tests	2026-06-22T17:43:32.3672331Z [0m[[0m[0minfo[0m] [0m[0m[32mSnapshotId.generate()[0m[0m
Test (ubuntu-latest, 21)	Run tests	2026-06-22T17:43:32.3673268Z [0m[[0m[0minfo[0m] [0m[0m[32m- should produce unique IDs[0m[0m
Test (ubuntu-latest, 21)	Run tests	2026-06-22T17:43:32.3674286Z [0m[[0m[0minfo[0m] [0m[0m[32m- should preserve wrapped string value[0m[0m
Test (ubuntu-latest, 21)	Run tests	2026-06-22T17:43:32.3675443Z [0m[[0m[0minfo[0m] [0m[0m[32mExample[0m[0m
Test (ubuntu-latest, 21)	Run tests	2026-06-22T17:43:32.3676404Z [0m[[0m[0minfo[0m] [0m[0m[32m- should be constructed with reference output[0m[0m
Test (ubuntu-latest, 21)	Run tests	2026-06-22T17:43:32.3677521Z [0m[[0m[0minfo[0m] [0m[0m[32m- should be constructed without reference output[0m[0m
Test (ubuntu-latest, 21)	Run tests	2026-06-22T17:43:32.3678507Z [0m[[0m[0minfo[0m] [0m[0m[32mDataset[0m[0m
Test (ubuntu-latest, 21)	Run tests	2026-06-22T17:43:32.3679397Z [0m[[0m[0minfo[0m] [0m[0m[32m- should be created with no examples[0m[0m
Test (ubuntu-latest, 21)	Run tests	2026-06-22T17:43:32.3680512Z [0m[[0m[0minfo[0m] [0m[0m[32m- should be created with optional schemas absent[0m[0m
Test (ubuntu-latest, 21)	Run tests	2026-06-22T17:43:32.3681709Z [0m[[0m[0minfo[0m] [0m[0m[32m- should be created with schemas present[0m[0m
Test (ubuntu-latest, 21)	Run tests	2026-06-22T17:43:32.3682677Z [0m[[0m[0minfo[0m] [0m[0m[32mDatasetSnapshot[0m[0m
Test (ubuntu-latest, 21)	Run tests	2026-06-22T17:43:32.3683595Z [0m[[0m[0minfo[0m] [0m[0m[32m- should hold examples at creation time[0m[0m
Test (ubuntu-latest, 21)	Run tests	2026-06-22T17:43:32.3684530Z [0m[[0m[0minfo[0m] [0m[0m[32mExampleSelector.All[0m[0m
Test (ubuntu-latest, 21)	Run tests	2026-06-22T17:43:32.3685601Z [0m[[0m[0minfo[0m] [0m[0m[32m- should match every example[0m[0m
Test (ubuntu-latest, 21)	Run tests	2026-06-22T17:43:32.3686441Z [0m[[0m[0minfo[0m] [0m[0m[32mExampleSelector.ByTags[0m[0m
Test (ubuntu-latest, 21)	Run tests	2026-06-22T17:43:32.3687921Z [0m[[0m[0minfo[0m] [0m[0m[32m- should filter by tag intersection[0m[0m
Test (ubuntu-latest, 21)	Run tests	2026-06-22T17:43:32.3688978Z [0m[[0m[0minfo[0m] [0m[0m[32m- should return empty list for empty tag set[0m[0m
Test (ubuntu-latest, 21)	Run tests	2026-06-22T17:43:32.3690271Z [0m[[0m[0minfo[0m] [0m[0m[32mExampleSelector.ByIds[0m[0m
Test (ubuntu-latest, 21)	Run tests	2026-06-22T17:43:32.3691463Z [0m[[0m[0minfo[0m] [0m[0m[32m- should filter by ID membership[0m[0m
Test (ubuntu-latest, 21)	Run tests	2026-06-22T17:43:32.3707145Z [0m[[0m[0minfo[0m] [0m[0m[32mExtractionSchemaTest:[0m[0m
Test (ubuntu-latest, 21)	Run tests	2026-06-22T17:43:32.3712039Z [0m[[0m[0minfo[0m] [0m[0m[32m- ExtractionSchema should store entity and relationship type definitions[0m[0m
Test (ubuntu-latest, 21)	Run tests	2026-06-22T17:43:32.3715754Z [0m[[0m[0minfo[0m] [0m[0m[32m- ExtractionSchema should find entity type by name case-insensitively[0m[0m
Test (ubuntu-latest, 21)	Run tests	2026-06-22T17:43:32.3718604Z [0m[[0m[0minfo[0m] [0m[0m[32m- ExtractionSchema should find relationship type by name case-insensitively[0m[0m
Test (ubuntu-latest, 21)	Run tests	2026-06-22T17:43:32.3722259Z [0m[[0m[0minfo[0m] [0m[0m[32m- ExtractionSchema.simple should build schema from string lists[0m[0m
Test (ubuntu-latest, 21)	Run tests	2026-06-22T17:43:32.3724878Z [0m[[0m[0minfo[0m] [0m[0m[32m- ExtractionSchema.simple should handle empty properties map[0m[0m
Test (ubuntu-latest, 21)	Run tests	2026-06-22T17:43:32.3742583Z [0m[[0m[0minfo[0m] [0m[0m[32m- ExtractionSchema should default allowOutOfSchema to true[0m[0m
Test (ubuntu-latest, 21)	Run tests	2026-06-22T17:43:32.3744251Z [0m[[0m[0minfo[0m] [0m[0m[32m- ExtractionSchema.simple should pass through allowOutOfSchema[0m[0m
Test (ubuntu-latest, 21)	Run tests	2026-06-22T17:43:32.3746449Z [0m[[0m[0minfo[0m] [0m[0m[32m- PropertyDefinition should store required flag and description[0m[0m
Test (ubuntu-latest, 21)	Run tests	2026-06-22T17:43:32.3748051Z [0m[[0m[0minfo[0m] [0m[0m[32m- PropertyDefinition should default to not required with empty description[0m[0m
Test (ubuntu-latest, 21)	Run tests	2026-06-22T17:43:32.3749313Z [0m[[0m[0minfo[0m] [0m[0m[32m- RelationshipTypeDefinition should store source and target type constraints[0m[0m
Test (ubuntu-latest, 21)	Run tests	2026-06-22T17:43:32.3750299Z [0m[[0m[0minfo[0m] [0m[0m[32m- RelationshipTypeDefinition should default to empty source and target types[0m[0m
Test (ubuntu-latest, 21)	Run tests	2026-06-22T17:43:32.3765440Z [0m[[0m[0minfo[0m] [0m[0m[32mCohereRerankerSpec:[0m[0m
Test (ubuntu-latest, 21)	Run tests	2026-06-22T17:43:32.3767209Z [0m[[0m[0minfo[0m] [0m[0m[32mRerankRequest[0m[0m
Test (ubuntu-latest, 21)	Run tests	2026-06-22T17:43:32.3768632Z [0m[[0m[0minfo[0m] [0m[0m[32m- should create with query and documents[0m[0m
Test (ubuntu-latest, 21)	Run tests	2026-06-22T17:43:32.3770130Z [0m[[0m[0minfo[0m] [0m[0m[32m- should support topK parameter[0m[0m
Test (ubuntu-latest, 21)	Run tests	2026-06-22T17:43:32.3771212Z [0m[[0m[0minfo[0m] [0m[0m[32mRerankResponse[0m[0m
Test (ubuntu-latest, 21)	Run tests	2026-06-22T17:43:32.3772672Z [0m[[0m[0minfo[0m] [0m[0m[32m- should store results and metadata[0m[0m
Test (ubuntu-latest, 21)	Run tests	2026-06-22T17:43:32.3773578Z [0m[[0m[0minfo[0m] [0m[0m[32mRerankResult[0m[0m
Test (ubuntu-latest, 21)	Run tests	2026-06-22T17:43:32.3786520Z [0m[[0m[0minfo[0m] [0m[0m[32m- should preserve index, score, and document[0m[0m
Test (ubuntu-latest, 21)	Run tests	2026-06-22T17:43:32.3787835Z [0m[[0m[0minfo[0m] [0m[0m[32mRerankProviderConfig[0m[0m
Test (ubuntu-latest, 21)	Run tests	2026-06-22T17:43:32.3788998Z [0m[[0m[0minfo[0m] [0m[0m[32m- should store configuration[0m[0m
Test (ubuntu-latest, 21)	Run tests	2026-06-22T17:43:32.3790111Z [0m[[0m[0minfo[0m] [0m[0m[32mCohereReranker[0m[0m
Test (ubuntu-latest, 21)	Run tests	2026-06-22T17:43:32.3791313Z [0m[[0m[0minfo[0m] [0m[0m[32m- should have correct default values[0m[0m
Test (ubuntu-latest, 21)	Run tests	2026-06-22T17:43:32.3797062Z [0m[[0m[0minfo[0m] [0m[0m[32m- should create from individual parameters[0m[0m
Test (ubuntu-latest, 21)	Run tests	2026-06-22T17:43:32.3801022Z [0m[[0m[0minfo[0m] [0m[0m[32m- should create from config[0m[0m
Test (ubuntu-latest, 21)	Run tests	2026-06-22T17:43:32.3802076Z [0m[[0m[0minfo[0m] [0m[0m[32mRerankerFactory[0m[0m
Test (ubuntu-latest, 21)	Run tests	2026-06-22T17:43:32.3807951Z [0m[[0m[0minfo[0m] [0m[0m[32m- should create Cohere reranker[0m[0m
Test (ubuntu-latest, 21)	Run tests	2026-06-22T17:43:32.3816818Z [0m[[0m[0minfo[0m] [0m[0m[32m- should parse backend from string[0m[0m
Test (ubuntu-latest, 21)	Run tests	2026-06-22T17:43:32.3817946Z [0m[[0m[0minfo[0m] [0m[0m[32mRerankerFactory.passthrough[0m[0m
Test (ubuntu-latest, 21)	Run tests	2026-06-22T17:43:32.3822923Z [0m[[0m[0minfo[0m] [0m[0m[32m- should preserve original order with decreasing scores[0m[0m
Test (ubuntu-latest, 21)	Run tests	2026-06-22T17:43:32.3824482Z [0m[[0m[0minfo[0m] [0m[0m[32m- should respect topK parameter[0m[0m
Test (ubuntu-latest, 21)	Run tests	2026-06-22T17:43:32.3825947Z [0m[[0m[0minfo[0m] [0m[0m[32mRerankError[0m[0m
Test (ubuntu-latest, 21)	Run tests	2026-06-22T17:43:32.3827181Z [0m[[0m[0minfo[0m] [0m[0m[32m- should extend LLMError[0m[0m
Test (ubuntu-latest, 21)	Run tests	2026-06-22T17:43:32.3877763Z [0m[[0m[0minfo[0m] [0m[0m[32mTraceEventSpec:[0m[0m
Test (ubuntu-latest, 21)	Run tests	2026-06-22T17:43:32.3880498Z [0m[[0m[0minfo[0m] [0m[0m[32mTraceEvent.AgentInitialized[0m[0m
Test (ubuntu-latest, 21)	Run tests	2026-06-22T17:43:32.3882493Z [0m[[0m[0minfo[0m] [0m[0m[32m- should have correct event type[0m[0m
Test (ubuntu-latest, 21)	Run tests	2026-06-22T17:43:32.3888815Z [0m[[0m[0minfo[0m] [0m[0m[32m- should serialize to JSON correctly[0m[0m
Test (ubuntu-latest, 21)	Run tests	2026-06-22T17:43:32.3892179Z [0m[[0m[0minfo[0m] [0m[0m[32m- should handle empty tools list[0m[0m
Test (ubuntu-latest, 21)	Run tests	2026-06-22T17:43:32.3893483Z [0m[[0m[0minfo[0m] [0m[0m[32mTraceEvent.CompletionReceived[0m[0m
Test (ubuntu-latest, 21)	Run tests	2026-06-22T17:43:32.3895119Z [0m[[0m[0minfo[0m] [0m[0m[32m- should have correct event type[0m[0m
Test (ubuntu-latest, 21)	Run tests	2026-06-22T17:43:32.3898607Z [0m[[0m[0minfo[0m] [0m[0m[32m- should serialize to JSON correctly[0m[0m
Test (ubuntu-latest, 21)	Run tests	2026-06-22T17:43:32.3899749Z [0m[[0m[0minfo[0m] [0m[0m[32mTraceEvent.ToolExecuted[0m[0m
Test (ubuntu-latest, 21)	Run tests	2026-06-22T17:43:32.3900791Z [0m[[0m[0minfo[0m] [0m[0m[32m- should have correct event type[0m[0m
Test (ubuntu-latest, 21)	Run tests	2026-06-22T17:43:32.3902902Z [0m[[0m[0minfo[0m] [0m[0m[32m- should serialize to JSON correctly[0m[0m
Test (ubuntu-latest, 21)	Run tests	2026-06-22T17:43:32.3905541Z [0m[[0m[0minfo[0m] [0m[0m[32m- should track failed executions[0m[0m
Test (ubuntu-latest, 21)	Run tests	2026-06-22T17:43:32.3906520Z [0m[[0m[0minfo[0m] [0m[0m[32mTraceEvent.ErrorOccurred[0m[0m
Test (ubuntu-latest, 21)	Run tests	2026-06-22T17:43:32.3907498Z [0m[[0m[0minfo[0m] [0m[0m[32m- should have correct event type[0m[0m
Test (ubuntu-latest, 21)	Run tests	2026-06-22T17:43:32.3913179Z [0m[[0m[0minfo[0m] [0m[0m[32m- should serialize to JSON with error details[0m[0m
Test (ubuntu-latest, 21)	Run tests	2026-06-22T17:43:32.3915490Z [0m[[0m[0minfo[0m] [0m[0m[32mTraceEvent.TokenUsageRecorded[0m[0m
Test (ubuntu-latest, 21)	Run tests	2026-06-22T17:43:32.3916806Z [0m[[0m[0minfo[0m] [0m[0m[32m- should have correct event type[0m[0m
Test (ubuntu-latest, 21)	Run tests	2026-06-22T17:43:32.3919687Z [0m[[0m[0minfo[0m] [0m[0m[32m- should serialize to JSON correctly[0m[0m
Test (ubuntu-latest, 21)	Run tests	2026-06-22T17:43:32.3921626Z [0m[[0m[0minfo[0m] [0m[0m[32mTraceEvent.AgentStateUpdated[0m[0m
Test (ubuntu-latest, 21)	Run tests	2026-06-22T17:43:32.3922922Z [0m[[0m[0minfo[0m] [0m[0m[32m- should have correct event type[0m[0m
Test (ubuntu-latest, 21)	Run tests	2026-06-22T17:43:32.3926252Z [0m[[0m[0minfo[0m] [0m[0m[32m- should serialize to JSON correctly[0m[0m
Test (ubuntu-latest, 21)	Run tests	2026-06-22T17:43:32.3927427Z [0m[[0m[0minfo[0m] [0m[0m[32mTraceEvent.CustomEvent[0m[0m
Test (ubuntu-latest, 21)	Run tests	2026-06-22T17:43:32.3929881Z [0m[[0m[0minfo[0m] [0m[0m[32m- should have correct event type[0m[0m
Test (ubuntu-latest, 21)	Run tests	2026-06-22T17:43:32.3935951Z [0m[[0m[0minfo[0m] [0m[0m[32m- should serialize to JSON correctly[0m[0m
Test (ubuntu-latest, 21)	Run tests	2026-06-22T17:43:32.3937967Z [0m[[0m[0minfo[0m] [0m[0m[32mTraceEvent.EmbeddingUsageRecorded[0m[0m
Test (ubuntu-latest, 21)	Run tests	2026-06-22T17:43:32.3939408Z [0m[[0m[0minfo[0m] [0m[0m[32m- should have correct event type[0m[0m
Test (ubuntu-latest, 21)	Run tests	2026-06-22T17:43:32.3942477Z [0m[[0m[0minfo[0m] [0m[0m[32m- should serialize to JSON correctly[0m[0m
Test (ubuntu-latest, 21)	Run tests	2026-06-22T17:43:32.3944386Z [0m[[0m[0minfo[0m] [0m[0m[32mTraceEvent.CostRecorded[0m[0m
Test (ubuntu-latest, 21)	Run tests	2026-06-22T17:43:32.3945955Z [0m[[0m[0minfo[0m] [0m[0m[32m- should have correct event type[0m[0m
Test (ubuntu-latest, 21)	Run tests	2026-06-22T17:43:32.3949000Z [0m[[0m[0minfo[0m] [0m[0m[32m- should serialize to JSON correctly[0m[0m
Test (ubuntu-latest, 21)	Run tests	2026-06-22T17:43:32.3951003Z [0m[[0m[0minfo[0m] [0m[0m[32mTraceEvent.RAGOperationCompleted[0m[0m
Test (ubuntu-latest, 21)	Run tests	2026-06-22T17:43:32.3966948Z [0m[[0m[0minfo[0m] [0m[0m[32m- should have correct event type[0m[0m
Test (ubuntu-latest, 21)	Run tests	2026-06-22T17:43:32.3968215Z [0m[[0m[0minfo[0m] [0m[0m[32m- should serialize to JSON with optional fields[0m[0m
Test (ubuntu-latest, 21)	Run tests	2026-06-22T17:43:32.3969460Z [0m[[0m[0minfo[0m] [0m[0m[32m- should omit optional fields when not provided[0m[0m
Test (ubuntu-latest, 21)	Run tests	2026-06-22T17:43:32.3970544Z [0m[[0m[0minfo[0m] [0m[0m[32mTraceEvent.createTraceEvent[0m[0m
Test (ubuntu-latest, 21)	Run tests	2026-06-22T17:43:32.3974334Z [0m[[0m[0minfo[0m] [0m[0m[32m- should create a trace creation event[0m[0m
Test (ubuntu-latest, 21)	Run tests	2026-06-22T17:43:32.3975721Z [0m[[0m[0minfo[0m] [0m[0m[32mTraceEvent[0m[0m
Test (ubuntu-latest, 21)	Run tests	2026-06-22T17:43:32.3978880Z [0m[[0m[0minfo[0m] [0m[0m[32m- should have timestamp on all events[0m[0m
Test (ubuntu-latest, 21)	Run tests	2026-06-22T17:43:32.3984193Z [0m[[0m[0minfo[0m] [0m[0m[32m- should serialize all events to JSON[0m[0m
Test (ubuntu-latest, 21)	Run tests	2026-06-22T17:43:32.4022608Z [0m[[0m[0minfo[0m] [0m[0m[32mSimpleChunkerSpec:[0m[0m
Test (ubuntu-latest, 21)	Run tests	2026-06-22T17:43:32.4024448Z [0m[[0m[0minfo[0m] [0m[0m[32mSimpleChunker[0m[0m
Test (ubuntu-latest, 21)	Run tests	2026-06-22T17:43:32.4028207Z [0m[[0m[0minfo[0m] [0m[0m[32m- should create chunks from basic text[0m[0m
Test (ubuntu-latest, 21)	Run tests	2026-06-22T17:43:32.4030168Z [0m[[0m[0minfo[0m] [0m[0m[32m- should handle empty input[0m[0m
Test (ubuntu-latest, 21)	Run tests	2026-06-22T17:43:32.4034347Z [0m[[0m[0minfo[0m] [0m[0m[32m- should respect target chunk size[0m[0m
Test (ubuntu-latest, 21)	Run tests	2026-06-22T17:43:32.4038930Z [0m[[0m[0minfo[0m] [0m[0m[32m- should create proper chunk indices[0m[0m
Test (ubuntu-latest, 21)	Run tests	2026-06-22T17:43:32.4042624Z [0m[[0m[0minfo[0m] [0m[0m[32m- should preserve metadata structure[0m[0m
Test (ubuntu-latest, 21)	Run tests	2026-06-22T17:43:32.4044477Z [0m[[0m[0minfo[0m] [0m[0m[32m- should handle single word input[0m[0m
Test (ubuntu-latest, 21)	Run tests	2026-06-22T17:43:32.4046612Z [0m[[0m[0minfo[0m] [0m[0m[32m- should handle very small target size[0m[0m
Test (ubuntu-latest, 21)	Run tests	2026-06-22T17:43:32.4050554Z [0m[[0m[0minfo[0m] [0m[0m[32m- should handle overlap parameter[0m[0m
Test (ubuntu-latest, 21)	Run tests	2026-06-22T17:43:32.4052451Z [0m[[0m[0minfo[0m] [0m[0m[32m- should handle whitespace-only input[0m[0m
Test (ubuntu-latest, 21)	Run tests	2026-06-22T17:43:32.4056050Z [0m[[0m[0minfo[0m] [0m[0m[32m- should preserve original text content across chunks[0m[0m
Test (ubuntu-latest, 21)	Run tests	2026-06-22T17:43:32.4059669Z [0m[[0m[0minfo[0m] [0m[0m[32m- should maintain consistent chunk structure[0m[0m
Test (ubuntu-latest, 21)	Run tests	2026-06-22T17:43:32.4061913Z [0m[[0m[0minfo[0m] [0m[0m[32m- should create minimum number of chunks for large overlap[0m[0m
Test (ubuntu-latest, 21)	Run tests	2026-06-22T17:43:32.4066333Z [0m[[0m[0minfo[0m] [0m[0m[32m- should handle unicode characters correctly[0m[0m
Test (ubuntu-latest, 21)	Run tests	2026-06-22T17:43:32.4069832Z [0m[[0m[0minfo[0m] [0m[0m[32m- should handle multiline text[0m[0m
Test (ubuntu-latest, 21)	Run tests	2026-06-22T17:43:32.4074215Z [0m[[0m[0minfo[0m] [0m[0m[32m- should sequentially number chunks[0m[0m
Test (ubuntu-latest, 21)	Run tests	2026-06-22T17:43:32.4077957Z [0m[[0m[0minfo[0m] [0m[0m[32m- should handle special characters[0m[0m
Test (ubuntu-latest, 21)	Run tests	2026-06-22T17:43:32.4081605Z [0m[[0m[0minfo[0m] [0m[0m[32m- should accept config with minimum chunk size without error[0m[0m
Test (ubuntu-latest, 21)	Run tests	2026-06-22T17:43:32.4084372Z [0m[[0m[0minfo[0m] [0m[0m[32m- should handle very large text[0m[0m
Test (ubuntu-latest, 21)	Run tests	2026-06-22T17:43:32.4089809Z [0m[[0m[0minfo[0m] [0m[0m[32m- should tag every chunk with the source file via chunkWithSource[0m[0m
Test (ubuntu-latest, 21)	Run tests	2026-06-22T17:43:32.4098646Z [0m[[0m[0minfo[0m] [0m[0m[32m- should produce identical content chunks from chunkWithSource as from chunk[0m[0m
Test (ubuntu-latest, 21)	Run tests	2026-06-22T17:43:32.4163351Z [0m[[0m[0minfo[0m] [0m[0m[32mChunkerFactorySpec:[0m[0m
Test (ubuntu-latest, 21)	Run tests	2026-06-22T17:43:32.4164632Z [0m[[0m[0minfo[0m] [0m[0m[32mChunkerFactory.Strategy[0m[0m
Test (ubuntu-latest, 21)	Run tests	2026-06-22T17:43:32.4167256Z [0m[[0m[0minfo[0m] [0m[0m[32m- should have all expected strategies[0m[0m
Test (ubuntu-latest, 21)	Run tests	2026-06-22T17:43:32.4168546Z [0m[[0m[0minfo[0m] [0m[0m[32m- should have proper names[0m[0m
Test (ubuntu-latest, 21)	Run tests	2026-06-22T17:43:32.4170091Z [0m[[0m[0minfo[0m] [0m[0m[32m- should parse string to strategy correctly - simple[0m[0m
Test (ubuntu-latest, 21)	Run tests	2026-06-22T17:43:32.4171579Z [0m[[0m[0minfo[0m] [0m[0m[32m- should parse string to strategy correctly - sentence[0m[0m
Test (ubuntu-latest, 21)	Run tests	2026-06-22T17:43:32.4173633Z [0m[[0m[0minfo[0m] [0m[0m[32m- should parse string to strategy correctly - semantic[0m[0m
Test (ubuntu-latest, 21)	Run tests	2026-06-22T17:43:32.4175141Z [0m[[0m[0minfo[0m] [0m[0m[32m- should parse string to strategy correctly - markdown[0m[0m
Test (ubuntu-latest, 21)	Run tests	2026-06-22T17:43:32.4176463Z [0m[[0m[0minfo[0m] [0m[0m[32m- should return None for invalid strategy string[0m[0m
Test (ubuntu-latest, 21)	Run tests	2026-06-22T17:43:32.4180053Z [0m[[0m[0minfo[0m] [0m[0m[32m- should handle whitespace in strategy string parsing[0m[0m
Test (ubuntu-latest, 21)	Run tests	2026-06-22T17:43:32.4182333Z [0m[[0m[0minfo[0m] [0m[0m[32mChunkerFactory[0m[0m
Test (ubuntu-latest, 21)	Run tests	2026-06-22T17:43:32.4183454Z [0m[[0m[0minfo[0m] [0m[0m[32m- should create simple chunker[0m[0m
Test (ubuntu-latest, 21)	Run tests	2026-06-22T17:43:32.4185385Z [0m[[0m[0minfo[0m] [0m[0m[32m- should create sentence chunker[0m[0m
Test (ubuntu-latest, 21)	Run tests	2026-06-22T17:43:32.4187156Z [0m[[0m[0minfo[0m] [0m[0m[32m- should create markdown chunker[0m[0m
Test (ubuntu-latest, 21)	Run tests	2026-06-22T17:43:32.4188300Z [0m[[0m[0minfo[0m] [0m[0m[32m- should all created chunkers implement DocumentChunker interface[0m[0m
Test (ubuntu-latest, 21)	Run tests	2026-06-22T17:43:32.4191300Z [0m[[0m[0minfo[0m] [0m[0m[32m- should create independent instances[0m[0m
Test (ubuntu-latest, 21)	Run tests	2026-06-22T17:43:32.4193021Z [0m[[0m[0minfo[0m] [0m[0m[32m- should simple chunker handle basic text[0m[0m
Test (ubuntu-latest, 21)	Run tests	2026-06-22T17:43:32.4197200Z [0m[[0m[0minfo[0m] [0m[0m[32m- should sentence chunker handle basic text[0m[0m
Test (ubuntu-latest, 21)	Run tests	2026-06-22T17:43:32.4200486Z [0m[[0m[0minfo[0m] [0m[0m[32m- should markdown chunker handle basic text[0m[0m
Test (ubuntu-latest, 21)	Run tests	2026-06-22T17:43:32.4201420Z [0m[[0m[0minfo[0m] [0m[0m[32mChunkerFactory.Strategy all variants[0m[0m
Test (ubuntu-latest, 21)	Run tests	2026-06-22T17:43:32.4203734Z [0m[[0m[0minfo[0m] [0m[0m[32m- should be enumerable[0m[0m
Test (ubuntu-latest, 21)	Run tests	2026-06-22T17:43:32.4207560Z [0m[[0m[0minfo[0m] [0m[0m[32m- should roundtrip through string conversion[0m[0m
Test (ubuntu-latest, 21)	Run tests	2026-06-22T17:43:32.4209259Z [0m[[0m[0minfo[0m] [0m[0m[32mChunkerFactory.create(String)[0m[0m
Test (ubuntu-latest, 21)	Run tests	2026-06-22T17:43:32.4210298Z [0m[[0m[0minfo[0m] [0m[0m[32m- should create simple chunker from string[0m[0m
Test (ubuntu-latest, 21)	Run tests	2026-06-22T17:43:32.4211391Z [0m[[0m[0minfo[0m] [0m[0m[32m- should create sentence chunker from string[0m[0m
Test (ubuntu-latest, 21)	Run tests	2026-06-22T17:43:32.4212484Z [0m[[0m[0minfo[0m] [0m[0m[32m- should create markdown chunker from string[0m[0m
Test (ubuntu-latest, 21)	Run tests	2026-06-22T17:43:32.4213623Z [0m[[0m[0minfo[0m] [0m[0m[32m- should return None for unknown strategy string[0m[0m
Test (ubuntu-latest, 21)	Run tests	2026-06-22T17:43:32.4224513Z [0m[[0m[0minfo[0m] [0m[0m[32m- should return None for invalid strategy string[0m[0m
Test (ubuntu-latest, 21)	Run tests	2026-06-22T17:43:32.4246171Z [0m[[0m[0minfo[0m] [0m[0m[32m- should be case-insensitive for strategy string[0m[0m
Test (ubuntu-latest, 21)	Run tests	2026-06-22T17:43:32.4276410Z [0m[[0m[0minfo[0m] [0m[0m[32m- should handle strategy string with whitespace[0m[0m
Test (ubuntu-latest, 21)	Run tests	2026-06-22T17:43:32.4286293Z [0m[[0m[0minfo[0m] [0m[0m[32m- should semantic strategy returns sentence chunker as fallback from string[0m[0m
Test (ubuntu-latest, 21)	Run tests	2026-06-22T17:43:32.4289383Z [0m[[0m[0minfo[0m] [0m[0m[32mChunkerFactory.create(Strategy)[0m[0m
Test (ubuntu-latest, 21)	Run tests	2026-06-22T17:43:32.4290898Z [0m[[0m[0minfo[0m] [0m[0m[32m- should create simple chunker from Strategy.Simple[0m[0m
Test (ubuntu-latest, 21)	Run tests	2026-06-22T17:43:32.4292575Z [0m[[0m[0minfo[0m] [0m[0m[32m- should create sentence chunker from Strategy.Sentence[0m[0m
Test (ubuntu-latest, 21)	Run tests	2026-06-22T17:43:32.4294032Z [0m[[0m[0minfo[0m] [0m[0m[32m- should create markdown chunker from Strategy.Markdown[0m[0m
Test (ubuntu-latest, 21)	Run tests	2026-06-22T17:43:32.4295826Z [0m[[0m[0minfo[0m] [0m[0m[32m- should return sentence chunker as fallback from Strategy.Semantic[0m[0m
Test (ubuntu-latest, 21)	Run tests	2026-06-22T17:43:32.4297297Z [0m[[0m[0minfo[0m] [0m[0m[32m- should create independent instances for each call[0m[0m
Test (ubuntu-latest, 21)	Run tests	2026-06-22T17:43:32.4298731Z [0m[[0m[0minfo[0m] [0m[0m[32m- should all strategy enum variants produce DocumentChunker[0m[0m
Test (ubuntu-latest, 21)	Run tests	2026-06-22T17:43:32.4299968Z [0m[[0m[0minfo[0m] [0m[0m[32mChunkerFactory.auto()[0m[0m
Test (ubuntu-latest, 21)	Run tests	2026-06-22T17:43:32.4301181Z [0m[[0m[0minfo[0m] [0m[0m[32m- should return MarkdownChunker for markdown with heading[0m[0m
Test (ubuntu-latest, 21)	Run tests	2026-06-22T17:43:32.4302691Z [0m[[0m[0minfo[0m] [0m[0m[32m- should return SentenceChunker for plain text without markdown[0m[0m
Test (ubuntu-latest, 21)	Run tests	2026-06-22T17:43:32.4304020Z [0m[[0m[0minfo[0m] [0m[0m[32m- should detect markdown code blocks[0m[0m
Test (ubuntu-latest, 21)	Run tests	2026-06-22T17:43:32.4305486Z [0m[[0m[0minfo[0m] [0m[0m[32m- should detect markdown headings at various levels[0m[0m
Test (ubuntu-latest, 21)	Run tests	2026-06-22T17:43:32.4306667Z [0m[[0m[0minfo[0m] [0m[0m[32m- should detect markdown bullet lists[0m[0m
Test (ubuntu-latest, 21)	Run tests	2026-06-22T17:43:32.4307858Z [0m[[0m[0minfo[0m] [0m[0m[32m- should detect markdown with asterisk list markers[0m[0m
Test (ubuntu-latest, 21)	Run tests	2026-06-22T17:43:32.4309119Z [0m[[0m[0minfo[0m] [0m[0m[32m- should detect markdown with plus list markers[0m[0m
Test (ubuntu-latest, 21)	Run tests	2026-06-22T17:43:32.4310307Z [0m[[0m[0minfo[0m] [0m[0m[32m- should detect markdown with numbered lists[0m[0m
Test (ubuntu-latest, 21)	Run tests	2026-06-22T17:43:32.4311409Z [0m[[0m[0minfo[0m] [0m[0m[32m- should detect markdown with links[0m[0m
Test (ubuntu-latest, 21)	Run tests	2026-06-22T17:43:32.4312460Z [0m[[0m[0minfo[0m] [0m[0m[32m- should detect markdown with images[0m[0m
Test (ubuntu-latest, 21)	Run tests	2026-06-22T17:43:32.4313632Z [0m[[0m[0minfo[0m] [0m[0m[32m- should return SentenceChunker for empty string[0m[0m
Test (ubuntu-latest, 21)	Run tests	2026-06-22T17:43:32.4315215Z [0m[[0m[0minfo[0m] [0m[0m[32m- should return SentenceChunker for whitespace-only string[0m[0m
Test (ubuntu-latest, 21)	Run tests	2026-06-22T17:43:32.4316568Z [0m[[0m[0minfo[0m] [0m[0m[32m- should return SentenceChunker for simple sentences[0m[0m
Test (ubuntu-latest, 21)	Run tests	2026-06-22T17:43:32.4318070Z [0m[[0m[0minfo[0m] [0m[0m[32m- should return SentenceChunker for text with URLs but no markdown syntax[0m[0m
Test (ubuntu-latest, 21)	Run tests	2026-06-22T17:43:32.4320018Z [0m[[0m[0minfo[0m] [0m[0m[32m- should return SentenceChunker for text with hash symbol but not as heading[0m[0m
Test (ubuntu-latest, 21)	Run tests	2026-06-22T17:43:32.4321421Z [0m[[0m[0minfo[0m] [0m[0m[32m- should handle complex markdown document[0m[0m
Test (ubuntu-latest, 21)	Run tests	2026-06-22T17:43:32.4322700Z [0m[[0m[0minfo[0m] [0m[0m[32m- should consistently return same chunker type for same input[0m[0m
Test (ubuntu-latest, 21)	Run tests	2026-06-22T17:43:32.4324038Z [0m[[0m[0minfo[0m] [0m[0m[32m- should return independent instances for each call[0m[0m
Test (ubuntu-latest, 21)	Run tests	2026-06-22T17:43:32.4329277Z [0m[[0m[0minfo[0m] [0m[0m[32mZaiClientSpec:[0m[0m
Test (ubuntu-latest, 21)	Run tests	2026-06-22T17:43:32.4331225Z [0m[[0m[0minfo[0m] [0m[0m[32mZaiClient.apply[0m[0m
Test (ubuntu-latest, 21)	Run tests	2026-06-22T17:43:32.4910737Z [0m[[0m[0minfo[0m] [0m[0m[32m- should create a client successfully with valid config[0m[0m
Test (ubuntu-latest, 21)	Run tests	2026-06-22T17:43:32.4916870Z [0m[[0m[0minfo[0m] [0m[0m[32mZaiClient.getContextWindow[0m[0m
Test (ubuntu-latest, 21)	Run tests	2026-06-22T17:43:32.4920425Z [0m[[0m[0minfo[0m] [0m[0m[32m- should return the configured context window[0m[0m
Test (ubuntu-latest, 21)	Run tests	2026-06-22T17:43:32.4928586Z [0m[[0m[0minfo[0m] [0m[0m[32m- should return different values for different model configs[0m[0m
Test (ubuntu-latest, 21)	Run tests	2026-06-22T17:43:32.4930223Z [0m[[0m[0minfo[0m] [0m[0m[32mZaiClient.getReserveCompletion[0m[0m
Test (ubuntu-latest, 21)	Run tests	2026-06-22T17:43:32.4942320Z [0m[[0m[0minfo[0m] [0m[0m[32m- should return the configured reserve completion[0m[0m
Test (ubuntu-latest, 21)	Run tests	2026-06-22T17:43:32.4943684Z [0m[[0m[0minfo[0m] [0m[0m[32m- should return custom reserve completion when configured[0m[0m
Test (ubuntu-latest, 21)	Run tests	2026-06-22T17:43:32.4950386Z [0m[[0m[0minfo[0m] [0m[0m[32m- should create valid request body for user message[0m[0m
Test (ubuntu-latest, 21)	Run tests	2026-06-22T17:43:32.4961861Z [0m[[0m[0minfo[0m] [0m[0m[32m- should include response_format when ResponseFormat.Json is set[0m[0m
Test (ubuntu-latest, 21)	Run tests	2026-06-22T17:43:32.4968608Z [0m[[0m[0minfo[0m] [0m[0m[32m- should omit response_format when responseFormat is not set[0m[0m
Test (ubuntu-latest, 21)	Run tests	2026-06-22T17:43:32.4978013Z [0m[[0m[0minfo[0m] [0m[0m[32m- should create valid request body for system message[0m[0m
Test (ubuntu-latest, 21)	Run tests	2026-06-22T17:43:32.4984465Z [0m[[0m[0minfo[0m] [0m[0m[32m- should create valid request body for assistant message with content[0m[0m
Test (ubuntu-latest, 21)	Run tests	2026-06-22T17:43:32.4990110Z [0m[[0m[0minfo[0m] [0m[0m[32m- should omit content for assistant message with empty content[0m[0m
Test (ubuntu-latest, 21)	Run tests	2026-06-22T17:43:32.4993385Z [0m[[0m[0minfo[0m] [0m[0m[32m- should omit content for assistant message with None content[0m[0m
Test (ubuntu-latest, 21)	Run tests	2026-06-22T17:43:32.5006823Z [0m[[0m[0minfo[0m] [0m[0m[32m- should include tool calls in assistant message[0m[0m
Test (ubuntu-latest, 21)	Run tests	2026-06-22T17:43:32.5011701Z [0m[[0m[0minfo[0m] [0m[0m[32m- should create valid request body for tool message[0m[0m
Test (ubuntu-latest, 21)	Run tests	2026-06-22T17:43:32.5017770Z [0m[[0m[0minfo[0m] [0m[0m[32m- should serialize tool message correctly via ZaiClient[0m[0m
Test (ubuntu-latest, 21)	Run tests	2026-06-22T17:43:32.5021367Z [0m[[0m[0minfo[0m] [0m[0m[32m- should include temperature and top_p options[0m[0m
Test (ubuntu-latest, 21)	Run tests	2026-06-22T17:43:32.5032032Z [0m[[0m[0minfo[0m] [0m[0m[32m- should include maxTokens when specified[0m[0m
Test (ubuntu-latest, 21)	Run tests	2026-06-22T17:43:32.5034205Z [0m[[0m[0minfo[0m] [0m[0m[32m- should include presence_penalty when non-zero[0m[0m
Test (ubuntu-latest, 21)	Run tests	2026-06-22T17:43:32.5047999Z [0m[[0m[0minfo[0m] [0m[0m[32m- should include frequency_penalty when non-zero[0m[0m
Test (ubuntu-latest, 21)	Run tests	2026-06-22T17:43:32.5076328Z [0m[[0m[0minfo[0m] [0m[0m[32m- should handle multiple messages in conversation[0m[0m
Test (ubuntu-latest, 21)	Run tests	2026-06-22T17:43:32.5077979Z [0m[[0m[0minfo[0m] [0m[0m[32mZaiClientTestHelper.parseCompletion[0m[0m
Test (ubuntu-latest, 21)	Run tests	2026-06-22T17:43:32.5079314Z [0m[[0m[0minfo[0m] [0m[0m[32m- should parse a basic completion response[0m[0m
Test (ubuntu-latest, 21)	Run tests	2026-06-22T17:43:32.5087368Z [0m[[0m[0minfo[0m] [0m[0m[32m- should parse completion with array-format content[0m[0m
Test (ubuntu-latest, 21)	Run tests	2026-06-22T17:43:32.5111569Z [0m[[0m[0minfo[0m] [0m[0m[32m- should parse completion with tool calls[0m[0m
Test (ubuntu-latest, 21)	Run tests	2026-06-22T17:43:32.5120519Z [0m[[0m[0minfo[0m] [0m[0m[32m- should handle missing usage data[0m[0m
Test (ubuntu-latest, 21)	Run tests	2026-06-22T17:43:32.5129112Z [0m[[0m[0minfo[0m] [0m[0m[32m- should handle missing content[0m[0m
Test (ubuntu-latest, 21)	Run tests	2026-06-22T17:43:32.5136244Z [0m[[0m[0minfo[0m] [0m[0m[32mZaiClientTestHelper.parseToolCalls[0m[0m
Test (ubuntu-latest, 21)	Run tests	2026-06-22T17:43:32.5140982Z [0m[[0m[0minfo[0m] [0m[0m[32m- should parse multiple tool calls[0m[0m
Test (ubuntu-latest, 21)	Run tests	2026-06-22T17:43:32.5156826Z [0m[[0m[0minfo[0m] [0m[0m[32m- should handle missing optional fields with defaults[0m[0m
Test (ubuntu-latest, 21)	Run tests	2026-06-22T17:43:32.5163109Z [0m[[0m[0minfo[0m] [0m[0m[32m- should handle invalid JSON arguments gracefully[0m[0m
Test (ubuntu-latest, 21)	Run tests	2026-06-22T17:43:32.5165136Z [0m[[0m[0minfo[0m] [0m[0m[32mZaiClientTestHelper.parseStreamingChunks[0m[0m
Test (ubuntu-latest, 21)	Run tests	2026-06-22T17:43:32.5186949Z [0m[[0m[0minfo[0m] [0m[0m[32m- should parse text content chunk[0m[0m
Test (ubuntu-latest, 21)	Run tests	2026-06-22T17:43:32.5217331Z [0m[[0m[0minfo[0m] [0m[0m[32m- should parse text content in array format[0m[0m
Test (ubuntu-latest, 21)	Run tests	2026-06-22T17:43:32.5224567Z [0m[[0m[0minfo[0m] [0m[0m[32m- should parse finish reason[0m[0m
Test (ubuntu-latest, 21)	Run tests	2026-06-22T17:43:32.5233679Z [0m[[0m[0minfo[0m] [0m[0m[32m- should ignore null finish reason[0m[0m
Test (ubuntu-latest, 21)	Run tests	2026-06-22T17:43:32.5254106Z [0m[[0m[0minfo[0m] [0m[0m[32m- should parse tool call chunks[0m[0m
Test (ubuntu-latest, 21)	Run tests	2026-06-22T17:43:32.5260980Z [0m[[0m[0minfo[0m] [0m[0m[32m- should return empty sequence for empty choices[0m[0m
Test (ubuntu-latest, 21)	Run tests	2026-06-22T17:43:32.5263293Z [0m[[0m[0minfo[0m] [0m[0m[32mZaiClientTestHelper.parseStreamingArguments[0m[0m
Test (ubuntu-latest, 21)	Run tests	2026-06-22T17:43:32.5265652Z [0m[[0m[0minfo[0m] [0m[0m[32m- should parse valid JSON[0m[0m
Test (ubuntu-latest, 21)	Run tests	2026-06-22T17:43:32.5270437Z [0m[[0m[0minfo[0m] [0m[0m[32m- should return empty object for empty string[0m[0m
Test (ubuntu-latest, 21)	Run tests	2026-06-22T17:43:32.5275670Z [0m[[0m[0minfo[0m] [0m[0m[32m- should return raw string for invalid JSON[0m[0m
Test (ubuntu-latest, 21)	Run tests	2026-06-22T17:43:32.5309918Z [0m[[0m[0minfo[0m] [0m[0m[32mPayloadLimitSpec:[0m[0m
Test (ubuntu-latest, 21)	Run tests	2026-06-22T17:43:32.5316911Z [0m[[0m[0minfo[0m] [0m[0m[32mMCPServer Payload Limit[0m[0m
Test (ubuntu-latest, 21)	Run tests	2026-06-22T17:43:32.5511534Z [0m[[0m[0minfo[0m] [0m[0m[32m- should reject payloads exceeding 10MB[0m[0m
Test (ubuntu-latest, 21)	Run tests	2026-06-22T17:43:32.5556181Z [0m[[0m[0minfo[0m] [0m[0m[32mSourceBackedLoaderSpec:[0m[0m
Test (ubuntu-latest, 21)	Run tests	2026-06-22T17:43:32.5558283Z [0m[[0m[0minfo[0m] [0m[0m[32mSourceBackedLoader[0m[0m
Test (ubuntu-latest, 21)	Run tests	2026-06-22T17:43:32.5622724Z [0m[[0m[0minfo[0m] [0m[0m[32m- should load documents from a DocumentSource[0m[0m
Test (ubuntu-latest, 21)	Run tests	2026-06-22T17:43:32.5640553Z [0m[[0m[0minfo[0m] [0m[0m[32m- should include metadata from source[0m[0m
Test (ubuntu-latest, 21)	Run tests	2026-06-22T17:43:32.5656934Z [0m[[0m[0minfo[0m] [0m[0m[32m- should add additional metadata[0m[0m
Test (ubuntu-latest, 21)	Run tests	2026-06-22T17:43:32.5678178Z [0m[[0m[0minfo[0m] [0m[0m[32m- should detect document hints based on extension[0m[0m
Test (ubuntu-latest, 21)	Run tests	2026-06-22T17:43:32.5694546Z [0m[[0m[0minfo[0m] [0m[0m[32m- should include version info from source etag[0m[0m
Test (ubuntu-latest, 21)	Run tests	2026-06-22T17:43:32.5697190Z [0m[[0m[0minfo[0m] [0m[0m[32m- should report estimated count from source[0m[0m
Test (ubuntu-latest, 21)	Run tests	2026-06-22T17:43:32.5699550Z [0m[[0m[0minfo[0m] [0m[0m[32m- should have a descriptive description[0m[0m
Test (ubuntu-latest, 21)	Run tests	2026-06-22T17:43:32.5728686Z 17:43:32.572 [pool-1-thread-1-ScalaTest-running-SourceBackedLoaderSpec] WARN  o.l.r.e.DefaultDocumentExtractor$ - Tika extraction returned empty text for binary.exe
Test (ubuntu-latest, 21)	Run tests	2026-06-22T17:43:32.5731888Z [0m[[0m[0minfo[0m] [0m[0m[32m- should handle extraction failure gracefully[0m[0m
Test (ubuntu-latest, 21)	Run tests	2026-06-22T17:43:32.5734202Z [0m[[0m[0minfo[0m] [0m[0m[32m- should handle source listing errors[0m[0m
Test (ubuntu-latest, 21)	Run tests	2026-06-22T17:43:32.5758646Z [0m[[0m[0minfo[0m] [0m[0m[32m- should handle document read errors[0m[0m
Test (ubuntu-latest, 21)	Run tests	2026-06-22T17:43:32.5760891Z [0m[[0m[0minfo[0m] [0m[0m[32m- should handle empty source[0m[0m
Test (ubuntu-latest, 21)	Run tests	2026-06-22T17:43:32.5780508Z [0m[[0m[0minfo[0m] [0m[0m[32m- should propagate source metadata to documents[0m[0m
Test (ubuntu-latest, 21)	Run tests	2026-06-22T17:43:32.5812392Z [0m[[0m[0minfo[0m] [0m[0m[32m- should combine with another loader using ++[0m[0m
Test (ubuntu-latest, 21)	Run tests	2026-06-22T17:43:32.5846400Z [0m[[0m[0minfo[0m] [0m[0m[32mTypeclassSpec:[0m[0m
Test (ubuntu-latest, 21)	Run tests	2026-06-22T17:43:32.5848450Z [0m[[0m[0minfo[0m] [0m[0m[32mEncoder.apply[0m[0m
Test (ubuntu-latest, 21)	Run tests	2026-06-22T17:43:32.5855525Z [0m[[0m[0minfo[0m] [0m[0m[32m- should summon implicit encoder[0m[0m
Test (ubuntu-latest, 21)	Run tests	2026-06-22T17:43:32.5857914Z [0m[[0m[0minfo[0m] [0m[0m[32mEncoder.encode[0m[0m
Test (ubuntu-latest, 21)	Run tests	2026-06-22T17:43:32.5860292Z [0m[[0m[0minfo[0m] [0m[0m[32m- should encode using implicit encoder[0m[0m
Test (ubuntu-latest, 21)	Run tests	2026-06-22T17:43:32.5861678Z [0m[[0m[0minfo[0m] [0m[0m[32mEncoder.fromFunction[0m[0m
Test (ubuntu-latest, 21)	Run tests	2026-06-22T17:43:32.5865784Z [0m[[0m[0minfo[0m] [0m[0m[32m- should create encoder from function[0m[0m
Test (ubuntu-latest, 21)	Run tests	2026-06-22T17:43:32.5867090Z [0m[[0m[0minfo[0m] [0m[0m[32mEncoder.EncoderOps[0m[0m
Test (ubuntu-latest, 21)	Run tests	2026-06-22T17:43:32.5870445Z [0m[[0m[0minfo[0m] [0m[0m[32m- should provide encode extension method[0m[0m
Test (ubuntu-latest, 21)	Run tests	2026-06-22T17:43:32.5872282Z [0m[[0m[0minfo[0m] [0m[0m[32mLLMCapable[String][0m[0m
Test (ubuntu-latest, 21)	Run tests	2026-06-22T17:43:32.5881488Z [0m[[0m[0minfo[0m] [0m[0m[32m- should convert string to conversation[0m[0m
Test (ubuntu-latest, 21)	Run tests	2026-06-22T17:43:32.5885588Z [0m[[0m[0minfo[0m] [0m[0m[32m- should extract string from completion[0m[0m
Test (ubuntu-latest, 21)	Run tests	2026-06-22T17:43:32.5887703Z [0m[[0m[0minfo[0m] [0m[0m[32m- should validate non-empty strings[0m[0m
Test (ubuntu-latest, 21)	Run tests	2026-06-22T17:43:32.5890854Z [0m[[0m[0minfo[0m] [0m[0m[32m- should reject empty strings[0m[0m
Test (ubuntu-latest, 21)	Run tests	2026-06-22T17:43:32.5892152Z [0m[[0m[0minfo[0m] [0m[0m[32mLLMCapable[Conversation][0m[0m
Test (ubuntu-latest, 21)	Run tests	2026-06-22T17:43:32.5894115Z [0m[[0m[0minfo[0m] [0m[0m[32m- should pass through conversation[0m[0m
Test (ubuntu-latest, 21)	Run tests	2026-06-22T17:43:32.5897974Z [0m[[0m[0minfo[0m] [0m[0m[32m- should extract conversation from completion[0m[0m
Test (ubuntu-latest, 21)	Run tests	2026-06-22T17:43:32.5900040Z [0m[[0m[0minfo[0m] [0m[0m[32m- should validate non-empty conversations[0m[0m
Test (ubuntu-latest, 21)	Run tests	2026-06-22T17:43:32.5902564Z [0m[[0m[0minfo[0m] [0m[0m[32m- should reject empty conversations[0m[0m
Test (ubuntu-latest, 21)	Run tests	2026-06-22T17:43:32.5903848Z [0m[[0m[0minfo[0m] [0m[0m[32mLLMCapableOps.toLLMConversation[0m[0m
Test (ubuntu-latest, 21)	Run tests	2026-06-22T17:43:32.5907389Z [0m[[0m[0minfo[0m] [0m[0m[32m- should use implicit instance[0m[0m
Test (ubuntu-latest, 21)	Run tests	2026-06-22T17:43:32.5909763Z [0m[[0m[0minfo[0m] [0m[0m[32mLLMCapableOps.validateForLLM[0m[0m
Test (ubuntu-latest, 21)	Run tests	2026-06-22T17:43:32.5911582Z [0m[[0m[0minfo[0m] [0m[0m[32m- should use implicit instance[0m[0m
Test (ubuntu-latest, 21)	Run tests	2026-06-22T17:43:32.5912823Z [0m[[0m[0minfo[0m] [0m[0m[32mCustom LLMCapable instance[0m[0m
Test (ubuntu-latest, 21)	Run tests	2026-06-22T17:43:32.5919816Z [0m[[0m[0minfo[0m] [0m[0m[32m- should work with case classes[0m[0m
Test (ubuntu-latest, 21)	Run tests	2026-06-22T17:43:32.5938917Z [0m[[0m[0minfo[0m] [0m[0m[32mScalafixConfigurationBoundarySpec:[0m[0m
Test (ubuntu-latest, 21)	Run tests	2026-06-22T17:43:32.5940869Z [0m[[0m[0minfo[0m] [0m[0m[32m.scalafix.conf[0m[0m
Test (ubuntu-latest, 21)	Run tests	2026-06-22T17:43:32.5963532Z [0m[[0m[0minfo[0m] [0m[0m[32m- should enable the DisableSyntax rule[0m[0m
Test (ubuntu-latest, 21)	Run tests	2026-06-22T17:43:32.5976700Z [0m[[0m[0minfo[0m] [0m[0m[32m- should place regex rules at the canonical DisableSyntax.regex path scalafix actually reads[0m[0m
Test (ubuntu-latest, 21)	Run tests	2026-06-22T17:43:32.5987962Z [0m[[0m[0minfo[0m] [0m[0m[32m- should define every required configuration-boundary rule id[0m[0m
Test (ubuntu-latest, 21)	Run tests	2026-06-22T17:43:32.6003047Z [0m[[0m[0minfo[0m] [0m[0m[32m- should give every rule a non-empty pattern, message, and a compilable regex[0m[0m
Test (ubuntu-latest, 21)	Run tests	2026-06-22T17:43:32.6053020Z [0m[[0m[0minfo[0m] [0m[0m[32mLiftToResultSpec:[0m[0m
Test (ubuntu-latest, 21)	Run tests	2026-06-22T17:43:32.6060435Z [0m[[0m[0minfo[0m] [0m[0m[32mLiftToResult.idInstance[0m[0m
Test (ubuntu-latest, 21)	Run tests	2026-06-22T17:43:32.6063257Z [0m[[0m[0minfo[0m] [0m[0m[32m- should wrap any value in Right[0m[0m
Test (ubuntu-latest, 21)	Run tests	2026-06-22T17:43:32.6072255Z [0m[[0m[0minfo[0m] [0m[0m[32m- should wrap Unit in Right(())[0m[0m
Test (ubuntu-latest, 21)	Run tests	2026-06-22T17:43:32.6075280Z [0m[[0m[0minfo[0m] [0m[0m[32m- should be summoned implicitly for cats.Id[0m[0m
Test (ubuntu-latest, 21)	Run tests	2026-06-22T17:43:32.6077072Z [0m[[0m[0minfo[0m] [0m[0m[32m- should work as a context bound[0m[0m
Test (ubuntu-latest, 21)	Run tests	2026-06-22T17:43:32.6093980Z [0m[[0m[0minfo[0m] [0m[0m[32mLiftToResult.eitherInstance[0m[0m
Test (ubuntu-latest, 21)	Run tests	2026-06-22T17:43:32.6096250Z [0m[[0m[0minfo[0m] [0m[0m[32m- should pass Right through unchanged[0m[0m
Test (ubuntu-latest, 21)	Run tests	2026-06-22T17:43:32.6097680Z [0m[[0m[0minfo[0m] [0m[0m[32m- should convert a Left RuntimeException to Left(UnknownError)[0m[0m
Test (ubuntu-latest, 21)	Run tests	2026-06-22T17:43:32.6099503Z [0m[[0m[0minfo[0m] [0m[0m[32m- should convert a Left SocketTimeoutException to Left(NetworkError)[0m[0m
Test (ubuntu-latest, 21)	Run tests	2026-06-22T17:43:32.6101141Z [0m[[0m[0minfo[0m] [0m[0m[32m- should preserve the message from the throwable in the resulting LLMError[0m[0m
Test (ubuntu-latest, 21)	Run tests	2026-06-22T17:43:32.6102602Z [0m[[0m[0minfo[0m] [0m[0m[32m- should be summoned implicitly for ThrowableEither[0m[0m
Test (ubuntu-latest, 21)	Run tests	2026-06-22T17:43:32.6103701Z [0m[[0m[0minfo[0m] [0m[0m[32mLiftToResult.tryInstance[0m[0m
Test (ubuntu-latest, 21)	Run tests	2026-06-22T17:43:32.6104669Z [0m[[0m[0minfo[0m] [0m[0m[32m- should lift Success to Right[0m[0m
Test (ubuntu-latest, 21)	Run tests	2026-06-22T17:43:32.6106018Z [0m[[0m[0minfo[0m] [0m[0m[32m- should lift Failure(RuntimeException) to Left(UnknownError)[0m[0m
Test (ubuntu-latest, 21)	Run tests	2026-06-22T17:43:32.6107537Z [0m[[0m[0minfo[0m] [0m[0m[32m- should lift Failure(SocketTimeoutException) to Left(NetworkError)[0m[0m
Test (ubuntu-latest, 21)	Run tests	2026-06-22T17:43:32.6108849Z [0m[[0m[0minfo[0m] [0m[0m[32m- should be summoned implicitly for Try[0m[0m
Test (ubuntu-latest, 21)	Run tests	2026-06-22T17:43:32.6109948Z [0m[[0m[0minfo[0m] [0m[0m[32m- should work as a context bound for Try[0m[0m
Test (ubuntu-latest, 21)	Run tests	2026-06-22T17:43:32.6111172Z [0m[[0m[0minfo[0m] [0m[0m[32mLiftToResult.forOption[0m[0m
Test (ubuntu-latest, 21)	Run tests	2026-06-22T17:43:32.6112105Z [0m[[0m[0minfo[0m] [0m[0m[32m- should lift Some to Right[0m[0m
Test (ubuntu-latest, 21)	Run tests	2026-06-22T17:43:32.6113218Z [0m[[0m[0minfo[0m] [0m[0m[32m- should lift None to Left with the supplied error[0m[0m
Test (ubuntu-latest, 21)	Run tests	2026-06-22T17:43:32.6114547Z [0m[[0m[0minfo[0m] [0m[0m[32m- should lift None to Left with the same error for every type[0m[0m
Test (ubuntu-latest, 21)	Run tests	2026-06-22T17:43:32.6116292Z [0m[[0m[0minfo[0m] [0m[0m[32m- should evaluate the onNone thunk lazily ΓÇö only when None is present[0m[0m
Test (ubuntu-latest, 21)	Run tests	2026-06-22T17:43:32.6589309Z [0m[[0m[0minfo[0m] [0m[0m[32mLlmClientOptionsSpec:[0m[0m
Test (ubuntu-latest, 21)	Run tests	2026-06-22T17:43:32.6596711Z [0m[[0m[0minfo[0m] [0m[0m[32m- LlmClientOptions.default keeps exchange logging disabled[0m[0m
Test (ubuntu-latest, 21)	Run tests	2026-06-22T17:43:32.6600071Z [0m[[0m[0minfo[0m] [0m[0m[32m- ProviderExchangeLogging.enabled stores the provided sink[0m[0m
Test (ubuntu-latest, 21)	Run tests	2026-06-22T17:43:32.6615025Z [0m[[0m[0minfo[0m] [0m[0m[32m- LLMConnect.getClient accepts explicit options for config-driven construction[0m[0m
Test (ubuntu-latest, 21)	Run tests	2026-06-22T17:43:32.6619385Z [0m[[0m[0minfo[0m] [0m[0m[32m- LLMConnect.getClient accepts explicit options for provider-checked construction[0m[0m
Test (ubuntu-latest, 21)	Run tests	2026-06-22T17:43:32.6623730Z [0m[[0m[0minfo[0m] [0m[0m[32m- ProviderExchange carries timing, outcome, and correlation metadata[0m[0m
Test (ubuntu-latest, 21)	Run tests	2026-06-22T17:43:32.6662000Z [0m[[0m[0minfo[0m] [0m[0m[32mHybridSearcherSpec:[0m[0m
Test (ubuntu-latest, 21)	Run tests	2026-06-22T17:43:32.6666004Z [0m[[0m[0minfo[0m] [0m[0m[32mHybridSearcher[0m[0m
Test (ubuntu-latest, 21)	Run tests	2026-06-22T17:43:32.6733414Z [0m[[0m[0minfo[0m] [0m[0m[32m- should perform vector-only search[0m[0m
Test (ubuntu-latest, 21)	Run tests	2026-06-22T17:43:32.6769854Z [0m[[0m[0minfo[0m] [0m[0m[32m- should perform keyword-only search[0m[0m
Test (ubuntu-latest, 21)	Run tests	2026-06-22T17:43:32.6807435Z [0m[[0m[0minfo[0m] [0m[0m[32m- should perform hybrid search with RRF fusion[0m[0m
Test (ubuntu-latest, 21)	Run tests	2026-06-22T17:43:32.6888003Z [0m[[0m[0minfo[0m] [0m[0m[32m- should perform hybrid search with weighted score fusion[0m[0m
Test (ubuntu-latest, 21)	Run tests	2026-06-22T17:43:32.6920852Z [0m[[0m[0minfo[0m] [0m[0m[32m- should boost results that match both vector and keyword[0m[0m
Test (ubuntu-latest, 21)	Run tests	2026-06-22T17:43:32.6955824Z [0m[[0m[0minfo[0m] [0m[0m[32m- should include highlights from keyword search[0m[0m
Test (ubuntu-latest, 21)	Run tests	2026-06-22T17:43:32.7001041Z [0m[[0m[0minfo[0m] [0m[0m[32m- should respect metadata filters[0m[0m
Test (ubuntu-latest, 21)	Run tests	2026-06-22T17:43:32.7031851Z [0m[[0m[0minfo[0m] [0m[0m[32m- should handle empty results gracefully[0m[0m
Test (ubuntu-latest, 21)	Run tests	2026-06-22T17:43:32.7064153Z [0m[[0m[0minfo[0m] [0m[0m[32m- should use default strategy when none specified[0m[0m
Test (ubuntu-latest, 21)	Run tests	2026-06-22T17:43:32.7066573Z [0m[[0m[0minfo[0m] [0m[0m[32mHybridSearcher factory[0m[0m
Test (ubuntu-latest, 21)	Run tests	2026-06-22T17:43:32.7117837Z [0m[[0m[0minfo[0m] [0m[0m[32m- should create from in-memory stores[0m[0m
Test (ubuntu-latest, 21)	Run tests	2026-06-22T17:43:32.7171464Z [0m[[0m[0minfo[0m] [0m[0m[32m- should create from configuration[0m[0m
Test (ubuntu-latest, 21)	Run tests	2026-06-22T17:43:32.7207579Z [0m[[0m[0minfo[0m] [0m[0m[32m- should support weighted score configuration[0m[0m
Test (ubuntu-latest, 21)	Run tests	2026-06-22T17:43:32.7209891Z [0m[[0m[0minfo[0m] [0m[0m[32mFusionStrategy[0m[0m
Test (ubuntu-latest, 21)	Run tests	2026-06-22T17:43:32.7241181Z [0m[[0m[0minfo[0m] [0m[0m[32m- should have sensible RRF default[0m[0m
Test (ubuntu-latest, 21)	Run tests	2026-06-22T17:43:32.7264998Z [0m[[0m[0minfo[0m] [0m[0m[32m- should have balanced WeightedScore default[0m[0m
Test (ubuntu-latest, 21)	Run tests	2026-06-22T17:43:32.7289305Z [0m[[0m[0minfo[0m] [0m[0m[32m- should reject negative weights[0m[0m
Test (ubuntu-latest, 21)	Run tests	2026-06-22T17:43:32.7325079Z [0m[[0m[0minfo[0m] [0m[0m[32mToolOutputCompressorSpec:[0m[0m
Test (ubuntu-latest, 21)	Run tests	2026-06-22T17:43:32.7327409Z [0m[[0m[0minfo[0m] [0m[0m[32mToolOutputCompressor content type detection[0m[0m
Test (ubuntu-latest, 21)	Run tests	2026-06-22T17:43:32.7329547Z [0m[[0m[0minfo[0m] [0m[0m[32m- should identify JSON objects[0m[0m
Test (ubuntu-latest, 21)	Run tests	2026-06-22T17:43:32.7332231Z [0m[[0m[0minfo[0m] [0m[0m[32m- should identify JSON arrays[0m[0m
Test (ubuntu-latest, 21)	Run tests	2026-06-22T17:43:32.7334187Z [0m[[0m[0minfo[0m] [0m[0m[32m- should identify log content[0m[0m
Test (ubuntu-latest, 21)	Run tests	2026-06-22T17:43:32.7337076Z [0m[[0m[0minfo[0m] [0m[0m[32m- should identify error traces[0m[0m
Test (ubuntu-latest, 21)	Run tests	2026-06-22T17:43:32.7338706Z [0m[[0m[0minfo[0m] [0m[0m[32m- should identify binary content[0m[0m
Test (ubuntu-latest, 21)	Run tests	2026-06-22T17:43:32.7340060Z [0m[[0m[0minfo[0m] [0m[0m[32mToolOutputCompressor JSON compression[0m[0m
Test (ubuntu-latest, 21)	Run tests	2026-06-22T17:43:32.7350782Z [0m[[0m[0minfo[0m] [0m[0m[32m- should remove null values when compressed[0m[0m
Test (ubuntu-latest, 21)	Run tests	2026-06-22T17:43:32.7355005Z [0m[[0m[0minfo[0m] [0m[0m[32m- should remove empty strings from JSON[0m[0m
Test (ubuntu-latest, 21)	Run tests	2026-06-22T17:43:32.7364975Z [0m[[0m[0minfo[0m] [0m[0m[32m- should truncate large arrays to head + tail[0m[0m
Test (ubuntu-latest, 21)	Run tests	2026-06-22T17:43:32.7367918Z [0m[[0m[0minfo[0m] [0m[0m[32mToolOutputCompressor log compression[0m[0m
Test (ubuntu-latest, 21)	Run tests	2026-06-22T17:43:32.7369438Z [0m[[0m[0minfo[0m] [0m[0m[32m- should keep short logs unchanged[0m[0m
Test (ubuntu-latest, 21)	Run tests	2026-06-22T17:43:32.7380546Z [0m[[0m[0minfo[0m] [0m[0m[32m- should compress long logs when over inline threshold[0m[0m
Test (ubuntu-latest, 21)	Run tests	2026-06-22T17:43:32.7382993Z [0m[[0m[0minfo[0m] [0m[0m[32mToolOutputCompressor externalization[0m[0m
Test (ubuntu-latest, 21)	Run tests	2026-06-22T17:43:32.7391036Z [0m[[0m[0minfo[0m] [0m[0m[32m- should externalize content over threshold[0m[0m
Test (ubuntu-latest, 21)	Run tests	2026-06-22T17:43:32.7400890Z [0m[[0m[0minfo[0m] [0m[0m[32m- should create content pointers for externalized content[0m[0m
Test (ubuntu-latest, 21)	Run tests	2026-06-22T17:43:32.7411374Z [0m[[0m[0minfo[0m] [0m[0m[32m- should store externalized content in artifact store[0m[0m
Test (ubuntu-latest, 21)	Run tests	2026-06-22T17:43:32.7414950Z [0m[[0m[0minfo[0m] [0m[0m[32mInMemoryArtifactStore[0m[0m
Test (ubuntu-latest, 21)	Run tests	2026-06-22T17:43:32.7417417Z [0m[[0m[0minfo[0m] [0m[0m[32m- should store and retrieve content[0m[0m
Test (ubuntu-latest, 21)	Run tests	2026-06-22T17:43:32.7419409Z [0m[[0m[0minfo[0m] [0m[0m[32m- should return None for missing keys[0m[0m
Test (ubuntu-latest, 21)	Run tests	2026-06-22T17:43:32.7422983Z [0m[[0m[0minfo[0m] [0m[0m[32m- should overwrite existing content[0m[0m
Test (ubuntu-latest, 21)	Run tests	2026-06-22T17:43:32.7425286Z [0m[[0m[0minfo[0m] [0m[0m[32mToolOutputCompressor[0m[0m
Test (ubuntu-latest, 21)	Run tests	2026-06-22T17:43:32.7426717Z [0m[[0m[0minfo[0m] [0m[0m[32m- should pass through non-tool messages unchanged[0m[0m
Test (ubuntu-latest, 21)	Run tests	2026-06-22T17:43:32.7428149Z [0m[[0m[0minfo[0m] [0m[0m[32m- should handle empty message list[0m[0m
Test (ubuntu-latest, 21)	Run tests	2026-06-22T17:43:32.7435606Z [0m[[0m[0minfo[0m] [0m[0m[32m- should preserve tool call IDs[0m[0m
Test (ubuntu-latest, 21)	Run tests	2026-06-22T17:43:32.7446167Z [0m[[0m[0minfo[0m] [0m[0m[32m- should handle invalid JSON gracefully[0m[0m
Test (ubuntu-latest, 21)	Run tests	2026-06-22T17:43:32.7447456Z [0m[[0m[0minfo[0m] [0m[0m[32m- should handle multiple tool messages[0m[0m
Test (ubuntu-latest, 21)	Run tests	2026-06-22T17:43:32.7448649Z [0m[[0m[0minfo[0m] [0m[0m[32mNamedProviderValidatorSpec:[0m[0m
Test (ubuntu-latest, 21)	Run tests	2026-06-22T17:43:32.7449676Z [0m[[0m[0minfo[0m] [0m[0m[32mAzureValidator[0m[0m
Test (ubuntu-latest, 21)	Run tests	2026-06-22T17:43:32.7450815Z [0m[[0m[0minfo[0m] [0m[0m[32m- should mention missing Azure fields by name[0m[0m
Test (ubuntu-latest, 21)	Run tests	2026-06-22T17:43:32.7451970Z [0m[[0m[0minfo[0m] [0m[0m[32mOpenAIValidator[0m[0m
Test (ubuntu-latest, 21)	Run tests	2026-06-22T17:43:32.7453298Z [0m[[0m[0minfo[0m] [0m[0m[32m- should mention missing OpenAI fields by name[0m[0m
Test (ubuntu-latest, 21)	Run tests	2026-06-22T17:43:32.7454587Z [0m[[0m[0minfo[0m] [0m[0m[32mOllamaValidator[0m[0m
Test (ubuntu-latest, 21)	Run tests	2026-06-22T17:43:32.7465850Z [0m[[0m[0minfo[0m] [0m[0m[32m- should mention missing Ollama fields by name[0m[0m
Test (ubuntu-latest, 21)	Run tests	2026-06-22T17:43:32.7492894Z [0m[[0m[0minfo[0m] [0m[0m[32mKeywordIndexSpec:[0m[0m
Test (ubuntu-latest, 21)	Run tests	2026-06-22T17:43:32.7494053Z [0m[[0m[0minfo[0m] [0m[0m[32mKeywordIndex[0m[0m
Test (ubuntu-latest, 21)	Run tests	2026-06-22T17:43:32.7513329Z [0m[[0m[0minfo[0m] [0m[0m[32m- should index and retrieve a single document[0m[0m
Test (ubuntu-latest, 21)	Run tests	2026-06-22T17:43:32.7522054Z [0m[[0m[0minfo[0m] [0m[0m[32m- should return None for non-existent document[0m[0m
Test (ubuntu-latest, 21)	Run tests	2026-06-22T17:43:32.7535854Z [0m[[0m[0minfo[0m] [0m[0m[32m- should index multiple documents in batch[0m[0m
Test (ubuntu-latest, 21)	Run tests	2026-06-22T17:43:32.7552994Z [0m[[0m[0minfo[0m] [0m[0m[32m- should update existing document[0m[0m
Test (ubuntu-latest, 21)	Run tests	2026-06-22T17:43:32.7564264Z [0m[[0m[0minfo[0m] [0m[0m[32m- should delete a document[0m[0m
Test (ubuntu-latest, 21)	Run tests	2026-06-22T17:43:32.7579380Z [0m[[0m[0minfo[0m] [0m[0m[32m- should delete multiple documents[0m[0m
Test (ubuntu-latest, 21)	Run tests	2026-06-22T17:43:32.7606233Z [0m[[0m[0minfo[0m] [0m[0m[32m- should clear all documents[0m[0m
Test (ubuntu-latest, 21)	Run tests	2026-06-22T17:43:32.7615817Z [0m[[0m[0minfo[0m] [0m[0m[32m- should search for matching documents[0m[0m
Test (ubuntu-latest, 21)	Run tests	2026-06-22T17:43:32.7629906Z [0m[[0m[0minfo[0m] [0m[0m[32m- should rank results by relevance (BM25)[0m[0m
Test (ubuntu-latest, 21)	Run tests	2026-06-22T17:43:32.7641191Z [0m[[0m[0minfo[0m] [0m[0m[32m- should search with phrase matching[0m[0m
Test (ubuntu-latest, 21)	Run tests	2026-06-22T17:43:32.7652951Z [0m[[0m[0minfo[0m] [0m[0m[32m- should search with highlighted snippets[0m[0m
Test (ubuntu-latest, 21)	Run tests	2026-06-22T17:43:32.7671489Z [0m[[0m[0minfo[0m] [0m[0m[32m- should filter results by metadata[0m[0m
Test (ubuntu-latest, 21)	Run tests	2026-06-22T17:43:32.7693199Z [0m[[0m[0minfo[0m] [0m[0m[32m- should combine filters with AND/OR[0m[0m
Test (ubuntu-latest, 21)	Run tests	2026-06-22T17:43:32.7705742Z [0m[[0m[0minfo[0m] [0m[0m[32m- should reject unsafe metadata keys in filters[0m[0m
Test (ubuntu-latest, 21)	Run tests	2026-06-22T17:43:32.7720930Z [0m[[0m[0minfo[0m] [0m[0m[32m- should propagate invalid metadata keys through composite filters[0m[0m
Test (ubuntu-latest, 21)	Run tests	2026-06-22T17:43:32.7731569Z [0m[[0m[0minfo[0m] [0m[0m[32m- should reject empty metadata keys in filters[0m[0m
Test (ubuntu-latest, 21)	Run tests	2026-06-22T17:43:32.7745701Z [0m[[0m[0minfo[0m] [0m[0m[32m- should allow metadata keys that begin with digits[0m[0m
Test (ubuntu-latest, 21)	Run tests	2026-06-22T17:43:32.7756241Z [0m[[0m[0minfo[0m] [0m[0m[32m- should return correct statistics[0m[0m
Test (ubuntu-latest, 21)	Run tests	2026-06-22T17:43:32.7781613Z [0m[[0m[0minfo[0m] [0m[0m[32m- should handle empty queries gracefully[0m[0m
Test (ubuntu-latest, 21)	Run tests	2026-06-22T17:43:32.7793910Z [0m[[0m[0minfo[0m] [0m[0m[32m- should handle special characters in content[0m[0m
Test (ubuntu-latest, 21)	Run tests	2026-06-22T17:43:32.7797440Z [0m[[0m[0minfo[0m] [0m[0m[32mSQLiteKeywordIndex factory[0m[0m
Test (ubuntu-latest, 21)	Run tests	2026-06-22T17:43:32.7808997Z [0m[[0m[0minfo[0m] [0m[0m[32m- should create index from config[0m[0m
Test (ubuntu-latest, 21)	Run tests	2026-06-22T17:43:32.7817368Z [0m[[0m[0minfo[0m] [0m[0m[32m- should reject invalid table names[0m[0m
Test (ubuntu-latest, 21)	Run tests	2026-06-22T17:43:32.7824594Z [0m[[0m[0minfo[0m] [0m[0m[32m- should reject empty table names[0m[0m
Test (ubuntu-latest, 21)	Run tests	2026-06-22T17:43:32.7839882Z [0m[[0m[0minfo[0m] [0m[0m[32m- should allow SQLite-compatible table names longer than 63 characters[0m[0m
Test (ubuntu-latest, 21)	Run tests	2026-06-22T17:43:32.7956303Z [0m[[0m[0minfo[0m] [0m[0m[32m- should support file-based persistence[0m[0m
Test (ubuntu-latest, 21)	Run tests	2026-06-22T17:43:32.7997093Z [0m[[0m[0minfo[0m] [0m[0m[32mCoreToolsSpec:[0m[0m
Test (ubuntu-latest, 21)	Run tests	2026-06-22T17:43:32.7998498Z [0m[[0m[0minfo[0m] [0m[0m[32mDateTimeTool[0m[0m
Test (ubuntu-latest, 21)	Run tests	2026-06-22T17:43:32.8046956Z [0m[[0m[0minfo[0m] [0m[0m[32m- should return current date/time in default timezone[0m[0m
Test (ubuntu-latest, 21)	Run tests	2026-06-22T17:43:32.8067976Z [0m[[0m[0minfo[0m] [0m[0m[32m- should support custom timezone[0m[0m
Test (ubuntu-latest, 21)	Run tests	2026-06-22T17:43:32.8078349Z [0m[[0m[0minfo[0m] [0m[0m[32m- should return error for invalid timezone[0m[0m
Test (ubuntu-latest, 21)	Run tests	2026-06-22T17:43:32.8080149Z [0m[[0m[0minfo[0m] [0m[0m[32mCalculatorTool[0m[0m
Test (ubuntu-latest, 21)	Run tests	2026-06-22T17:43:32.8120708Z [0m[[0m[0minfo[0m] [0m[0m[32m- should perform addition[0m[0m
Test (ubuntu-latest, 21)	Run tests	2026-06-22T17:43:32.8133157Z [0m[[0m[0minfo[0m] [0m[0m[32m- should perform subtraction[0m[0m
Test (ubuntu-latest, 21)	Run tests	2026-06-22T17:43:32.8143988Z [0m[[0m[0minfo[0m] [0m[0m[32m- should perform multiplication[0m[0m
Test (ubuntu-latest, 21)	Run tests	2026-06-22T17:43:32.8154609Z [0m[[0m[0minfo[0m] [0m[0m[32m- should perform division[0m[0m
Test (ubuntu-latest, 21)	Run tests	2026-06-22T17:43:32.8163217Z [0m[[0m[0minfo[0m] [0m[0m[32m- should handle division by zero[0m[0m
Test (ubuntu-latest, 21)	Run tests	2026-06-22T17:43:32.8172325Z [0m[[0m[0minfo[0m] [0m[0m[32m- should perform square root[0m[0m
Test (ubuntu-latest, 21)	Run tests	2026-06-22T17:43:32.8182515Z [0m[[0m[0minfo[0m] [0m[0m[32m- should handle negative square root[0m[0m
Test (ubuntu-latest, 21)	Run tests	2026-06-22T17:43:32.8193030Z [0m[[0m[0minfo[0m] [0m[0m[32m- should calculate power[0m[0m
Test (ubuntu-latest, 21)	Run tests	2026-06-22T17:43:32.8203633Z [0m[[0m[0minfo[0m] [0m[0m[32m- should calculate percentage[0m[0m
Test (ubuntu-latest, 21)	Run tests	2026-06-22T17:43:32.8212785Z [0m[[0m[0minfo[0m] [0m[0m[32m- should reject unknown operation[0m[0m
Test (ubuntu-latest, 21)	Run tests	2026-06-22T17:43:32.8214109Z [0m[[0m[0minfo[0m] [0m[0m[32mUUIDTool[0m[0m
Test (ubuntu-latest, 21)	Run tests	2026-06-22T17:43:32.8253483Z [0m[[0m[0minfo[0m] [0m[0m[32m- should generate a UUID[0m[0m
Test (ubuntu-latest, 21)	Run tests	2026-06-22T17:43:32.8264204Z [0m[[0m[0minfo[0m] [0m[0m[32m- should generate multiple UUIDs[0m[0m
Test (ubuntu-latest, 21)	Run tests	2026-06-22T17:43:32.8273760Z [0m[[0m[0minfo[0m] [0m[0m[32m- should generate standard format UUID[0m[0m
Test (ubuntu-latest, 21)	Run tests	2026-06-22T17:43:32.8282882Z [0m[[0m[0minfo[0m] [0m[0m[32m- should generate compact format UUID[0m[0m
Test (ubuntu-latest, 21)	Run tests	2026-06-22T17:43:32.8284358Z [0m[[0m[0minfo[0m] [0m[0m[32mJSONTool[0m[0m
Test (ubuntu-latest, 21)	Run tests	2026-06-22T17:43:32.8319471Z [0m[[0m[0minfo[0m] [0m[0m[32m- should parse valid JSON[0m[0m
Test (ubuntu-latest, 21)	Run tests	2026-06-22T17:43:32.8329988Z [0m[[0m[0minfo[0m] [0m[0m[32m- should return error for invalid JSON[0m[0m
Test (ubuntu-latest, 21)	Run tests	2026-06-22T17:43:32.8341639Z [0m[[0m[0minfo[0m] [0m[0m[32m- should format JSON with pretty printing[0m[0m
Test (ubuntu-latest, 21)	Run tests	2026-06-22T17:43:32.8366685Z [0m[[0m[0minfo[0m] [0m[0m[32m- should query JSON with path[0m[0m
Test (ubuntu-latest, 21)	Run tests	2026-06-22T17:43:32.8380970Z [0m[[0m[0minfo[0m] [0m[0m[32m- should query array elements[0m[0m
Test (ubuntu-latest, 21)	Run tests	2026-06-22T17:43:32.8390724Z [0m[[0m[0minfo[0m] [0m[0m[32m- should validate JSON[0m[0m
Test (ubuntu-latest, 21)	Run tests	2026-06-22T17:43:32.8450230Z [0m[[0m[0minfo[0m] [0m[0m[32mCompositeGuardrailSpec:[0m[0m
Test (ubuntu-latest, 21)	Run tests	2026-06-22T17:43:32.8451624Z [0m[[0m[0minfo[0m] [0m[0m[32mCompositeGuardrail.all[0m[0m
Test (ubuntu-latest, 21)	Run tests	2026-06-22T17:43:32.8453993Z [0m[[0m[0minfo[0m] [0m[0m[32m- should pass with empty guardrail list[0m[0m
Test (ubuntu-latest, 21)	Run tests	2026-06-22T17:43:32.8457059Z [0m[[0m[0minfo[0m] [0m[0m[32m- should pass with a single passing guardrail[0m[0m
Test (ubuntu-latest, 21)	Run tests	2026-06-22T17:43:32.8461491Z [0m[[0m[0minfo[0m] [0m[0m[32m- should fail with a single failing guardrail[0m[0m
Test (ubuntu-latest, 21)	Run tests	2026-06-22T17:43:32.8463623Z [0m[[0m[0minfo[0m] [0m[0m[32m- should pass when all N guardrails pass[0m[0m
Test (ubuntu-latest, 21)	Run tests	2026-06-22T17:43:32.8465918Z [0m[[0m[0minfo[0m] [0m[0m[32m- should fail when only the first guardrail fails[0m[0m
Test (ubuntu-latest, 21)	Run tests	2026-06-22T17:43:32.8468012Z [0m[[0m[0minfo[0m] [0m[0m[32m- should fail when only the last guardrail fails[0m[0m
Test (ubuntu-latest, 21)	Run tests	2026-06-22T17:43:32.8469377Z [0m[[0m[0minfo[0m] [0m[0m[32m- should aggregate errors from all failing guardrails[0m[0m
Test (ubuntu-latest, 21)	Run tests	2026-06-22T17:43:32.8474378Z [0m[[0m[0minfo[0m] [0m[0m[32m- should run all guardrails even when early ones fail[0m[0m
Test (ubuntu-latest, 21)	Run tests	2026-06-22T17:43:32.8477508Z [0m[[0m[0minfo[0m] [0m[0m[32m- should use real guardrails: length + profanity both failing[0m[0m
Test (ubuntu-latest, 21)	Run tests	2026-06-22T17:43:32.8478750Z [0m[[0m[0minfo[0m] [0m[0m[32mCompositeGuardrail.any[0m[0m
Test (ubuntu-latest, 21)	Run tests	2026-06-22T17:43:32.8479845Z [0m[[0m[0minfo[0m] [0m[0m[32m- should pass with empty guardrail list[0m[0m
Test (ubuntu-latest, 21)	Run tests	2026-06-22T17:43:32.8487880Z [0m[[0m[0minfo[0m] [0m[0m[32m- should pass with a single passing guardrail[0m[0m
Test (ubuntu-latest, 21)	Run tests	2026-06-22T17:43:32.8489143Z [0m[[0m[0minfo[0m] [0m[0m[32m- should fail with a single failing guardrail[0m[0m
Test (ubuntu-latest, 21)	Run tests	2026-06-22T17:43:32.8490443Z [0m[[0m[0minfo[0m] [0m[0m[32m- should pass when all guardrails pass[0m[0m
Test (ubuntu-latest, 21)	Run tests	2026-06-22T17:43:32.8491747Z [0m[[0m[0minfo[0m] [0m[0m[32m- should pass when only the first guardrail passes[0m[0m
Test (ubuntu-latest, 21)	Run tests	2026-06-22T17:43:32.8493427Z [0m[[0m[0minfo[0m] [0m[0m[32m- should pass when only the last guardrail passes[0m[0m
Test (ubuntu-latest, 21)	Run tests	2026-06-22T17:43:32.8495144Z [0m[[0m[0minfo[0m] [0m[0m[32m- should fail when all guardrails fail and aggregate errors[0m[0m
Test (ubuntu-latest, 21)	Run tests	2026-06-22T17:43:32.8496459Z [0m[[0m[0minfo[0m] [0m[0m[32m- should run all guardrails regardless of pass/fail[0m[0m
Test (ubuntu-latest, 21)	Run tests	2026-06-22T17:43:32.8497760Z [0m[[0m[0minfo[0m] [0m[0m[32m- should use real guardrails: one regex passes, one fails[0m[0m
Test (ubuntu-latest, 21)	Run tests	2026-06-22T17:43:32.8498934Z [0m[[0m[0minfo[0m] [0m[0m[32mCompositeGuardrail.sequential[0m[0m
Test (ubuntu-latest, 21)	Run tests	2026-06-22T17:43:32.8499989Z [0m[[0m[0minfo[0m] [0m[0m[32m- should pass with empty guardrail list[0m[0m
Test (ubuntu-latest, 21)	Run tests	2026-06-22T17:43:32.8501130Z [0m[[0m[0minfo[0m] [0m[0m[32m- should pass with a single passing guardrail[0m[0m
Test (ubuntu-latest, 21)	Run tests	2026-06-22T17:43:32.8502237Z [0m[[0m[0minfo[0m] [0m[0m[32m- should fail with a single failing guardrail[0m[0m
Test (ubuntu-latest, 21)	Run tests	2026-06-22T17:43:32.8503435Z [0m[[0m[0minfo[0m] [0m[0m[32m- should pass when all guardrails pass in sequence[0m[0m
Test (ubuntu-latest, 21)	Run tests	2026-06-22T17:43:32.8505457Z [0m[[0m[0minfo[0m] [0m[0m[32m- should short-circuit: not evaluate guardrails after a failure[0m[0m
Test (ubuntu-latest, 21)	Run tests	2026-06-22T17:43:32.8506813Z [0m[[0m[0minfo[0m] [0m[0m[32m- should preserve the error from the failing guardrail[0m[0m
Test (ubuntu-latest, 21)	Run tests	2026-06-22T17:43:32.8508036Z [0m[[0m[0minfo[0m] [0m[0m[32m- should execute guardrails in declared order[0m[0m
Test (ubuntu-latest, 21)	Run tests	2026-06-22T17:43:32.8509217Z [0m[[0m[0minfo[0m] [0m[0m[32m- should stop at the very first guardrail if it fails[0m[0m
Test (ubuntu-latest, 21)	Run tests	2026-06-22T17:43:32.8510490Z [0m[[0m[0minfo[0m] [0m[0m[32m- should use real guardrails: length check then profanity[0m[0m
Test (ubuntu-latest, 21)	Run tests	2026-06-22T17:43:32.8511653Z [0m[[0m[0minfo[0m] [0m[0m[32mCompositeGuardrail with First mode[0m[0m
Test (ubuntu-latest, 21)	Run tests	2026-06-22T17:43:32.8512701Z [0m[[0m[0minfo[0m] [0m[0m[32m- should pass with empty guardrail list[0m[0m
Test (ubuntu-latest, 21)	Run tests	2026-06-22T17:43:32.8521173Z [0m[[0m[0minfo[0m] [0m[0m[32m- should return the first guardrail's success[0m[0m
Test (ubuntu-latest, 21)	Run tests	2026-06-22T17:43:32.8531084Z [0m[[0m[0minfo[0m] [0m[0m[32m- should return the first guardrail's failure[0m[0m
Test (ubuntu-latest, 21)	Run tests	2026-06-22T17:43:32.8532456Z [0m[[0m[0minfo[0m] [0m[0m[32m- should only evaluate the first guardrail[0m[0m
Test (ubuntu-latest, 21)	Run tests	2026-06-22T17:43:32.8533704Z [0m[[0m[0minfo[0m] [0m[0m[32mCompositeGuardrail name[0m[0m
Test (ubuntu-latest, 21)	Run tests	2026-06-22T17:43:32.8535204Z [0m[[0m[0minfo[0m] [0m[0m[32m- should include child guardrail names[0m[0m
Test (ubuntu-latest, 21)	Run tests	2026-06-22T17:43:32.8536520Z [0m[[0m[0minfo[0m] [0m[0m[32mCompositeGuardrail description[0m[0m
Test (ubuntu-latest, 21)	Run tests	2026-06-22T17:43:32.8537840Z [0m[[0m[0minfo[0m] [0m[0m[32m- should include the validation mode[0m[0m
Test (ubuntu-latest, 21)	Run tests	2026-06-22T17:43:32.8539168Z [0m[[0m[0minfo[0m] [0m[0m[32m- should include child guardrail names[0m[0m
Test (ubuntu-latest, 21)	Run tests	2026-06-22T17:43:32.8540443Z [0m[[0m[0minfo[0m] [0m[0m[32mSequential guardrail name[0m[0m
Test (ubuntu-latest, 21)	Run tests	2026-06-22T17:43:32.8541641Z [0m[[0m[0minfo[0m] [0m[0m[32m- should use arrow notation[0m[0m
Test (ubuntu-latest, 21)	Run tests	2026-06-22T17:43:32.8542924Z [0m[[0m[0minfo[0m] [0m[0m[32mSequential guardrail description[0m[0m
Test (ubuntu-latest, 21)	Run tests	2026-06-22T17:43:32.8544241Z [0m[[0m[0minfo[0m] [0m[0m[32m- should include child names[0m[0m
Test (ubuntu-latest, 21)	Run tests	2026-06-22T17:43:32.8545713Z [0m[[0m[0minfo[0m] [0m[0m[32mGuardrail.andThen[0m[0m
Test (ubuntu-latest, 21)	Run tests	2026-06-22T17:43:32.8547749Z [0m[[0m[0minfo[0m] [0m[0m[32m- should chain three guardrails in order[0m[0m
Test (ubuntu-latest, 21)	Run tests	2026-06-22T17:43:32.8549175Z [0m[[0m[0minfo[0m] [0m[0m[32m- should short-circuit in chained composition[0m[0m
Test (ubuntu-latest, 21)	Run tests	2026-06-22T17:43:32.8550478Z [0m[[0m[0minfo[0m] [0m[0m[32mCompositeGuardrail[0m[0m
Test (ubuntu-latest, 21)	Run tests	2026-06-22T17:43:32.8551783Z [0m[[0m[0minfo[0m] [0m[0m[32m- should support nesting: all containing any[0m[0m
Test (ubuntu-latest, 21)	Run tests	2026-06-22T17:43:32.8584615Z [0m[[0m[0minfo[0m] [0m[0m[32mQdrantVectorStoreHttpSpec:[0m[0m
Test (ubuntu-latest, 21)	Run tests	2026-06-22T17:43:32.8585941Z [0m[[0m[0minfo[0m] [0m[0m[32mhttpGet via get method[0m[0m
Test (ubuntu-latest, 21)	Run tests	2026-06-22T17:43:32.8636411Z [0m[[0m[0minfo[0m] [0m[0m[32m- should handle successful response (200 OK)[0m[0m
Test (ubuntu-latest, 21)	Run tests	2026-06-22T17:43:32.8641523Z [0m[[0m[0minfo[0m] [0m[0m[32m- should handle 404 Not Found error[0m[0m
Test (ubuntu-latest, 21)	Run tests	2026-06-22T17:43:32.8647817Z [0m[[0m[0minfo[0m] [0m[0m[32m- should handle 500 Internal Server Error[0m[0m
Test (ubuntu-latest, 21)	Run tests	2026-06-22T17:43:32.8651928Z [0m[[0m[0minfo[0m] [0m[0m[32m- should handle other HTTP errors (403 Forbidden)[0m[0m
Test (ubuntu-latest, 21)	Run tests	2026-06-22T17:43:32.8658022Z [0m[[0m[0minfo[0m] [0m[0m[32m- should handle HTTP client exceptions[0m[0m
Test (ubuntu-latest, 21)	Run tests	2026-06-22T17:43:32.8659228Z [0m[[0m[0minfo[0m] [0m[0m[32mhttpGet via stats method[0m[0m
Test (ubuntu-latest, 21)	Run tests	2026-06-22T17:43:32.8669358Z [0m[[0m[0minfo[0m] [0m[0m[32m- should handle successful response[0m[0m
Test (ubuntu-latest, 21)	Run tests	2026-06-22T17:43:32.8670911Z [0m[[0m[0minfo[0m] [0m[0m[32mhttpPost via search method[0m[0m
Test (ubuntu-latest, 21)	Run tests	2026-06-22T17:43:32.8697708Z [0m[[0m[0minfo[0m] [0m[0m[32m- should handle successful response (200 OK)[0m[0m
Test (ubuntu-latest, 21)	Run tests	2026-06-22T17:43:32.8703148Z [0m[[0m[0minfo[0m] [0m[0m[32m- should handle 400 Bad Request error[0m[0m
Test (ubuntu-latest, 21)	Run tests	2026-06-22T17:43:32.8708673Z [0m[[0m[0minfo[0m] [0m[0m[32m- should handle 500 Internal Server Error[0m[0m
Test (ubuntu-latest, 21)	Run tests	2026-06-22T17:43:32.8714267Z [0m[[0m[0minfo[0m] [0m[0m[32m- should handle HTTP client exceptions[0m[0m
Test (ubuntu-latest, 21)	Run tests	2026-06-22T17:43:32.8716847Z [0m[[0m[0minfo[0m] [0m[0m[32mhttpPost via count method[0m[0m
Test (ubuntu-latest, 21)	Run tests	2026-06-22T17:43:32.8726763Z [0m[[0m[0minfo[0m] [0m[0m[32m- should handle successful response[0m[0m
Test (ubuntu-latest, 21)	Run tests	2026-06-22T17:43:32.8733805Z [0m[[0m[0minfo[0m] [0m[0m[32m- should handle error responses[0m[0m
Test (ubuntu-latest, 21)	Run tests	2026-06-22T17:43:32.8735445Z [0m[[0m[0minfo[0m] [0m[0m[32mhttpPost via getBatch method[0m[0m
Test (ubuntu-latest, 21)	Run tests	2026-06-22T17:43:32.8746616Z [0m[[0m[0minfo[0m] [0m[0m[32m- should handle successful response[0m[0m
Test (ubuntu-latest, 21)	Run tests	2026-06-22T17:43:32.8749115Z [0m[[0m[0minfo[0m] [0m[0m[32mhttpPut via upsert method[0m[0m
Test (ubuntu-latest, 21)	Run tests	2026-06-22T17:43:32.8772513Z [0m[[0m[0minfo[0m] [0m[0m[32m- should handle successful response (200 OK)[0m[0m
Test (ubuntu-latest, 21)	Run tests	2026-06-22T17:43:32.8777695Z [0m[[0m[0minfo[0m] [0m[0m[32m- should handle 201 Created response[0m[0m
Test (ubuntu-latest, 21)	Run tests	2026-06-22T17:43:32.8781861Z [0m[[0m[0minfo[0m] [0m[0m[32m- should handle 204 No Content response[0m[0m
Test (ubuntu-latest, 21)	Run tests	2026-06-22T17:43:32.8787769Z [0m[[0m[0minfo[0m] [0m[0m[32m- should handle 400 Bad Request error[0m[0m
Test (ubuntu-latest, 21)	Run tests	2026-06-22T17:43:32.8793803Z [0m[[0m[0minfo[0m] [0m[0m[32m- should handle 401 Unauthorized error[0m[0m
Test (ubuntu-latest, 21)	Run tests	2026-06-22T17:43:32.8800517Z [0m[[0m[0minfo[0m] [0m[0m[32m- should handle 500 Internal Server Error[0m[0m
Test (ubuntu-latest, 21)	Run tests	2026-06-22T17:43:32.8806510Z [0m[[0m[0minfo[0m] [0m[0m[32m- should handle 503 Service Unavailable error[0m[0m
Test (ubuntu-latest, 21)	Run tests	2026-06-22T17:43:32.8812998Z [0m[[0m[0minfo[0m] [0m[0m[32m- should handle HTTP client exceptions[0m[0m
Test (ubuntu-latest, 21)	Run tests	2026-06-22T17:43:32.8814515Z [0m[[0m[0minfo[0m] [0m[0m[32mhttpDelete via clear method[0m[0m
Test (ubuntu-latest, 21)	Run tests	2026-06-22T17:43:32.8821406Z [0m[[0m[0minfo[0m] [0m[0m[32m- should handle successful response (200 OK)[0m[0m
Test (ubuntu-latest, 21)	Run tests	2026-06-22T17:43:32.8824305Z [0m[[0m[0minfo[0m] [0m[0m[32m- should handle 204 No Content response[0m[0m
Test (ubuntu-latest, 21)	Run tests	2026-06-22T17:43:32.8829652Z [0m[[0m[0minfo[0m] [0m[0m[32m- should handle 400 Bad Request error[0m[0m
Test (ubuntu-latest, 21)	Run tests	2026-06-22T17:43:32.8834625Z [0m[[0m[0minfo[0m] [0m[0m[32m- should handle 401 Unauthorized error[0m[0m
Test (ubuntu-latest, 21)	Run tests	2026-06-22T17:43:32.8839767Z [0m[[0m[0minfo[0m] [0m[0m[32m- should handle 403 Forbidden error[0m[0m
Test (ubuntu-latest, 21)	Run tests	2026-06-22T17:43:32.8844963Z [0m[[0m[0minfo[0m] [0m[0m[32m- should handle 404 Not Found error[0m[0m
Test (ubuntu-latest, 21)	Run tests	2026-06-22T17:43:32.8849948Z [0m[[0m[0minfo[0m] [0m[0m[32m- should handle 500 Internal Server Error[0m[0m
Test (ubuntu-latest, 21)	Run tests	2026-06-22T17:43:32.8854992Z [0m[[0m[0minfo[0m] [0m[0m[32m- should handle 503 Service Unavailable error[0m[0m
Test (ubuntu-latest, 21)	Run tests	2026-06-22T17:43:32.8866611Z [0m[[0m[0minfo[0m] [0m[0m[32m- should handle HTTP client exceptions[0m[0m
Test (ubuntu-latest, 21)	Run tests	2026-06-22T17:43:32.8867820Z [0m[[0m[0minfo[0m] [0m[0m[32mhandleResponse[0m[0m
Test (ubuntu-latest, 21)	Run tests	2026-06-22T17:43:32.8870714Z [0m[[0m[0minfo[0m] [0m[0m[32m- should handle 2xx range properly[0m[0m
Test (ubuntu-latest, 21)	Run tests	2026-06-22T17:43:32.8876484Z [0m[[0m[0minfo[0m] [0m[0m[32m- should handle various 4xx errors[0m[0m
Test (ubuntu-latest, 21)	Run tests	2026-06-22T17:43:32.8879702Z [0m[[0m[0minfo[0m] [0m[0m[32m- should handle JSON parse errors gracefully[0m[0m
Test (ubuntu-latest, 21)	Run tests	2026-06-22T17:43:32.8921034Z [0m[[0m[0minfo[0m] [0m[0m[32mTracingConfigLoaderSpec:[0m[0m
Test (ubuntu-latest, 21)	Run tests	2026-06-22T17:43:32.8923027Z [0m[[0m[0minfo[0m] [0m[0m[32mTracingConfigLoader[0m[0m
Test (ubuntu-latest, 21)	Run tests	2026-06-22T17:43:32.8932852Z [0m[[0m[0minfo[0m] [0m[0m[32m- should successfully load valid tracing config with all fields[0m[0m
Test (ubuntu-latest, 21)	Run tests	2026-06-22T17:43:32.8935760Z [0m[[0m[0minfo[0m] [0m[0m[32m- should use default values when tracing section is missing[0m[0m
Test (ubuntu-latest, 21)	Run tests	2026-06-22T17:43:32.8938291Z [0m[[0m[0minfo[0m] [0m[0m[32m- should use default values when langfuse section is missing[0m[0m
Test (ubuntu-latest, 21)	Run tests	2026-06-22T17:43:32.8941609Z [0m[[0m[0minfo[0m] [0m[0m[32m- should use default mode when mode is not specified[0m[0m
Test (ubuntu-latest, 21)	Run tests	2026-06-22T17:43:32.8943402Z [0m[[0m[0minfo[0m] [0m[0m[32mTracingConfigLoader mode parsing[0m[0m
Test (ubuntu-latest, 21)	Run tests	2026-06-22T17:43:32.8945515Z [0m[[0m[0minfo[0m] [0m[0m[32m- should parse 'console' mode correctly[0m[0m
Test (ubuntu-latest, 21)	Run tests	2026-06-22T17:43:32.8947326Z [0m[[0m[0minfo[0m] [0m[0m[32m- should parse 'langfuse' mode correctly[0m[0m
Test (ubuntu-latest, 21)	Run tests	2026-06-22T17:43:32.8962715Z [0m[[0m[0minfo[0m] [0m[0m[32m- should parse 'noop' mode correctly[0m[0m
Test (ubuntu-latest, 21)	Run tests	2026-06-22T17:43:32.8966746Z [0m[[0m[0minfo[0m] [0m[0m[32m- should handle mode with mixed case[0m[0m
Test (ubuntu-latest, 21)	Run tests	2026-06-22T17:43:32.8972508Z 17:43:32.895 [pool-1-thread-1-ScalaTest-running-TracingConfigLoaderSpec] WARN  org.llm4s.trace.TracingMode$ - Unknown tracing mode 'unknown-mode', falling back to NoOp
Test (ubuntu-latest, 21)	Run tests	2026-06-22T17:43:32.8982160Z [0m[[0m[0minfo[0m] [0m[0m[32m- should default to NoOp for unknown mode values[0m[0m
Test (ubuntu-latest, 21)	Run tests	2026-06-22T17:43:32.8983453Z [0m[[0m[0minfo[0m] [0m[0m[32m- should handle empty mode string by using default[0m[0m
Test (ubuntu-latest, 21)	Run tests	2026-06-22T17:43:32.8984371Z [0m[[0m[0minfo[0m] [0m[0m[32mTracingConfigLoader Langfuse fields[0m[0m
Test (ubuntu-latest, 21)	Run tests	2026-06-22T17:43:32.8985741Z [0m[[0m[0minfo[0m] [0m[0m[32m- should load partial langfuse config with only required fields[0m[0m
Test (ubuntu-latest, 21)	Run tests	2026-06-22T17:43:32.8987020Z [0m[[0m[0minfo[0m] [0m[0m[32m- should handle langfuse config with custom URL only[0m[0m
Test (ubuntu-latest, 21)	Run tests	2026-06-22T17:43:32.8995866Z [0m[[0m[0minfo[0m] [0m[0m[32m- should trim whitespace from langfuse string values[0m[0m
Test (ubuntu-latest, 21)	Run tests	2026-06-22T17:43:32.8996593Z [0m[[0m[0minfo[0m] [0m[0m[32m- should treat empty strings as missing values[0m[0m
Test (ubuntu-latest, 21)	Run tests	2026-06-22T17:43:32.8997254Z [0m[[0m[0minfo[0m] [0m[0m[32mTracingConfigLoader with malformed config[0m[0m
Test (ubuntu-latest, 21)	Run tests	2026-06-22T17:43:32.8998286Z [0m[[0m[0minfo[0m] [0m[0m[32m- should fail gracefully when llm4s root is missing[0m[0m
Test (ubuntu-latest, 21)	Run tests	2026-06-22T17:43:32.8999561Z [0m[[0m[0minfo[0m] [0m[0m[32m- should fail gracefully when tracing section has wrong structure[0m[0m
Test (ubuntu-latest, 21)	Run tests	2026-06-22T17:43:32.9000407Z [0m[[0m[0minfo[0m] [0m[0m[32m- should fail gracefully when langfuse section has wrong structure[0m[0m
Test (ubuntu-latest, 21)	Run tests	2026-06-22T17:43:32.9014537Z [0m[[0m[0minfo[0m] [0m[0m[32mSchemaValidatorTest:[0m[0m
Test (ubuntu-latest, 21)	Run tests	2026-06-22T17:43:32.9026362Z [0m[[0m[0minfo[0m] [0m[0m[32m- SchemaValidator should accept fully conforming graph[0m[0m
Test (ubuntu-latest, 21)	Run tests	2026-06-22T17:43:32.9030051Z [0m[[0m[0minfo[0m] [0m[0m[32m- SchemaValidator should identify out-of-schema nodes[0m[0m
Test (ubuntu-latest, 21)	Run tests	2026-06-22T17:43:32.9032761Z [0m[[0m[0minfo[0m] [0m[0m[32m- SchemaValidator should identify out-of-schema edges[0m[0m
Test (ubuntu-latest, 21)	Run tests	2026-06-22T17:43:32.9036137Z [0m[[0m[0minfo[0m] [0m[0m[32m- SchemaValidator should keep out-of-schema items when allowOutOfSchema is true[0m[0m
Test (ubuntu-latest, 21)	Run tests	2026-06-22T17:43:32.9040263Z [0m[[0m[0minfo[0m] [0m[0m[32m- SchemaValidator should drop out-of-schema items when allowOutOfSchema is false[0m[0m
Test (ubuntu-latest, 21)	Run tests	2026-06-22T17:43:32.9042230Z [0m[[0m[0minfo[0m] [0m[0m[32m- SchemaValidator should report source type constraint violations[0m[0m
Test (ubuntu-latest, 21)	Run tests	2026-06-22T17:43:32.9044023Z [0m[[0m[0minfo[0m] [0m[0m[32m- SchemaValidator should report target type constraint violations[0m[0m
Test (ubuntu-latest, 21)	Run tests	2026-06-22T17:43:32.9046435Z [0m[[0m[0minfo[0m] [0m[0m[32m- SchemaValidator should not report violations for unconstrained relationships[0m[0m
Test (ubuntu-latest, 21)	Run tests	2026-06-22T17:43:32.9048299Z [0m[[0m[0minfo[0m] [0m[0m[32m- SchemaValidator should handle case-insensitive label matching[0m[0m
Test (ubuntu-latest, 21)	Run tests	2026-06-22T17:43:32.9049697Z [0m[[0m[0minfo[0m] [0m[0m[32m- SchemaValidator should handle empty graph[0m[0m
Test (ubuntu-latest, 21)	Run tests	2026-06-22T17:43:32.9051335Z [0m[[0m[0minfo[0m] [0m[0m[32m- SchemaValidator should drop edges referencing dropped nodes in strict mode[0m[0m
Test (ubuntu-latest, 21)	Run tests	2026-06-22T17:43:32.9070351Z [0m[[0m[0minfo[0m] [0m[0m[32mMCPServerAuthSpec:[0m[0m
Test (ubuntu-latest, 21)	Run tests	2026-06-22T17:43:32.9092307Z [0m[[0m[0minfo[0m] [0m[0m[32mAuthenticated MCPServer[0m[0m
Test (ubuntu-latest, 21)	Run tests	2026-06-22T17:43:32.9134037Z [0m[[0m[0minfo[0m] [0m[0m[32m- should return 401 when Authorization header is missing[0m[0m
Test (ubuntu-latest, 21)	Run tests	2026-06-22T17:43:32.9142650Z [0m[[0m[0minfo[0m] [0m[0m[32m- should return 401 when the *** is wrong[0m[0m
Test (ubuntu-latest, 21)	Run tests	2026-06-22T17:43:32.9155796Z [0m[[0m[0minfo[0m] [0m[0m[32m- should return 401 for *** with wrong capitalisation[0m[0m
Test (ubuntu-latest, 21)	Run tests	2026-06-22T17:43:32.9166936Z [0m[[0m[0minfo[0m] [0m[0m[32m- should return 200 when the correct *** is provided[0m[0m
Test (ubuntu-latest, 21)	Run tests	2026-06-22T17:43:32.9172476Z [0m[[0m[0minfo[0m] [0m[0m[32m- should return 401 on the SSE endpoint without a token[0m[0m
Test (ubuntu-latest, 21)	Run tests	2026-06-22T17:43:32.9180657Z [0m[[0m[0minfo[0m] [0m[0m[32m- should return 401 on SSE messages endpoint without a token[0m[0m
Test (ubuntu-latest, 21)	Run tests	2026-06-22T17:43:32.9191112Z [0m[[0m[0minfo[0m] [0m[0m[32m- should accept requests after correct token via MCPClient (Streamable HTTP)[0m[0m
Test (ubuntu-latest, 21)	Run tests	2026-06-22T17:43:32.9192559Z [0m[[0m[0minfo[0m] [0m[0m[32mOpen MCPServer (no apiKey)[0m[0m
Test (ubuntu-latest, 21)	Run tests	2026-06-22T17:43:32.9203679Z [0m[[0m[0minfo[0m] [0m[0m[32m- should allow requests without any Authorization header[0m[0m
Test (ubuntu-latest, 21)	Run tests	2026-06-22T17:43:32.9216123Z [0m[[0m[0minfo[0m] [0m[0m[32m- should ignore any Authorization header that is present[0m[0m
Test (ubuntu-latest, 21)	Run tests	2026-06-22T17:43:32.9217662Z [0m[[0m[0minfo[0m] [0m[0m[32mMCPServer with host=0.0.0.0[0m[0m
Test (ubuntu-latest, 21)	Run tests	2026-06-22T17:43:37.9302788Z [0m[[0m[0minfo[0m] [0m[0m[32m- should rewrite 0.0.0.0 to 127.0.0.1 in SSE endpoint event[0m[0m
Test (ubuntu-latest, 21)	Run tests	2026-06-22T17:43:37.9360955Z [0m[[0m[0minfo[0m] [0m[0m[32mAgentStateSerializationSpec:[0m[0m
Test (ubuntu-latest, 21)	Run tests	2026-06-22T17:43:37.9365836Z [0m[[0m[0minfo[0m] [0m[0m[32mReasoningEffort serialization[0m[0m
Test (ubuntu-latest, 21)	Run tests	2026-06-22T17:43:37.9368086Z [0m[[0m[0minfo[0m] [0m[0m[32m- should serialize None to 'none'[0m[0m
Test (ubuntu-latest, 21)	Run tests	2026-06-22T17:43:37.9370100Z [0m[[0m[0minfo[0m] [0m[0m[32m- should serialize Low to 'low'[0m[0m
Test (ubuntu-latest, 21)	Run tests	2026-06-22T17:43:37.9375465Z [0m[[0m[0minfo[0m] [0m[0m[32m- should serialize Medium to 'medium'[0m[0m
Test (ubuntu-latest, 21)	Run tests	2026-06-22T17:43:37.9377223Z [0m[[0m[0minfo[0m] [0m[0m[32m- should serialize High to 'high'[0m[0m
Test (ubuntu-latest, 21)	Run tests	2026-06-22T17:43:37.9378826Z [0m[[0m[0minfo[0m] [0m[0m[32m- should deserialize 'none' to None[0m[0m
Test (ubuntu-latest, 21)	Run tests	2026-06-22T17:43:37.9380460Z [0m[[0m[0minfo[0m] [0m[0m[32m- should deserialize 'low' to Low[0m[0m
Test (ubuntu-latest, 21)	Run tests	2026-06-22T17:43:37.9381978Z [0m[[0m[0minfo[0m] [0m[0m[32m- should deserialize 'medium' to Medium[0m[0m
Test (ubuntu-latest, 21)	Run tests	2026-06-22T17:43:37.9385189Z [0m[[0m[0minfo[0m] [0m[0m[32m- should deserialize 'high' to High[0m[0m
Test (ubuntu-latest, 21)	Run tests	2026-06-22T17:43:37.9389495Z [0m[[0m[0minfo[0m] [0m[0m[32m- should round-trip all ReasoningEffort values[0m[0m
Test (ubuntu-latest, 21)	Run tests	2026-06-22T17:43:37.9390862Z [0m[[0m[0minfo[0m] [0m[0m[32m- should throw on invalid string[0m[0m
Test (ubuntu-latest, 21)	Run tests	2026-06-22T17:43:37.9394325Z [0m[[0m[0minfo[0m] [0m[0m[32m- should throw on non-string value[0m[0m
Test (ubuntu-latest, 21)	Run tests	2026-06-22T17:43:37.9395840Z [0m[[0m[0minfo[0m] [0m[0m[32mCompletionOptions serialization[0m[0m
Test (ubuntu-latest, 21)	Run tests	2026-06-22T17:43:37.9397105Z [0m[[0m[0minfo[0m] [0m[0m[32m- should preserve all basic fields[0m[0m
Test (ubuntu-latest, 21)	Run tests	2026-06-22T17:43:37.9404981Z [0m[[0m[0minfo[0m] [0m[0m[32m- should preserve reasoning field when set[0m[0m
Test (ubuntu-latest, 21)	Run tests	2026-06-22T17:43:37.9406577Z [0m[[0m[0minfo[0m] [0m[0m[32m- should preserve budgetTokens field when set[0m[0m
Test (ubuntu-latest, 21)	Run tests	2026-06-22T17:43:37.9407989Z [0m[[0m[0minfo[0m] [0m[0m[32m- should preserve both reasoning and budgetTokens together[0m[0m
Test (ubuntu-latest, 21)	Run tests	2026-06-22T17:43:37.9408872Z [0m[[0m[0minfo[0m] [0m[0m[32m- should handle None reasoning as null in JSON[0m[0m
Test (ubuntu-latest, 21)	Run tests	2026-06-22T17:43:37.9409934Z [0m[[0m[0minfo[0m] [0m[0m[32m- should handle None budgetTokens as null in JSON[0m[0m
Test (ubuntu-latest, 21)	Run tests	2026-06-22T17:43:37.9411091Z [0m[[0m[0minfo[0m] [0m[0m[32mAgentState serialization[0m[0m
Test (ubuntu-latest, 21)	Run tests	2026-06-22T17:43:37.9411874Z [0m[[0m[0minfo[0m] [0m[0m[32m- should round-trip basic state[0m[0m
Test (ubuntu-latest, 21)	Run tests	2026-06-22T17:43:37.9413193Z [0m[[0m[0minfo[0m] [0m[0m[32m- should round-trip state with all CompletionOptions including reasoning[0m[0m
Test (ubuntu-latest, 21)	Run tests	2026-06-22T17:43:37.9426167Z [0m[[0m[0minfo[0m] [0m[0m[32m- should preserve conversation with tool messages[0m[0m
Test (ubuntu-latest, 21)	Run tests	2026-06-22T17:43:37.9427159Z [0m[[0m[0minfo[0m] [0m[0m[32mAgentStatus serialization[0m[0m
Test (ubuntu-latest, 21)	Run tests	2026-06-22T17:43:37.9433194Z [0m[[0m[0minfo[0m] [0m[0m[32m- should serialize InProgress[0m[0m
Test (ubuntu-latest, 21)	Run tests	2026-06-22T17:43:37.9434936Z [0m[[0m[0minfo[0m] [0m[0m[32m- should serialize WaitingForTools[0m[0m
Test (ubuntu-latest, 21)	Run tests	2026-06-22T17:43:37.9436339Z [0m[[0m[0minfo[0m] [0m[0m[32m- should serialize Complete[0m[0m
Test (ubuntu-latest, 21)	Run tests	2026-06-22T17:43:37.9437644Z [0m[[0m[0minfo[0m] [0m[0m[32m- should serialize Failed with error message[0m[0m
Test (ubuntu-latest, 21)	Run tests	2026-06-22T17:43:37.9439087Z [0m[[0m[0minfo[0m] [0m[0m[32m- should round-trip all basic statuses[0m[0m
Test (ubuntu-latest, 21)	Run tests	2026-06-22T17:43:37.9440476Z [0m[[0m[0minfo[0m] [0m[0m[32mAgentState deserialization[0m[0m
Test (ubuntu-latest, 21)	Run tests	2026-06-22T17:43:37.9442038Z [0m[[0m[0minfo[0m] [0m[0m[32m- should handle JSON without reasoning field (backward compat)[0m[0m
Test (ubuntu-latest, 21)	Run tests	2026-06-22T17:43:37.9443566Z [0m[[0m[0minfo[0m] [0m[0m[32mMessage serialization[0m[0m
Test (ubuntu-latest, 21)	Run tests	2026-06-22T17:43:37.9444539Z [0m[[0m[0minfo[0m] [0m[0m[32m- should round-trip UserMessage[0m[0m
Test (ubuntu-latest, 21)	Run tests	2026-06-22T17:43:37.9445851Z [0m[[0m[0minfo[0m] [0m[0m[32m- should round-trip SystemMessage[0m[0m
Test (ubuntu-latest, 21)	Run tests	2026-06-22T17:43:37.9447288Z [0m[[0m[0minfo[0m] [0m[0m[32m- should round-trip AssistantMessage with content[0m[0m
Test (ubuntu-latest, 21)	Run tests	2026-06-22T17:43:37.9448829Z [0m[[0m[0minfo[0m] [0m[0m[32m- should round-trip AssistantMessage with tool calls[0m[0m
Test (ubuntu-latest, 21)	Run tests	2026-06-22T17:43:37.9450118Z [0m[[0m[0minfo[0m] [0m[0m[32m- should round-trip ToolMessage[0m[0m
Test (ubuntu-latest, 21)	Run tests	2026-06-22T17:43:37.9451240Z [0m[[0m[0minfo[0m] [0m[0m[32mConversation serialization[0m[0m
Test (ubuntu-latest, 21)	Run tests	2026-06-22T17:43:37.9452348Z [0m[[0m[0minfo[0m] [0m[0m[32m- should round-trip empty conversation[0m[0m
Test (ubuntu-latest, 21)	Run tests	2026-06-22T17:43:37.9454391Z [0m[[0m[0minfo[0m] [0m[0m[32m- should round-trip multi-message conversation[0m[0m
Test (ubuntu-latest, 21)	Run tests	2026-06-22T17:43:37.9494337Z [0m[[0m[0minfo[0m] [0m[0m[32mGuardrailApplicatorSpec:[0m[0m
Test (ubuntu-latest, 21)	Run tests	2026-06-22T17:43:37.9496833Z [0m[[0m[0minfo[0m] [0m[0m[32mGuardrailApplicator.validateInput[0m[0m
Test (ubuntu-latest, 21)	Run tests	2026-06-22T17:43:37.9498124Z [0m[[0m[0minfo[0m] [0m[0m[32m- should pass unchanged when guardrail seq is empty[0m[0m
Test (ubuntu-latest, 21)	Run tests	2026-06-22T17:43:37.9503024Z [0m[[0m[0minfo[0m] [0m[0m[32m- should pass through when all guardrails succeed[0m[0m
Test (ubuntu-latest, 21)	Run tests	2026-06-22T17:43:37.9505524Z [0m[[0m[0minfo[0m] [0m[0m[32m- should return Left when the first guardrail fails[0m[0m
Test (ubuntu-latest, 21)	Run tests	2026-06-22T17:43:37.9507972Z [0m[[0m[0minfo[0m] [0m[0m[32m- should return Left when any guardrail fails (all-mode)[0m[0m
Test (ubuntu-latest, 21)	Run tests	2026-06-22T17:43:37.9509499Z [0m[[0m[0minfo[0m] [0m[0m[32m- should include the failure reason in the error[0m[0m
Test (ubuntu-latest, 21)	Run tests	2026-06-22T17:43:37.9510800Z [0m[[0m[0minfo[0m] [0m[0m[32mGuardrailApplicator.validateOutput[0m[0m
Test (ubuntu-latest, 21)	Run tests	2026-06-22T17:43:37.9512181Z [0m[[0m[0minfo[0m] [0m[0m[32m- should pass state unchanged when guardrail seq is empty[0m[0m
Test (ubuntu-latest, 21)	Run tests	2026-06-22T17:43:37.9513695Z [0m[[0m[0minfo[0m] [0m[0m[32m- should return Right(state) when output guardrail passes[0m[0m
Test (ubuntu-latest, 21)	Run tests	2026-06-22T17:43:37.9515421Z [0m[[0m[0minfo[0m] [0m[0m[32m- should return Left when output guardrail rejects[0m[0m
Test (ubuntu-latest, 21)	Run tests	2026-06-22T17:43:37.9518573Z [0m[[0m[0minfo[0m] [0m[0m[32m- should validate empty string when no assistant message is present[0m[0m
Test (ubuntu-latest, 21)	Run tests	2026-06-22T17:43:37.9520487Z [0m[[0m[0minfo[0m] [0m[0m[32m- should validate only the LAST assistant message when multiple are present[0m[0m
Test (ubuntu-latest, 21)	Run tests	2026-06-22T17:43:37.9522628Z [0m[[0m[0minfo[0m] [0m[0m[32m- should include the failure reason from output validation in the error[0m[0m
Test (ubuntu-latest, 21)	Run tests	2026-06-22T17:43:37.9534536Z [0m[[0m[0minfo[0m] [0m[0m[32mAnthropicStreamingHandlerToolArgsSpec:[0m[0m
Test (ubuntu-latest, 21)	Run tests	2026-06-22T17:43:37.9536169Z [0m[[0m[0minfo[0m] [0m[0m[32mAnthropicStreamingHandler[0m[0m
Test (ubuntu-latest, 21)	Run tests	2026-06-22T17:43:37.9611982Z [0m[[0m[0minfo[0m] [0m[0m[32m- should accumulate tool-call arguments from SSE events[0m[0m
Test (ubuntu-latest, 21)	Run tests	2026-06-22T17:43:37.9620863Z [0m[[0m[0minfo[0m] [0m[0m[32m- should handle multiple tool calls at different block indices[0m[0m
Test (ubuntu-latest, 21)	Run tests	2026-06-22T17:43:37.9629535Z [0m[[0m[0minfo[0m] [0m[0m[32m- should interleave text and tool-call content[0m[0m
Test (ubuntu-latest, 21)	Run tests	2026-06-22T17:43:37.9642158Z [0m[[0m[0minfo[0m] [0m[0m[32mProviderConfigRawReadSpec:[0m[0m
Test (ubuntu-latest, 21)	Run tests	2026-06-22T17:43:37.9643389Z [0m[[0m[0minfo[0m] [0m[0m[32mRawProvidersConfigLoader[0m[0m
Test (ubuntu-latest, 21)	Run tests	2026-06-22T17:43:37.9654059Z [0m[[0m[0minfo[0m] [0m[0m[32m- should read the selected provider name and named providers from the new providers.provider config shape[0m[0m
Test (ubuntu-latest, 21)	Run tests	2026-06-22T17:43:37.9660429Z [0m[[0m[0minfo[0m] [0m[0m[32m- should read multiple named providers while keeping the selected provider as a ProviderName[0m[0m
Test (ubuntu-latest, 21)	Run tests	2026-06-22T17:43:37.9667690Z [0m[[0m[0minfo[0m] [0m[0m[32m- should allow the selected provider name to match a simple configured provider key[0m[0m
Test (ubuntu-latest, 21)	Run tests	2026-06-22T17:43:37.9680937Z [0m[[0m[0minfo[0m] [0m[0m[32mGraphQueryToolTest:[0m[0m
Test (ubuntu-latest, 21)	Run tests	2026-06-22T17:43:37.9708619Z [0m[[0m[0minfo[0m] [0m[0m[32m- toolSafe should create a valid tool[0m[0m
Test (ubuntu-latest, 21)	Run tests	2026-06-22T17:43:37.9715316Z [0m[[0m[0minfo[0m] [0m[0m[32m- tool should be registrable in ToolRegistry[0m[0m
Test (ubuntu-latest, 21)	Run tests	2026-06-22T17:43:37.9742055Z [0m[[0m[0minfo[0m] [0m[0m[32m- tool should execute via ToolRegistry with question parameter[0m[0m
Test (ubuntu-latest, 21)	Run tests	2026-06-22T17:43:37.9750279Z [0m[[0m[0minfo[0m] [0m[0m[32m- tool schema should include question as required parameter[0m[0m
Test (ubuntu-latest, 21)	Run tests	2026-06-22T17:43:37.9756505Z [0m[[0m[0minfo[0m] [0m[0m[32m- GraphQueryToolResult should serialize to JSON correctly[0m[0m
Test (ubuntu-latest, 21)	Run tests	2026-06-22T17:43:37.9776705Z [0m[[0m[0minfo[0m] [0m[0m[32mGraphQueryExecutorTest:[0m[0m
Test (ubuntu-latest, 21)	Run tests	2026-06-22T17:43:37.9783485Z [0m[[0m[0minfo[0m] [0m[0m[32m- FindNodes should find nodes by label[0m[0m
Test (ubuntu-latest, 21)	Run tests	2026-06-22T17:43:37.9786164Z [0m[[0m[0minfo[0m] [0m[0m[32m- FindNodes should find nodes by property[0m[0m
Test (ubuntu-latest, 21)	Run tests	2026-06-22T17:43:37.9788611Z [0m[[0m[0minfo[0m] [0m[0m[32m- FindNodes with no matching label should return empty[0m[0m
Test (ubuntu-latest, 21)	Run tests	2026-06-22T17:43:37.9800111Z [0m[[0m[0minfo[0m] [0m[0m[32m- FindNeighbors should find direct neighbors[0m[0m
Test (ubuntu-latest, 21)	Run tests	2026-06-22T17:43:37.9806563Z [0m[[0m[0minfo[0m] [0m[0m[32m- FindNeighbors should filter by relationship type[0m[0m
Test (ubuntu-latest, 21)	Run tests	2026-06-22T17:43:37.9817987Z [0m[[0m[0minfo[0m] [0m[0m[32m- FindNeighbors with multi-hop should traverse deeper[0m[0m
Test (ubuntu-latest, 21)	Run tests	2026-06-22T17:43:37.9827995Z [0m[[0m[0minfo[0m] [0m[0m[32m- FindPath should find path between connected nodes[0m[0m
Test (ubuntu-latest, 21)	Run tests	2026-06-22T17:43:37.9830630Z [0m[[0m[0minfo[0m] [0m[0m[32m- FindPath should return empty for disconnected nodes[0m[0m
Test (ubuntu-latest, 21)	Run tests	2026-06-22T17:43:37.9834195Z [0m[[0m[0minfo[0m] [0m[0m[32m- DescribeNode should return node with neighbors[0m[0m
Test (ubuntu-latest, 21)	Run tests	2026-06-22T17:43:37.9836946Z [0m[[0m[0minfo[0m] [0m[0m[32m- DescribeNode without neighbors should return only the node[0m[0m
Test (ubuntu-latest, 21)	Run tests	2026-06-22T17:43:37.9839392Z [0m[[0m[0minfo[0m] [0m[0m[32m- DescribeNode for missing node should return empty result[0m[0m
Test (ubuntu-latest, 21)	Run tests	2026-06-22T17:43:37.9854016Z [0m[[0m[0minfo[0m] [0m[0m[32m- CompositeQuery should execute steps in sequence and merge results[0m[0m
Test (ubuntu-latest, 21)	Run tests	2026-06-22T17:43:37.9867133Z [0m[[0m[0minfo[0m] [0m[0m[32m- CompositeQuery with empty steps should return empty result[0m[0m
Test (ubuntu-latest, 21)	Run tests	2026-06-22T17:43:37.9869117Z [0m[[0m[0minfo[0m] [0m[0m[32m- GraphQueryResult merge should deduplicate nodes by ID[0m[0m
Test (ubuntu-latest, 21)	Run tests	2026-06-22T17:43:37.9871077Z [0m[[0m[0minfo[0m] [0m[0m[32mZaiClientMetricsSpec:[0m[0m
Test (ubuntu-latest, 21)	Run tests	2026-06-22T17:43:37.9872141Z [0m[[0m[0minfo[0m] [0m[0m[32mZaiClient[0m[0m
Test (ubuntu-latest, 21)	Run tests	2026-06-22T17:43:38.0277916Z [0m[[0m[0minfo[0m] [0m[0m[32m- should accept custom metrics collector[0m[0m
Test (ubuntu-latest, 21)	Run tests	2026-06-22T17:43:38.0290238Z [0m[[0m[0minfo[0m] [0m[0m[32m- should use noop metrics by default[0m[0m
Test (ubuntu-latest, 21)	Run tests	2026-06-22T17:43:38.0302802Z [0m[[0m[0minfo[0m] [0m[0m[32mBuiltinToolsSpec:[0m[0m
Test (ubuntu-latest, 21)	Run tests	2026-06-22T17:43:38.0304166Z [0m[[0m[0minfo[0m] [0m[0m[32mBuiltinTools.core[0m[0m
Test (ubuntu-latest, 21)	Run tests	2026-06-22T17:43:38.0325797Z [0m[[0m[0minfo[0m] [0m[0m[32m- should include all core utilities[0m[0m
Test (ubuntu-latest, 21)	Run tests	2026-06-22T17:43:38.0327957Z [0m[[0m[0minfo[0m] [0m[0m[32mBuiltinTools.safe[0m[0m
Test (ubuntu-latest, 21)	Run tests	2026-06-22T17:43:38.0336795Z [0m[[0m[0minfo[0m] [0m[0m[32m- should include core tools plus safe network tools[0m[0m
Test (ubuntu-latest, 21)	Run tests	2026-06-22T17:43:38.0344631Z [0m[[0m[0minfo[0m] [0m[0m[32m- should not include shell or file tools[0m[0m
Test (ubuntu-latest, 21)	Run tests	2026-06-22T17:43:38.0347077Z [0m[[0m[0minfo[0m] [0m[0m[32mBuiltinTools.withFiles[0m[0m
Test (ubuntu-latest, 21)	Run tests	2026-06-22T17:43:38.0357471Z [0m[[0m[0minfo[0m] [0m[0m[32m- should include file system tools[0m[0m
Test (ubuntu-latest, 21)	Run tests	2026-06-22T17:43:38.0364157Z [0m[[0m[0minfo[0m] [0m[0m[32m- should not include write or shell tools[0m[0m
Test (ubuntu-latest, 21)	Run tests	2026-06-22T17:43:38.0366078Z [0m[[0m[0minfo[0m] [0m[0m[32mBuiltinTools.development[0m[0m
Test (ubuntu-latest, 21)	Run tests	2026-06-22T17:43:38.0384105Z [0m[[0m[0minfo[0m] [0m[0m[32m- should include all tools[0m[0m
Test (ubuntu-latest, 21)	Run tests	2026-06-22T17:43:38.0385822Z [0m[[0m[0minfo[0m] [0m[0m[32mBuiltinTools.custom[0m[0m
Test (ubuntu-latest, 21)	Run tests	2026-06-22T17:43:38.0404119Z [0m[[0m[0minfo[0m] [0m[0m[32m- should allow selective tool inclusion[0m[0m
Test (ubuntu-latest, 21)	Run tests	2026-06-22T17:43:38.0411716Z [0m[[0m[0minfo[0m] [0m[0m[32m- should include HTTP when configured[0m[0m
Test (ubuntu-latest, 21)	Run tests	2026-06-22T17:43:38.0423659Z [0m[[0m[0minfo[0m] [0m[0m[32m- should include files when configured[0m[0m
Test (ubuntu-latest, 21)	Run tests	2026-06-22T17:43:38.0429578Z [0m[[0m[0minfo[0m] [0m[0m[32m- should include write when configured[0m[0m
Test (ubuntu-latest, 21)	Run tests	2026-06-22T17:43:38.0443226Z [0m[[0m[0minfo[0m] [0m[0m[32m- should include shell when configured[0m[0m
Test (ubuntu-latest, 21)	Run tests	2026-06-22T17:43:38.0444364Z [0m[[0m[0minfo[0m] [0m[0m[32mWeatherTool.toolSafe[0m[0m
Test (ubuntu-latest, 21)	Run tests	2026-06-22T17:43:38.0456944Z [0m[[0m[0minfo[0m] [0m[0m[32m- should return a valid tool[0m[0m
Test (ubuntu-latest, 21)	Run tests	2026-06-22T17:43:38.0471208Z [0m[[0m[0minfo[0m] [0m[0m[32mStdioTransportConcurrencySpec:[0m[0m
Test (ubuntu-latest, 21)	Run tests	2026-06-22T17:43:38.0473270Z [0m[[0m[0minfo[0m] [0m[0m[32mStdioTransportImpl[0m[0m
Test (ubuntu-latest, 21)	Run tests	2026-06-22T17:43:38.6021576Z [0m[[0m[0minfo[0m] [0m[0m[32m- should correctly route responses to concurrent requests[0m[0m
Test (ubuntu-latest, 21)	Run tests	2026-06-22T17:43:39.3145504Z [0m[[0m[0minfo[0m] [0m[0m[32m- should handle rapid sequential requests correctly[0m[0m
Test (ubuntu-latest, 21)	Run tests	2026-06-22T17:43:40.2288768Z [0m[[0m[0minfo[0m] [0m[0m[32m- should handle mixed concurrent and sequential requests[0m[0m
Test (ubuntu-latest, 21)	Run tests	2026-06-22T17:43:40.7479729Z [0m[[0m[0minfo[0m] [0m[0m[32m- should correctly handle notifications (which don't expect responses)[0m[0m
Test (ubuntu-latest, 21)	Run tests	2026-06-22T17:43:40.7508395Z [0m[[0m[0minfo[0m] [0m[0m[32mOllamaClientHttpSpec:[0m[0m
Test (ubuntu-latest, 21)	Run tests	2026-06-22T17:43:40.7933779Z [0m[[0m[0minfo[0m] [0m[0m[32m- complete() parses message.content from a 200 response[0m[0m
Test (ubuntu-latest, 21)	Run tests	2026-06-22T17:43:40.7959583Z [0m[[0m[0minfo[0m] [0m[0m[32m- complete() parses token usage from the response[0m[0m
Test (ubuntu-latest, 21)	Run tests	2026-06-22T17:43:40.7983758Z [0m[[0m[0minfo[0m] [0m[0m[32m- complete() records a provider exchange when logging is enabled[0m[0m
Test (ubuntu-latest, 21)	Run tests	2026-06-22T17:43:40.7991355Z [0m[[0m[0minfo[0m] [0m[0m[32m- complete() returns None usage when token counts are absent[0m[0m
Test (ubuntu-latest, 21)	Run tests	2026-06-22T17:43:40.8001775Z [0m[[0m[0minfo[0m] [0m[0m[32m- complete() returns AuthenticationError on HTTP 401[0m[0m
Test (ubuntu-latest, 21)	Run tests	2026-06-22T17:43:40.8010435Z [0m[[0m[0minfo[0m] [0m[0m[32m- complete() returns RateLimitError on HTTP 429[0m[0m
Test (ubuntu-latest, 21)	Run tests	2026-06-22T17:43:40.8019059Z [0m[[0m[0minfo[0m] [0m[0m[32m- complete() returns ServiceError on HTTP 500[0m[0m
Test (ubuntu-latest, 21)	Run tests	2026-06-22T17:43:40.8027611Z [0m[[0m[0minfo[0m] [0m[0m[32m- request body includes system, user and assistant messages with correct roles[0m[0m
Test (ubuntu-latest, 21)	Run tests	2026-06-22T17:43:40.8030110Z [0m[[0m[0minfo[0m] [0m[0m[32m- request body drops ToolMessages silently[0m[0m
Test (ubuntu-latest, 21)	Run tests	2026-06-22T17:43:40.8032010Z [0m[[0m[0minfo[0m] [0m[0m[32m- request body maps maxTokens to num_predict in options[0m[0m
Test (ubuntu-latest, 21)	Run tests	2026-06-22T17:43:40.8033355Z [0m[[0m[0minfo[0m] [0m[0m[32m- request body includes temperature and topP in options[0m[0m
Test (ubuntu-latest, 21)	Run tests	2026-06-22T17:43:40.8086947Z [0m[[0m[0minfo[0m] [0m[0m[32m- streamComplete() parses JSON lines and accumulates content[0m[0m
Test (ubuntu-latest, 21)	Run tests	2026-06-22T17:43:40.8099847Z [0m[[0m[0minfo[0m] [0m[0m[32m- streamComplete() parses token counts from the done=true line[0m[0m
Test (ubuntu-latest, 21)	Run tests	2026-06-22T17:43:40.8126041Z [0m[[0m[0minfo[0m] [0m[0m[32m- streamComplete() records a provider exchange when logging is enabled[0m[0m
Test (ubuntu-latest, 21)	Run tests	2026-06-22T17:43:40.8136675Z [0m[[0m[0minfo[0m] [0m[0m[32m- streamComplete() returns error on non-200 status[0m[0m
Test (ubuntu-latest, 21)	Run tests	2026-06-22T17:43:40.8156438Z [0m[[0m[0minfo[0m] [0m[0m[32mModelSelectorSpec:[0m[0m
Test (ubuntu-latest, 21)	Run tests	2026-06-22T17:43:40.8159830Z [0m[[0m[0minfo[0m] [0m[0m[32m- selectModel returns error for Text modality[0m[0m
Test (ubuntu-latest, 21)	Run tests	2026-06-22T17:43:40.8169334Z [0m[[0m[0minfo[0m] [0m[0m[32m- selectModel returns config for Image modality[0m[0m
Test (ubuntu-latest, 21)	Run tests	2026-06-22T17:43:40.8170911Z [0m[[0m[0minfo[0m] [0m[0m[32m- selectModel returns config for Audio modality[0m[0m
Test (ubuntu-latest, 21)	Run tests	2026-06-22T17:43:40.8172437Z [0m[[0m[0minfo[0m] [0m[0m[32m- selectModel returns config for Video modality[0m[0m
Test (ubuntu-latest, 21)	Run tests	2026-06-22T17:43:40.8192941Z [0m[[0m[0minfo[0m] [0m[0m[32mLangfuseTracingEdgeCasesSpec:[0m[0m
Test (ubuntu-latest, 21)	Run tests	2026-06-22T17:43:40.8194130Z [0m[[0m[0minfo[0m] [0m[0m[32mLangfuseTracing[0m[0m
Test (ubuntu-latest, 21)	Run tests	2026-06-22T17:43:40.8206289Z [0m[[0m[0minfo[0m] [0m[0m[32m- should handle AgentInitialized event[0m[0m
Test (ubuntu-latest, 21)	Run tests	2026-06-22T17:43:40.8215718Z [0m[[0m[0minfo[0m] [0m[0m[32m- should handle CompletionReceived event[0m[0m
Test (ubuntu-latest, 21)	Run tests	2026-06-22T17:43:40.8220098Z [0m[[0m[0minfo[0m] [0m[0m[32m- should handle ErrorOccurred event[0m[0m
Test (ubuntu-latest, 21)	Run tests	2026-06-22T17:43:40.8223200Z [0m[[0m[0minfo[0m] [0m[0m[32m- should handle TokenUsageRecorded event[0m[0m
Test (ubuntu-latest, 21)	Run tests	2026-06-22T17:43:40.8232308Z [0m[[0m[0minfo[0m] [0m[0m[32m- should handle AgentStateUpdated event[0m[0m
Test (ubuntu-latest, 21)	Run tests	2026-06-22T17:43:40.8240371Z [0m[[0m[0minfo[0m] [0m[0m[32m- should handle CustomEvent[0m[0m
Test (ubuntu-latest, 21)	Run tests	2026-06-22T17:43:40.8249683Z [0m[[0m[0minfo[0m] [0m[0m[32m- should handle EmbeddingUsageRecorded event[0m[0m
Test (ubuntu-latest, 21)	Run tests	2026-06-22T17:43:40.8260071Z [0m[[0m[0minfo[0m] [0m[0m[32m- should handle CostRecorded event[0m[0m
Test (ubuntu-latest, 21)	Run tests	2026-06-22T17:43:40.8262923Z [0m[[0m[0minfo[0m] [0m[0m[32m- should handle CacheHit event[0m[0m
Test (ubuntu-latest, 21)	Run tests	2026-06-22T17:43:40.8266072Z [0m[[0m[0minfo[0m] [0m[0m[32m- should handle CacheMiss event[0m[0m
Test (ubuntu-latest, 21)	Run tests	2026-06-22T17:43:40.8284294Z [0m[[0m[0minfo[0m] [0m[0m[32m- should handle RAGOperationCompleted with all optional fields[0m[0m
Test (ubuntu-latest, 21)	Run tests	2026-06-22T17:43:40.8287588Z [0m[[0m[0minfo[0m] [0m[0m[32m- should handle RAGOperationCompleted without optional fields[0m[0m
Test (ubuntu-latest, 21)	Run tests	2026-06-22T17:43:40.8313853Z [0m[[0m[0minfo[0m] [0m[0m[32m- should create hierarchical trace for agent state with messages[0m[0m
Test (ubuntu-latest, 21)	Run tests	2026-06-22T17:43:40.8316528Z [0m[[0m[0minfo[0m] [0m[0m[32m- should return Right without sending batch for empty conversation[0m[0m
Test (ubuntu-latest, 21)	Run tests	2026-06-22T17:43:40.8318680Z [0m[[0m[0minfo[0m] [0m[0m[32m- should handle traceCompletion correctly[0m[0m
Test (ubuntu-latest, 21)	Run tests	2026-06-22T17:43:40.8323523Z [0m[[0m[0minfo[0m] [0m[0m[32m- should handle traceCompletion with tool calls[0m[0m
Test (ubuntu-latest, 21)	Run tests	2026-06-22T17:43:40.8324678Z [0m[[0m[0minfo[0m] [0m[0m[32mLangfuseTracing.from[0m[0m
Test (ubuntu-latest, 21)	Run tests	2026-06-22T17:43:40.8327021Z [0m[[0m[0minfo[0m] [0m[0m[32m- should create instance from LangfuseConfig[0m[0m
Test (ubuntu-latest, 21)	Run tests	2026-06-22T17:43:40.8331788Z 17:43:40.832 [pool-1-thread-1-ScalaTest-running-LangfuseTracingEdgeCasesSpec] WARN  org.llm4s.trace.LangfuseTracing - [Langfuse] Public or secret key not set in environment. Skipping export.
Test (ubuntu-latest, 21)	Run tests	2026-06-22T17:43:40.8335017Z 17:43:40.832 [pool-1-thread-1-ScalaTest-running-LangfuseTracingEdgeCasesSpec] WARN  org.llm4s.trace.LangfuseTracing - [Langfuse] Expected environment variables: LANGFUSE_PUBLIC_KEY, LANGFUSE_SECRET_KEY
Test (ubuntu-latest, 21)	Run tests	2026-06-22T17:43:40.8336891Z 17:43:40.832 [pool-1-thread-1-ScalaTest-running-LangfuseTracingEdgeCasesSpec] WARN  org.llm4s.trace.LangfuseTracing - [Langfuse] Current URL: https://cloud.langfuse.com/api/public/ingestion
Test (ubuntu-latest, 21)	Run tests	2026-06-22T17:43:40.8339725Z [0m[[0m[0minfo[0m] [0m[0m[32m- should handle config with empty keys[0m[0m
Test (ubuntu-latest, 21)	Run tests	2026-06-22T17:43:40.8361546Z [0m[[0m[0minfo[0m] [0m[0m[32mDeepSeekClientHttpSpec:[0m[0m
Test (ubuntu-latest, 21)	Run tests	2026-06-22T17:43:40.8362621Z [0m[[0m[0minfo[0m] [0m[0m[32mDeepSeekClient.complete[0m[0m
Test (ubuntu-latest, 21)	Run tests	2026-06-22T17:43:40.8794083Z [0m[[0m[0minfo[0m] [0m[0m[32m- should parse a successful response[0m[0m
Test (ubuntu-latest, 21)	Run tests	2026-06-22T17:43:40.8822039Z [0m[[0m[0minfo[0m] [0m[0m[32m- should record a provider exchange when logging is enabled[0m[0m
Test (ubuntu-latest, 21)	Run tests	2026-06-22T17:43:40.8849132Z [0m[[0m[0minfo[0m] [0m[0m[32m- should map HTTP 401 to AuthenticationError[0m[0m
Test (ubuntu-latest, 21)	Run tests	2026-06-22T17:43:40.8889817Z [0m[[0m[0minfo[0m] [0m[0m[32m- should map HTTP 429 to RateLimitError[0m[0m
Test (ubuntu-latest, 21)	Run tests	2026-06-22T17:43:40.8915607Z [0m[[0m[0minfo[0m] [0m[0m[32m- should map HTTP 500 to ServiceError[0m[0m
Test (ubuntu-latest, 21)	Run tests	2026-06-22T17:43:40.8917760Z [0m[[0m[0minfo[0m] [0m[0m[32mDeepSeekClient.streamComplete[0m[0m
Test (ubuntu-latest, 21)	Run tests	2026-06-22T17:43:40.8961405Z [0m[[0m[0minfo[0m] [0m[0m[32m- should parse SSE events and accumulate content[0m[0m
Test (ubuntu-latest, 21)	Run tests	2026-06-22T17:43:40.9009306Z [0m[[0m[0minfo[0m] [0m[0m[32m- should complete streaming successfully and produce correct content[0m[0m
Test (ubuntu-latest, 21)	Run tests	2026-06-22T17:43:40.9043697Z [0m[[0m[0minfo[0m] [0m[0m[32m- should record provider exchanges for streaming responses when logging is enabled[0m[0m
Test (ubuntu-latest, 21)	Run tests	2026-06-22T17:43:40.9072989Z [0m[[0m[0minfo[0m] [0m[0m[32m- should map error status codes to typed errors[0m[0m
Test (ubuntu-latest, 21)	Run tests	2026-06-22T17:43:40.9106219Z [0m[[0m[0minfo[0m] [0m[0m[32m- should handle [DONE] termination signal without error[0m[0m
Test (ubuntu-latest, 21)	Run tests	2026-06-22T17:43:40.9164289Z [0m[[0m[0minfo[0m] [0m[0m[32mVectorStoreExtendedSpec:[0m[0m
Test (ubuntu-latest, 21)	Run tests	2026-06-22T17:43:40.9168336Z [0m[[0m[0minfo[0m] [0m[0m[32mVectorStore.deleteByPrefix[0m[0m
Test (ubuntu-latest, 21)	Run tests	2026-06-22T17:43:40.9192783Z [0m[[0m[0minfo[0m] [0m[0m[32m- should delete records matching prefix[0m[0m
Test (ubuntu-latest, 21)	Run tests	2026-06-22T17:43:40.9202507Z [0m[[0m[0minfo[0m] [0m[0m[32m- should return 0 when no records match prefix[0m[0m
Test (ubuntu-latest, 21)	Run tests	2026-06-22T17:43:40.9211868Z [0m[[0m[0minfo[0m] [0m[0m[32m- should handle empty store[0m[0m
Test (ubuntu-latest, 21)	Run tests	2026-06-22T17:43:40.9222492Z [0m[[0m[0minfo[0m] [0m[0m[32m- should handle empty prefix (delete all)[0m[0m
Test (ubuntu-latest, 21)	Run tests	2026-06-22T17:43:40.9225261Z [0m[[0m[0minfo[0m] [0m[0m[32mVectorStore.deleteByFilter[0m[0m
Test (ubuntu-latest, 21)	Run tests	2026-06-22T17:43:40.9249787Z [0m[[0m[0minfo[0m] [0m[0m[32m- should delete records matching Equals filter[0m[0m
Test (ubuntu-latest, 21)	Run tests	2026-06-22T17:43:40.9262557Z [0m[[0m[0minfo[0m] [0m[0m[32m- should delete records matching And filter[0m[0m
Test (ubuntu-latest, 21)	Run tests	2026-06-22T17:43:40.9275062Z [0m[[0m[0minfo[0m] [0m[0m[32m- should delete records matching Or filter[0m[0m
Test (ubuntu-latest, 21)	Run tests	2026-06-22T17:43:40.9301296Z [0m[[0m[0minfo[0m] [0m[0m[32m- should return 0 when no records match[0m[0m
Test (ubuntu-latest, 21)	Run tests	2026-06-22T17:43:40.9302609Z [0m[[0m[0minfo[0m] [0m[0m[32mVectorStore.getBatch[0m[0m
Test (ubuntu-latest, 21)	Run tests	2026-06-22T17:43:40.9309331Z [0m[[0m[0minfo[0m] [0m[0m[32m- should retrieve multiple records by IDs[0m[0m
Test (ubuntu-latest, 21)	Run tests	2026-06-22T17:43:40.9321426Z [0m[[0m[0minfo[0m] [0m[0m[32m- should skip non-existent IDs[0m[0m
Test (ubuntu-latest, 21)	Run tests	2026-06-22T17:43:40.9332296Z [0m[[0m[0minfo[0m] [0m[0m[32m- should return empty for all non-existent IDs[0m[0m
Test (ubuntu-latest, 21)	Run tests	2026-06-22T17:43:40.9339793Z [0m[[0m[0minfo[0m] [0m[0m[32m- should handle empty ID list[0m[0m
Test (ubuntu-latest, 21)	Run tests	2026-06-22T17:43:40.9341905Z [0m[[0m[0minfo[0m] [0m[0m[32mMetadataFilter.Contains[0m[0m
Test (ubuntu-latest, 21)	Run tests	2026-06-22T17:43:40.9354342Z [0m[[0m[0minfo[0m] [0m[0m[32m- should match records containing substring[0m[0m
Test (ubuntu-latest, 21)	Run tests	2026-06-22T17:43:40.9356924Z [0m[[0m[0minfo[0m] [0m[0m[32mMetadataFilter.HasKey[0m[0m
Test (ubuntu-latest, 21)	Run tests	2026-06-22T17:43:40.9368177Z [0m[[0m[0minfo[0m] [0m[0m[32m- should match records that have the specified key[0m[0m
Test (ubuntu-latest, 21)	Run tests	2026-06-22T17:43:40.9370511Z [0m[[0m[0minfo[0m] [0m[0m[32mMetadataFilter.In[0m[0m
Test (ubuntu-latest, 21)	Run tests	2026-06-22T17:43:40.9381637Z [0m[[0m[0minfo[0m] [0m[0m[32m- should be expressible using Or filter as fallback[0m[0m
Test (ubuntu-latest, 21)	Run tests	2026-06-22T17:43:40.9383963Z [0m[[0m[0minfo[0m] [0m[0m[32mMetadataFilter.Not[0m[0m
Test (ubuntu-latest, 21)	Run tests	2026-06-22T17:43:40.9394678Z [0m[[0m[0minfo[0m] [0m[0m[32m- should negate a filter condition[0m[0m
Test (ubuntu-latest, 21)	Run tests	2026-06-22T17:43:40.9399706Z [0m[[0m[0minfo[0m] [0m[0m[32mMetadataFilter.All[0m[0m
Test (ubuntu-latest, 21)	Run tests	2026-06-22T17:43:40.9408721Z [0m[[0m[0minfo[0m] [0m[0m[32m- should match all records[0m[0m
Test (ubuntu-latest, 21)	Run tests	2026-06-22T17:43:40.9410421Z [0m[[0m[0minfo[0m] [0m[0m[32mVectorRecord[0m[0m
Test (ubuntu-latest, 21)	Run tests	2026-06-22T17:43:40.9423811Z [0m[[0m[0minfo[0m] [0m[0m[32m- should consider two records equal if same ID and embedding[0m[0m
Test (ubuntu-latest, 21)	Run tests	2026-06-22T17:43:40.9433496Z [0m[[0m[0minfo[0m] [0m[0m[32m- should consider records not equal with different embeddings[0m[0m
Test (ubuntu-latest, 21)	Run tests	2026-06-22T17:43:40.9445706Z [0m[[0m[0minfo[0m] [0m[0m[32m- should consider records not equal with different IDs[0m[0m
Test (ubuntu-latest, 21)	Run tests	2026-06-22T17:43:40.9452544Z [0m[[0m[0minfo[0m] [0m[0m[32m- should report correct dimensions[0m[0m
Test (ubuntu-latest, 21)	Run tests	2026-06-22T17:43:40.9453853Z [0m[[0m[0minfo[0m] [0m[0m[32mScoredRecord[0m[0m
Test (ubuntu-latest, 21)	Run tests	2026-06-22T17:43:40.9465963Z [0m[[0m[0minfo[0m] [0m[0m[32m- should validate score is between 0 and 1[0m[0m
Test (ubuntu-latest, 21)	Run tests	2026-06-22T17:43:40.9475937Z [0m[[0m[0minfo[0m] [0m[0m[32m- should order by score descending[0m[0m
Test (ubuntu-latest, 21)	Run tests	2026-06-22T17:43:40.9477288Z [0m[[0m[0minfo[0m] [0m[0m[32mVectorStoreStats[0m[0m
Test (ubuntu-latest, 21)	Run tests	2026-06-22T17:43:40.9484574Z [0m[[0m[0minfo[0m] [0m[0m[32m- should report isEmpty correctly[0m[0m
Test (ubuntu-latest, 21)	Run tests	2026-06-22T17:43:40.9493946Z [0m[[0m[0minfo[0m] [0m[0m[32m- should format size correctly[0m[0m
Test (ubuntu-latest, 21)	Run tests	2026-06-22T17:43:40.9496438Z [0m[[0m[0minfo[0m] [0m[0m[32mVectorStore[0m[0m
Test (ubuntu-latest, 21)	Run tests	2026-06-22T17:43:40.9506688Z [0m[[0m[0minfo[0m] [0m[0m[32m- should handle records with empty content[0m[0m
Test (ubuntu-latest, 21)	Run tests	2026-06-22T17:43:40.9517738Z [0m[[0m[0minfo[0m] [0m[0m[32m- should handle records with empty metadata[0m[0m
Test (ubuntu-latest, 21)	Run tests	2026-06-22T17:43:40.9528208Z [0m[[0m[0minfo[0m] [0m[0m[32m- should handle special characters in metadata[0m[0m
Test (ubuntu-latest, 21)	Run tests	2026-06-22T17:43:40.9539529Z [0m[[0m[0minfo[0m] [0m[0m[32m- should handle single-element embedding[0m[0m
Test (ubuntu-latest, 21)	Run tests	2026-06-22T17:43:40.9563615Z [0m[[0m[0minfo[0m] [0m[0m[32m- should handle large batch operations[0m[0m
Test (ubuntu-latest, 21)	Run tests	2026-06-22T17:43:40.9615201Z [0m[[0m[0minfo[0m] [0m[0m[32mDatasetManagerSpec:[0m[0m
Test (ubuntu-latest, 21)	Run tests	2026-06-22T17:43:40.9616995Z [0m[[0m[0minfo[0m] [0m[0m[32mDatasetManager.load[0m[0m
Test (ubuntu-latest, 21)	Run tests	2026-06-22T17:43:40.9622258Z [0m[[0m[0minfo[0m] [0m[0m[32m- should return Left for a non-existent file[0m[0m
Test (ubuntu-latest, 21)	Run tests	2026-06-22T17:43:40.9632020Z [0m[[0m[0minfo[0m] [0m[0m[32m- should detect RAGBench format for .jsonl files[0m[0m
Test (ubuntu-latest, 21)	Run tests	2026-06-22T17:43:40.9638501Z [0m[[0m[0minfo[0m] [0m[0m[32m- should detect MultiHopRAG format for filenames containing 'multihop'[0m[0m
Test (ubuntu-latest, 21)	Run tests	2026-06-22T17:43:40.9643247Z [0m[[0m[0minfo[0m] [0m[0m[32m- should detect MultiHopRAG format for filenames containing 'multi_hop'[0m[0m
Test (ubuntu-latest, 21)	Run tests	2026-06-22T17:43:40.9648977Z [0m[[0m[0minfo[0m] [0m[0m[32m- should detect TestDataset format by reading the 'samples' key in content[0m[0m
Test (ubuntu-latest, 21)	Run tests	2026-06-22T17:43:40.9658134Z [0m[[0m[0minfo[0m] [0m[0m[32m- should return exactly subsetSize samples when requested[0m[0m
Test (ubuntu-latest, 21)	Run tests	2026-06-22T17:43:40.9664263Z [0m[[0m[0minfo[0m] [0m[0m[32m- should return all samples when subsetSize exceeds the dataset size[0m[0m
Test (ubuntu-latest, 21)	Run tests	2026-06-22T17:43:40.9680072Z [0m[[0m[0minfo[0m] [0m[0m[32m- should produce a deterministic subset for the same seed[0m[0m
Test (ubuntu-latest, 21)	Run tests	2026-06-22T17:43:40.9682428Z [0m[[0m[0minfo[0m] [0m[0m[32mDatasetManager.loadRAGBench[0m[0m
Test (ubuntu-latest, 21)	Run tests	2026-06-22T17:43:40.9685566Z [0m[[0m[0minfo[0m] [0m[0m[32m- should parse well-formed lines correctly[0m[0m
Test (ubuntu-latest, 21)	Run tests	2026-06-22T17:43:40.9690490Z [0m[[0m[0minfo[0m] [0m[0m[32m- should accept 'ground_truth' as an alias for 'answer'[0m[0m
Test (ubuntu-latest, 21)	Run tests	2026-06-22T17:43:40.9695767Z [0m[[0m[0minfo[0m] [0m[0m[32m- should skip lines that have no question[0m[0m
Test (ubuntu-latest, 21)	Run tests	2026-06-22T17:43:40.9700253Z [0m[[0m[0minfo[0m] [0m[0m[32m- should skip lines that have no documents[0m[0m
Test (ubuntu-latest, 21)	Run tests	2026-06-22T17:43:40.9705537Z [0m[[0m[0minfo[0m] [0m[0m[32m- should skip malformed JSON lines without failing the whole load[0m[0m
Test (ubuntu-latest, 21)	Run tests	2026-06-22T17:43:40.9710118Z [0m[[0m[0minfo[0m] [0m[0m[32m- should tag each sample with format and sourceIndex metadata[0m[0m
Test (ubuntu-latest, 21)	Run tests	2026-06-22T17:43:40.9719193Z [0m[[0m[0minfo[0m] [0m[0m[32m- should include sourcePath and source in the dataset-level metadata[0m[0m
Test (ubuntu-latest, 21)	Run tests	2026-06-22T17:43:40.9720509Z [0m[[0m[0minfo[0m] [0m[0m[32mDatasetManager.loadMultiHopRAG[0m[0m
Test (ubuntu-latest, 21)	Run tests	2026-06-22T17:43:40.9721998Z [0m[[0m[0minfo[0m] [0m[0m[32m- should parse items inside a 'data' wrapper[0m[0m
Test (ubuntu-latest, 21)	Run tests	2026-06-22T17:43:40.9724003Z [0m[[0m[0minfo[0m] [0m[0m[32m- should use the answer as the ground truth[0m[0m
Test (ubuntu-latest, 21)	Run tests	2026-06-22T17:43:40.9729521Z [0m[[0m[0minfo[0m] [0m[0m[32m- should fall back to 'context' when 'supporting_facts' is absent[0m[0m
Test (ubuntu-latest, 21)	Run tests	2026-06-22T17:43:40.9734317Z [0m[[0m[0minfo[0m] [0m[0m[32m- should skip items with an empty question[0m[0m
Test (ubuntu-latest, 21)	Run tests	2026-06-22T17:43:40.9741449Z [0m[[0m[0minfo[0m] [0m[0m[32m- should include source and sourcePath in dataset metadata[0m[0m
Test (ubuntu-latest, 21)	Run tests	2026-06-22T17:43:40.9743114Z [0m[[0m[0minfo[0m] [0m[0m[32mDatasetManager.loadDocumentsFromDirectory[0m[0m
Test (ubuntu-latest, 21)	Run tests	2026-06-22T17:43:40.9752435Z [0m[[0m[0minfo[0m] [0m[0m[32m- should load .txt and .md files[0m[0m
Test (ubuntu-latest, 21)	Run tests	2026-06-22T17:43:40.9759318Z [0m[[0m[0minfo[0m] [0m[0m[32m- should honour a custom extension set[0m[0m
Test (ubuntu-latest, 21)	Run tests	2026-06-22T17:43:40.9765002Z [0m[[0m[0minfo[0m] [0m[0m[32m- should return the file content correctly[0m[0m
Test (ubuntu-latest, 21)	Run tests	2026-06-22T17:43:40.9769391Z [0m[[0m[0minfo[0m] [0m[0m[32m- should return Left when given a file path instead of a directory[0m[0m
Test (ubuntu-latest, 21)	Run tests	2026-06-22T17:43:40.9773126Z [0m[[0m[0minfo[0m] [0m[0m[32m- should return Left for a non-existent path[0m[0m
Test (ubuntu-latest, 21)	Run tests	2026-06-22T17:43:40.9775451Z [0m[[0m[0minfo[0m] [0m[0m[32mDatasetManager.apply[0m[0m
Test (ubuntu-latest, 21)	Run tests	2026-06-22T17:43:40.9777882Z [0m[[0m[0minfo[0m] [0m[0m[32m- should create a usable instance[0m[0m
Test (ubuntu-latest, 21)	Run tests	2026-06-22T17:43:40.9780065Z [0m[[0m[0minfo[0m] [0m[0m[32mDatasetManager.checkDatasets[0m[0m
Test (ubuntu-latest, 21)	Run tests	2026-06-22T17:43:40.9785874Z [0m[[0m[0minfo[0m] [0m[0m[32m- should return a map with the three standard dataset keys[0m[0m
Test (ubuntu-latest, 21)	Run tests	2026-06-22T17:43:40.9787984Z [0m[[0m[0minfo[0m] [0m[0m[32mDatasetManager.downloadInstructions[0m[0m
Test (ubuntu-latest, 21)	Run tests	2026-06-22T17:43:40.9790409Z [0m[[0m[0minfo[0m] [0m[0m[32m- should return non-empty instructions[0m[0m
Test (ubuntu-latest, 21)	Run tests	2026-06-22T17:43:40.9792391Z [0m[[0m[0minfo[0m] [0m[0m[32mDatasetManager.Paths[0m[0m
Test (ubuntu-latest, 21)	Run tests	2026-06-22T17:43:40.9794642Z [0m[[0m[0minfo[0m] [0m[0m[32m- should define well-formed standard paths[0m[0m
Test (ubuntu-latest, 21)	Run tests	2026-06-22T17:43:40.9821678Z [0m[[0m[0minfo[0m] [0m[0m[32mHtmlContentExtractorSpec:[0m[0m
Test (ubuntu-latest, 21)	Run tests	2026-06-22T17:43:40.9823640Z [0m[[0m[0minfo[0m] [0m[0m[32mHtmlContentExtractor.extract[0m[0m
Test (ubuntu-latest, 21)	Run tests	2026-06-22T17:43:40.9861826Z [0m[[0m[0minfo[0m] [0m[0m[32m- should extract title from title tag[0m[0m
Test (ubuntu-latest, 21)	Run tests	2026-06-22T17:43:40.9881612Z [0m[[0m[0minfo[0m] [0m[0m[32m- should fall back to h1 if no title tag[0m[0m
Test (ubuntu-latest, 21)	Run tests	2026-06-22T17:43:40.9903148Z [0m[[0m[0minfo[0m] [0m[0m[32m- should extract meta description[0m[0m
Test (ubuntu-latest, 21)	Run tests	2026-06-22T17:43:40.9916926Z [0m[[0m[0minfo[0m] [0m[0m[32m- should extract og:description as fallback[0m[0m
Test (ubuntu-latest, 21)	Run tests	2026-06-22T17:43:40.9945893Z [0m[[0m[0minfo[0m] [0m[0m[32m- should extract links from anchor tags[0m[0m
Test (ubuntu-latest, 21)	Run tests	2026-06-22T17:43:40.9958238Z [0m[[0m[0minfo[0m] [0m[0m[32m- should filter out non-http links[0m[0m
Test (ubuntu-latest, 21)	Run tests	2026-06-22T17:43:40.9982975Z [0m[[0m[0minfo[0m] [0m[0m[32m- should remove navigation elements from content[0m[0m
Test (ubuntu-latest, 21)	Run tests	2026-06-22T17:43:40.9993129Z [0m[[0m[0minfo[0m] [0m[0m[32m- should remove script and style elements[0m[0m
Test (ubuntu-latest, 21)	Run tests	2026-06-22T17:43:41.0012394Z [0m[[0m[0minfo[0m] [0m[0m[32m- should extract text from main content area[0m[0m
Test (ubuntu-latest, 21)	Run tests	2026-06-22T17:43:41.0028035Z [0m[[0m[0minfo[0m] [0m[0m[32m- should handle empty HTML[0m[0m
Test (ubuntu-latest, 21)	Run tests	2026-06-22T17:43:41.0029096Z [0m[[0m[0minfo[0m] [0m[0m[32mHtmlContentExtractor.extractLinksOnly[0m[0m
Test (ubuntu-latest, 21)	Run tests	2026-06-22T17:43:41.0032824Z [0m[[0m[0minfo[0m] [0m[0m[32m- should extract links without processing content[0m[0m
Test (ubuntu-latest, 21)	Run tests	2026-06-22T17:43:41.0075871Z [0m[[0m[0minfo[0m] [0m[0m[32mLlm4sConfigEmbeddingsChunkingSpec:[0m[0m
Test (ubuntu-latest, 21)	Run tests	2026-06-22T17:43:41.0105711Z [0m[[0m[0minfo[0m] [0m[0m[32mLlm4sConfig.embeddingsChunking[0m[0m
Test (ubuntu-latest, 21)	Run tests	2026-06-22T17:43:41.0139911Z [0m[[0m[0minfo[0m] [0m[0m[32m- should fall back to defaults when no chunking config is provided[0m[0m
Test (ubuntu-latest, 21)	Run tests	2026-06-22T17:43:41.0213485Z [0m[[0m[0minfo[0m] [0m[0m[32m- should respect llm4s.embeddings.chunking overrides[0m[0m
Test (ubuntu-latest, 21)	Run tests	2026-06-22T17:43:41.0226101Z [0m[[0m[0minfo[0m] [0m[0m[32mDAGSpec:[0m[0m
Test (ubuntu-latest, 21)	Run tests	2026-06-22T17:43:41.0227834Z [0m[[0m[0minfo[0m] [0m[0m[32mNode[0m[0m
Test (ubuntu-latest, 21)	Run tests	2026-06-22T17:43:41.0229517Z [0m[[0m[0minfo[0m] [0m[0m[32m- should be created with proper agent wrapping[0m[0m
Test (ubuntu-latest, 21)	Run tests	2026-06-22T17:43:41.0231242Z [0m[[0m[0minfo[0m] [0m[0m[32mEdge[0m[0m
Test (ubuntu-latest, 21)	Run tests	2026-06-22T17:43:41.0233850Z [0m[[0m[0minfo[0m] [0m[0m[32m- should connect nodes with type safety at compile time[0m[0m
Test (ubuntu-latest, 21)	Run tests	2026-06-22T17:43:41.0235530Z [0m[[0m[0minfo[0m] [0m[0m[32mPlan.empty[0m[0m
Test (ubuntu-latest, 21)	Run tests	2026-06-22T17:43:41.0238429Z [0m[[0m[0minfo[0m] [0m[0m[32m- should create an empty plan[0m[0m
Test (ubuntu-latest, 21)	Run tests	2026-06-22T17:43:41.0253906Z [0m[[0m[0minfo[0m] [0m[0m[32mPlan.builder[0m[0m
Test (ubuntu-latest, 21)	Run tests	2026-06-22T17:43:41.0256013Z [0m[[0m[0minfo[0m] [0m[0m[32m- should build a valid linear plan[0m[0m
Test (ubuntu-latest, 21)	Run tests	2026-06-22T17:43:41.0257463Z [0m[[0m[0minfo[0m] [0m[0m[32mPlan.validate[0m[0m
Test (ubuntu-latest, 21)	Run tests	2026-06-22T17:43:41.0258747Z [0m[[0m[0minfo[0m] [0m[0m[32m- should detect valid DAG[0m[0m
Test (ubuntu-latest, 21)	Run tests	2026-06-22T17:43:41.0259957Z [0m[[0m[0minfo[0m] [0m[0m[32mPlan.validate[0m[0m
Test (ubuntu-latest, 21)	Run tests	2026-06-22T17:43:41.0261214Z [0m[[0m[0minfo[0m] [0m[0m[32m- should detect cycles[0m[0m
Test (ubuntu-latest, 21)	Run tests	2026-06-22T17:43:41.0262495Z [0m[[0m[0minfo[0m] [0m[0m[32mPlan.topologicalOrder[0m[0m
Test (ubuntu-latest, 21)	Run tests	2026-06-22T17:43:41.0270950Z [0m[[0m[0minfo[0m] [0m[0m[32m- should return correct execution order[0m[0m
Test (ubuntu-latest, 21)	Run tests	2026-06-22T17:43:41.0272023Z [0m[[0m[0minfo[0m] [0m[0m[32mPlan.getParallelBatches[0m[0m
Test (ubuntu-latest, 21)	Run tests	2026-06-22T17:43:41.0279474Z [0m[[0m[0minfo[0m] [0m[0m[32m- should identify independent nodes[0m[0m
Test (ubuntu-latest, 21)	Run tests	2026-06-22T17:43:41.0280302Z [0m[[0m[0minfo[0m] [0m[0m[32mPlan with disconnected components[0m[0m
Test (ubuntu-latest, 21)	Run tests	2026-06-22T17:43:41.0283356Z [0m[[0m[0minfo[0m] [0m[0m[32m- should handle multiple entry points[0m[0m
Test (ubuntu-latest, 21)	Run tests	2026-06-22T17:43:41.0305452Z [0m[[0m[0minfo[0m] [0m[0m[32mVectorOpsSpec:[0m[0m
Test (ubuntu-latest, 21)	Run tests	2026-06-22T17:43:41.0308395Z [0m[[0m[0minfo[0m] [0m[0m[32mVectorOps.cosineSimilarity[0m[0m
Test (ubuntu-latest, 21)	Run tests	2026-06-22T17:43:41.0313955Z [0m[[0m[0minfo[0m] [0m[0m[32m- should return 1.0 for identical vectors[0m[0m
Test (ubuntu-latest, 21)	Run tests	2026-06-22T17:43:41.0315447Z [0m[[0m[0minfo[0m] [0m[0m[32m- should return -1.0 for opposite vectors[0m[0m
Test (ubuntu-latest, 21)	Run tests	2026-06-22T17:43:41.0320382Z [0m[[0m[0minfo[0m] [0m[0m[32m- should return 0.0 for orthogonal vectors[0m[0m
Test (ubuntu-latest, 21)	Run tests	2026-06-22T17:43:41.0321406Z [0m[[0m[0minfo[0m] [0m[0m[32mVectorOps.euclideanDistance[0m[0m
Test (ubuntu-latest, 21)	Run tests	2026-06-22T17:43:41.0322476Z [0m[[0m[0minfo[0m] [0m[0m[32m- should return 0.0 for identical vectors[0m[0m
Test (ubuntu-latest, 21)	Run tests	2026-06-22T17:43:41.0323542Z [0m[[0m[0minfo[0m] [0m[0m[32m- should calculate correct distance[0m[0m
Test (ubuntu-latest, 21)	Run tests	2026-06-22T17:43:41.0325189Z [0m[[0m[0minfo[0m] [0m[0m[32mVectorOps.normalize[0m[0m
Test (ubuntu-latest, 21)	Run tests	2026-06-22T17:43:41.0327570Z [0m[[0m[0minfo[0m] [0m[0m[32m- should create unit vector[0m[0m
Test (ubuntu-latest, 21)	Run tests	2026-06-22T17:43:41.0328941Z [0m[[0m[0minfo[0m] [0m[0m[32mVectorOps.topKBySimilarity[0m[0m
Test (ubuntu-latest, 21)	Run tests	2026-06-22T17:43:41.0345417Z [0m[[0m[0minfo[0m] [0m[0m[32m- should return top-K most similar items[0m[0m
Test (ubuntu-latest, 21)	Run tests	2026-06-22T17:43:41.0346998Z [0m[[0m[0minfo[0m] [0m[0m[32m- should return 0.0 for vectors containing NaN[0m[0m
Test (ubuntu-latest, 21)	Run tests	2026-06-22T17:43:41.0348740Z [0m[[0m[0minfo[0m] [0m[0m[32m- should return 0.0 for vectors containing positive infinity[0m[0m
Test (ubuntu-latest, 21)	Run tests	2026-06-22T17:43:41.0352583Z [0m[[0m[0minfo[0m] [0m[0m[32m- should return 0.0 for vectors containing negative infinity[0m[0m
Test (ubuntu-latest, 21)	Run tests	2026-06-22T17:43:41.0356221Z [0m[[0m[0minfo[0m] [0m[0m[32m- should return 0.0 when both vectors contain non-finite values[0m[0m
Test (ubuntu-latest, 21)	Run tests	2026-06-22T17:43:41.0357848Z [0m[[0m[0minfo[0m] [0m[0m[32mProviderExchangeLoggingConfigLoaderSpec:[0m[0m
Test (ubuntu-latest, 21)	Run tests	2026-06-22T17:43:41.0368542Z [0m[[0m[0minfo[0m] [0m[0m[32m- ProviderExchangeLoggingConfigLoader disables exchange logging when config is absent[0m[0m
Test (ubuntu-latest, 21)	Run tests	2026-06-22T17:43:41.0371590Z [0m[[0m[0minfo[0m] [0m[0m[32m- ProviderExchangeLoggingConfigLoader disables exchange logging when explicitly disabled[0m[0m
Test (ubuntu-latest, 21)	Run tests	2026-06-22T17:43:41.0386435Z [0m[[0m[0minfo[0m] [0m[0m[32m- ProviderExchangeLoggingConfigLoader enables exchange logging when configured with a dir[0m[0m
Test (ubuntu-latest, 21)	Run tests	2026-06-22T17:43:41.0390875Z [0m[[0m[0minfo[0m] [0m[0m[32m- ProviderExchangeLoggingConfigLoader fails when enabled without a dir[0m[0m
Test (ubuntu-latest, 21)	Run tests	2026-06-22T17:43:41.0401587Z [0m[[0m[0minfo[0m] [0m[0m[32m- ProviderExchangeLoggingConfigLoader fails when enabled with a blank dir[0m[0m
Test (ubuntu-latest, 21)	Run tests	2026-06-22T17:43:41.0417037Z [0m[[0m[0minfo[0m] [0m[0m[32mAgentTraceFormatterSpec:[0m[0m
Test (ubuntu-latest, 21)	Run tests	2026-06-22T17:43:41.0421308Z [0m[[0m[0minfo[0m] [0m[0m[32mAgentTraceFormatter.formatStateAsMarkdown[0m[0m
Test (ubuntu-latest, 21)	Run tests	2026-06-22T17:43:41.0426556Z [0m[[0m[0minfo[0m] [0m[0m[32m- should contain the Agent Execution Trace header[0m[0m
Test (ubuntu-latest, 21)	Run tests	2026-06-22T17:43:41.0427909Z [0m[[0m[0minfo[0m] [0m[0m[32m- should include the initial query[0m[0m
Test (ubuntu-latest, 21)	Run tests	2026-06-22T17:43:41.0431768Z [0m[[0m[0minfo[0m] [0m[0m[32m- should include the agent status[0m[0m
Test (ubuntu-latest, 21)	Run tests	2026-06-22T17:43:41.0435108Z [0m[[0m[0minfo[0m] [0m[0m[32m- should render a User message under Conversation Flow[0m[0m
Test (ubuntu-latest, 21)	Run tests	2026-06-22T17:43:41.0436593Z [0m[[0m[0minfo[0m] [0m[0m[32m- should render an Assistant message with text content[0m[0m
Test (ubuntu-latest, 21)	Run tests	2026-06-22T17:43:41.0441126Z [0m[[0m[0minfo[0m] [0m[0m[32m- should render tool call arguments in a fenced JSON code block[0m[0m
Test (ubuntu-latest, 21)	Run tests	2026-06-22T17:43:41.0442644Z [0m[[0m[0minfo[0m] [0m[0m[32m- should render Tool response messages[0m[0m
Test (ubuntu-latest, 21)	Run tests	2026-06-22T17:43:41.0444065Z [0m[[0m[0minfo[0m] [0m[0m[32m- should omit the Execution Logs section when state.logs is empty[0m[0m
Test (ubuntu-latest, 21)	Run tests	2026-06-22T17:43:41.0445865Z [0m[[0m[0minfo[0m] [0m[0m[32m- should include the Execution Logs section when logs are present[0m[0m
Test (ubuntu-latest, 21)	Run tests	2026-06-22T17:43:41.0448526Z [0m[[0m[0minfo[0m] [0m[0m[32m- should format assistant log entries with bold label[0m[0m
Test (ubuntu-latest, 21)	Run tests	2026-06-22T17:43:41.0449888Z [0m[[0m[0minfo[0m] [0m[0m[32m- should format tool log entries with bold label[0m[0m
Test (ubuntu-latest, 21)	Run tests	2026-06-22T17:43:41.0451111Z [0m[[0m[0minfo[0m] [0m[0m[32mAgentTraceFormatter.writeTraceLog[0m[0m
Test (ubuntu-latest, 21)	Run tests	2026-06-22T17:43:41.0453873Z [0m[[0m[0minfo[0m] [0m[0m[32m- should write the formatted state to a file[0m[0m
Test (ubuntu-latest, 21)	Run tests	2026-06-22T17:43:41.0455466Z [0m[[0m[0minfo[0m] [0m[0m[32m- should silently swallow write failures without throwing an exception[0m[0m
Test (ubuntu-latest, 21)	Run tests	2026-06-22T17:43:41.0457448Z 17:43:41.045 [pool-1-thread-1-ScalaTest-running-AgentTraceFormatterSpec] ERROR o.llm4s.agent.AgentTraceFormatter$ - Failed to write trace log: /nonexistent/path/trace.md
Test (ubuntu-latest, 21)	Run tests	2026-06-22T17:43:41.0852243Z [0m[[0m[0minfo[0m] [0m[0m[32mLLMClientFactoryTest:[0m[0m
Test (ubuntu-latest, 21)	Run tests	2026-06-22T17:43:41.1296912Z [0m[[0m[0minfo[0m] [0m[0m[32m- LLMConnect.getClient returns OpenAIClient for the default named OpenAI provider[0m[0m
Test (ubuntu-latest, 21)	Run tests	2026-06-22T17:43:41.1741866Z [0m[[0m[0minfo[0m] [0m[0m[32m- LLMConnect.getClient returns AnthropicClient for the default named Anthropic provider[0m[0m
Test (ubuntu-latest, 21)	Run tests	2026-06-22T17:43:41.1773094Z [0m[[0m[0minfo[0m] [0m[0m[32mSTTProviderAdapterIntegrationSpec:[0m[0m
Test (ubuntu-latest, 21)	Run tests	2026-06-22T17:43:41.1774484Z [0m[[0m[0minfo[0m] [0m[0m[32mWhisperSpeechToText[0m[0m
Test (ubuntu-latest, 21)	Run tests	2026-06-22T17:43:41.1776499Z [0m[[0m[0minfo[0m] [0m[0m[32m- should populate processingTimeMs[0m[0m
Test (ubuntu-latest, 21)	Run tests	2026-06-22T17:43:41.1778647Z [0m[[0m[0minfo[0m] [0m[0m[32m- should support timestamp extraction from JSON output[0m[0m
Test (ubuntu-latest, 21)	Run tests	2026-06-22T17:43:41.1781118Z [0m[[0m[0minfo[0m] [0m[0m[32m- should support confidence extraction from output[0m[0m
Test (ubuntu-latest, 21)	Run tests	2026-06-22T17:43:41.1795842Z [0m[[0m[0minfo[0m] [0m[0m[32m- should handle diarization when enabled[0m[0m
Test (ubuntu-latest, 21)	Run tests	2026-06-22T17:43:41.1796952Z [0m[[0m[0minfo[0m] [0m[0m[32mVoskSpeechToText[0m[0m
Test (ubuntu-latest, 21)	Run tests	2026-06-22T17:43:41.1798306Z [0m[[0m[0minfo[0m] [0m[0m[32m- should populate processingTimeMs[0m[0m
Test (ubuntu-latest, 21)	Run tests	2026-06-22T17:43:41.1801341Z [0m[[0m[0minfo[0m] [0m[0m[32m- should support audio preprocessing[0m[0m
Test (ubuntu-latest, 21)	Run tests	2026-06-22T17:43:41.1802774Z [0m[[0m[0minfo[0m] [0m[0m[32m- should list supported formats[0m[0m
Test (ubuntu-latest, 21)	Run tests	2026-06-22T17:43:41.1806255Z [0m[[0m[0minfo[0m] [0m[0m[32mTranscription with metadata[0m[0m
Test (ubuntu-latest, 21)	Run tests	2026-06-22T17:43:41.1807513Z [0m[[0m[0minfo[0m] [0m[0m[32m- should include all optional fields[0m[0m
Test (ubuntu-latest, 21)	Run tests	2026-06-22T17:43:41.1810088Z [0m[[0m[0minfo[0m] [0m[0m[32m- should work with minimal metadata[0m[0m
Test (ubuntu-latest, 21)	Run tests	2026-06-22T17:43:41.1811136Z [0m[[0m[0minfo[0m] [0m[0m[32mProvider adapters[0m[0m
Test (ubuntu-latest, 21)	Run tests	2026-06-22T17:43:41.1812243Z [0m[[0m[0minfo[0m] [0m[0m[32m- should return structured STTError for unsupported formats[0m[0m
Test (ubuntu-latest, 21)	Run tests	2026-06-22T17:43:41.1813589Z [0m[[0m[0minfo[0m] [0m[0m[32m- should return ProcessingFailed error with retryable flag[0m[0m
Test (ubuntu-latest, 21)	Run tests	2026-06-22T17:43:41.1815229Z [0m[[0m[0minfo[0m] [0m[0m[32m- should return InvalidInput error as non-retryable[0m[0m
Test (ubuntu-latest, 21)	Run tests	2026-06-22T17:43:41.1816307Z [0m[[0m[0minfo[0m] [0m[0m[32mSTTOptions validation[0m[0m
Test (ubuntu-latest, 21)	Run tests	2026-06-22T17:43:41.1817423Z [0m[[0m[0minfo[0m] [0m[0m[32m- should be enforced when creating transcription requests[0m[0m
Test (ubuntu-latest, 21)	Run tests	2026-06-22T17:43:41.1818639Z [0m[[0m[0minfo[0m] [0m[0m[32m- should reject invalid options during construction[0m[0m
Test (ubuntu-latest, 21)	Run tests	2026-06-22T17:43:41.1819575Z [0m[[0m[0minfo[0m] [0m[0m[32mSTT domain model[0m[0m
Test (ubuntu-latest, 21)	Run tests	2026-06-22T17:43:41.1820563Z [0m[[0m[0minfo[0m] [0m[0m[32m- should support construction without new fields[0m[0m
Test (ubuntu-latest, 21)	Run tests	2026-06-22T17:43:41.1821753Z [0m[[0m[0minfo[0m] [0m[0m[32m- should support optional fields independently[0m[0m
Test (ubuntu-latest, 21)	Run tests	2026-06-22T17:43:41.1823131Z [0m[[0m[0minfo[0m] [0m[0m[32m- should support word-level metadata combinations[0m[0m
Test (ubuntu-latest, 21)	Run tests	2026-06-22T17:43:41.1824353Z [0m[[0m[0minfo[0m] [0m[0m[32mProcessing time tracking[0m[0m
Test (ubuntu-latest, 21)	Run tests	2026-06-22T17:43:41.1825683Z [0m[[0m[0minfo[0m] [0m[0m[32m- should capture transcription duration[0m[0m
Test (ubuntu-latest, 21)	Run tests	2026-06-22T17:43:41.1826943Z [0m[[0m[0minfo[0m] [0m[0m[32m- should track zero processing time[0m[0m
Test (ubuntu-latest, 21)	Run tests	2026-06-22T17:43:41.1828047Z [0m[[0m[0minfo[0m] [0m[0m[32m- should handle very long processing times[0m[0m
Test (ubuntu-latest, 21)	Run tests	2026-06-22T17:43:41.1829416Z [0m[[0m[0minfo[0m] [0m[0m[32mOpenRouterClientClosedStateTest:[0m[0m
Test (ubuntu-latest, 21)	Run tests	2026-06-22T17:43:41.1830571Z [0m[[0m[0minfo[0m] [0m[0m[32mOpenRouterClient[0m[0m
Test (ubuntu-latest, 21)	Run tests	2026-06-22T17:43:41.2208904Z [0m[[0m[0minfo[0m] [0m[0m[32m- should return ConfigurationError when complete() is called after close()[0m[0m
Test (ubuntu-latest, 21)	Run tests	2026-06-22T17:43:41.2233964Z [0m[[0m[0minfo[0m] [0m[0m[32m- should return ConfigurationError when streamComplete() is called after close()[0m[0m
Test (ubuntu-latest, 21)	Run tests	2026-06-22T17:43:41.2257053Z [0m[[0m[0minfo[0m] [0m[0m[32m- should allow close() to be called multiple times (idempotent)[0m[0m
Test (ubuntu-latest, 21)	Run tests	2026-06-22T17:43:41.2290803Z [0m[[0m[0minfo[0m] [0m[0m[32m- should include model name in the closed error message[0m[0m
Test (ubuntu-latest, 21)	Run tests	2026-06-22T17:43:41.2311351Z [0m[[0m[0minfo[0m] [0m[0m[32mNativeQueryGeneratorTest:[0m[0m
Test (ubuntu-latest, 21)	Run tests	2026-06-22T17:43:41.2340539Z [0m[[0m[0minfo[0m] [0m[0m[32m- generate should produce Cypher query from natural language[0m[0m
Test (ubuntu-latest, 21)	Run tests	2026-06-22T17:43:41.2349515Z [0m[[0m[0minfo[0m] [0m[0m[32m- generate should produce Gremlin query[0m[0m
Test (ubuntu-latest, 21)	Run tests	2026-06-22T17:43:41.2357685Z [0m[[0m[0minfo[0m] [0m[0m[32m- generate should produce SPARQL query[0m[0m
Test (ubuntu-latest, 21)	Run tests	2026-06-22T17:43:41.2362984Z [0m[[0m[0minfo[0m] [0m[0m[32m- generate should handle markdown-wrapped JSON response[0m[0m
Test (ubuntu-latest, 21)	Run tests	2026-06-22T17:43:41.2368639Z [0m[[0m[0minfo[0m] [0m[0m[32m- generate should pass schema context to prompt[0m[0m
Test (ubuntu-latest, 21)	Run tests	2026-06-22T17:43:41.2375202Z [0m[[0m[0minfo[0m] [0m[0m[32m- generate should fail on invalid JSON response[0m[0m
Test (ubuntu-latest, 21)	Run tests	2026-06-22T17:43:41.2380694Z [0m[[0m[0minfo[0m] [0m[0m[32m- generate should propagate LLM errors[0m[0m
Test (ubuntu-latest, 21)	Run tests	2026-06-22T17:43:41.2391696Z [0m[[0m[0minfo[0m] [0m[0m[32m- fromGraphQuery should convert structured query to native query[0m[0m
Test (ubuntu-latest, 21)	Run tests	2026-06-22T17:43:41.2401784Z [0m[[0m[0minfo[0m] [0m[0m[32m- fromGraphQuery should handle composite queries[0m[0m
Test (ubuntu-latest, 21)	Run tests	2026-06-22T17:43:41.2406038Z [0m[[0m[0minfo[0m] [0m[0m[32m- QueryLanguage should have correct names[0m[0m
Test (ubuntu-latest, 21)	Run tests	2026-06-22T17:43:41.2464532Z [0m[[0m[0minfo[0m] [0m[0m[32mSTTDomainExtensionsSpec:[0m[0m
Test (ubuntu-latest, 21)	Run tests	2026-06-22T17:43:41.2467288Z [0m[[0m[0minfo[0m] [0m[0m[32mSTTOptions.validate factory[0m[0m
Test (ubuntu-latest, 21)	Run tests	2026-06-22T17:43:41.2470710Z [0m[[0m[0minfo[0m] [0m[0m[32m- should create valid options for all defaults[0m[0m
Test (ubuntu-latest, 21)	Run tests	2026-06-22T17:43:41.2475419Z [0m[[0m[0minfo[0m] [0m[0m[32m- should accept valid BCP 47 language tags[0m[0m
Test (ubuntu-latest, 21)	Run tests	2026-06-22T17:43:41.2483253Z [0m[[0m[0minfo[0m] [0m[0m[32m- should reject invalid language tags[0m[0m
Test (ubuntu-latest, 21)	Run tests	2026-06-22T17:43:41.2484623Z [0m[[0m[0minfo[0m] [0m[0m[32m- should validate confidence threshold bounds[0m[0m
Test (ubuntu-latest, 21)	Run tests	2026-06-22T17:43:41.2486279Z [0m[[0m[0minfo[0m] [0m[0m[32m- should reject confidence threshold outside [0.0, 1.0][0m[0m
Test (ubuntu-latest, 21)	Run tests	2026-06-22T17:43:41.2487686Z [0m[[0m[0minfo[0m] [0m[0m[32m- should validate prompt length[0m[0m
Test (ubuntu-latest, 21)	Run tests	2026-06-22T17:43:41.2488921Z [0m[[0m[0minfo[0m] [0m[0m[32m- should reject overly long prompts[0m[0m
Test (ubuntu-latest, 21)	Run tests	2026-06-22T17:43:41.2493413Z [0m[[0m[0minfo[0m] [0m[0m[32m- should include context in validation error[0m[0m
Test (ubuntu-latest, 21)	Run tests	2026-06-22T17:43:41.2497786Z [0m[[0m[0minfo[0m] [0m[0m[32m- should collect multiple validation errors[0m[0m
Test (ubuntu-latest, 21)	Run tests	2026-06-22T17:43:41.2499144Z [0m[[0m[0minfo[0m] [0m[0m[32mWordTimestamp.validate factory[0m[0m
Test (ubuntu-latest, 21)	Run tests	2026-06-22T17:43:41.2501331Z [0m[[0m[0minfo[0m] [0m[0m[32m- should create valid timestamps for basic case[0m[0m
Test (ubuntu-latest, 21)	Run tests	2026-06-22T17:43:41.2503403Z [0m[[0m[0minfo[0m] [0m[0m[32m- should accept valid time ranges[0m[0m
Test (ubuntu-latest, 21)	Run tests	2026-06-22T17:43:41.2508658Z [0m[[0m[0minfo[0m] [0m[0m[32m- should reject invalid time ranges[0m[0m
Test (ubuntu-latest, 21)	Run tests	2026-06-22T17:43:41.2510987Z [0m[[0m[0minfo[0m] [0m[0m[32m- should reject empty words[0m[0m
Test (ubuntu-latest, 21)	Run tests	2026-06-22T17:43:41.2514445Z [0m[[0m[0minfo[0m] [0m[0m[32m- should validate confidence bounds[0m[0m
Test (ubuntu-latest, 21)	Run tests	2026-06-22T17:43:41.2517090Z [0m[[0m[0minfo[0m] [0m[0m[32m- should reject invalid confidence scores[0m[0m
Test (ubuntu-latest, 21)	Run tests	2026-06-22T17:43:41.2519526Z [0m[[0m[0minfo[0m] [0m[0m[32m- should include context in validation errors[0m[0m
Test (ubuntu-latest, 21)	Run tests	2026-06-22T17:43:41.2520905Z [0m[[0m[0minfo[0m] [0m[0m[32mWordTimestamp.meetsConfidence[0m[0m
Test (ubuntu-latest, 21)	Run tests	2026-06-22T17:43:41.2524468Z [0m[[0m[0minfo[0m] [0m[0m[32m- should pass when confidence not set[0m[0m
Test (ubuntu-latest, 21)	Run tests	2026-06-22T17:43:41.2527190Z [0m[[0m[0minfo[0m] [0m[0m[32m- should pass when confidence meets threshold[0m[0m
Test (ubuntu-latest, 21)	Run tests	2026-06-22T17:43:41.2528371Z [0m[[0m[0minfo[0m] [0m[0m[32m- should fail when confidence below threshold[0m[0m
Test (ubuntu-latest, 21)	Run tests	2026-06-22T17:43:41.2529463Z [0m[[0m[0minfo[0m] [0m[0m[32mWordTimestamp.withTimeAdjustment[0m[0m
Test (ubuntu-latest, 21)	Run tests	2026-06-22T17:43:41.2533276Z [0m[[0m[0minfo[0m] [0m[0m[32m- should apply positive offset[0m[0m
Test (ubuntu-latest, 21)	Run tests	2026-06-22T17:43:41.2536565Z [0m[[0m[0minfo[0m] [0m[0m[32m- should apply negative offset[0m[0m
Test (ubuntu-latest, 21)	Run tests	2026-06-22T17:43:41.2539197Z [0m[[0m[0minfo[0m] [0m[0m[32m- should clamp start time to 0[0m[0m
Test (ubuntu-latest, 21)	Run tests	2026-06-22T17:43:41.2539926Z [0m[[0m[0minfo[0m] [0m[0m[32mTranscription.wordCount[0m[0m
Test (ubuntu-latest, 21)	Run tests	2026-06-22T17:43:41.2540724Z [0m[[0m[0minfo[0m] [0m[0m[32m- should return timestamp count when available[0m[0m
Test (ubuntu-latest, 21)	Run tests	2026-06-22T17:43:41.2541845Z [0m[[0m[0minfo[0m] [0m[0m[32m- should estimate from text when no timestamps[0m[0m
Test (ubuntu-latest, 21)	Run tests	2026-06-22T17:43:41.2542805Z [0m[[0m[0minfo[0m] [0m[0m[32m- should handle single word[0m[0m
Test (ubuntu-latest, 21)	Run tests	2026-06-22T17:43:41.2543730Z [0m[[0m[0minfo[0m] [0m[0m[32mTranscription.filterByConfidence[0m[0m
Test (ubuntu-latest, 21)	Run tests	2026-06-22T17:43:41.2544954Z [0m[[0m[0minfo[0m] [0m[0m[32m- should exclude words without confidence scores[0m[0m
Test (ubuntu-latest, 21)	Run tests	2026-06-22T17:43:41.2546139Z [0m[[0m[0minfo[0m] [0m[0m[32m- should keep words that meet confidence threshold[0m[0m
Test (ubuntu-latest, 21)	Run tests	2026-06-22T17:43:41.2547453Z [0m[[0m[0minfo[0m] [0m[0m[32mTranscription.averageConfidence[0m[0m
Test (ubuntu-latest, 21)	Run tests	2026-06-22T17:43:41.2548515Z [0m[[0m[0minfo[0m] [0m[0m[32m- should return None when no confidence scores[0m[0m
Test (ubuntu-latest, 21)	Run tests	2026-06-22T17:43:41.2549648Z [0m[[0m[0minfo[0m] [0m[0m[32m- should calculate average of existing confidence scores[0m[0m
Test (ubuntu-latest, 21)	Run tests	2026-06-22T17:43:41.2550891Z [0m[[0m[0minfo[0m] [0m[0m[32m- should handle mixed confidence (some have, some don't)[0m[0m
Test (ubuntu-latest, 21)	Run tests	2026-06-22T17:43:41.2551958Z [0m[[0m[0minfo[0m] [0m[0m[32mTranscription.minConfidence[0m[0m
Test (ubuntu-latest, 21)	Run tests	2026-06-22T17:43:41.2552902Z [0m[[0m[0minfo[0m] [0m[0m[32m- should return None when no timestamps[0m[0m
Test (ubuntu-latest, 21)	Run tests	2026-06-22T17:43:41.2553893Z [0m[[0m[0minfo[0m] [0m[0m[32m- should find minimum confidence[0m[0m
Test (ubuntu-latest, 21)	Run tests	2026-06-22T17:43:41.2555017Z [0m[[0m[0minfo[0m] [0m[0m[32mTranscription.maxConfidence[0m[0m
Test (ubuntu-latest, 21)	Run tests	2026-06-22T17:43:41.2555989Z [0m[[0m[0minfo[0m] [0m[0m[32m- should find maximum confidence[0m[0m
Test (ubuntu-latest, 21)	Run tests	2026-06-22T17:43:41.2556954Z [0m[[0m[0minfo[0m] [0m[0m[32mTranscription.wordsBySpeaker[0m[0m
Test (ubuntu-latest, 21)	Run tests	2026-06-22T17:43:41.2561633Z [0m[[0m[0minfo[0m] [0m[0m[32m- should return empty list for non-existent speaker[0m[0m
Test (ubuntu-latest, 21)	Run tests	2026-06-22T17:43:41.2564004Z [0m[[0m[0minfo[0m] [0m[0m[32m- should return words in chronological order for speaker[0m[0m
Test (ubuntu-latest, 21)	Run tests	2026-06-22T17:43:41.2565237Z [0m[[0m[0minfo[0m] [0m[0m[32mTranscription.speakerSegments[0m[0m
Test (ubuntu-latest, 21)	Run tests	2026-06-22T17:43:41.2574906Z [0m[[0m[0minfo[0m] [0m[0m[32m- should map segments by speaker[0m[0m
Test (ubuntu-latest, 21)	Run tests	2026-06-22T17:43:41.2576915Z [0m[[0m[0minfo[0m] [0m[0m[32m- should return empty map when no speaker IDs[0m[0m
Test (ubuntu-latest, 21)	Run tests	2026-06-22T17:43:41.2578682Z [0m[[0m[0minfo[0m] [0m[0m[32mTranscription.meetsQualityThreshold[0m[0m
Test (ubuntu-latest, 21)	Run tests	2026-06-22T17:43:41.2579621Z [0m[[0m[0minfo[0m] [0m[0m[32m- should pass safe defaults[0m[0m
Test (ubuntu-latest, 21)	Run tests	2026-06-22T17:43:41.2580574Z [0m[[0m[0minfo[0m] [0m[0m[32m- should use overall confidence when available[0m[0m
Test (ubuntu-latest, 21)	Run tests	2026-06-22T17:43:41.2581926Z [0m[[0m[0minfo[0m] [0m[0m[32m- should use average confidence from timestamps when overall unavailable[0m[0m
Test (ubuntu-latest, 21)	Run tests	2026-06-22T17:43:41.2583123Z [0m[[0m[0minfo[0m] [0m[0m[32m- should check word count threshold[0m[0m
Test (ubuntu-latest, 21)	Run tests	2026-06-22T17:43:41.2584026Z [0m[[0m[0minfo[0m] [0m[0m[32mDirect case class construction[0m[0m
Test (ubuntu-latest, 21)	Run tests	2026-06-22T17:43:41.2585129Z [0m[[0m[0minfo[0m] [0m[0m[32m- should still work for STTOptions[0m[0m
Test (ubuntu-latest, 21)	Run tests	2026-06-22T17:43:41.2586128Z [0m[[0m[0minfo[0m] [0m[0m[32m- should still work for WordTimestamp[0m[0m
Test (ubuntu-latest, 21)	Run tests	2026-06-22T17:43:41.2587933Z [0m[[0m[0minfo[0m] [0m[0m[32m- should still work for Transcription[0m[0m
Test (ubuntu-latest, 21)	Run tests	2026-06-22T17:43:41.2590660Z [0m[[0m[0minfo[0m] [0m[0m[32mSpecial characters in text[0m[0m
Test (ubuntu-latest, 21)	Run tests	2026-06-22T17:43:41.2592227Z [0m[[0m[0minfo[0m] [0m[0m[32m- should be handled in validation[0m[0m
Test (ubuntu-latest, 21)	Run tests	2026-06-22T17:43:41.2596962Z [0m[[0m[0minfo[0m] [0m[0m[32mVery large numbers[0m[0m
Test (ubuntu-latest, 21)	Run tests	2026-06-22T17:43:41.2598087Z [0m[[0m[0minfo[0m] [0m[0m[32m- should be handled in timestamps[0m[0m
Test (ubuntu-latest, 21)	Run tests	2026-06-22T17:43:41.2615886Z [0m[[0m[0minfo[0m] [0m[0m[32mFloating point precision[0m[0m
Test (ubuntu-latest, 21)	Run tests	2026-06-22T17:43:41.2617272Z [0m[[0m[0minfo[0m] [0m[0m[32m- should be handled in confidence[0m[0m
Test (ubuntu-latest, 21)	Run tests	2026-06-22T17:43:41.2641725Z [0m[[0m[0minfo[0m] [0m[0m[32mUrlNormalizerSpec:[0m[0m
Test (ubuntu-latest, 21)	Run tests	2026-06-22T17:43:41.2642958Z [0m[[0m[0minfo[0m] [0m[0m[32mUrlNormalizer.normalize[0m[0m
Test (ubuntu-latest, 21)	Run tests	2026-06-22T17:43:41.2645474Z [0m[[0m[0minfo[0m] [0m[0m[32m- should lowercase scheme and host[0m[0m
Test (ubuntu-latest, 21)	Run tests	2026-06-22T17:43:41.2661972Z [0m[[0m[0minfo[0m] [0m[0m[32m- should remove fragments[0m[0m
Test (ubuntu-latest, 21)	Run tests	2026-06-22T17:43:41.2664085Z [0m[[0m[0minfo[0m] [0m[0m[32m- should remove trailing slashes from non-root paths[0m[0m
Test (ubuntu-latest, 21)	Run tests	2026-06-22T17:43:41.2665928Z [0m[[0m[0minfo[0m] [0m[0m[32m- should strip query params by default[0m[0m
Test (ubuntu-latest, 21)	Run tests	2026-06-22T17:43:41.2667431Z [0m[[0m[0minfo[0m] [0m[0m[32m- should keep query params when configured[0m[0m
Test (ubuntu-latest, 21)	Run tests	2026-06-22T17:43:41.2669156Z [0m[[0m[0minfo[0m] [0m[0m[32m- should remove default ports[0m[0m
Test (ubuntu-latest, 21)	Run tests	2026-06-22T17:43:41.2670548Z [0m[[0m[0minfo[0m] [0m[0m[32m- should keep non-default ports[0m[0m
Test (ubuntu-latest, 21)	Run tests	2026-06-22T17:43:41.2671943Z [0m[[0m[0minfo[0m] [0m[0m[32m- should collapse multiple slashes in path[0m[0m
Test (ubuntu-latest, 21)	Run tests	2026-06-22T17:43:41.2673292Z [0m[[0m[0minfo[0m] [0m[0m[32m- should preserve encoded path segments[0m[0m
Test (ubuntu-latest, 21)	Run tests	2026-06-22T17:43:41.2674551Z [0m[[0m[0minfo[0m] [0m[0m[32m- should handle empty path[0m[0m
Test (ubuntu-latest, 21)	Run tests	2026-06-22T17:43:41.2676101Z [0m[[0m[0minfo[0m] [0m[0m[32m- should return original URL on parse error[0m[0m
Test (ubuntu-latest, 21)	Run tests	2026-06-22T17:43:41.2677357Z [0m[[0m[0minfo[0m] [0m[0m[32mUrlNormalizer.resolve[0m[0m
Test (ubuntu-latest, 21)	Run tests	2026-06-22T17:43:41.2679531Z [0m[[0m[0minfo[0m] [0m[0m[32m- should resolve relative URLs[0m[0m
Test (ubuntu-latest, 21)	Run tests	2026-06-22T17:43:41.2682294Z [0m[[0m[0minfo[0m] [0m[0m[32m- should handle absolute URLs[0m[0m
Test (ubuntu-latest, 21)	Run tests	2026-06-22T17:43:41.2684149Z [0m[[0m[0minfo[0m] [0m[0m[32m- should handle protocol-relative URLs[0m[0m
Test (ubuntu-latest, 21)	Run tests	2026-06-22T17:43:41.2686932Z [0m[[0m[0minfo[0m] [0m[0m[32m- should return None for malformed base URLs[0m[0m
Test (ubuntu-latest, 21)	Run tests	2026-06-22T17:43:41.2689228Z [0m[[0m[0minfo[0m] [0m[0m[32mUrlNormalizer.extractDomain[0m[0m
Test (ubuntu-latest, 21)	Run tests	2026-06-22T17:43:41.2691581Z [0m[[0m[0minfo[0m] [0m[0m[32m- should extract domain from URL[0m[0m
Test (ubuntu-latest, 21)	Run tests	2026-06-22T17:43:41.2710804Z [0m[[0m[0minfo[0m] [0m[0m[32m- should return None for invalid URLs[0m[0m
Test (ubuntu-latest, 21)	Run tests	2026-06-22T17:43:41.2712154Z [0m[[0m[0minfo[0m] [0m[0m[32mUrlNormalizer.isInDomains[0m[0m
Test (ubuntu-latest, 21)	Run tests	2026-06-22T17:43:41.2713523Z [0m[[0m[0minfo[0m] [0m[0m[32m- should match exact domains[0m[0m
Test (ubuntu-latest, 21)	Run tests	2026-06-22T17:43:41.2715001Z [0m[[0m[0minfo[0m] [0m[0m[32m- should match subdomains[0m[0m
Test (ubuntu-latest, 21)	Run tests	2026-06-22T17:43:41.2716276Z [0m[[0m[0minfo[0m] [0m[0m[32m- should not match partial domain names[0m[0m
Test (ubuntu-latest, 21)	Run tests	2026-06-22T17:43:41.2717477Z [0m[[0m[0minfo[0m] [0m[0m[32mUrlNormalizer.isValidHttpUrl[0m[0m
Test (ubuntu-latest, 21)	Run tests	2026-06-22T17:43:41.2718763Z [0m[[0m[0minfo[0m] [0m[0m[32m- should validate HTTP/HTTPS URLs[0m[0m
Test (ubuntu-latest, 21)	Run tests	2026-06-22T17:43:41.2725625Z [0m[[0m[0minfo[0m] [0m[0m[32mPlanRunnerSpec:[0m[0m
Test (ubuntu-latest, 21)	Run tests	2026-06-22T17:43:41.2727281Z [0m[[0m[0minfo[0m] [0m[0m[32mPlanRunner[0m[0m
Test (ubuntu-latest, 21)	Run tests	2026-06-22T17:43:41.2747830Z [0m[[0m[0minfo[0m] [0m[0m[32m- should execute a simple linear plan successfully[0m[0m
Test (ubuntu-latest, 21)	Run tests	2026-06-22T17:43:41.2750085Z [0m[[0m[0minfo[0m] [0m[0m[32mPlanRunner[0m[0m
Test (ubuntu-latest, 21)	Run tests	2026-06-22T17:43:41.2760553Z [0m[[0m[0minfo[0m] [0m[0m[32m- should handle parallel execution[0m[0m
Test (ubuntu-latest, 21)	Run tests	2026-06-22T17:43:41.2762622Z [0m[[0m[0minfo[0m] [0m[0m[32mPlanRunner[0m[0m
Test (ubuntu-latest, 21)	Run tests	2026-06-22T17:43:41.2765988Z 17:43:41.276 [pool-1-thread-1-ScalaTest-running-PlanRunnerSpec] ERROR o.l.agent.orchestration.PlanRunner - Plan validation failed: Plan contains cycles
Test (ubuntu-latest, 21)	Run tests	2026-06-22T17:43:41.2783960Z [0m[[0m[0minfo[0m] [0m[0m[32m- should handle plan validation errors[0m[0m
Test (ubuntu-latest, 21)	Run tests	2026-06-22T17:43:41.2785609Z [0m[[0m[0minfo[0m] [0m[0m[32mPlanRunner[0m[0m
Test (ubuntu-latest, 21)	Run tests	2026-06-22T17:43:41.2787954Z [0m[[0m[0minfo[0m] [0m[0m[32m- should handle node execution failures[0m[0m
Test (ubuntu-latest, 21)	Run tests	2026-06-22T17:43:41.2796182Z 17:43:41.277 [scala-execution-context-global-211] ERROR o.l.agent.orchestration.PlanRunner - Batch 1 had 1 failures
Test (ubuntu-latest, 21)	Run tests	2026-06-22T17:43:41.2799282Z 17:43:41.277 [scala-execution-context-global-211] ERROR o.l.agent.orchestration.PlanRunner - Plan execution failed: NodeExecutionError(Node execution failed [test-node:failing-agent]: Simulated failure,test-node,failing-agent,None,true)
Test (ubuntu-latest, 21)	Run tests	2026-06-22T17:43:41.2803637Z 17:43:41.278 [pool-1-thread-1-ScalaTest-running-PlanRunnerSpec] ERROR o.l.agent.orchestration.PlanRunner - No input available for node
Test (ubuntu-latest, 21)	Run tests	2026-06-22T17:43:41.2805776Z [0m[[0m[0minfo[0m] [0m[0m[32mPlanRunner[0m[0m
Test (ubuntu-latest, 21)	Run tests	2026-06-22T17:43:41.2807244Z 17:43:41.278 [scala-execution-context-global-210] ERROR o.l.agent.orchestration.PlanRunner - Batch 1 had 1 failures
Test (ubuntu-latest, 21)	Run tests	2026-06-22T17:43:41.2810330Z 17:43:41.278 [scala-execution-context-global-210] ERROR o.l.agent.orchestration.PlanRunner - Plan execution failed: NodeExecutionError(Node execution failed [processor:processor]: No input available for node execution,processor,processor,None,true)
Test (ubuntu-latest, 21)	Run tests	2026-06-22T17:43:41.2814955Z [0m[[0m[0minfo[0m] [0m[0m[32m- should handle missing inputs gracefully[0m[0m
Test (ubuntu-latest, 21)	Run tests	2026-06-22T17:43:41.2816123Z [0m[[0m[0minfo[0m] [0m[0m[32mPlanRunner[0m[0m
Test (ubuntu-latest, 21)	Run tests	2026-06-22T17:43:41.2817406Z [0m[[0m[0minfo[0m] [0m[0m[32m- should execute diamond-shaped DAG correctly[0m[0m
Test (ubuntu-latest, 21)	Run tests	2026-06-22T17:43:41.2818641Z [0m[[0m[0minfo[0m] [0m[0m[32mPlanRunner[0m[0m
Test (ubuntu-latest, 21)	Run tests	2026-06-22T17:43:41.3826984Z [0m[[0m[0minfo[0m] [0m[0m[32m- should handle slow agents gracefully[0m[0m
Test (ubuntu-latest, 21)	Run tests	2026-06-22T17:43:41.3849063Z [0m[[0m[0minfo[0m] [0m[0m[32mEmbeddingClientFactorySpec:[0m[0m
Test (ubuntu-latest, 21)	Run tests	2026-06-22T17:43:41.3850482Z [0m[[0m[0minfo[0m] [0m[0m[32mEmbeddingClient.from(provider,cfg)[0m[0m
Test (ubuntu-latest, 21)	Run tests	2026-06-22T17:43:41.4219482Z [0m[[0m[0minfo[0m] [0m[0m[32m- should build client for openai without throwing[0m[0m
Test (ubuntu-latest, 21)	Run tests	2026-06-22T17:43:41.4225732Z [0m[[0m[0minfo[0m] [0m[0m[32m- should build client for voyage without throwing[0m[0m
Test (ubuntu-latest, 21)	Run tests	2026-06-22T17:43:41.4236961Z [0m[[0m[0minfo[0m] [0m[0m[32m- should build client for ollama without throwing[0m[0m
Test (ubuntu-latest, 21)	Run tests	2026-06-22T17:43:41.4239103Z [0m[[0m[0minfo[0m] [0m[0m[32m- should build client for ollama with empty apiKey[0m[0m
Test (ubuntu-latest, 21)	Run tests	2026-06-22T17:43:41.4241443Z [0m[[0m[0minfo[0m] [0m[0m[32m- should reject unknown provider[0m[0m
Test (ubuntu-latest, 21)	Run tests	2026-06-22T17:43:41.4264902Z [0m[[0m[0minfo[0m] [0m[0m[32mErrorKindMappingTest:[0m[0m
Test (ubuntu-latest, 21)	Run tests	2026-06-22T17:43:41.4268419Z [0m[[0m[0minfo[0m] [0m[0m[32m- fromLLMError maps RateLimitError to RateLimit[0m[0m
Test (ubuntu-latest, 21)	Run tests	2026-06-22T17:43:41.4273128Z [0m[[0m[0minfo[0m] [0m[0m[32m- fromLLMError maps TimeoutError to Timeout[0m[0m
Test (ubuntu-latest, 21)	Run tests	2026-06-22T17:43:41.4275293Z [0m[[0m[0minfo[0m] [0m[0m[32m- fromLLMError maps AuthenticationError to Authentication[0m[0m
Test (ubuntu-latest, 21)	Run tests	2026-06-22T17:43:41.4277106Z [0m[[0m[0minfo[0m] [0m[0m[32m- fromLLMError maps NetworkError to Network[0m[0m
Test (ubuntu-latest, 21)	Run tests	2026-06-22T17:43:41.4278777Z [0m[[0m[0minfo[0m] [0m[0m[32m- fromLLMError maps ValidationError to Validation[0m[0m
Test (ubuntu-latest, 21)	Run tests	2026-06-22T17:43:41.4280416Z [0m[[0m[0minfo[0m] [0m[0m[32m- fromLLMError maps InvalidInputError to Validation[0m[0m
Test (ubuntu-latest, 21)	Run tests	2026-06-22T17:43:41.4282160Z [0m[[0m[0minfo[0m] [0m[0m[32m- fromLLMError maps ServiceError to ServiceError[0m[0m
Test (ubuntu-latest, 21)	Run tests	2026-06-22T17:43:41.4284226Z [0m[[0m[0minfo[0m] [0m[0m[32m- fromLLMError maps ServiceError with various status codes to ServiceError[0m[0m
Test (ubuntu-latest, 21)	Run tests	2026-06-22T17:43:41.4286175Z [0m[[0m[0minfo[0m] [0m[0m[32m- fromLLMError maps ExecutionError to ExecutionError[0m[0m
Test (ubuntu-latest, 21)	Run tests	2026-06-22T17:43:41.4287964Z [0m[[0m[0minfo[0m] [0m[0m[32m- fromLLMError maps ConfigurationError to Validation[0m[0m
Test (ubuntu-latest, 21)	Run tests	2026-06-22T17:43:41.4290700Z [0m[[0m[0minfo[0m] [0m[0m[32m- fromLLMError maps unknown error types to Unknown[0m[0m
Test (ubuntu-latest, 21)	Run tests	2026-06-22T17:43:41.4292461Z [0m[[0m[0minfo[0m] [0m[0m[32m- ErrorKind enum contains all expected values[0m[0m
Test (ubuntu-latest, 21)	Run tests	2026-06-22T17:43:41.4312692Z [0m[[0m[0minfo[0m] [0m[0m[32mMistralConfigSpec:[0m[0m
Test (ubuntu-latest, 21)	Run tests	2026-06-22T17:43:41.4313862Z [0m[[0m[0minfo[0m] [0m[0m[32mMistralConfig.fromValues[0m[0m
Test (ubuntu-latest, 21)	Run tests	2026-06-22T17:43:41.4939478Z [0m[[0m[0minfo[0m] [0m[0m[32m- should reject an empty API key[0m[0m
Test (ubuntu-latest, 21)	Run tests	2026-06-22T17:43:41.4944045Z [0m[[0m[0minfo[0m] [0m[0m[32m- should reject an empty base URL[0m[0m
Test (ubuntu-latest, 21)	Run tests	2026-06-22T17:43:41.4952174Z [0m[[0m[0minfo[0m] [0m[0m[32m- should produce a valid config with non-empty inputs[0m[0m
Test (ubuntu-latest, 21)	Run tests	2026-06-22T17:43:41.4953922Z [0m[[0m[0minfo[0m] [0m[0m[32mMistralConfig context window fallback[0m[0m
Test (ubuntu-latest, 21)	Run tests	2026-06-22T17:43:41.5308347Z [0m[[0m[0minfo[0m] [0m[0m[32m- should return conservative fallback from registry for mistral-small models[0m[0m
Test (ubuntu-latest, 21)	Run tests	2026-06-22T17:43:41.5669359Z [0m[[0m[0minfo[0m] [0m[0m[32m- should return conservative fallback from registry for codestral models[0m[0m
Test (ubuntu-latest, 21)	Run tests	2026-06-22T17:43:41.5720613Z [0m[[0m[0minfo[0m] [0m[0m[32m- should return default 128000 for unknown model names[0m[0m
Test (ubuntu-latest, 21)	Run tests	2026-06-22T17:43:41.5723071Z [0m[[0m[0minfo[0m] [0m[0m[32mMistralConfig.toString[0m[0m
Test (ubuntu-latest, 21)	Run tests	2026-06-22T17:43:41.5728558Z [0m[[0m[0minfo[0m] [0m[0m[32m- should redact the API key[0m[0m
Test (ubuntu-latest, 21)	Run tests	2026-06-22T17:43:41.5730463Z [0m[[0m[0minfo[0m] [0m[0m[32mMistralConfig.DEFAULT_BASE_URL[0m[0m
Test (ubuntu-latest, 21)	Run tests	2026-06-22T17:43:41.5736668Z [0m[[0m[0minfo[0m] [0m[0m[32m- should point to Mistral AI API[0m[0m
Test (ubuntu-latest, 21)	Run tests	2026-06-22T17:43:41.5751032Z [0m[[0m[0minfo[0m] [0m[0m[32mToolProcessorSpec:[0m[0m
Test (ubuntu-latest, 21)	Run tests	2026-06-22T17:43:41.5752946Z [0m[[0m[0minfo[0m] [0m[0m[32mToolProcessor.processToolCalls[0m[0m
Test (ubuntu-latest, 21)	Run tests	2026-06-22T17:43:41.5774955Z [0m[[0m[0minfo[0m] [0m[0m[32m- should add a ToolMessage for a successful tool call[0m[0m
Test (ubuntu-latest, 21)	Run tests	2026-06-22T17:43:41.5778867Z [0m[[0m[0minfo[0m] [0m[0m[32m- should record a log entry for each tool call[0m[0m
Test (ubuntu-latest, 21)	Run tests	2026-06-22T17:43:41.5783629Z 17:43:41.578 [pool-1-thread-1-ScalaTest-running-ToolProcessorSpec] WARN  org.llm4s.agent.ToolProcessor$ - Tool fail_tool failed in 0ms with error: Tool call 'fail_tool' failed with error: intentional failure
Test (ubuntu-latest, 21)	Run tests	2026-06-22T17:43:41.5788789Z [0m[[0m[0minfo[0m] [0m[0m[32m- should return structured JSON error on tool failure rather than Left[0m[0m
Test (ubuntu-latest, 21)	Run tests	2026-06-22T17:43:41.5792237Z [0m[[0m[0minfo[0m] [0m[0m[32m- should include duration in log entry[0m[0m
Test (ubuntu-latest, 21)	Run tests	2026-06-22T17:43:41.5796420Z [0m[[0m[0minfo[0m] [0m[0m[32m- should process multiple tool calls in sequence and thread state correctly[0m[0m
Test (ubuntu-latest, 21)	Run tests	2026-06-22T17:43:41.5801205Z [0m[[0m[0minfo[0m] [0m[0m[32mToolProcessor.processToolCallsWithEvents[0m[0m
Test (ubuntu-latest, 21)	Run tests	2026-06-22T17:43:41.5805489Z [0m[[0m[0minfo[0m] [0m[0m[32m- should emit ToolCallStarted before execution[0m[0m
Test (ubuntu-latest, 21)	Run tests	2026-06-22T17:43:41.5812277Z [0m[[0m[0minfo[0m] [0m[0m[32m- should emit ToolCallCompleted with success=true on a successful tool call[0m[0m
Test (ubuntu-latest, 21)	Run tests	2026-06-22T17:43:41.5815643Z [0m[[0m[0minfo[0m] [0m[0m[32m- should emit ToolCallFailed on tool error[0m[0m
Test (ubuntu-latest, 21)	Run tests	2026-06-22T17:43:41.5820867Z [0m[[0m[0minfo[0m] [0m[0m[32m- should add tool result messages to state[0m[0m
Test (ubuntu-latest, 21)	Run tests	2026-06-22T17:43:41.5823146Z [0m[[0m[0minfo[0m] [0m[0m[32mToolProcessor.processToolCallsAsync[0m[0m
Test (ubuntu-latest, 21)	Run tests	2026-06-22T17:43:41.5838405Z [0m[[0m[0minfo[0m] [0m[0m[32m- should produce same results as sync for Sequential strategy[0m[0m
Test (ubuntu-latest, 21)	Run tests	2026-06-22T17:43:41.5888049Z [0m[[0m[0minfo[0m] [0m[0m[32mPIIMaskerSpec:[0m[0m
Test (ubuntu-latest, 21)	Run tests	2026-06-22T17:43:41.5888906Z [0m[[0m[0minfo[0m] [0m[0m[32mPIIMasker.all[0m[0m
Test (ubuntu-latest, 21)	Run tests	2026-06-22T17:43:41.5892515Z [0m[[0m[0minfo[0m] [0m[0m[32m- should mask SSN[0m[0m
Test (ubuntu-latest, 21)	Run tests	2026-06-22T17:43:41.5894558Z [0m[[0m[0minfo[0m] [0m[0m[32m- should mask credit card numbers[0m[0m
Test (ubuntu-latest, 21)	Run tests	2026-06-22T17:43:41.5899927Z [0m[[0m[0minfo[0m] [0m[0m[32m- should mask email addresses[0m[0m
Test (ubuntu-latest, 21)	Run tests	2026-06-22T17:43:41.5903865Z [0m[[0m[0minfo[0m] [0m[0m[32m- should mask phone numbers[0m[0m
Test (ubuntu-latest, 21)	Run tests	2026-06-22T17:43:41.5909292Z [0m[[0m[0minfo[0m] [0m[0m[32m- should mask IP addresses[0m[0m
Test (ubuntu-latest, 21)	Run tests	2026-06-22T17:43:41.5913102Z [0m[[0m[0minfo[0m] [0m[0m[32m- should mask passport numbers[0m[0m
Test (ubuntu-latest, 21)	Run tests	2026-06-22T17:43:41.5916594Z [0m[[0m[0minfo[0m] [0m[0m[32m- should mask dates of birth[0m[0m
Test (ubuntu-latest, 21)	Run tests	2026-06-22T17:43:41.5919014Z [0m[[0m[0minfo[0m] [0m[0m[32mPIIMasker[0m[0m
Test (ubuntu-latest, 21)	Run tests	2026-06-22T17:43:41.5921080Z [0m[[0m[0minfo[0m] [0m[0m[32m- should produce output that does not contain original SSN[0m[0m
Test (ubuntu-latest, 21)	Run tests	2026-06-22T17:43:41.5925701Z [0m[[0m[0minfo[0m] [0m[0m[32m- should produce output that does not contain original email[0m[0m
Test (ubuntu-latest, 21)	Run tests	2026-06-22T17:43:41.5928662Z [0m[[0m[0minfo[0m] [0m[0m[32m- should produce output that does not contain original credit card[0m[0m
Test (ubuntu-latest, 21)	Run tests	2026-06-22T17:43:41.5930425Z [0m[[0m[0minfo[0m] [0m[0m[32m- should produce output that does not contain original phone number[0m[0m
Test (ubuntu-latest, 21)	Run tests	2026-06-22T17:43:41.5932277Z [0m[[0m[0minfo[0m] [0m[0m[32m- should produce output that does not contain original IP address[0m[0m
Test (ubuntu-latest, 21)	Run tests	2026-06-22T17:43:41.5934081Z [0m[[0m[0minfo[0m] [0m[0m[32m- should produce redaction placeholders with no recoverable information[0m[0m
Test (ubuntu-latest, 21)	Run tests	2026-06-22T17:43:41.5936476Z [0m[[0m[0minfo[0m] [0m[0m[32m- should mask multiple different PII types in one string[0m[0m
Test (ubuntu-latest, 21)	Run tests	2026-06-22T17:43:41.5937977Z [0m[[0m[0minfo[0m] [0m[0m[32m- should mask multiple instances of the same PII type[0m[0m
Test (ubuntu-latest, 21)	Run tests	2026-06-22T17:43:41.5939421Z [0m[[0m[0minfo[0m] [0m[0m[32m- should mask multiple SSNs in the same text[0m[0m
Test (ubuntu-latest, 21)	Run tests	2026-06-22T17:43:41.5941005Z [0m[[0m[0minfo[0m] [0m[0m[32m- should report correct counts via summarizePII for multiple instances[0m[0m
Test (ubuntu-latest, 21)	Run tests	2026-06-22T17:43:41.5942859Z [0m[[0m[0minfo[0m] [0m[0m[32m- should be idempotent: re-masking already-masked text produces identical output[0m[0m
Test (ubuntu-latest, 21)	Run tests	2026-06-22T17:43:41.5945185Z [0m[[0m[0minfo[0m] [0m[0m[32m- should only mask real PII when text contains both real PII and existing placeholders[0m[0m
Test (ubuntu-latest, 21)	Run tests	2026-06-22T17:43:41.5946967Z [0m[[0m[0minfo[0m] [0m[0m[32m- should preserve Unicode characters surrounding PII[0m[0m
Test (ubuntu-latest, 21)	Run tests	2026-06-22T17:43:41.5948443Z [0m[[0m[0minfo[0m] [0m[0m[32m- should detect PII embedded in Unicode-heavy text[0m[0m
Test (ubuntu-latest, 21)	Run tests	2026-06-22T17:43:41.5949996Z [0m[[0m[0minfo[0m] [0m[0m[32m- should not corrupt non-ASCII characters when masking PII[0m[0m
Test (ubuntu-latest, 21)	Run tests	2026-06-22T17:43:41.5951320Z [0m[[0m[0minfo[0m] [0m[0m[32mPIIMasker.all preset[0m[0m
Test (ubuntu-latest, 21)	Run tests	2026-06-22T17:43:41.5952603Z [0m[[0m[0minfo[0m] [0m[0m[32m- should mask all types including IP, Passport, and DOB[0m[0m
Test (ubuntu-latest, 21)	Run tests	2026-06-22T17:43:41.5954084Z [0m[[0m[0minfo[0m] [0m[0m[32m- should include all types from PIIType.all[0m[0m
Test (ubuntu-latest, 21)	Run tests	2026-06-22T17:43:41.5956146Z [0m[[0m[0minfo[0m] [0m[0m[32mPIIMasker.identity preset[0m[0m
Test (ubuntu-latest, 21)	Run tests	2026-06-22T17:43:41.5957564Z [0m[[0m[0minfo[0m] [0m[0m[32m- should mask SSN, Passport, and DOB[0m[0m
Test (ubuntu-latest, 21)	Run tests	2026-06-22T17:43:41.5958696Z [0m[[0m[0minfo[0m] [0m[0m[32m- should not mask email or phone[0m[0m
Test (ubuntu-latest, 21)	Run tests	2026-06-22T17:43:41.5960053Z [0m[[0m[0minfo[0m] [0m[0m[32m- should contain exactly SSN, Passport, and DateOfBirth types[0m[0m
Test (ubuntu-latest, 21)	Run tests	2026-06-22T17:43:41.5961339Z [0m[[0m[0minfo[0m] [0m[0m[32mPIIMasker.sensitive preset[0m[0m
Test (ubuntu-latest, 21)	Run tests	2026-06-22T17:43:41.5962627Z [0m[[0m[0minfo[0m] [0m[0m[32m- should mask SSN, CreditCard, Email, Phone, and BankAccount[0m[0m
Test (ubuntu-latest, 21)	Run tests	2026-06-22T17:43:41.5967579Z [0m[[0m[0minfo[0m] [0m[0m[32m- should mask SSN and credit card in text[0m[0m
Test (ubuntu-latest, 21)	Run tests	2026-06-22T17:43:41.5968806Z [0m[[0m[0minfo[0m] [0m[0m[32m- should not mask IP or DOB (not in sensitive preset)[0m[0m
Test (ubuntu-latest, 21)	Run tests	2026-06-22T17:43:41.5969876Z [0m[[0m[0minfo[0m] [0m[0m[32mPIIMasker edge cases[0m[0m
Test (ubuntu-latest, 21)	Run tests	2026-06-22T17:43:41.5970811Z [0m[[0m[0minfo[0m] [0m[0m[32m- should handle empty string input[0m[0m
Test (ubuntu-latest, 21)	Run tests	2026-06-22T17:43:41.5971909Z [0m[[0m[0minfo[0m] [0m[0m[32m- should pass through text with no PII unchanged[0m[0m
Test (ubuntu-latest, 21)	Run tests	2026-06-22T17:43:41.5973217Z [0m[[0m[0minfo[0m] [0m[0m[32m- should have name 'PIIMasker'[0m[0m
Test (ubuntu-latest, 21)	Run tests	2026-06-22T17:43:41.5974644Z [0m[[0m[0minfo[0m] [0m[0m[32m- should include configured PII type names in description[0m[0m
Test (ubuntu-latest, 21)	Run tests	2026-06-22T17:43:41.5976336Z [0m[[0m[0minfo[0m] [0m[0m[32m- should validate returns Right for all inputs (never blocks)[0m[0m
Test (ubuntu-latest, 21)	Run tests	2026-06-22T17:43:41.6009762Z [0m[[0m[0minfo[0m] [0m[0m[32mGraphQueryTranslatorTest:[0m[0m
Test (ubuntu-latest, 21)	Run tests	2026-06-22T17:43:41.6022964Z [0m[[0m[0minfo[0m] [0m[0m[32m- translate should parse find_nodes response[0m[0m
Test (ubuntu-latest, 21)	Run tests	2026-06-22T17:43:41.6036883Z [0m[[0m[0minfo[0m] [0m[0m[32m- translate should parse find_neighbors response[0m[0m
Test (ubuntu-latest, 21)	Run tests	2026-06-22T17:43:41.6049253Z [0m[[0m[0minfo[0m] [0m[0m[32m- translate should parse find_path response[0m[0m
Test (ubuntu-latest, 21)	Run tests	2026-06-22T17:43:41.6056895Z [0m[[0m[0minfo[0m] [0m[0m[32m- translate should parse describe_node response[0m[0m
Test (ubuntu-latest, 21)	Run tests	2026-06-22T17:43:41.6071092Z [0m[[0m[0minfo[0m] [0m[0m[32m- translate should parse composite response[0m[0m
Test (ubuntu-latest, 21)	Run tests	2026-06-22T17:43:41.6078138Z [0m[[0m[0minfo[0m] [0m[0m[32m- translate should handle markdown-wrapped JSON[0m[0m
Test (ubuntu-latest, 21)	Run tests	2026-06-22T17:43:41.6085705Z [0m[[0m[0minfo[0m] [0m[0m[32m- translate should fail on invalid JSON[0m[0m
Test (ubuntu-latest, 21)	Run tests	2026-06-22T17:43:41.6092404Z [0m[[0m[0minfo[0m] [0m[0m[32m- translate should fail on unknown query type[0m[0m
Test (ubuntu-latest, 21)	Run tests	2026-06-22T17:43:41.6099669Z [0m[[0m[0minfo[0m] [0m[0m[32m- translate should propagate LLM errors[0m[0m
Test (ubuntu-latest, 21)	Run tests	2026-06-22T17:43:41.6105771Z [0m[[0m[0minfo[0m] [0m[0m[32m- buildSchemaContext should include node labels and relationship types[0m[0m
Test (ubuntu-latest, 21)	Run tests	2026-06-22T17:43:41.6111713Z [0m[[0m[0minfo[0m] [0m[0m[32m- parseQueryResponse should handle find_neighbors without optional fields[0m[0m
Test (ubuntu-latest, 21)	Run tests	2026-06-22T17:43:41.6116240Z [0m[[0m[0minfo[0m] [0m[0m[32m- parseQueryResponse should fail when find_neighbors missing node_id[0m[0m
Test (ubuntu-latest, 21)	Run tests	2026-06-22T17:43:41.6121129Z [0m[[0m[0minfo[0m] [0m[0m[32m- parseQueryResponse should fail when find_path missing required fields[0m[0m
Test (ubuntu-latest, 21)	Run tests	2026-06-22T17:43:41.6135225Z [0m[[0m[0minfo[0m] [0m[0m[32mMCPToolRegistryHealthCheckSpec:[0m[0m
Test (ubuntu-latest, 21)	Run tests	2026-06-22T17:43:41.6136091Z [0m[[0m[0minfo[0m] [0m[0m[32mhealthCheck[0m[0m
Test (ubuntu-latest, 21)	Run tests	2026-06-22T17:43:41.6143616Z [0m[[0m[0minfo[0m] [0m[0m[32m- should mark all servers healthy when initialization succeeds[0m[0m
Test (ubuntu-latest, 21)	Run tests	2026-06-22T17:43:41.6146047Z [0m[[0m[0minfo[0m] [0m[0m[32m- should flag servers as unhealthy when initialization fails[0m[0m
Test (ubuntu-latest, 21)	Run tests	2026-06-22T17:43:41.6173834Z [0m[[0m[0minfo[0m] [0m[0m[32mDuckDuckGoSearchToolSpec:[0m[0m
Test (ubuntu-latest, 21)	Run tests	2026-06-22T17:43:41.6175217Z [0m[[0m[0minfo[0m] [0m[0m[32mDuckDuckGoSearchConfig[0m[0m
Test (ubuntu-latest, 21)	Run tests	2026-06-22T17:43:41.6183210Z [0m[[0m[0minfo[0m] [0m[0m[32m- should have correct default values[0m[0m
Test (ubuntu-latest, 21)	Run tests	2026-06-22T17:43:41.6184407Z [0m[[0m[0minfo[0m] [0m[0m[32m- should accept custom configuration values[0m[0m
Test (ubuntu-latest, 21)	Run tests	2026-06-22T17:43:41.6185834Z [0m[[0m[0minfo[0m] [0m[0m[32mDuckDuckGoSearchTool[0m[0m
Test (ubuntu-latest, 21)	Run tests	2026-06-22T17:43:41.6214939Z [0m[[0m[0minfo[0m] [0m[0m[32m- should have the correct metadata[0m[0m
Test (ubuntu-latest, 21)	Run tests	2026-06-22T17:43:41.6216824Z [0m[[0m[0minfo[0m] [0m[0m[32mRelatedTopic[0m[0m
Test (ubuntu-latest, 21)	Run tests	2026-06-22T17:43:41.6230631Z [0m[[0m[0minfo[0m] [0m[0m[32m- should serialize and deserialize correctly[0m[0m
Test (ubuntu-latest, 21)	Run tests	2026-06-22T17:43:41.6232343Z [0m[[0m[0minfo[0m] [0m[0m[32m- should handle missing URL[0m[0m
Test (ubuntu-latest, 21)	Run tests	2026-06-22T17:43:41.6233630Z [0m[[0m[0minfo[0m] [0m[0m[32mDuckDuckGoSearchResult[0m[0m
Test (ubuntu-latest, 21)	Run tests	2026-06-22T17:43:41.6237301Z [0m[[0m[0minfo[0m] [0m[0m[32m- should serialize and deserialize correctly[0m[0m
Test (ubuntu-latest, 21)	Run tests	2026-06-22T17:43:41.6240160Z [0m[[0m[0minfo[0m] [0m[0m[32m- should handle empty fields[0m[0m
Test (ubuntu-latest, 21)	Run tests	2026-06-22T17:43:41.6241608Z [0m[[0m[0minfo[0m] [0m[0m[32mDuckDuckGoSearchTool.parseResults[0m[0m
Test (ubuntu-latest, 21)	Run tests	2026-06-22T17:43:41.6266342Z [0m[[0m[0minfo[0m] [0m[0m[32m- should correctly parse Instant Answer results[0m[0m
Test (ubuntu-latest, 21)	Run tests	2026-06-22T17:43:41.6268368Z [0m[[0m[0minfo[0m] [0m[0m[32m- should handle missing fields by using defaults[0m[0m
Test (ubuntu-latest, 21)	Run tests	2026-06-22T17:43:41.6270451Z [0m[[0m[0minfo[0m] [0m[0m[32mDuckDuckGoSearchTool.search[0m[0m
Test (ubuntu-latest, 21)	Run tests	2026-06-22T17:43:41.6279743Z [0m[[0m[0minfo[0m] [0m[0m[32m- should return parsed results on 200 response[0m[0m
Test (ubuntu-latest, 21)	Run tests	2026-06-22T17:43:41.6286176Z [0m[[0m[0minfo[0m] [0m[0m[32m- should return error on non-200 status code[0m[0m
Test (ubuntu-latest, 21)	Run tests	2026-06-22T17:43:41.6291735Z [0m[[0m[0minfo[0m] [0m[0m[32m- should return sanitized error on invalid JSON response[0m[0m
Test (ubuntu-latest, 21)	Run tests	2026-06-22T17:43:41.6301698Z [0m[[0m[0minfo[0m] [0m[0m[32m- should send correct headers and query params[0m[0m
Test (ubuntu-latest, 21)	Run tests	2026-06-22T17:43:41.6308409Z [0m[[0m[0minfo[0m] [0m[0m[32m- should send safesearch=-1 when safeSearch is false[0m[0m
Test (ubuntu-latest, 21)	Run tests	2026-06-22T17:43:41.6312816Z [0m[[0m[0minfo[0m] [0m[0m[32m- should return sanitized error on timeout[0m[0m
Test (ubuntu-latest, 21)	Run tests	2026-06-22T17:43:41.6317515Z [0m[[0m[0minfo[0m] [0m[0m[32m- should return sanitized error on unknown host[0m[0m
Test (ubuntu-latest, 21)	Run tests	2026-06-22T17:43:41.6322190Z [0m[[0m[0minfo[0m] [0m[0m[32m- should return sanitized error on connection refused[0m[0m
Test (ubuntu-latest, 21)	Run tests	2026-06-22T17:43:41.6327230Z [0m[[0m[0minfo[0m] [0m[0m[32m- should return generic sanitized error on unexpected exception[0m[0m
Test (ubuntu-latest, 21)	Run tests	2026-06-22T17:43:41.6332715Z [0m[[0m[0minfo[0m] [0m[0m[32m- should call restoreInterrupt and return sanitized error on InterruptedException[0m[0m
Test (ubuntu-latest, 21)	Run tests	2026-06-22T17:43:41.6353586Z [0m[[0m[0minfo[0m] [0m[0m[32mToolExecutionStrategySpec:[0m[0m
Test (ubuntu-latest, 21)	Run tests	2026-06-22T17:43:41.6357028Z [0m[[0m[0minfo[0m] [0m[0m[32mToolExecutionStrategy.Sequential[0m[0m
Test (ubuntu-latest, 21)	Run tests	2026-06-22T17:43:41.6358946Z [0m[[0m[0minfo[0m] [0m[0m[32m- should be a valid strategy[0m[0m
Test (ubuntu-latest, 21)	Run tests	2026-06-22T17:43:41.6360051Z [0m[[0m[0minfo[0m] [0m[0m[32mToolExecutionStrategy.Parallel[0m[0m
Test (ubuntu-latest, 21)	Run tests	2026-06-22T17:43:41.6361152Z [0m[[0m[0minfo[0m] [0m[0m[32m- should be a valid strategy[0m[0m
Test (ubuntu-latest, 21)	Run tests	2026-06-22T17:43:41.6364091Z [0m[[0m[0minfo[0m] [0m[0m[32mToolExecutionStrategy.ParallelWithLimit[0m[0m
Test (ubuntu-latest, 21)	Run tests	2026-06-22T17:43:41.6366864Z [0m[[0m[0minfo[0m] [0m[0m[32m- should accept positive concurrency limit[0m[0m
Test (ubuntu-latest, 21)	Run tests	2026-06-22T17:43:41.6368388Z [0m[[0m[0minfo[0m] [0m[0m[32m- should accept concurrency limit of 1[0m[0m
Test (ubuntu-latest, 21)	Run tests	2026-06-22T17:43:41.6369729Z [0m[[0m[0minfo[0m] [0m[0m[32m- should reject zero concurrency limit[0m[0m
Test (ubuntu-latest, 21)	Run tests	2026-06-22T17:43:41.6370942Z [0m[[0m[0minfo[0m] [0m[0m[32m- should reject negative concurrency limit[0m[0m
Test (ubuntu-latest, 21)	Run tests	2026-06-22T17:43:41.6372151Z [0m[[0m[0minfo[0m] [0m[0m[32mToolExecutionStrategy.default[0m[0m
Test (ubuntu-latest, 21)	Run tests	2026-06-22T17:43:41.6373274Z [0m[[0m[0minfo[0m] [0m[0m[32m- should be Sequential[0m[0m
Test (ubuntu-latest, 21)	Run tests	2026-06-22T17:43:41.6381997Z [0m[[0m[0minfo[0m] [0m[0m[32mToolExecutionStrategy[0m[0m
Test (ubuntu-latest, 21)	Run tests	2026-06-22T17:43:41.6383228Z [0m[[0m[0minfo[0m] [0m[0m[32m- should support exhaustive pattern matching[0m[0m
Test (ubuntu-latest, 21)	Run tests	2026-06-22T17:43:41.6416254Z [0m[[0m[0minfo[0m] [0m[0m[32mLLMClientContractSpec:[0m[0m
Test (ubuntu-latest, 21)	Run tests	2026-06-22T17:43:41.6417290Z [0m[[0m[0minfo[0m] [0m[0m[32mSimpleMock[0m[0m
Test (ubuntu-latest, 21)	Run tests	2026-06-22T17:43:41.6420281Z [0m[[0m[0minfo[0m] [0m[0m[32m- should return Right for a valid single-message conversation[0m[0m
Test (ubuntu-latest, 21)	Run tests	2026-06-22T17:43:41.6427868Z [0m[[0m[0minfo[0m] [0m[0m[32m- should produce a completion with non-empty id[0m[0m
Test (ubuntu-latest, 21)	Run tests	2026-06-22T17:43:41.6431246Z [0m[[0m[0minfo[0m] [0m[0m[32m- should produce a completion with non-negative created timestamp[0m[0m
Test (ubuntu-latest, 21)	Run tests	2026-06-22T17:43:41.6435113Z [0m[[0m[0minfo[0m] [0m[0m[32m- should produce a completion with non-empty model string[0m[0m
Test (ubuntu-latest, 21)	Run tests	2026-06-22T17:43:41.6438557Z [0m[[0m[0minfo[0m] [0m[0m[32m- should produce a completion whose message role is Assistant[0m[0m
Test (ubuntu-latest, 21)	Run tests	2026-06-22T17:43:41.6441825Z [0m[[0m[0minfo[0m] [0m[0m[32m- should produce a completion with non-null content[0m[0m
Test (ubuntu-latest, 21)	Run tests	2026-06-22T17:43:41.6445497Z [0m[[0m[0minfo[0m] [0m[0m[32m- should return Right from streamComplete for a valid conversation[0m[0m
Test (ubuntu-latest, 21)	Run tests	2026-06-22T17:43:41.6450504Z [0m[[0m[0minfo[0m] [0m[0m[32m- should produce a stream completion with non-empty id and model[0m[0m
Test (ubuntu-latest, 21)	Run tests	2026-06-22T17:43:41.6469364Z [0m[[0m[0minfo[0m] [0m[0m[32m- should invoke onChunk at least once when content is non-empty (if supported)[0m[0m
Test (ubuntu-latest, 21)	Run tests	2026-06-22T17:43:41.6474195Z [0m[[0m[0minfo[0m] [0m[0m[32m- should pass StreamedChunks with non-empty id to onChunk (if chunks are emitted)[0m[0m
Test (ubuntu-latest, 21)	Run tests	2026-06-22T17:43:41.6476225Z [0m[[0m[0minfo[0m] [0m[0m[32m- should return a positive context window[0m[0m
Test (ubuntu-latest, 21)	Run tests	2026-06-22T17:43:41.6478823Z [0m[[0m[0minfo[0m] [0m[0m[32m- should return a non-negative reserve completion[0m[0m
Test (ubuntu-latest, 21)	Run tests	2026-06-22T17:43:41.6479678Z [0m[[0m[0minfo[0m] [0m[0m[32m- should have reserve completion less than context window[0m[0m
Test (ubuntu-latest, 21)	Run tests	2026-06-22T17:43:41.6480541Z [0m[[0m[0minfo[0m] [0m[0m[32m- should return a positive context budget with Standard headroom[0m[0m
Test (ubuntu-latest, 21)	Run tests	2026-06-22T17:43:41.6481555Z [0m[[0m[0minfo[0m] [0m[0m[32m- should return context budget equal to contextWindow - reserve when headroom is None[0m[0m
Test (ubuntu-latest, 21)	Run tests	2026-06-22T17:43:41.6482661Z [0m[[0m[0minfo[0m] [0m[0m[32m- should have monotonically decreasing budgets: None > Light > Standard > Conservative[0m[0m
Test (ubuntu-latest, 21)	Run tests	2026-06-22T17:43:41.6483808Z [0m[[0m[0minfo[0m] [0m[0m[32m- should return a Result from validate without throwing[0m[0m
Test (ubuntu-latest, 21)	Run tests	2026-06-22T17:43:41.6484549Z [0m[[0m[0minfo[0m] [0m[0m[32m- should not throw when close() is called[0m[0m
Test (ubuntu-latest, 21)	Run tests	2026-06-22T17:43:41.6485546Z [0m[[0m[0minfo[0m] [0m[0m[32m- should be idempotent ΓÇö calling close() twice does not throw[0m[0m
Test (ubuntu-latest, 21)	Run tests	2026-06-22T17:43:41.6486314Z [0m[[0m[0minfo[0m] [0m[0m[32m- should be an instance of AutoCloseable[0m[0m
Test (ubuntu-latest, 21)	Run tests	2026-06-22T17:43:41.6486959Z [0m[[0m[0minfo[0m] [0m[0m[32m- should work with scala.util.Using[0m[0m
Test (ubuntu-latest, 21)	Run tests	2026-06-22T17:43:41.6495190Z [0m[[0m[0minfo[0m] [0m[0m[32m- should produce structurally equivalent results from complete and streamComplete[0m[0m
Test (ubuntu-latest, 21)	Run tests	2026-06-22T17:43:41.6496546Z [0m[[0m[0minfo[0m] [0m[0m[32mMultiResponseMock[0m[0m
Test (ubuntu-latest, 21)	Run tests	2026-06-22T17:43:41.6501660Z [0m[[0m[0minfo[0m] [0m[0m[32m- should return Right for a valid single-message conversation[0m[0m
Test (ubuntu-latest, 21)	Run tests	2026-06-22T17:43:41.6503040Z [0m[[0m[0minfo[0m] [0m[0m[32m- should produce a completion with non-empty id[0m[0m
Test (ubuntu-latest, 21)	Run tests	2026-06-22T17:43:41.6504361Z [0m[[0m[0minfo[0m] [0m[0m[32m- should produce a completion with non-negative created timestamp[0m[0m
Test (ubuntu-latest, 21)	Run tests	2026-06-22T17:43:41.6505887Z [0m[[0m[0minfo[0m] [0m[0m[32m- should produce a completion with non-empty model string[0m[0m
Test (ubuntu-latest, 21)	Run tests	2026-06-22T17:43:41.6507313Z [0m[[0m[0minfo[0m] [0m[0m[32m- should produce a completion whose message role is Assistant[0m[0m
Test (ubuntu-latest, 21)	Run tests	2026-06-22T17:43:41.6508790Z [0m[[0m[0minfo[0m] [0m[0m[32m- should produce a completion with non-null content[0m[0m
Test (ubuntu-latest, 21)	Run tests	2026-06-22T17:43:41.6510238Z [0m[[0m[0minfo[0m] [0m[0m[32m- should return Right from streamComplete for a valid conversation[0m[0m
Test (ubuntu-latest, 21)	Run tests	2026-06-22T17:43:41.6511809Z [0m[[0m[0minfo[0m] [0m[0m[32m- should produce a stream completion with non-empty id and model[0m[0m
Test (ubuntu-latest, 21)	Run tests	2026-06-22T17:43:41.6524254Z [0m[[0m[0minfo[0m] [0m[0m[32m- should invoke onChunk at least once when content is non-empty (if supported)[0m[0m
Test (ubuntu-latest, 21)	Run tests	2026-06-22T17:43:41.6526334Z [0m[[0m[0minfo[0m] [0m[0m[32m- should pass StreamedChunks with non-empty id to onChunk (if chunks are emitted)[0m[0m
Test (ubuntu-latest, 21)	Run tests	2026-06-22T17:43:41.6527611Z [0m[[0m[0minfo[0m] [0m[0m[32m- should return a positive context window[0m[0m
Test (ubuntu-latest, 21)	Run tests	2026-06-22T17:43:41.6528681Z [0m[[0m[0minfo[0m] [0m[0m[32m- should return a non-negative reserve completion[0m[0m
Test (ubuntu-latest, 21)	Run tests	2026-06-22T17:43:41.6529906Z [0m[[0m[0minfo[0m] [0m[0m[32m- should have reserve completion less than context window[0m[0m
Test (ubuntu-latest, 21)	Run tests	2026-06-22T17:43:41.6534067Z [0m[[0m[0minfo[0m] [0m[0m[32m- should return a positive context budget with Standard headroom[0m[0m
Test (ubuntu-latest, 21)	Run tests	2026-06-22T17:43:41.6536445Z [0m[[0m[0minfo[0m] [0m[0m[32m- should return context budget equal to contextWindow - reserve when headroom is None[0m[0m
Test (ubuntu-latest, 21)	Run tests	2026-06-22T17:43:41.6538847Z [0m[[0m[0minfo[0m] [0m[0m[32m- should have monotonically decreasing budgets: None > Light > Standard > Conservative[0m[0m
Test (ubuntu-latest, 21)	Run tests	2026-06-22T17:43:41.6541781Z [0m[[0m[0minfo[0m] [0m[0m[32m- should return a Result from validate without throwing[0m[0m
Test (ubuntu-latest, 21)	Run tests	2026-06-22T17:43:41.6543605Z [0m[[0m[0minfo[0m] [0m[0m[32m- should not throw when close() is called[0m[0m
Test (ubuntu-latest, 21)	Run tests	2026-06-22T17:43:41.6545956Z [0m[[0m[0minfo[0m] [0m[0m[32m- should be idempotent ΓÇö calling close() twice does not throw[0m[0m
Test (ubuntu-latest, 21)	Run tests	2026-06-22T17:43:41.6547869Z [0m[[0m[0minfo[0m] [0m[0m[32m- should be an instance of AutoCloseable[0m[0m
Test (ubuntu-latest, 21)	Run tests	2026-06-22T17:43:41.6549725Z [0m[[0m[0minfo[0m] [0m[0m[32m- should work with scala.util.Using[0m[0m
Test (ubuntu-latest, 21)	Run tests	2026-06-22T17:43:41.6551895Z [0m[[0m[0minfo[0m] [0m[0m[32m- should produce structurally equivalent results from complete and streamComplete[0m[0m
Test (ubuntu-latest, 21)	Run tests	2026-06-22T17:43:41.6585485Z [0m[[0m[0minfo[0m] [0m[0m[32mGuardrailActionSpec:[0m[0m
Test (ubuntu-latest, 21)	Run tests	2026-06-22T17:43:41.6605891Z [0m[[0m[0minfo[0m] [0m[0m[32mGuardrailAction[0m[0m
Test (ubuntu-latest, 21)	Run tests	2026-06-22T17:43:41.6616372Z [0m[[0m[0minfo[0m] [0m[0m[32m- should have Block, Fix, and Warn variants[0m[0m
Test (ubuntu-latest, 21)	Run tests	2026-06-22T17:43:41.6618232Z [0m[[0m[0minfo[0m] [0m[0m[32m- should have Block as default[0m[0m
Test (ubuntu-latest, 21)	Run tests	2026-06-22T17:43:41.6619768Z [0m[[0m[0minfo[0m] [0m[0m[32mGuardrailResult.Passed[0m[0m
Test (ubuntu-latest, 21)	Run tests	2026-06-22T17:43:41.6621248Z [0m[[0m[0minfo[0m] [0m[0m[32m- should wrap a value[0m[0m
Test (ubuntu-latest, 21)	Run tests	2026-06-22T17:43:41.6622687Z [0m[[0m[0minfo[0m] [0m[0m[32mGuardrailResult.Fixed[0m[0m
Test (ubuntu-latest, 21)	Run tests	2026-06-22T17:43:41.6624627Z [0m[[0m[0minfo[0m] [0m[0m[32m- should carry original, fixed, and violations[0m[0m
Test (ubuntu-latest, 21)	Run tests	2026-06-22T17:43:41.6626809Z [0m[[0m[0minfo[0m] [0m[0m[32mGuardrailResult.Warned[0m[0m
Test (ubuntu-latest, 21)	Run tests	2026-06-22T17:43:41.6628674Z [0m[[0m[0minfo[0m] [0m[0m[32m- should carry value and violations[0m[0m
Test (ubuntu-latest, 21)	Run tests	2026-06-22T17:43:41.6630346Z [0m[[0m[0minfo[0m] [0m[0m[32mGuardrailResult.Blocked[0m[0m
Test (ubuntu-latest, 21)	Run tests	2026-06-22T17:43:41.6631784Z [0m[[0m[0minfo[0m] [0m[0m[32m- should carry violations[0m[0m
Test (ubuntu-latest, 21)	Run tests	2026-06-22T17:43:41.6633608Z [0m[[0m[0minfo[0m] [0m[0m[32mGuardrailResultOps.toOption[0m[0m
Test (ubuntu-latest, 21)	Run tests	2026-06-22T17:43:41.6635751Z [0m[[0m[0minfo[0m] [0m[0m[32m- should return Some for Passed[0m[0m
Test (ubuntu-latest, 21)	Run tests	2026-06-22T17:43:41.6637429Z [0m[[0m[0minfo[0m] [0m[0m[32m- should return Some(fixed) for Fixed[0m[0m
Test (ubuntu-latest, 21)	Run tests	2026-06-22T17:43:41.6639241Z [0m[[0m[0minfo[0m] [0m[0m[32m- should return Some(value) for Warned[0m[0m
Test (ubuntu-latest, 21)	Run tests	2026-06-22T17:43:41.6640622Z [0m[[0m[0minfo[0m] [0m[0m[32m- should return None for Blocked[0m[0m
Test (ubuntu-latest, 21)	Run tests	2026-06-22T17:43:41.6641944Z [0m[[0m[0minfo[0m] [0m[0m[32mGuardrailResultOps.getOrElse[0m[0m
Test (ubuntu-latest, 21)	Run tests	2026-06-22T17:43:41.6643225Z [0m[[0m[0minfo[0m] [0m[0m[32m- should return value for Passed[0m[0m
Test (ubuntu-latest, 21)	Run tests	2026-06-22T17:43:41.6644453Z [0m[[0m[0minfo[0m] [0m[0m[32m- should return default for Blocked[0m[0m
Test (ubuntu-latest, 21)	Run tests	2026-06-22T17:43:41.6646003Z [0m[[0m[0minfo[0m] [0m[0m[32mGuardrailResultOps.isSuccess[0m[0m
Test (ubuntu-latest, 21)	Run tests	2026-06-22T17:43:41.6647286Z [0m[[0m[0minfo[0m] [0m[0m[32m- should return true for Passed[0m[0m
Test (ubuntu-latest, 21)	Run tests	2026-06-22T17:43:41.6648607Z [0m[[0m[0minfo[0m] [0m[0m[32m- should return true for Fixed[0m[0m
Test (ubuntu-latest, 21)	Run tests	2026-06-22T17:43:41.6649883Z [0m[[0m[0minfo[0m] [0m[0m[32m- should return true for Warned[0m[0m
Test (ubuntu-latest, 21)	Run tests	2026-06-22T17:43:41.6651131Z [0m[[0m[0minfo[0m] [0m[0m[32m- should return false for Blocked[0m[0m
Test (ubuntu-latest, 21)	Run tests	2026-06-22T17:43:41.6652386Z [0m[[0m[0minfo[0m] [0m[0m[32mGuardrailResultOps.isBlocked[0m[0m
Test (ubuntu-latest, 21)	Run tests	2026-06-22T17:43:41.6653699Z [0m[[0m[0minfo[0m] [0m[0m[32m- should return true only for Blocked[0m[0m
Test (ubuntu-latest, 21)	Run tests	2026-06-22T17:43:41.6655308Z [0m[[0m[0minfo[0m] [0m[0m[32mGuardrailResultOps.hasWarnings[0m[0m
Test (ubuntu-latest, 21)	Run tests	2026-06-22T17:43:41.6656568Z [0m[[0m[0minfo[0m] [0m[0m[32m- should return true for Warned[0m[0m
Test (ubuntu-latest, 21)	Run tests	2026-06-22T17:43:41.6657916Z [0m[[0m[0minfo[0m] [0m[0m[32m- should return true for Fixed with violations[0m[0m
Test (ubuntu-latest, 21)	Run tests	2026-06-22T17:43:41.6659450Z [0m[[0m[0minfo[0m] [0m[0m[32m- should return false for Fixed with empty violations[0m[0m
Test (ubuntu-latest, 21)	Run tests	2026-06-22T17:43:41.6661135Z [0m[[0m[0minfo[0m] [0m[0m[32m- should return false for Passed[0m[0m
Test (ubuntu-latest, 21)	Run tests	2026-06-22T17:43:41.6662408Z [0m[[0m[0minfo[0m] [0m[0m[32m- should return false for Blocked[0m[0m
Test (ubuntu-latest, 21)	Run tests	2026-06-22T17:43:41.6663719Z [0m[[0m[0minfo[0m] [0m[0m[32mOpenAIStreamingHandlerSpec:[0m[0m
Test (ubuntu-latest, 21)	Run tests	2026-06-22T17:43:41.6665115Z [0m[[0m[0minfo[0m] [0m[0m[32mOpenAIStreamingHandler[0m[0m
Test (ubuntu-latest, 21)	Run tests	2026-06-22T17:43:41.6672300Z [0m[[0m[0minfo[0m] [0m[0m[32m- should treat empty tool-call arguments as empty object[0m[0m
Test (ubuntu-latest, 21)	Run tests	2026-06-22T17:43:41.6683848Z [0m[[0m[0minfo[0m] [0m[0m[32mAsyncErrorHandlingSpec:[0m[0m
Test (ubuntu-latest, 21)	Run tests	2026-06-22T17:43:41.6685414Z [0m[[0m[0minfo[0m] [0m[0m[32mImageProcessingClient.analyzeImageAsync[0m[0m
Test (ubuntu-latest, 21)	Run tests	2026-06-22T17:43:41.6694011Z [0m[[0m[0minfo[0m] [0m[0m[32m- should return Left(error) when analyzeImage throws[0m[0m
Test (ubuntu-latest, 21)	Run tests	2026-06-22T17:43:41.6695789Z [0m[[0m[0minfo[0m] [0m[0m[32mFuture-wrapped sync call with recover[0m[0m
Test (ubuntu-latest, 21)	Run tests	2026-06-22T17:43:41.6707443Z [0m[[0m[0minfo[0m] [0m[0m[32m- should return Left(error) for generateImage[0m[0m
Test (ubuntu-latest, 21)	Run tests	2026-06-22T17:43:41.6713878Z [0m[[0m[0minfo[0m] [0m[0m[32m- should return Left(error) for generateImages[0m[0m
Test (ubuntu-latest, 21)	Run tests	2026-06-22T17:43:41.6722537Z [0m[[0m[0minfo[0m] [0m[0m[32m- should return Left(error) for editImage[0m[0m
Test (ubuntu-latest, 21)	Run tests	2026-06-22T17:43:41.6729403Z [0m[[0m[0minfo[0m] [0m[0m[32m- should not interfere with successful results[0m[0m
Test (ubuntu-latest, 21)	Run tests	2026-06-22T17:43:41.6764293Z [0m[[0m[0minfo[0m] [0m[0m[32mModelRegistryServiceSpec:[0m[0m
Test (ubuntu-latest, 21)	Run tests	2026-06-22T17:43:41.6765762Z [0m[[0m[0minfo[0m] [0m[0m[32mModelRegistryService[0m[0m
Test (ubuntu-latest, 21)	Run tests	2026-06-22T17:43:41.7167244Z [0m[[0m[0minfo[0m] [0m[0m[32m- should load the default registry successfully[0m[0m
Test (ubuntu-latest, 21)	Run tests	2026-06-22T17:43:41.7532972Z [0m[[0m[0minfo[0m] [0m[0m[32m- should lookup models by exact ID[0m[0m
Test (ubuntu-latest, 21)	Run tests	2026-06-22T17:43:41.7889372Z [0m[[0m[0minfo[0m] [0m[0m[32m- should lookup models case-insensitively[0m[0m
Test (ubuntu-latest, 21)	Run tests	2026-06-22T17:43:41.8235846Z [0m[[0m[0minfo[0m] [0m[0m[32m- should lookup models with provider prefix[0m[0m
Test (ubuntu-latest, 21)	Run tests	2026-06-22T17:43:41.8593484Z [0m[[0m[0minfo[0m] [0m[0m[32m- should lookup models by provider and name[0m[0m
Test (ubuntu-latest, 21)	Run tests	2026-06-22T17:43:41.8944395Z [0m[[0m[0minfo[0m] [0m[0m[32m- should apply embedded overrides so gemini/gemini-1.5-flash stays a chat model[0m[0m
Test (ubuntu-latest, 21)	Run tests	2026-06-22T17:43:41.9305265Z [0m[[0m[0minfo[0m] [0m[0m[32m- should apply embedded overrides so claude-3-7-sonnet-latest resolves to Anthropic metadata[0m[0m
Test (ubuntu-latest, 21)	Run tests	2026-06-22T17:43:41.9320688Z [0m[[0m[0minfo[0m] [0m[0m[32m- should load a registry service from a configured URL[0m[0m
Test (ubuntu-latest, 21)	Run tests	2026-06-22T17:43:41.9323360Z [0m[[0m[0minfo[0m] [0m[0m[32m- should reject model registry configs with multiple sources[0m[0m
Test (ubuntu-latest, 21)	Run tests	2026-06-22T17:43:41.9685817Z [0m[[0m[0minfo[0m] [0m[0m[32m- should return error for unknown model[0m[0m
Test (ubuntu-latest, 21)	Run tests	2026-06-22T17:43:42.0041996Z [0m[[0m[0minfo[0m] [0m[0m[32m- should list models by provider[0m[0m
Test (ubuntu-latest, 21)	Run tests	2026-06-22T17:43:42.0413266Z [0m[[0m[0minfo[0m] [0m[0m[32m- should list models by mode[0m[0m
Test (ubuntu-latest, 21)	Run tests	2026-06-22T17:43:42.0785460Z [0m[[0m[0minfo[0m] [0m[0m[32m- should find models by capability[0m[0m
Test (ubuntu-latest, 21)	Run tests	2026-06-22T17:43:42.1155388Z [0m[[0m[0minfo[0m] [0m[0m[32m- should list all providers[0m[0m
Test (ubuntu-latest, 21)	Run tests	2026-06-22T17:43:42.1556494Z [0m[[0m[0minfo[0m] [0m[0m[32m- should provide statistics[0m[0m
Test (ubuntu-latest, 21)	Run tests	2026-06-22T17:43:42.1560339Z [0m[[0m[0minfo[0m] [0m[0m[32m- should create a registry from custom models[0m[0m
Test (ubuntu-latest, 21)	Run tests	2026-06-22T17:43:42.2230890Z [0m[[0m[0minfo[0m] [0m[0m[32m- should allow later models to override earlier models in a snapshot[0m[0m
Test (ubuntu-latest, 21)	Run tests	2026-06-22T17:43:42.2238712Z [0m[[0m[0minfo[0m] [0m[0m[32m- should create a registry from multiple custom models[0m[0m
Test (ubuntu-latest, 21)	Run tests	2026-06-22T17:43:42.2241008Z [0m[[0m[0minfo[0m] [0m[0m[32m- should handle fuzzy matching for a unique partial model name[0m[0m
Test (ubuntu-latest, 21)	Run tests	2026-06-22T17:43:42.2243191Z [0m[[0m[0minfo[0m] [0m[0m[32m- should return error for ambiguous fuzzy matches[0m[0m
Test (ubuntu-latest, 21)	Run tests	2026-06-22T17:43:42.2257230Z [0m[[0m[0minfo[0m] [0m[0m[32m- should load custom metadata from a JSON string[0m[0m
Test (ubuntu-latest, 21)	Run tests	2026-06-22T17:43:42.2265603Z [0m[[0m[0minfo[0m] [0m[0m[32m- should return an error for malformed JSON from a URL source[0m[0m
Test (ubuntu-latest, 21)	Run tests	2026-06-22T17:43:42.2272181Z [0m[[0m[0minfo[0m] [0m[0m[32m- should let override entries take precedence when merging the embedded overrides[0m[0m
Test (ubuntu-latest, 21)	Run tests	2026-06-22T17:43:42.2286093Z 17:43:42.227 [pool-1-thread-1-ScalaTest-running-ModelRegistryServiceSpec] WARN  o.llm4s.model.ModelRegistryService$ - Skipping embedded model metadata overrides: Embedded metadata not found: /modeldata/does-not-exist.json
Test (ubuntu-latest, 21)	Run tests	2026-06-22T17:43:42.2288786Z [0m[[0m[0minfo[0m] [0m[0m[32m- should fall back to the base snapshot when the overrides resource is missing[0m[0m
Test (ubuntu-latest, 21)	Run tests	2026-06-22T17:43:42.2321401Z [0m[[0m[0minfo[0m] [0m[0m[32mTraceCollectorTracingSpec:[0m[0m
Test (ubuntu-latest, 21)	Run tests	2026-06-22T17:43:42.2323823Z [0m[[0m[0minfo[0m] [0m[0m[32mTraceCollectorTracing[0m[0m
Test (ubuntu-latest, 21)	Run tests	2026-06-22T17:43:42.2331849Z [0m[[0m[0minfo[0m] [0m[0m[32m- should convert ToolExecuted event to ToolCall span[0m[0m
Test (ubuntu-latest, 21)	Run tests	2026-06-22T17:43:42.2335017Z [0m[[0m[0minfo[0m] [0m[0m[32m- should convert ErrorOccurred event to Error status span[0m[0m
Test (ubuntu-latest, 21)	Run tests	2026-06-22T17:43:42.2338113Z [0m[[0m[0minfo[0m] [0m[0m[32m- should convert TokenUsageRecorded event to span with token attributes[0m[0m
Test (ubuntu-latest, 21)	Run tests	2026-06-22T17:43:42.2340746Z [0m[[0m[0minfo[0m] [0m[0m[32m- should convert EmbeddingUsageRecorded to Embedding span[0m[0m
Test (ubuntu-latest, 21)	Run tests	2026-06-22T17:43:42.2345705Z [0m[[0m[0minfo[0m] [0m[0m[32m- should convert RAGOperationCompleted to Rag span[0m[0m
Test (ubuntu-latest, 21)	Run tests	2026-06-22T17:43:42.2348481Z [0m[[0m[0minfo[0m] [0m[0m[32m- should convert CacheHit to Cache span[0m[0m
Test (ubuntu-latest, 21)	Run tests	2026-06-22T17:43:42.2350870Z [0m[[0m[0minfo[0m] [0m[0m[32m- should convert CacheMiss to Cache span[0m[0m
Test (ubuntu-latest, 21)	Run tests	2026-06-22T17:43:42.2355537Z [0m[[0m[0minfo[0m] [0m[0m[32m- should convert AgentInitialized and AgentStateUpdated to AgentCall spans[0m[0m
Test (ubuntu-latest, 21)	Run tests	2026-06-22T17:43:42.2363643Z [0m[[0m[0minfo[0m] [0m[0m[32m- should convert CustomEvent and CostRecorded to Internal spans[0m[0m
Test (ubuntu-latest, 21)	Run tests	2026-06-22T17:43:42.2370599Z [0m[[0m[0minfo[0m] [0m[0m[32m- should not throw when a CustomEvent array contains non-string elements[0m[0m
Test (ubuntu-latest, 21)	Run tests	2026-06-22T17:43:42.2371896Z 
Test (ubuntu-latest, 21)	Run tests	2026-06-22T17:43:42.2373522Z [36m[1m--- TOOL EXECUTED ---[0m
Test (ubuntu-latest, 21)	Run tests	2026-06-22T17:43:42.2374584Z [90mTimestamp: 2026-06-22T17:43:42.237039187Z[0m
Test (ubuntu-latest, 21)	Run tests	2026-06-22T17:43:42.2375449Z [36mTool: composite-tool[0m
Test (ubuntu-latest, 21)	Run tests	2026-06-22T17:43:42.2376059Z [36mSuccess: true[0m
Test (ubuntu-latest, 21)	Run tests	2026-06-22T17:43:42.2377208Z [36mDuration: 50ms[0m
Test (ubuntu-latest, 21)	Run tests	2026-06-22T17:43:42.2377852Z [33mInput: in[0m
Test (ubuntu-latest, 21)	Run tests	2026-06-22T17:43:42.2378569Z [32mOutput: out[0m
Test (ubuntu-latest, 21)	Run tests	2026-06-22T17:43:42.2378973Z 
Test (ubuntu-latest, 21)	Run tests	2026-06-22T17:43:42.2379879Z [0m[[0m[0minfo[0m] [0m[0m[32m- should be composable with ConsoleTracing via TracingComposer.combine()[0m[0m
Test (ubuntu-latest, 21)	Run tests	2026-06-22T17:43:42.2381917Z [0m[[0m[0minfo[0m] [0m[0m[32m- should be composable with filtered tracing[0m[0m
Test (ubuntu-latest, 21)	Run tests	2026-06-22T17:43:42.2385296Z [0m[[0m[0minfo[0m] [0m[0m[32m- should use custom traceId when provided[0m[0m
Test (ubuntu-latest, 21)	Run tests	2026-06-22T17:43:42.2431184Z [0m[[0m[0minfo[0m] [0m[0m[32mUniversalExtractorSpec:[0m[0m
Test (ubuntu-latest, 21)	Run tests	2026-06-22T17:43:42.2463553Z [0m[[0m[0minfo[0m] [0m[0m[32m- extract should read plain text files[0m[0m
Test (ubuntu-latest, 21)	Run tests	2026-06-22T17:43:42.2487585Z [0m[[0m[0minfo[0m] [0m[0m[32m- extract should handle file paths with quotes[0m[0m
Test (ubuntu-latest, 21)	Run tests	2026-06-22T17:43:42.2490535Z 17:43:42.248 [pool-1-thread-1-ScalaTest-running-UniversalExtractorSpec] ERROR o.l.l.extractors.UniversalExtractor$ - [FileNotFound] File not found or invalid: /nonexistent/path/file.txt (exists=false, isFile=false, isDir=false)
Test (ubuntu-latest, 21)	Run tests	2026-06-22T17:43:42.2494298Z [0m[[0m[0minfo[0m] [0m[0m[32m- extract should return error for non-existent file[0m[0m
Test (ubuntu-latest, 21)	Run tests	2026-06-22T17:43:42.2497376Z [0m[[0m[0minfo[0m] [0m[0m[32m- extract should handle empty file[0m[0m
Test (ubuntu-latest, 21)	Run tests	2026-06-22T17:43:42.2521895Z [0m[[0m[0minfo[0m] [0m[0m[32m- extract should handle UTF-8 content[0m[0m
Test (ubuntu-latest, 21)	Run tests	2026-06-22T17:43:42.2561962Z 17:43:42.255 [pool-1-thread-1-ScalaTest-running-UniversalExtractorSpec] ERROR o.l.l.extractors.UniversalExtractor$ - [UnknownType] No text extractor for MIME type: application/json
Test (ubuntu-latest, 21)	Run tests	2026-06-22T17:43:42.2573471Z [0m[[0m[0minfo[0m] [0m[0m[32m- extract uses Tika fallback for JSON files[0m[0m
Test (ubuntu-latest, 21)	Run tests	2026-06-22T17:43:42.2575320Z [0m[[0m[0minfo[0m] [0m[0m[32m- isTextLike should return true for text MIME types[0m[0m
Test (ubuntu-latest, 21)	Run tests	2026-06-22T17:43:42.2576762Z [0m[[0m[0minfo[0m] [0m[0m[32m- isTextLike should return true for application/json[0m[0m
Test (ubuntu-latest, 21)	Run tests	2026-06-22T17:43:42.2578193Z [0m[[0m[0minfo[0m] [0m[0m[32m- isTextLike should return true for application/xml[0m[0m
Test (ubuntu-latest, 21)	Run tests	2026-06-22T17:43:42.2579378Z [0m[[0m[0minfo[0m] [0m[0m[32m- isTextLike should return true for PDF[0m[0m
Test (ubuntu-latest, 21)	Run tests	2026-06-22T17:43:42.2580739Z [0m[[0m[0minfo[0m] [0m[0m[32m- isTextLike should return true for DOCX[0m[0m
Test (ubuntu-latest, 21)	Run tests	2026-06-22T17:43:42.2582205Z [0m[[0m[0minfo[0m] [0m[0m[32m- isTextLike should return false for binary MIME types[0m[0m
Test (ubuntu-latest, 21)	Run tests	2026-06-22T17:43:42.2601958Z [0m[[0m[0minfo[0m] [0m[0m[32m- extractAny should return TextContent for text files[0m[0m
Test (ubuntu-latest, 21)	Run tests	2026-06-22T17:43:42.2611113Z [0m[[0m[0minfo[0m] [0m[0m[32m- extractAny should return error for non-existent file[0m[0m
Test (ubuntu-latest, 21)	Run tests	2026-06-22T17:43:42.2613143Z 17:43:42.260 [pool-1-thread-1-ScalaTest-running-UniversalExtractorSpec] ERROR o.l.l.extractors.UniversalExtractor$ - [FileNotFound] File not found: /nonexistent/path/file.txt
Test (ubuntu-latest, 21)	Run tests	2026-06-22T17:43:42.2625988Z [0m[[0m[0minfo[0m] [0m[0m[32m- extract should handle single-quoted paths[0m[0m
Test (ubuntu-latest, 21)	Run tests	2026-06-22T17:43:42.2646515Z [0m[[0m[0minfo[0m] [0m[0m[32m- extract should trim whitespace from paths[0m[0m
Test (ubuntu-latest, 21)	Run tests	2026-06-22T17:43:42.2666294Z [0m[[0m[0minfo[0m] [0m[0m[32m- extractFromBytes should extract plain text from bytes[0m[0m
Test (ubuntu-latest, 21)	Run tests	2026-06-22T17:43:42.2682711Z [0m[[0m[0minfo[0m] [0m[0m[32m- extractFromBytes should extract UTF-8 content[0m[0m
Test (ubuntu-latest, 21)	Run tests	2026-06-22T17:43:42.2685408Z [0m[[0m[0minfo[0m] [0m[0m[32m- extractFromBytes should handle empty content[0m[0m
Test (ubuntu-latest, 21)	Run tests	2026-06-22T17:43:42.2723716Z 17:43:42.272 [pool-1-thread-1-ScalaTest-running-UniversalExtractorSpec] ERROR o.l.l.extractors.UniversalExtractor$ - [UnknownType] No text extractor for MIME type: application/json
Test (ubuntu-latest, 21)	Run tests	2026-06-22T17:43:42.2727389Z [0m[[0m[0minfo[0m] [0m[0m[32m- extractFromBytes should detect MIME type from filename[0m[0m
Test (ubuntu-latest, 21)	Run tests	2026-06-22T17:43:42.2728900Z [0m[[0m[0minfo[0m] [0m[0m[32m- extractFromBytes should use provided MIME type override[0m[0m
Test (ubuntu-latest, 21)	Run tests	2026-06-22T17:43:42.2743950Z [0m[[0m[0minfo[0m] [0m[0m[32m- extractFromStream should extract text from stream[0m[0m
Test (ubuntu-latest, 21)	Run tests	2026-06-22T17:43:42.2760250Z [0m[[0m[0minfo[0m] [0m[0m[32m- extractFromStream should handle UTF-8 content[0m[0m
Test (ubuntu-latest, 21)	Run tests	2026-06-22T17:43:42.2762473Z [0m[[0m[0minfo[0m] [0m[0m[32m- extractFromStream should handle empty stream[0m[0m
Test (ubuntu-latest, 21)	Run tests	2026-06-22T17:43:42.2764272Z [0m[[0m[0minfo[0m] [0m[0m[32m- extractFromStream should use provided MIME type[0m[0m
Test (ubuntu-latest, 21)	Run tests	2026-06-22T17:43:42.2780131Z [0m[[0m[0minfo[0m] [0m[0m[32m- detectMimeType should detect text/plain from .txt extension[0m[0m
Test (ubuntu-latest, 21)	Run tests	2026-06-22T17:43:42.2792512Z [0m[[0m[0minfo[0m] [0m[0m[32m- detectMimeType should detect PDF from magic bytes[0m[0m
Test (ubuntu-latest, 21)	Run tests	2026-06-22T17:43:42.2808591Z [0m[[0m[0minfo[0m] [0m[0m[32m- detectMimeType should detect JSON from extension[0m[0m
Test (ubuntu-latest, 21)	Run tests	2026-06-22T17:43:42.2824567Z [0m[[0m[0minfo[0m] [0m[0m[32m- detectMimeType should detect HTML from extension[0m[0m
Test (ubuntu-latest, 21)	Run tests	2026-06-22T17:43:42.2842164Z [0m[[0m[0minfo[0m] [0m[0m[32m- detectMimeType should handle unknown extension[0m[0m
Test (ubuntu-latest, 21)	Run tests	2026-06-22T17:43:42.2872644Z [0m[[0m[0minfo[0m] [0m[0m[32mLlm4sConfigEmbeddingsSpec:[0m[0m
Test (ubuntu-latest, 21)	Run tests	2026-06-22T17:43:42.2874654Z [0m[[0m[0minfo[0m] [0m[0m[32mLlm4sConfig.embeddings[0m[0m
Test (ubuntu-latest, 21)	Run tests	2026-06-22T17:43:42.2934186Z [0m[[0m[0minfo[0m] [0m[0m[32m- should load OpenAI embeddings config via llm4s.*[0m[0m
Test (ubuntu-latest, 21)	Run tests	2026-06-22T17:43:42.2977047Z [0m[[0m[0minfo[0m] [0m[0m[32m- should load VoyageAI embeddings config via llm4s.*[0m[0m
Test (ubuntu-latest, 21)	Run tests	2026-06-22T17:43:42.3016523Z [0m[[0m[0minfo[0m] [0m[0m[32m- should load OpenAI embeddings via unified EMBEDDING_MODEL format[0m[0m
Test (ubuntu-latest, 21)	Run tests	2026-06-22T17:43:42.3058520Z [0m[[0m[0minfo[0m] [0m[0m[32m- should load Voyage embeddings via unified EMBEDDING_MODEL format[0m[0m
Test (ubuntu-latest, 21)	Run tests	2026-06-22T17:43:42.3097317Z [0m[[0m[0minfo[0m] [0m[0m[32m- should load Ollama embeddings via unified EMBEDDING_MODEL format[0m[0m
Test (ubuntu-latest, 21)	Run tests	2026-06-22T17:43:42.3139411Z [0m[[0m[0minfo[0m] [0m[0m[32m- should prefer unified model format over legacy provider[0m[0m
Test (ubuntu-latest, 21)	Run tests	2026-06-22T17:43:42.3178652Z [0m[[0m[0minfo[0m] [0m[0m[32m- should allow custom base URL with unified format[0m[0m
Test (ubuntu-latest, 21)	Run tests	2026-06-22T17:43:42.3217094Z [0m[[0m[0minfo[0m] [0m[0m[32m- should reject invalid embedding model format[0m[0m
Test (ubuntu-latest, 21)	Run tests	2026-06-22T17:43:42.3253887Z [0m[[0m[0minfo[0m] [0m[0m[32m- should reject unknown embedding provider in unified format[0m[0m
Test (ubuntu-latest, 21)	Run tests	2026-06-22T17:43:42.3256486Z [0m[[0m[0minfo[0m] [0m[0m[32mLlm4sConfig.localEmbeddingModels[0m[0m
Test (ubuntu-latest, 21)	Run tests	2026-06-22T17:43:42.3296456Z [0m[[0m[0minfo[0m] [0m[0m[32m- should load local model names via llm4s.*[0m[0m
Test (ubuntu-latest, 21)	Run tests	2026-06-22T17:43:42.3319701Z [0m[[0m[0minfo[0m] [0m[0m[32m- should have defaults declared in reference.conf[0m[0m
Test (ubuntu-latest, 21)	Run tests	2026-06-22T17:43:42.3335296Z [0m[[0m[0minfo[0m] [0m[0m[32mOpenAIClientStreamingSpec:[0m[0m
Test (ubuntu-latest, 21)	Run tests	2026-06-22T17:43:42.3336798Z [0m[[0m[0minfo[0m] [0m[0m[32mOpenAIClient.streamComplete[0m[0m
Test (ubuntu-latest, 21)	Run tests	2026-06-22T17:43:42.3928324Z [0m[[0m[0minfo[0m] [0m[0m[32m- should safely handle null/empty choices and update tokens only when finished[0m[0m
Test (ubuntu-latest, 21)	Run tests	2026-06-22T17:43:42.3955170Z [0m[[0m[0minfo[0m] [0m[0m[32m- should record provider exchanges for native streaming when logging is enabled[0m[0m
Test (ubuntu-latest, 21)	Run tests	2026-06-22T17:43:42.4067869Z [0m[[0m[0minfo[0m] [0m[0m[32mSimpleValidatorSpec:[0m[0m
Test (ubuntu-latest, 21)	Run tests	2026-06-22T17:43:42.4069294Z [0m[[0m[0minfo[0m] [0m[0m[32mLengthCheck[0m[0m
Test (ubuntu-latest, 21)	Run tests	2026-06-22T17:43:42.4071556Z [0m[[0m[0minfo[0m] [0m[0m[32m- should accept empty string when min is 0[0m[0m
Test (ubuntu-latest, 21)	Run tests	2026-06-22T17:43:42.4073619Z [0m[[0m[0minfo[0m] [0m[0m[32m- should reject empty string when min is 1[0m[0m
Test (ubuntu-latest, 21)	Run tests	2026-06-22T17:43:42.4075553Z [0m[[0m[0minfo[0m] [0m[0m[32m- should accept single character at min=1 max=1[0m[0m
Test (ubuntu-latest, 21)	Run tests	2026-06-22T17:43:42.4076886Z [0m[[0m[0minfo[0m] [0m[0m[32m- should reject two characters when max is 1[0m[0m
Test (ubuntu-latest, 21)	Run tests	2026-06-22T17:43:42.4079007Z [0m[[0m[0minfo[0m] [0m[0m[32m- should count unicode by Java String length (surrogate pairs count as 2)[0m[0m
Test (ubuntu-latest, 21)	Run tests	2026-06-22T17:43:42.4080602Z [0m[[0m[0minfo[0m] [0m[0m[32m- should count multi-byte unicode by Java char count[0m[0m
Test (ubuntu-latest, 21)	Run tests	2026-06-22T17:43:42.4084144Z [0m[[0m[0minfo[0m] [0m[0m[32m- should throw on negative min[0m[0m
Test (ubuntu-latest, 21)	Run tests	2026-06-22T17:43:42.4088010Z [0m[[0m[0minfo[0m] [0m[0m[32m- should throw when max < min[0m[0m
Test (ubuntu-latest, 21)	Run tests	2026-06-22T17:43:42.4090122Z [0m[[0m[0minfo[0m] [0m[0m[32m- should allow min == max[0m[0m
Test (ubuntu-latest, 21)	Run tests	2026-06-22T17:43:42.4093914Z [0m[[0m[0minfo[0m] [0m[0m[32m- should include character count in too-short error[0m[0m
Test (ubuntu-latest, 21)	Run tests	2026-06-22T17:43:42.4095300Z [0m[[0m[0minfo[0m] [0m[0m[32m- should include character count in too-long error[0m[0m
Test (ubuntu-latest, 21)	Run tests	2026-06-22T17:43:42.4096416Z [0m[[0m[0minfo[0m] [0m[0m[32m- should have name 'LengthCheck'[0m[0m
Test (ubuntu-latest, 21)	Run tests	2026-06-22T17:43:42.4103607Z [0m[[0m[0minfo[0m] [0m[0m[32m- should include bounds in description[0m[0m
Test (ubuntu-latest, 21)	Run tests	2026-06-22T17:43:42.4106953Z [0m[[0m[0minfo[0m] [0m[0m[32m- should work as OutputGuardrail via transform identity[0m[0m
Test (ubuntu-latest, 21)	Run tests	2026-06-22T17:43:42.4109468Z [0m[[0m[0minfo[0m] [0m[0m[32mProfanityFilter[0m[0m
Test (ubuntu-latest, 21)	Run tests	2026-06-22T17:43:42.4111186Z [0m[[0m[0minfo[0m] [0m[0m[32m- should not detect profanity embedded in longer words[0m[0m
Test (ubuntu-latest, 21)	Run tests	2026-06-22T17:43:42.4113631Z [0m[[0m[0minfo[0m] [0m[0m[32m- should detect default bad words by exact token match[0m[0m
Test (ubuntu-latest, 21)	Run tests	2026-06-22T17:43:42.4116348Z [0m[[0m[0minfo[0m] [0m[0m[32m- should detect bad words regardless of position[0m[0m
Test (ubuntu-latest, 21)	Run tests	2026-06-22T17:43:42.4119314Z [0m[[0m[0minfo[0m] [0m[0m[32m- should detect UPPERCASE bad words in case-insensitive mode[0m[0m
Test (ubuntu-latest, 21)	Run tests	2026-06-22T17:43:42.4121873Z [0m[[0m[0minfo[0m] [0m[0m[32m- should detect MiXeD case bad words in case-insensitive mode[0m[0m
Test (ubuntu-latest, 21)	Run tests	2026-06-22T17:43:42.4125245Z [0m[[0m[0minfo[0m] [0m[0m[32m- should NOT detect wrong-case words in case-sensitive mode[0m[0m
Test (ubuntu-latest, 21)	Run tests	2026-06-22T17:43:42.4127479Z [0m[[0m[0minfo[0m] [0m[0m[32m- should detect exact-case words in case-sensitive mode[0m[0m
Test (ubuntu-latest, 21)	Run tests	2026-06-22T17:43:42.4129670Z [0m[[0m[0minfo[0m] [0m[0m[32m- should detect custom bad words alongside defaults[0m[0m
Test (ubuntu-latest, 21)	Run tests	2026-06-22T17:43:42.4131864Z [0m[[0m[0minfo[0m] [0m[0m[32m- should handle custom words case-insensitively by default[0m[0m
Test (ubuntu-latest, 21)	Run tests	2026-06-22T17:43:42.4134273Z [0m[[0m[0minfo[0m] [0m[0m[32m- should pass through clean text unchanged[0m[0m
Test (ubuntu-latest, 21)	Run tests	2026-06-22T17:43:42.4136792Z [0m[[0m[0minfo[0m] [0m[0m[32m- should pass empty string[0m[0m
Test (ubuntu-latest, 21)	Run tests	2026-06-22T17:43:42.4138526Z [0m[[0m[0minfo[0m] [0m[0m[32m- should not reveal specific bad words in error message[0m[0m
Test (ubuntu-latest, 21)	Run tests	2026-06-22T17:43:42.4141212Z [0m[[0m[0minfo[0m] [0m[0m[32m- should have name 'ProfanityFilter'[0m[0m
Test (ubuntu-latest, 21)	Run tests	2026-06-22T17:43:42.4143405Z [0m[[0m[0minfo[0m] [0m[0m[32m- should have a description[0m[0m
Test (ubuntu-latest, 21)	Run tests	2026-06-22T17:43:42.4145984Z [0m[[0m[0minfo[0m] [0m[0m[32m- should work as both InputGuardrail and OutputGuardrail[0m[0m
Test (ubuntu-latest, 21)	Run tests	2026-06-22T17:43:42.4148295Z [0m[[0m[0minfo[0m] [0m[0m[32mRegexValidator[0m[0m
Test (ubuntu-latest, 21)	Run tests	2026-06-22T17:43:42.4151789Z [0m[[0m[0minfo[0m] [0m[0m[32m- should match partial strings via findFirstIn[0m[0m
Test (ubuntu-latest, 21)	Run tests	2026-06-22T17:43:42.4154585Z [0m[[0m[0minfo[0m] [0m[0m[32m- should fail when pattern is anchored and input doesn't fully match[0m[0m
Test (ubuntu-latest, 21)	Run tests	2026-06-22T17:43:42.4158854Z [0m[[0m[0minfo[0m] [0m[0m[32m- should create from string pattern via apply(String)[0m[0m
Test (ubuntu-latest, 21)	Run tests	2026-06-22T17:43:42.4162301Z [0m[[0m[0minfo[0m] [0m[0m[32m- should not throw for invalid regex patterns in apply(String)[0m[0m
Test (ubuntu-latest, 21)	Run tests	2026-06-22T17:43:42.4165153Z [0m[[0m[0minfo[0m] [0m[0m[32m- should reject known ReDoS regex patterns safely[0m[0m
Test (ubuntu-latest, 21)	Run tests	2026-06-22T17:43:42.4168617Z [0m[[0m[0minfo[0m] [0m[0m[32m- should create with custom error message via apply(String, String)[0m[0m
Test (ubuntu-latest, 21)	Run tests	2026-06-22T17:43:42.4172120Z [0m[[0m[0minfo[0m] [0m[0m[32m- should create from Regex via apply(Regex)[0m[0m
Test (ubuntu-latest, 21)	Run tests	2026-06-22T17:43:42.4175200Z [0m[[0m[0minfo[0m] [0m[0m[32m- should support constructor with custom error message[0m[0m
Test (ubuntu-latest, 21)	Run tests	2026-06-22T17:43:42.4177183Z [0m[[0m[0minfo[0m] [0m[0m[32m- should return fallback error when constructor receives one[0m[0m
Test (ubuntu-latest, 21)	Run tests	2026-06-22T17:43:42.4180035Z [0m[[0m[0minfo[0m] [0m[0m[32mRegexValidator.phone[0m[0m
Test (ubuntu-latest, 21)	Run tests	2026-06-22T17:43:42.4181116Z [0m[[0m[0minfo[0m] [0m[0m[32m- should accept valid phone numbers[0m[0m
Test (ubuntu-latest, 21)	Run tests	2026-06-22T17:43:42.4182266Z [0m[[0m[0minfo[0m] [0m[0m[32m- should reject too-short phone numbers[0m[0m
Test (ubuntu-latest, 21)	Run tests	2026-06-22T17:43:42.4184443Z [0m[[0m[0minfo[0m] [0m[0m[32m- should reject phone numbers with letters[0m[0m
Test (ubuntu-latest, 21)	Run tests	2026-06-22T17:43:42.4186596Z [0m[[0m[0minfo[0m] [0m[0m[32mRegexValidator.email[0m[0m
Test (ubuntu-latest, 21)	Run tests	2026-06-22T17:43:42.4188465Z [0m[[0m[0minfo[0m] [0m[0m[32m- should accept valid email variations[0m[0m
Test (ubuntu-latest, 21)	Run tests	2026-06-22T17:43:42.4189685Z [0m[[0m[0minfo[0m] [0m[0m[32m- should reject email without domain extension[0m[0m
Test (ubuntu-latest, 21)	Run tests	2026-06-22T17:43:42.4191417Z [0m[[0m[0minfo[0m] [0m[0m[32m- should use custom error message[0m[0m
Test (ubuntu-latest, 21)	Run tests	2026-06-22T17:43:42.4193533Z [0m[[0m[0minfo[0m] [0m[0m[32mRegexValidator.alphanumeric[0m[0m
Test (ubuntu-latest, 21)	Run tests	2026-06-22T17:43:42.4195351Z [0m[[0m[0minfo[0m] [0m[0m[32m- should reject whitespace[0m[0m
Test (ubuntu-latest, 21)	Run tests	2026-06-22T17:43:42.4196591Z [0m[[0m[0minfo[0m] [0m[0m[32m- should reject special characters[0m[0m
Test (ubuntu-latest, 21)	Run tests	2026-06-22T17:43:42.4197770Z [0m[[0m[0minfo[0m] [0m[0m[32m- should accept mixed case alphanumeric[0m[0m
Test (ubuntu-latest, 21)	Run tests	2026-06-22T17:43:42.4199279Z [0m[[0m[0minfo[0m] [0m[0m[32m- should include pattern in default error message[0m[0m
Test (ubuntu-latest, 21)	Run tests	2026-06-22T17:43:42.4200344Z [0m[[0m[0minfo[0m] [0m[0m[32mRegexValidator[0m[0m
Test (ubuntu-latest, 21)	Run tests	2026-06-22T17:43:42.4201254Z [0m[[0m[0minfo[0m] [0m[0m[32m- should have name 'RegexValidator'[0m[0m
Test (ubuntu-latest, 21)	Run tests	2026-06-22T17:43:42.4202193Z [0m[[0m[0minfo[0m] [0m[0m[32m- should include pattern in description[0m[0m
Test (ubuntu-latest, 21)	Run tests	2026-06-22T17:43:42.4203241Z [0m[[0m[0minfo[0m] [0m[0m[32m- should handle empty string input[0m[0m
Test (ubuntu-latest, 21)	Run tests	2026-06-22T17:43:42.4204478Z [0m[[0m[0minfo[0m] [0m[0m[32m- should reject empty string when pattern requires content[0m[0m
Test (ubuntu-latest, 21)	Run tests	2026-06-22T17:43:42.4205815Z [0m[[0m[0minfo[0m] [0m[0m[32mToneValidator[0m[0m
Test (ubuntu-latest, 21)	Run tests	2026-06-22T17:43:42.4207070Z [0m[[0m[0minfo[0m] [0m[0m[32m- should detect excited tone from exclamation marks with short sentences[0m[0m
Test (ubuntu-latest, 21)	Run tests	2026-06-22T17:43:42.4208456Z [0m[[0m[0minfo[0m] [0m[0m[32m- should reject excited tone when not allowed[0m[0m
Test (ubuntu-latest, 21)	Run tests	2026-06-22T17:43:42.4209885Z [0m[[0m[0minfo[0m] [0m[0m[32m- should detect professional tone from keywords like 'please' and 'kindly'[0m[0m
Test (ubuntu-latest, 21)	Run tests	2026-06-22T17:43:42.4211614Z [0m[[0m[0minfo[0m] [0m[0m[32m- should detect professional tone from 'regards'[0m[0m
Test (ubuntu-latest, 21)	Run tests	2026-06-22T17:43:42.4212984Z [0m[[0m[0minfo[0m] [0m[0m[32m- should detect casual tone from keywords like 'hey' and 'cool'[0m[0m
Test (ubuntu-latest, 21)	Run tests	2026-06-22T17:43:42.4214343Z [0m[[0m[0minfo[0m] [0m[0m[32m- should reject casual tone when only professional allowed[0m[0m
Test (ubuntu-latest, 21)	Run tests	2026-06-22T17:43:42.4215906Z [0m[[0m[0minfo[0m] [0m[0m[32m- should detect friendly tone from 'hello' and 'thanks'[0m[0m
Test (ubuntu-latest, 21)	Run tests	2026-06-22T17:43:42.4217396Z [0m[[0m[0minfo[0m] [0m[0m[32m- should detect formal tone from keywords like 'furthermore' and 'consequently'[0m[0m
Test (ubuntu-latest, 21)	Run tests	2026-06-22T17:43:42.4218762Z [0m[[0m[0minfo[0m] [0m[0m[32m- should reject formal tone when not allowed[0m[0m
Test (ubuntu-latest, 21)	Run tests	2026-06-22T17:43:42.4220070Z [0m[[0m[0minfo[0m] [0m[0m[32m- should detect neutral tone for plain text without tone keywords[0m[0m
Test (ubuntu-latest, 21)	Run tests	2026-06-22T17:43:42.4224467Z [0m[[0m[0minfo[0m] [0m[0m[32m- should reject neutral tone when only excited is allowed[0m[0m
Test (ubuntu-latest, 21)	Run tests	2026-06-22T17:43:42.4231056Z [0m[[0m[0minfo[0m] [0m[0m[32m- should allow all tones with allowAll preset[0m[0m
Test (ubuntu-latest, 21)	Run tests	2026-06-22T17:43:42.4263286Z [0m[[0m[0minfo[0m] [0m[0m[32m- should allow professional or friendly with professionalOrFriendly preset[0m[0m
Test (ubuntu-latest, 21)	Run tests	2026-06-22T17:43:42.4265065Z [0m[[0m[0minfo[0m] [0m[0m[32m- should include detected tone and allowed tones in error message[0m[0m
Test (ubuntu-latest, 21)	Run tests	2026-06-22T17:43:42.4267971Z [0m[[0m[0minfo[0m] [0m[0m[32m- should have name 'ToneValidator'[0m[0m
Test (ubuntu-latest, 21)	Run tests	2026-06-22T17:43:42.4269111Z [0m[[0m[0minfo[0m] [0m[0m[32m- should list allowed tones in description[0m[0m
Test (ubuntu-latest, 21)	Run tests	2026-06-22T17:43:42.4270223Z [0m[[0m[0minfo[0m] [0m[0m[32m- should detect neutral for empty string[0m[0m
Test (ubuntu-latest, 21)	Run tests	2026-06-22T17:43:42.4271436Z [0m[[0m[0minfo[0m] [0m[0m[32m- should reject empty string when neutral not allowed[0m[0m
Test (ubuntu-latest, 21)	Run tests	2026-06-22T17:43:42.4272494Z [0m[[0m[0minfo[0m] [0m[0m[32mJSONValidator[0m[0m
Test (ubuntu-latest, 21)	Run tests	2026-06-22T17:43:42.4273515Z [0m[[0m[0minfo[0m] [0m[0m[32m- should accept deeply nested objects[0m[0m
Test (ubuntu-latest, 21)	Run tests	2026-06-22T17:43:42.4274644Z [0m[[0m[0minfo[0m] [0m[0m[32m- should accept arrays of objects[0m[0m
Test (ubuntu-latest, 21)	Run tests	2026-06-22T17:43:42.4276061Z [0m[[0m[0minfo[0m] [0m[0m[32m- should accept null values[0m[0m
Test (ubuntu-latest, 21)	Run tests	2026-06-22T17:43:42.4277154Z [0m[[0m[0minfo[0m] [0m[0m[32m- should accept bare null as valid JSON[0m[0m
Test (ubuntu-latest, 21)	Run tests	2026-06-22T17:43:42.4278314Z [0m[[0m[0minfo[0m] [0m[0m[32m- should accept bare string as valid JSON[0m[0m
Test (ubuntu-latest, 21)	Run tests	2026-06-22T17:43:42.4279485Z [0m[[0m[0minfo[0m] [0m[0m[32m- should accept bare number as valid JSON[0m[0m
Test (ubuntu-latest, 21)	Run tests	2026-06-22T17:43:42.4280668Z [0m[[0m[0minfo[0m] [0m[0m[32m- should accept bare boolean as valid JSON[0m[0m
Test (ubuntu-latest, 21)	Run tests	2026-06-22T17:43:42.4281788Z [0m[[0m[0minfo[0m] [0m[0m[32m- should reject trailing comma[0m[0m
Test (ubuntu-latest, 21)	Run tests	2026-06-22T17:43:42.4282810Z [0m[[0m[0minfo[0m] [0m[0m[32m- should reject single quotes[0m[0m
Test (ubuntu-latest, 21)	Run tests	2026-06-22T17:43:42.4297788Z [0m[[0m[0minfo[0m] [0m[0m[32m- should reject plain text[0m[0m
Test (ubuntu-latest, 21)	Run tests	2026-06-22T17:43:42.4298845Z [0m[[0m[0minfo[0m] [0m[0m[32m- should reject empty string[0m[0m
Test (ubuntu-latest, 21)	Run tests	2026-06-22T17:43:42.4299974Z [0m[[0m[0minfo[0m] [0m[0m[32m- should report all missing required fields[0m[0m
Test (ubuntu-latest, 21)	Run tests	2026-06-22T17:43:42.4301498Z [0m[[0m[0minfo[0m] [0m[0m[32m- should pass schema check when all required fields present with various types[0m[0m
Test (ubuntu-latest, 21)	Run tests	2026-06-22T17:43:42.4302912Z [0m[[0m[0minfo[0m] [0m[0m[32m- should have name 'JSONValidator'[0m[0m
Test (ubuntu-latest, 21)	Run tests	2026-06-22T17:43:42.4304212Z [0m[[0m[0minfo[0m] [0m[0m[32m- should have different descriptions with and without schema[0m[0m
Test (ubuntu-latest, 21)	Run tests	2026-06-22T17:43:42.4305872Z [0m[[0m[0minfo[0m] [0m[0m[32m- should accept JSON with leading/trailing whitespace[0m[0m
Test (ubuntu-latest, 21)	Run tests	2026-06-22T17:43:42.4307035Z [0m[[0m[0minfo[0m] [0m[0m[32mRAGPermissionsSpec:[0m[0m
Test (ubuntu-latest, 21)	Run tests	2026-06-22T17:43:42.4307994Z [0m[[0m[0minfo[0m] [0m[0m[32mRAG.queryWithPermissions[0m[0m
Test (ubuntu-latest, 21)	Run tests	2026-06-22T17:43:42.4687234Z [0m[[0m[0minfo[0m] [0m[0m[32m- should return error without SearchIndex configured[0m[0m
Test (ubuntu-latest, 21)	Run tests	2026-06-22T17:43:42.4741161Z [0m[[0m[0minfo[0m] [0m[0m[32m- should query with permissions when SearchIndex is configured[0m[0m
Test (ubuntu-latest, 21)	Run tests	2026-06-22T17:43:42.4758296Z [0m[[0m[0minfo[0m] [0m[0m[32m- should filter results based on user authorization[0m[0m
Test (ubuntu-latest, 21)	Run tests	2026-06-22T17:43:42.4760398Z [0m[[0m[0minfo[0m] [0m[0m[32mRAG.ingestWithPermissions[0m[0m
Test (ubuntu-latest, 21)	Run tests	2026-06-22T17:43:42.4771189Z [0m[[0m[0minfo[0m] [0m[0m[32m- should return error without SearchIndex[0m[0m
Test (ubuntu-latest, 21)	Run tests	2026-06-22T17:43:42.4795577Z [0m[[0m[0minfo[0m] [0m[0m[32m- should ingest into collection with permissions[0m[0m
Test (ubuntu-latest, 21)	Run tests	2026-06-22T17:43:42.4812378Z [0m[[0m[0minfo[0m] [0m[0m[32m- should fail for non-existent collection[0m[0m
Test (ubuntu-latest, 21)	Run tests	2026-06-22T17:43:42.4814364Z [0m[[0m[0minfo[0m] [0m[0m[32mRAG.deleteFromCollection[0m[0m
Test (ubuntu-latest, 21)	Run tests	2026-06-22T17:43:42.4826196Z [0m[[0m[0minfo[0m] [0m[0m[32m- should return error without SearchIndex[0m[0m
Test (ubuntu-latest, 21)	Run tests	2026-06-22T17:43:42.4846479Z [0m[[0m[0minfo[0m] [0m[0m[32m- should delete document from collection[0m[0m
Test (ubuntu-latest, 21)	Run tests	2026-06-22T17:43:42.4848401Z [0m[[0m[0minfo[0m] [0m[0m[32mRAG.queryWithPermissionsAndAnswer[0m[0m
Test (ubuntu-latest, 21)	Run tests	2026-06-22T17:43:42.4860757Z [0m[[0m[0minfo[0m] [0m[0m[32m- should return error without LLM client[0m[0m
Test (ubuntu-latest, 21)	Run tests	2026-06-22T17:43:42.4878409Z [0m[[0m[0minfo[0m] [0m[0m[32m- should return error without SearchIndex[0m[0m
Test (ubuntu-latest, 21)	Run tests	2026-06-22T17:43:42.4880171Z [0m[[0m[0minfo[0m] [0m[0m[32mRAG.hasPermissions[0m[0m
Test (ubuntu-latest, 21)	Run tests	2026-06-22T17:43:42.4893497Z [0m[[0m[0minfo[0m] [0m[0m[32m- should return false without SearchIndex[0m[0m
Test (ubuntu-latest, 21)	Run tests	2026-06-22T17:43:42.4907628Z [0m[[0m[0minfo[0m] [0m[0m[32m- should return true with SearchIndex[0m[0m
Test (ubuntu-latest, 21)	Run tests	2026-06-22T17:43:42.8866513Z [0m[[0m[0minfo[0m] [0m[0mRunning scalafix on 3 Scala sources[0m
Test (ubuntu-latest, 21)	Run tests	2026-06-22T17:43:42.8895944Z [0m[[0m[0minfo[0m] [0m[0m[36mRun completed in 3 minutes, 2 seconds.[0m[0m
Test (ubuntu-latest, 21)	Run tests	2026-06-22T17:43:42.8935762Z [0m[[0m[0minfo[0m] [0m[0m[36mTotal number of tests run: 5[0m[0m
Test (ubuntu-latest, 21)	Run tests	2026-06-22T17:43:42.8960893Z [0m[[0m[0minfo[0m] [0m[0m[36mSuites: completed 1, aborted 0[0m[0m
Test (ubuntu-latest, 21)	Run tests	2026-06-22T17:43:42.8985960Z [0m[[0m[0minfo[0m] [0m[0m[36mTests: succeeded 5, failed 0, canceled 0, ignored 0, pending 0[0m[0m
Test (ubuntu-latest, 21)	Run tests	2026-06-22T17:43:42.9015524Z [0m[[0m[0minfo[0m] [0m[0m[32mAll tests passed.[0m[0m
Test (ubuntu-latest, 21)	Run tests	2026-06-22T17:43:42.9297054Z [0m[[0m[0minfo[0m] [0m[0m[36mRun completed in 3 minutes, 1 second.[0m[0m
Test (ubuntu-latest, 21)	Run tests	2026-06-22T17:43:42.9298483Z [0m[[0m[0minfo[0m] [0m[0m[36mTotal number of tests run: 6946[0m[0m
Test (ubuntu-latest, 21)	Run tests	2026-06-22T17:43:42.9325761Z [0m[[0m[0minfo[0m] [0m[0m[36mSuites: completed 415, aborted 0[0m[0m
Test (ubuntu-latest, 21)	Run tests	2026-06-22T17:43:42.9327981Z [0m[[0m[0minfo[0m] [0m[0m[36mTests: succeeded 6945, failed 1, canceled 2, ignored 0, pending 0[0m[0m
Test (ubuntu-latest, 21)	Run tests	2026-06-22T17:43:42.9330387Z [0m[[0m[0minfo[0m] [0m[0m[31m*** 1 TEST FAILED ***[0m[0m
Test (ubuntu-latest, 21)	Run tests	2026-06-22T17:43:42.9331825Z [0m[[0m[31merror[0m] [0m[0mFailed tests:[0m
Test (ubuntu-latest, 21)	Run tests	2026-06-22T17:43:42.9333138Z [0m[[0m[31merror[0m] [0m[0m	org.llm4s.config.NamedProviderConfigValidatorSpec[0m
Test (ubuntu-latest, 21)	Run tests	2026-06-22T17:43:43.2638906Z [0m[[0m[0minfo[0m] [0m[0m[32mChatTuiToolSpec:[0m[0m
Test (ubuntu-latest, 21)	Run tests	2026-06-22T17:43:43.2663820Z [0m[[0m[0minfo[0m] [0m[0m[32msafeResolve[0m[0m
Test (ubuntu-latest, 21)	Run tests	2026-06-22T17:43:43.2665694Z [0m[[0m[0minfo[0m] [0m[0m[32m- should accept a path inside the workspace[0m[0m
Test (ubuntu-latest, 21)	Run tests	2026-06-22T17:43:43.2667552Z [0m[[0m[0minfo[0m] [0m[0m[32m- should reject paths that traverse a symlink out of the workspace[0m[0m
Test (ubuntu-latest, 21)	Run tests	2026-06-22T17:43:43.2669283Z [0m[[0m[0minfo[0m] [0m[0m[32m- should reject empty paths[0m[0m
Test (ubuntu-latest, 21)	Run tests	2026-06-22T17:43:43.2670821Z [0m[[0m[0minfo[0m] [0m[0m[32m- should reject parent-traversal escapes[0m[0m
Test (ubuntu-latest, 21)	Run tests	2026-06-22T17:43:43.2672385Z [0m[[0m[0minfo[0m] [0m[0m[32m- should reject absolute paths that aren't under the workspace[0m[0m
Test (ubuntu-latest, 21)	Run tests	2026-06-22T17:43:43.2673934Z [0m[[0m[0minfo[0m] [0m[0m[32mtool[0m[0m
Test (ubuntu-latest, 21)	Run tests	2026-06-22T17:43:43.2675655Z [0m[[0m[0minfo[0m] [0m[0m[32m- should build a registered ToolFunction[0m[0m
Test (ubuntu-latest, 21)	Run tests	2026-06-22T17:43:43.2968721Z 
Test (ubuntu-latest, 21)	Run tests	2026-06-22T17:43:43.3076401Z [32m[1m--- AGENT INITIALIZED ---[0m
Test (ubuntu-latest, 21)	Run tests	2026-06-22T17:43:43.3099981Z [90mTimestamp: 2026-06-22T17:43:43.292980496Z[0m
Test (ubuntu-latest, 21)	Run tests	2026-06-22T17:43:43.3125565Z [32mQuery: What's the weather like?[0m
Test (ubuntu-latest, 21)	Run tests	2026-06-22T17:43:43.3175576Z [32mTools: weather, calculator[0m
Test (ubuntu-latest, 21)	Run tests	2026-06-22T17:43:43.3235223Z 
Test (ubuntu-latest, 21)	Run tests	2026-06-22T17:43:43.3285254Z 
Test (ubuntu-latest, 21)	Run tests	2026-06-22T17:43:43.3318426Z [32m[1m--- AGENT INITIALIZED ---[0m
Test (ubuntu-latest, 21)	Run tests	2026-06-22T17:43:43.3365654Z [90mTimestamp: 2026-06-22T17:43:43.309094970Z[0m
Test (ubuntu-latest, 21)	Run tests	2026-06-22T17:43:43.3401753Z [32mQuery: Test query[0m
Test (ubuntu-latest, 21)	Run tests	2026-06-22T17:43:43.3477477Z [32mTools: test[0m
Test (ubuntu-latest, 21)	Run tests	2026-06-22T17:43:43.3535306Z 
Test (ubuntu-latest, 21)	Run tests	2026-06-22T17:43:43.3579129Z 
Test (ubuntu-latest, 21)	Run tests	2026-06-22T17:43:43.3642283Z [36m[1m============================================================[0m
Test (ubuntu-latest, 21)	Run tests	2026-06-22T17:43:43.3665654Z [36m[1mERROR OCCURRED[0m
Test (ubuntu-latest, 21)	Run tests	2026-06-22T17:43:43.3686195Z [36m[1m============================================================[0m
Test (ubuntu-latest, 21)	Run tests	2026-06-22T17:43:43.3687339Z [90mTimestamp: 2026-06-22T17:43:43.313778259Z[0m
Test (ubuntu-latest, 21)	Run tests	2026-06-22T17:43:43.3688306Z [31mType: RuntimeException[0m
Test (ubuntu-latest, 21)	Run tests	2026-06-22T17:43:43.3689151Z [31mMessage: Test error[0m
Test (ubuntu-latest, 21)	Run tests	2026-06-22T17:43:43.3689958Z [31mContext: Test context[0m
Test (ubuntu-latest, 21)	Run tests	2026-06-22T17:43:43.3690499Z 
Test (ubuntu-latest, 21)	Run tests	2026-06-22T17:43:43.3690720Z 
Test (ubuntu-latest, 21)	Run tests	2026-06-22T17:43:43.3691181Z [33m[1m--- CUSTOM EVENT ---[0m
Test (ubuntu-latest, 21)	Run tests	2026-06-22T17:43:43.3692092Z [90mTimestamp: 2026-06-22T17:43:43.341249940Z[0m
Test (ubuntu-latest, 21)	Run tests	2026-06-22T17:43:43.3693018Z [33mName: [ENHANCED] test[0m
Test (ubuntu-latest, 21)	Run tests	2026-06-22T17:43:43.3693876Z [33mData: {"value":42,"enhanced":true}[0m
Test (ubuntu-latest, 21)	Run tests	2026-06-22T17:43:43.3694484Z 
Test (ubuntu-latest, 21)	Run tests	2026-06-22T17:43:43.4488887Z 
Test (ubuntu-latest, 21)	Run tests	2026-06-22T17:43:43.4501190Z [36m[1m============================================================[0m
Test (ubuntu-latest, 21)	Run tests	2026-06-22T17:43:43.4525442Z [36m[1mCOMPLETION RECEIVED[0m
Test (ubuntu-latest, 21)	Run tests	2026-06-22T17:43:43.4558350Z [36m[1m============================================================[0m
Test (ubuntu-latest, 21)	Run tests	2026-06-22T17:43:43.4578427Z [90mTimestamp: 2026-06-22T17:43:43.446174917Z[0m
Test (ubuntu-latest, 21)	Run tests	2026-06-22T17:43:43.4602121Z [32mModel: test-model[0m
Test (ubuntu-latest, 21)	Run tests	2026-06-22T17:43:43.4646995Z [32mID: test-id[0m
Test (ubuntu-latest, 21)	Run tests	2026-06-22T17:43:43.4672013Z [32mTool Calls: 0[0m
Test (ubuntu-latest, 21)	Run tests	2026-06-22T17:43:43.4682065Z [32mContent: Test response[0m
Test (ubuntu-latest, 21)	Run tests	2026-06-22T17:43:43.4695468Z 
Test (ubuntu-latest, 21)	Run tests	2026-06-22T17:43:43.4865365Z 
Test (ubuntu-latest, 21)	Run tests	2026-06-22T17:43:43.4925670Z [34m[1m--- AGENT STATE UPDATED ---[0m
Test (ubuntu-latest, 21)	Run tests	2026-06-22T17:43:43.4955471Z [90mTimestamp: 2026-06-22T17:43:43.485451313Z[0m
Test (ubuntu-latest, 21)	Run tests	2026-06-22T17:43:43.5005336Z [34mStatus: InProgress[0m
Test (ubuntu-latest, 21)	Run tests	2026-06-22T17:43:43.5019431Z [34mMessages: 2[0m
Test (ubuntu-latest, 21)	Run tests	2026-06-22T17:43:43.5045386Z [34mLogs: 2[0m
Test (ubuntu-latest, 21)	Run tests	2026-06-22T17:43:43.5045731Z 
Test (ubuntu-latest, 21)	Run tests	2026-06-22T17:43:43.5045741Z 
Test (ubuntu-latest, 21)	Run tests	2026-06-22T17:43:43.5046099Z [35m[1m--- TOKEN USAGE ---[0m
Test (ubuntu-latest, 21)	Run tests	2026-06-22T17:43:43.5058015Z [90mTimestamp: 2026-06-22T17:43:43.487627702Z[0m
Test (ubuntu-latest, 21)	Run tests	2026-06-22T17:43:43.5115422Z [35mModel: gpt-4[0m
Test (ubuntu-latest, 21)	Run tests	2026-06-22T17:43:43.5151937Z [35mOperation: completion[0m
Test (ubuntu-latest, 21)	Run tests	2026-06-22T17:43:43.5205444Z [35mPrompt Tokens: 10[0m
Test (ubuntu-latest, 21)	Run tests	2026-06-22T17:43:43.5265497Z [35mCompletion Tokens: 20[0m
Test (ubuntu-latest, 21)	Run tests	2026-06-22T17:43:43.5307239Z [35mTotal Tokens: 30[0m
Test (ubuntu-latest, 21)	Run tests	2026-06-22T17:43:43.5344293Z 
Test (ubuntu-latest, 21)	Run tests	2026-06-22T17:43:43.5358945Z 
Test (ubuntu-latest, 21)	Run tests	2026-06-22T17:43:43.5368135Z [35m[1m--- TOKEN USAGE ---[0m
Test (ubuntu-latest, 21)	Run tests	2026-06-22T17:43:43.5405406Z [90mTimestamp: 2026-06-22T17:43:43.487871370Z[0m
Test (ubuntu-latest, 21)	Run tests	2026-06-22T17:43:43.5406190Z [35mModel: [COST] gpt-4[0m
Test (ubuntu-latest, 21)	Run tests	2026-06-22T17:43:43.5406816Z [35mOperation: completion[0m
Test (ubuntu-latest, 21)	Run tests	2026-06-22T17:43:43.5407418Z [35mPrompt Tokens: 10[0m
Test (ubuntu-latest, 21)	Run tests	2026-06-22T17:43:43.5414237Z [35mCompletion Tokens: 20[0m
Test (ubuntu-latest, 21)	Run tests	2026-06-22T17:43:43.5443124Z [35mTotal Tokens: 30[0m
Test (ubuntu-latest, 21)	Run tests	2026-06-22T17:43:43.5448538Z 
Test (ubuntu-latest, 21)	Run tests	2026-06-22T17:43:43.5465127Z 
Test (ubuntu-latest, 21)	Run tests	2026-06-22T17:43:43.5514215Z [32m[1m--- AGENT INITIALIZED ---[0m
Test (ubuntu-latest, 21)	Run tests	2026-06-22T17:43:43.5525457Z [90mTimestamp: 2026-06-22T17:43:43.488256345Z[0m
Test (ubuntu-latest, 21)	Run tests	2026-06-22T17:43:43.5526013Z [32mQuery: test[0m
Test (ubuntu-latest, 21)	Run tests	2026-06-22T17:43:43.5526395Z [32mTools: tool[0m
Test (ubuntu-latest, 21)	Run tests	2026-06-22T17:43:43.5526604Z 
Test (ubuntu-latest, 21)	Run tests	2026-06-22T17:43:43.5526612Z 
Test (ubuntu-latest, 21)	Run tests	2026-06-22T17:43:43.5526984Z [36m[1m============================================================[0m
Test (ubuntu-latest, 21)	Run tests	2026-06-22T17:43:43.5527733Z [36m[1mCOMPLETION RECEIVED[0m
Test (ubuntu-latest, 21)	Run tests	2026-06-22T17:43:43.5528915Z [36m[1m============================================================[0m
Test (ubuntu-latest, 21)	Run tests	2026-06-22T17:43:43.5529768Z [90mTimestamp: 2026-06-22T17:43:43.488270011Z[0m
Test (ubuntu-latest, 21)	Run tests	2026-06-22T17:43:43.5530369Z [32mModel: model[0m
Test (ubuntu-latest, 21)	Run tests	2026-06-22T17:43:43.5530790Z [32mID: id[0m
Test (ubuntu-latest, 21)	Run tests	2026-06-22T17:43:43.5531252Z [32mTool Calls: 0[0m
Test (ubuntu-latest, 21)	Run tests	2026-06-22T17:43:43.5531733Z [32mContent: content[0m
Test (ubuntu-latest, 21)	Run tests	2026-06-22T17:43:43.5532008Z 
Test (ubuntu-latest, 21)	Run tests	2026-06-22T17:43:43.5532018Z 
Test (ubuntu-latest, 21)	Run tests	2026-06-22T17:43:43.5532314Z [36m[1m--- TOOL EXECUTED ---[0m
Test (ubuntu-latest, 21)	Run tests	2026-06-22T17:43:43.5533014Z [90mTimestamp: 2026-06-22T17:43:43.493588747Z[0m
Test (ubuntu-latest, 21)	Run tests	2026-06-22T17:43:43.5533556Z [36mTool: tool[0m
Test (ubuntu-latest, 21)	Run tests	2026-06-22T17:43:43.5534001Z [36mSuccess: true[0m
Test (ubuntu-latest, 21)	Run tests	2026-06-22T17:43:43.5534468Z [36mDuration: 100ms[0m
Test (ubuntu-latest, 21)	Run tests	2026-06-22T17:43:43.5535308Z [33mInput: input[0m
Test (ubuntu-latest, 21)	Run tests	2026-06-22T17:43:43.5535793Z [32mOutput: output[0m
Test (ubuntu-latest, 21)	Run tests	2026-06-22T17:43:43.5536054Z 
Test (ubuntu-latest, 21)	Run tests	2026-06-22T17:43:43.5536065Z 
Test (ubuntu-latest, 21)	Run tests	2026-06-22T17:43:43.5536440Z [36m[1m============================================================[0m
Test (ubuntu-latest, 21)	Run tests	2026-06-22T17:43:43.5537145Z [36m[1mERROR OCCURRED[0m
Test (ubuntu-latest, 21)	Run tests	2026-06-22T17:43:43.5537808Z [36m[1m============================================================[0m
Test (ubuntu-latest, 21)	Run tests	2026-06-22T17:43:43.5538289Z [90mTimestamp: 2026-06-22T17:43:43.493740522Z[0m
Test (ubuntu-latest, 21)	Run tests	2026-06-22T17:43:43.5538957Z [31mType: RuntimeException[0m
Test (ubuntu-latest, 21)	Run tests	2026-06-22T17:43:43.5539495Z [31mMessage: error[0m
Test (ubuntu-latest, 21)	Run tests	2026-06-22T17:43:43.5540005Z [31mContext: context[0m
Test (ubuntu-latest, 21)	Run tests	2026-06-22T17:43:43.5540398Z 
Test (ubuntu-latest, 21)	Run tests	2026-06-22T17:43:43.5547254Z 
Test (ubuntu-latest, 21)	Run tests	2026-06-22T17:43:43.5555780Z [35m[1m--- TOKEN USAGE ---[0m
Test (ubuntu-latest, 21)	Run tests	2026-06-22T17:43:43.5557007Z [90mTimestamp: 2026-06-22T17:43:43.493745692Z[0m
Test (ubuntu-latest, 21)	Run tests	2026-06-22T17:43:43.5558339Z [35mModel: model[0m
Test (ubuntu-latest, 21)	Run tests	2026-06-22T17:43:43.5559087Z [35mOperation: op[0m
Test (ubuntu-latest, 21)	Run tests	2026-06-22T17:43:43.5559879Z [35mPrompt Tokens: 1[0m
Test (ubuntu-latest, 21)	Run tests	2026-06-22T17:43:43.5560674Z [35mCompletion Tokens: 2[0m
Test (ubuntu-latest, 21)	Run tests	2026-06-22T17:43:43.5561482Z [35mTotal Tokens: 3[0m
Test (ubuntu-latest, 21)	Run tests	2026-06-22T17:43:43.5562024Z 
Test (ubuntu-latest, 21)	Run tests	2026-06-22T17:43:43.5562181Z 
Test (ubuntu-latest, 21)	Run tests	2026-06-22T17:43:43.5562629Z [34m[1m--- AGENT STATE UPDATED ---[0m
Test (ubuntu-latest, 21)	Run tests	2026-06-22T17:43:43.5563602Z [90mTimestamp: 2026-06-22T17:43:43.493749720Z[0m
Test (ubuntu-latest, 21)	Run tests	2026-06-22T17:43:43.5564540Z [34mStatus: status[0m
Test (ubuntu-latest, 21)	Run tests	2026-06-22T17:43:43.5565707Z [34mMessages: 5[0m
Test (ubuntu-latest, 21)	Run tests	2026-06-22T17:43:43.5566468Z [34mLogs: 3[0m
Test (ubuntu-latest, 21)	Run tests	2026-06-22T17:43:43.5566958Z 
Test (ubuntu-latest, 21)	Run tests	2026-06-22T17:43:43.5567111Z 
Test (ubuntu-latest, 21)	Run tests	2026-06-22T17:43:43.5567552Z [33m[1m--- CUSTOM EVENT ---[0m
Test (ubuntu-latest, 21)	Run tests	2026-06-22T17:43:43.5568516Z [90mTimestamp: 2026-06-22T17:43:43.493940679Z[0m
Test (ubuntu-latest, 21)	Run tests	2026-06-22T17:43:43.5569460Z [33mName: name[0m
Test (ubuntu-latest, 21)	Run tests	2026-06-22T17:43:43.5570180Z [33mData: {"key":"value"}[0m
Test (ubuntu-latest, 21)	Run tests	2026-06-22T17:43:43.5570720Z 
Test (ubuntu-latest, 21)	Run tests	2026-06-22T17:43:43.5572159Z 17:43:43.510 [pool-23-thread-21-ScalaTest-running-RichDataOutputStreamSpec] ERROR org.llm4s.samples.SpeechSamples$ -- Failed to write string to audio file: Something Broke
Test (ubuntu-latest, 21)	Run tests	2026-06-22T17:43:43.6567923Z [0m[[0m[0minfo[0m] [0m[0m[32mSpeechSamplesSpec:[0m[0m
Test (ubuntu-latest, 21)	Run tests	2026-06-22T17:43:43.6569168Z [0m[[0m[0minfo[0m] [0m[0m[32msignToneValues[0m[0m
Test (ubuntu-latest, 21)	Run tests	2026-06-22T17:43:43.6572932Z [0m[[0m[0minfo[0m] [0m[0m[32m- should generate correct number of samples for given duration and sample rate[0m[0m
Test (ubuntu-latest, 21)	Run tests	2026-06-22T17:43:43.6574971Z [0m[[0m[0minfo[0m] [0m[0m[32m- should generate a sine wave with 440Hz frequency[0m[0m
Test (ubuntu-latest, 21)	Run tests	2026-06-22T17:43:43.6576601Z [0m[[0m[0minfo[0m] [0m[0m[32m- should generate values within expected amplitude range[0m[0m
Test (ubuntu-latest, 21)	Run tests	2026-06-22T17:43:43.6578015Z [0m[[0m[0minfo[0m] [0m[0m[32m- should generate empty LazyList for zero duration[0m[0m
Test (ubuntu-latest, 21)	Run tests	2026-06-22T17:43:43.6579370Z [0m[[0m[0minfo[0m] [0m[0m[32m- should handle small sample rates correctly[0m[0m
Test (ubuntu-latest, 21)	Run tests	2026-06-22T17:43:43.6580626Z [0m[[0m[0minfo[0m] [0m[0m[32m- should generate periodic sine wave pattern[0m[0m
Test (ubuntu-latest, 21)	Run tests	2026-06-22T17:43:43.6581917Z [0m[[0m[0minfo[0m] [0m[0m[32m- should generate symmetric wave around zero[0m[0m
Test (ubuntu-latest, 21)	Run tests	2026-06-22T17:43:43.6583323Z [0m[[0m[0minfo[0m] [0m[0m[32m- should handle large durations without stack overflow[0m[0m
Test (ubuntu-latest, 21)	Run tests	2026-06-22T17:43:43.6585019Z [0m[[0m[0minfo[0m] [0m[0m[32m- should generate mathematically correct sine wave values[0m[0m
Test (ubuntu-latest, 21)	Run tests	2026-06-22T17:43:43.6586829Z [0m[[0m[0minfo[0m] [0m[0m[32m- should be lazy and not compute all values immediately[0m[0m
Test (ubuntu-latest, 21)	Run tests	2026-06-22T17:43:43.6588962Z [0m[[0m[0minfo[0m] [0m[0m[32mTracingExampleTest:[0m[0m
Test (ubuntu-latest, 21)	Run tests	2026-06-22T17:43:43.6590267Z [0m[[0m[0minfo[0m] [0m[0m[32m- should create basic enhanced tracing with console mode[0m[0m
Test (ubuntu-latest, 21)	Run tests	2026-06-22T17:43:43.6591543Z [0m[[0m[0minfo[0m] [0m[0m[32m- should compose multiple tracers[0m[0m
Test (ubuntu-latest, 21)	Run tests	2026-06-22T17:43:43.6592732Z [0m[[0m[0minfo[0m] [0m[0m[32m- should filter tracing to only error events[0m[0m
Test (ubuntu-latest, 21)	Run tests	2026-06-22T17:43:43.6595054Z [0m[[0m[0minfo[0m] [0m[0m[32m- should transform tracing events with metadata[0m[0m
Test (ubuntu-latest, 21)	Run tests	2026-06-22T17:43:43.6612956Z [0m[[0m[0minfo[0m] [0m[0m[32m- should create tracers for all tracing modes[0m[0m
Test (ubuntu-latest, 21)	Run tests	2026-06-22T17:43:43.6614391Z [0m[[0m[0minfo[0m] [0m[0m[32m- should trace completion events[0m[0m
Test (ubuntu-latest, 21)	Run tests	2026-06-22T17:43:43.6615918Z [0m[[0m[0minfo[0m] [0m[0m[32m- should trace agent state updates[0m[0m
Test (ubuntu-latest, 21)	Run tests	2026-06-22T17:43:43.6617251Z [0m[[0m[0minfo[0m] [0m[0m[32m- should handle complex composition of tracers[0m[0m
Test (ubuntu-latest, 21)	Run tests	2026-06-22T17:43:43.6618765Z [0m[[0m[0minfo[0m] [0m[0m[32m- should validate that all event types are properly handled[0m[0m
Test (ubuntu-latest, 21)	Run tests	2026-06-22T17:43:43.6620270Z [0m[[0m[0minfo[0m] [0m[0m[32m- should test tracing mode factory methods[0m[0m
Test (ubuntu-latest, 21)	Run tests	2026-06-22T17:43:43.6621515Z [0m[[0m[0minfo[0m] [0m[0m[32mChatTuiCommandsSpec:[0m[0m
Test (ubuntu-latest, 21)	Run tests	2026-06-22T17:43:43.6626054Z [0m[[0m[0minfo[0m] [0m[0m[32mtoMsg[0m[0m
Test (ubuntu-latest, 21)	Run tests	2026-06-22T17:43:43.6628553Z [0m[[0m[0minfo[0m] [0m[0m[32m- should treat empty input as NoOp[0m[0m
Test (ubuntu-latest, 21)	Run tests	2026-06-22T17:43:43.6629758Z [0m[[0m[0minfo[0m] [0m[0m[32m- should route /help to AppendHelpEntry[0m[0m
Test (ubuntu-latest, 21)	Run tests	2026-06-22T17:43:43.6635117Z [0m[[0m[0minfo[0m] [0m[0m[32m- should route /tools to AppendToolsEntry[0m[0m
Test (ubuntu-latest, 21)	Run tests	2026-06-22T17:43:43.6636434Z [0m[[0m[0minfo[0m] [0m[0m[32m- should route /clear to ClearConversation[0m[0m
Test (ubuntu-latest, 21)	Run tests	2026-06-22T17:43:43.6637738Z [0m[[0m[0minfo[0m] [0m[0m[32m- should route /quit to Quit[0m[0m
Test (ubuntu-latest, 21)	Run tests	2026-06-22T17:43:43.6640353Z [0m[[0m[0minfo[0m] [0m[0m[32m- should accept /model when in the allow-list[0m[0m
Test (ubuntu-latest, 21)	Run tests	2026-06-22T17:43:43.6641696Z [0m[[0m[0minfo[0m] [0m[0m[32m- should reject /model when not in the allow-list[0m[0m
Test (ubuntu-latest, 21)	Run tests	2026-06-22T17:43:43.6642993Z [0m[[0m[0minfo[0m] [0m[0m[32m- should toggle theme on bare /theme[0m[0m
Test (ubuntu-latest, 21)	Run tests	2026-06-22T17:43:43.6644245Z [0m[[0m[0minfo[0m] [0m[0m[32m- should set theme on /theme dark / /theme light[0m[0m
Test (ubuntu-latest, 21)	Run tests	2026-06-22T17:43:43.6645710Z [0m[[0m[0minfo[0m] [0m[0m[32m- should reject /theme other[0m[0m
Test (ubuntu-latest, 21)	Run tests	2026-06-22T17:43:43.6675131Z [0m[[0m[0minfo[0m] [0m[0m[32m- should set the system prompt on /system <text>[0m[0m
Test (ubuntu-latest, 21)	Run tests	2026-06-22T17:43:43.6681860Z [0m[[0m[0minfo[0m] [0m[0m[32m- should fall through to Submit for ordinary text[0m[0m
Test (ubuntu-latest, 21)	Run tests	2026-06-22T17:43:43.6683541Z [0m[[0m[0minfo[0m] [0m[0m[32m- should raise CommandError for an unknown slash command[0m[0m
Test (ubuntu-latest, 21)	Run tests	2026-06-22T17:43:43.6684988Z [0m[[0m[0minfo[0m] [0m[0m[32mSensitiveDataRedactorSpec:[0m[0m
Test (ubuntu-latest, 21)	Run tests	2026-06-22T17:43:43.6686095Z [0m[[0m[0minfo[0m] [0m[0m[32mSensitiveDataRedactor[0m[0m
Test (ubuntu-latest, 21)	Run tests	2026-06-22T17:43:43.6687182Z [0m[[0m[0minfo[0m] [0m[0m[32m- should redact API keys and bearer tokens[0m[0m
Test (ubuntu-latest, 21)	Run tests	2026-06-22T17:43:43.6688359Z [0m[[0m[0minfo[0m] [0m[0m[32m- should redact password-like fields[0m[0m
Test (ubuntu-latest, 21)	Run tests	2026-06-22T17:43:43.6689414Z [0m[[0m[0minfo[0m] [0m[0m[32m- should redact emails[0m[0m
Test (ubuntu-latest, 21)	Run tests	2026-06-22T17:43:43.6690586Z [0m[[0m[0minfo[0m] [0m[0m[32m- should redact tokens and credentials[0m[0m
Test (ubuntu-latest, 21)	Run tests	2026-06-22T17:43:43.6691613Z [0m[[0m[0minfo[0m] [0m[0m[32m- should redact credit card numbers[0m[0m
Test (ubuntu-latest, 21)	Run tests	2026-06-22T17:43:43.6692483Z [0m[[0m[0minfo[0m] [0m[0m[32m- should redact phone numbers[0m[0m
Test (ubuntu-latest, 21)	Run tests	2026-06-22T17:43:43.6693439Z [0m[[0m[0minfo[0m] [0m[0m[32m- should redact SSNs[0m[0m
Test (ubuntu-latest, 21)	Run tests	2026-06-22T17:43:43.6694572Z [0m[[0m[0minfo[0m] [0m[0m[32m- should leave non-sensitive text unchanged[0m[0m
Test (ubuntu-latest, 21)	Run tests	2026-06-22T17:43:43.6696265Z [0m[[0m[0minfo[0m] [0m[0m[32mModularRAGExampleSpec:[0m[0m
Test (ubuntu-latest, 21)	Run tests	2026-06-22T17:43:43.6697689Z [0m[[0m[0minfo[0m] [0m[0m[32m- toEmbeddingProvider should map supported providers and reject unknown ones[0m[0m
Test (ubuntu-latest, 21)	Run tests	2026-06-22T17:43:43.6699332Z [0m[[0m[0minfo[0m] [0m[0m[32m- seedCorpus should ingest all seeded documents[0m[0m
Test (ubuntu-latest, 21)	Run tests	2026-06-22T17:43:43.6700510Z [0m[[0m[0minfo[0m] [0m[0m[32mRichDataOutputStreamSpec:[0m[0m
Test (ubuntu-latest, 21)	Run tests	2026-06-22T17:43:43.6701638Z [0m[[0m[0minfo[0m] [0m[0m[32mRichDataOutputStream.writeIt(String)[0m[0m
Test (ubuntu-latest, 21)	Run tests	2026-06-22T17:43:43.6702934Z [0m[[0m[0minfo[0m] [0m[0m[32m- should successfully write a string to the stream[0m[0m
Test (ubuntu-latest, 21)	Run tests	2026-06-22T17:43:43.6705549Z [0m[[0m[0minfo[0m] [0m[0m[32m- should write an empty string successfully[0m[0m
Test (ubuntu-latest, 21)	Run tests	2026-06-22T17:43:43.6706808Z [0m[[0m[0minfo[0m] [0m[0m[32m- should handle special characters in strings[0m[0m
Test (ubuntu-latest, 21)	Run tests	2026-06-22T17:43:43.6707989Z [0m[[0m[0minfo[0m] [0m[0m[32mRichDataOutputStream.writeIt(Int)[0m[0m
Test (ubuntu-latest, 21)	Run tests	2026-06-22T17:43:43.6709258Z [0m[[0m[0minfo[0m] [0m[0m[32m- should write an integer in little-endian format[0m[0m
Test (ubuntu-latest, 21)	Run tests	2026-06-22T17:43:43.6710381Z [0m[[0m[0minfo[0m] [0m[0m[32m- should write zero correctly[0m[0m
Test (ubuntu-latest, 21)	Run tests	2026-06-22T17:43:43.6711468Z [0m[[0m[0minfo[0m] [0m[0m[32m- should write negative integers correctly[0m[0m
Test (ubuntu-latest, 21)	Run tests	2026-06-22T17:43:43.6712591Z [0m[[0m[0minfo[0m] [0m[0m[32m- should write maximum integer value[0m[0m
Test (ubuntu-latest, 21)	Run tests	2026-06-22T17:43:43.6716494Z [0m[[0m[0minfo[0m] [0m[0m[32mRichDataOutputStream.writeIt(Short)[0m[0m
Test (ubuntu-latest, 21)	Run tests	2026-06-22T17:43:43.6719709Z [0m[[0m[0minfo[0m] [0m[0m[32m- should write a short in little-endian format[0m[0m
Test (ubuntu-latest, 21)	Run tests	2026-06-22T17:43:43.6720934Z [0m[[0m[0minfo[0m] [0m[0m[32m- should write converted integers as shorts[0m[0m
Test (ubuntu-latest, 21)	Run tests	2026-06-22T17:43:43.6722084Z [0m[[0m[0minfo[0m] [0m[0m[32m- should handle short overflow correctly[0m[0m
Test (ubuntu-latest, 21)	Run tests	2026-06-22T17:43:43.6723200Z [0m[[0m[0minfo[0m] [0m[0m[32mRichDataOutputStream.writeZeros[0m[0m
Test (ubuntu-latest, 21)	Run tests	2026-06-22T17:43:43.6724319Z [0m[[0m[0minfo[0m] [0m[0m[32m- should write zeros for a given range[0m[0m
Test (ubuntu-latest, 21)	Run tests	2026-06-22T17:43:43.6725733Z [0m[[0m[0minfo[0m] [0m[0m[32m- should write nothing for an empty range[0m[0m
Test (ubuntu-latest, 21)	Run tests	2026-06-22T17:43:43.6727006Z [0m[[0m[0minfo[0m] [0m[0m[32m- should write correct number of zeros for large ranges[0m[0m
Test (ubuntu-latest, 21)	Run tests	2026-06-22T17:43:43.6728300Z [0m[[0m[0minfo[0m] [0m[0m[32m- should handle negative ranges correctly[0m[0m
Test (ubuntu-latest, 21)	Run tests	2026-06-22T17:43:43.6729504Z [0m[[0m[0minfo[0m] [0m[0m[32mRichDataOutputStream error handling[0m[0m
Test (ubuntu-latest, 21)	Run tests	2026-06-22T17:43:43.6730739Z [0m[[0m[0minfo[0m] [0m[0m[32mRichDataOutputStream combined operations[0m[0m
Test (ubuntu-latest, 21)	Run tests	2026-06-22T17:43:43.6732105Z [0m[[0m[0minfo[0m] [0m[0m[32m- should successfully chain multiple write operations[0m[0m
Test (ubuntu-latest, 21)	Run tests	2026-06-22T17:43:43.6733767Z [0m[[0m[0minfo[0m] [0m[0m[32m- should stop chain execution on first failure[0m[0m
Test (ubuntu-latest, 21)	Run tests	2026-06-22T17:43:43.6735136Z [0m[[0m[0minfo[0m] [0m[0m[32mRichDataOutputStream with real WAV data[0m[0m
Test (ubuntu-latest, 21)	Run tests	2026-06-22T17:43:43.6736299Z [0m[[0m[0minfo[0m] [0m[0m[32m- should write a complete WAV header structure[0m[0m
Test (ubuntu-latest, 21)	Run tests	2026-06-22T17:43:43.6737551Z [0m[[0m[0minfo[0m] [0m[0m[32mProviderSetupSessionTargetSpec:[0m[0m
Test (ubuntu-latest, 21)	Run tests	2026-06-22T17:43:43.6738617Z [0m[[0m[0minfo[0m] [0m[0m[32mcurrentSetupSessionRequest[0m[0m
Test (ubuntu-latest, 21)	Run tests	2026-06-22T17:43:43.6739949Z [0m[[0m[0minfo[0m] [0m[0m[32m- should use the named provider as the session target on the Providers tab[0m[0m
Test (ubuntu-latest, 21)	Run tests	2026-06-22T17:43:43.6741635Z [0m[[0m[0minfo[0m] [0m[0m[32m- should use the default named provider as the session target on the default tab[0m[0m
Test (ubuntu-latest, 21)	Run tests	2026-06-22T17:43:43.6743368Z [0m[[0m[0minfo[0m] [0m[0m[32m- should use the provider kind doc id as the session target on provider doc tabs[0m[0m
Test (ubuntu-latest, 21)	Run tests	2026-06-22T17:43:43.6758441Z [0m[[0m[0minfo[0m] [0m[0m[36mRun completed in 679 milliseconds.[0m[0m
Test (ubuntu-latest, 21)	Run tests	2026-06-22T17:43:43.6759768Z [0m[[0m[0minfo[0m] [0m[0m[36mTotal number of tests run: 69[0m[0m
Test (ubuntu-latest, 21)	Run tests	2026-06-22T17:43:43.6760676Z [0m[[0m[0minfo[0m] [0m[0m[36mSuites: completed 8, aborted 0[0m[0m
Test (ubuntu-latest, 21)	Run tests	2026-06-22T17:43:43.6761790Z [0m[[0m[0minfo[0m] [0m[0m[36mTests: succeeded 69, failed 0, canceled 0, ignored 0, pending 0[0m[0m
Test (ubuntu-latest, 21)	Run tests	2026-06-22T17:43:43.6762803Z [0m[[0m[0minfo[0m] [0m[0m[32mAll tests passed.[0m[0m
Test (ubuntu-latest, 21)	Run tests	2026-06-22T17:43:43.7631793Z [0m[[0m[31merror[0m] [0m[0m(core / Test / [31mtest[0m) sbt.TestsFailedException: Tests unsuccessful[0m
Test (ubuntu-latest, 21)	Run tests	2026-06-22T17:43:43.7665917Z [0m[[0m[31merror[0m] [0m[0mTotal time: 404 s (0:06:44.0), completed Jun 22, 2026, 5:43:43 PM[0m
Test (ubuntu-latest, 21)	Run tests	2026-06-22T17:43:44.2338736Z [0J
Test (ubuntu-latest, 21)	Run tests	2026-06-22T17:43:44.2356429Z ##[error]Process completed with exit code 1.
Test (ubuntu-latest, 21)	Upload test reports	∩╗┐2026-06-22T17:43:44.2438061Z ##[group]Run actions/upload-artifact@v7
Test (ubuntu-latest, 21)	Upload test reports	2026-06-22T17:43:44.2438529Z with:
Test (ubuntu-latest, 21)	Upload test reports	2026-06-22T17:43:44.2438866Z   name: test-reports-ubuntu-latest
Test (ubuntu-latest, 21)	Upload test reports	2026-06-22T17:43:44.2439470Z   path: **/target/test-reports/
Test (ubuntu-latest, 21)	Upload test reports	**/target/scala-3.7.1/test-reports/
Test (ubuntu-latest, 21)	Upload test reports	
Test (ubuntu-latest, 21)	Upload test reports	2026-06-22T17:43:44.2440060Z   retention-days: 5
Test (ubuntu-latest, 21)	Upload test reports	2026-06-22T17:43:44.2440419Z   if-no-files-found: warn
Test (ubuntu-latest, 21)	Upload test reports	2026-06-22T17:43:44.2440812Z   compression-level: 6
Test (ubuntu-latest, 21)	Upload test reports	2026-06-22T17:43:44.2441171Z   overwrite: false
Test (ubuntu-latest, 21)	Upload test reports	2026-06-22T17:43:44.2441521Z   include-hidden-files: false
Test (ubuntu-latest, 21)	Upload test reports	2026-06-22T17:43:44.2441918Z   archive: true
Test (ubuntu-latest, 21)	Upload test reports	2026-06-22T17:43:44.2442230Z env:
Test (ubuntu-latest, 21)	Upload test reports	2026-06-22T17:43:44.2442705Z   JAVA_HOME: /opt/hostedtoolcache/Java_Temurin-Hotspot_jdk/21.0.11-10/x64
Test (ubuntu-latest, 21)	Upload test reports	2026-06-22T17:43:44.2443536Z   JAVA_HOME_21_X64: /opt/hostedtoolcache/Java_Temurin-Hotspot_jdk/21.0.11-10/x64
Test (ubuntu-latest, 21)	Upload test reports	2026-06-22T17:43:44.2444181Z ##[endgroup]
Test (ubuntu-latest, 21)	Upload test reports	2026-06-22T17:43:45.7374075Z With the provided path, there will be 432 files uploaded
Test (ubuntu-latest, 21)	Upload test reports	2026-06-22T17:43:45.7379749Z Artifact name is valid!
Test (ubuntu-latest, 21)	Upload test reports	2026-06-22T17:43:45.7380726Z Root directory input is valid!
Test (ubuntu-latest, 21)	Upload test reports	2026-06-22T17:43:45.9305577Z Uploading artifact: test-reports-ubuntu-latest.zip
Test (ubuntu-latest, 21)	Upload test reports	2026-06-22T17:43:45.9351563Z Beginning upload of artifact content to blob storage
Test (ubuntu-latest, 21)	Upload test reports	2026-06-22T17:43:46.3607398Z Uploaded bytes 805565
Test (ubuntu-latest, 21)	Upload test reports	2026-06-22T17:43:46.3731694Z Finished uploading artifact content to blob storage!
Test (ubuntu-latest, 21)	Upload test reports	2026-06-22T17:43:46.3734192Z SHA256 digest of uploaded artifact is 887f824dab0429eb85657c2d5f5cf32b3b4537bc6e87c61629462f7571bf825e
Test (ubuntu-latest, 21)	Upload test reports	2026-06-22T17:43:46.3737117Z Finalizing artifact upload
Test (ubuntu-latest, 21)	Upload test reports	2026-06-22T17:43:46.5734158Z Artifact test-reports-ubuntu-latest successfully finalized. Artifact ID 7800336266
Test (ubuntu-latest, 21)	Upload test reports	2026-06-22T17:43:46.5738284Z Artifact test-reports-ubuntu-latest has been successfully uploaded! Final size is 805565 bytes. Artifact ID is 7800336266
Test (ubuntu-latest, 21)	Upload test reports	2026-06-22T17:43:46.5742311Z Artifact download URL: https://github.com/llm4s/llm4s/actions/runs/27971700427/artifacts/7800336266
Test (ubuntu-latest, 21)	Post Run sbt/setup-sbt@v1	∩╗┐2026-06-22T17:43:46.6207666Z Post job cleanup.
Test (ubuntu-latest, 21)	Post Run actions/setup-java@v5	∩╗┐2026-06-22T17:43:46.6279961Z Post job cleanup.
Test (ubuntu-latest, 21)	Post Run actions/checkout@v7	∩╗┐2026-06-22T17:43:46.7756689Z Post job cleanup.
Test (ubuntu-latest, 21)	Post Run actions/checkout@v7	2026-06-22T17:43:46.8656526Z [command]/usr/bin/git version
Test (ubuntu-latest, 21)	Post Run actions/checkout@v7	2026-06-22T17:43:46.8701075Z git version 2.54.0
Test (ubuntu-latest, 21)	Post Run actions/checkout@v7	2026-06-22T17:43:46.8748322Z Temporarily overriding HOME='/home/runner/work/_temp/06925546-c03b-48e8-93e6-c822104f7734' before making global git config changes
Test (ubuntu-latest, 21)	Post Run actions/checkout@v7	2026-06-22T17:43:46.8750362Z Adding repository directory to the temporary git global config as a safe directory
Test (ubuntu-latest, 21)	Post Run actions/checkout@v7	2026-06-22T17:43:46.8753973Z [command]/usr/bin/git config --global --add safe.directory /home/runner/work/llm4s/llm4s
Test (ubuntu-latest, 21)	Post Run actions/checkout@v7	2026-06-22T17:43:46.8789710Z Removing SSH command configuration
Test (ubuntu-latest, 21)	Post Run actions/checkout@v7	2026-06-22T17:43:46.8797485Z [command]/usr/bin/git config --local --name-only --get-regexp core\.sshCommand
Test (ubuntu-latest, 21)	Post Run actions/checkout@v7	2026-06-22T17:43:46.8836069Z [command]/usr/bin/git submodule foreach --recursive sh -c "git config --local --name-only --get-regexp 'core\.sshCommand' && git config --local --unset-all 'core.sshCommand' || :"
Test (ubuntu-latest, 21)	Post Run actions/checkout@v7	2026-06-22T17:43:46.9079957Z Removing HTTP extra header
Test (ubuntu-latest, 21)	Post Run actions/checkout@v7	2026-06-22T17:43:46.9085929Z [command]/usr/bin/git config --local --name-only --get-regexp http\.https\:\/\/github\.com\/\.extraheader
Test (ubuntu-latest, 21)	Post Run actions/checkout@v7	2026-06-22T17:43:46.9119853Z [command]/usr/bin/git submodule foreach --recursive sh -c "git config --local --name-only --get-regexp 'http\.https\:\/\/github\.com\/\.extraheader' && git config --local --unset-all 'http.https://github.com/.extraheader' || :"
Test (ubuntu-latest, 21)	Post Run actions/checkout@v7	2026-06-22T17:43:46.9344153Z Removing includeIf entries pointing to credentials config files
Test (ubuntu-latest, 21)	Post Run actions/checkout@v7	2026-06-22T17:43:46.9350886Z [command]/usr/bin/git config --local --name-only --get-regexp ^includeIf\.gitdir:
Test (ubuntu-latest, 21)	Post Run actions/checkout@v7	2026-06-22T17:43:46.9375084Z includeif.gitdir:/home/runner/work/llm4s/llm4s/.git.path
Test (ubuntu-latest, 21)	Post Run actions/checkout@v7	2026-06-22T17:43:46.9375963Z includeif.gitdir:/home/runner/work/llm4s/llm4s/.git/worktrees/*.path
Test (ubuntu-latest, 21)	Post Run actions/checkout@v7	2026-06-22T17:43:46.9376588Z includeif.gitdir:/github/workspace/.git.path
Test (ubuntu-latest, 21)	Post Run actions/checkout@v7	2026-06-22T17:43:46.9377146Z includeif.gitdir:/github/workspace/.git/worktrees/*.path
Test (ubuntu-latest, 21)	Post Run actions/checkout@v7	2026-06-22T17:43:46.9385507Z [command]/usr/bin/git config --local --get-all includeif.gitdir:/home/runner/work/llm4s/llm4s/.git.path
Test (ubuntu-latest, 21)	Post Run actions/checkout@v7	2026-06-22T17:43:46.9408588Z /home/runner/work/_temp/git-credentials-3fb16273-1b09-4114-b97d-2d35b40008e6.config
Test (ubuntu-latest, 21)	Post Run actions/checkout@v7	2026-06-22T17:43:46.9419977Z [command]/usr/bin/git config --local --unset includeif.gitdir:/home/runner/work/llm4s/llm4s/.git.path /home/runner/work/_temp/git-credentials-3fb16273-1b09-4114-b97d-2d35b40008e6.config
Test (ubuntu-latest, 21)	Post Run actions/checkout@v7	2026-06-22T17:43:46.9455681Z [command]/usr/bin/git config --local --get-all includeif.gitdir:/home/runner/work/llm4s/llm4s/.git/worktrees/*.path
Test (ubuntu-latest, 21)	Post Run actions/checkout@v7	2026-06-22T17:43:46.9478453Z /home/runner/work/_temp/git-credentials-3fb16273-1b09-4114-b97d-2d35b40008e6.config
Test (ubuntu-latest, 21)	Post Run actions/checkout@v7	2026-06-22T17:43:46.9486846Z [command]/usr/bin/git config --local --unset includeif.gitdir:/home/runner/work/llm4s/llm4s/.git/worktrees/*.path /home/runner/work/_temp/git-credentials-3fb16273-1b09-4114-b97d-2d35b40008e6.config
Test (ubuntu-latest, 21)	Post Run actions/checkout@v7	2026-06-22T17:43:46.9520079Z [command]/usr/bin/git config --local --get-all includeif.gitdir:/github/workspace/.git.path
Test (ubuntu-latest, 21)	Post Run actions/checkout@v7	2026-06-22T17:43:46.9543588Z /github/runner_temp/git-credentials-3fb16273-1b09-4114-b97d-2d35b40008e6.config
Test (ubuntu-latest, 21)	Post Run actions/checkout@v7	2026-06-22T17:43:46.9551730Z [command]/usr/bin/git config --local --unset includeif.gitdir:/github/workspace/.git.path /github/runner_temp/git-credentials-3fb16273-1b09-4114-b97d-2d35b40008e6.config
Test (ubuntu-latest, 21)	Post Run actions/checkout@v7	2026-06-22T17:43:46.9582588Z [command]/usr/bin/git config --local --get-all includeif.gitdir:/github/workspace/.git/worktrees/*.path
Test (ubuntu-latest, 21)	Post Run actions/checkout@v7	2026-06-22T17:43:46.9603931Z /github/runner_temp/git-credentials-3fb16273-1b09-4114-b97d-2d35b40008e6.config
Test (ubuntu-latest, 21)	Post Run actions/checkout@v7	2026-06-22T17:43:46.9612504Z [command]/usr/bin/git config --local --unset includeif.gitdir:/github/workspace/.git/worktrees/*.path /github/runner_temp/git-credentials-3fb16273-1b09-4114-b97d-2d35b40008e6.config
Test (ubuntu-latest, 21)	Post Run actions/checkout@v7	2026-06-22T17:43:46.9644082Z [command]/usr/bin/git submodule foreach --recursive git config --local --show-origin --name-only --get-regexp remote.origin.url
Test (ubuntu-latest, 21)	Post Run actions/checkout@v7	2026-06-22T17:43:46.9866651Z Removing credentials config '/home/runner/work/_temp/git-credentials-3fb16273-1b09-4114-b97d-2d35b40008e6.config'
Test (ubuntu-latest, 21)	Complete job	∩╗┐2026-06-22T17:43:47.0021680Z Cleaning up orphan processes
